C51 COMPILER V9.54   A96L41X_DATAFLASH                                                     04/01/2026 22:05:16 PAGE 1   


C51 COMPILER V9.54, COMPILATION OF MODULE A96L41X_DATAFLASH
OBJECT MODULE PLACED IN .\out\a96l41x_dataflash.obj
COMPILER INVOKED BY: C:\Keil_v5\C51\BIN\C51.EXE src\a96l41x_dataflash.c LARGE OPTIMIZE(8,SPEED) REGFILE(.\out\A96L41x_Da
                    -taFlash.ORC) BROWSE DEBUG OBJECTEXTEND PRINT(.\out\a96l41x_dataflash.lst) TABS(2) OBJECT(.\out\a96l41x_dataflash.obj)

line level    source

   1          /**
   2          *   @file       a96l41x_dataflash.c
   3          *   @brief      a96l41x dataflash control function 
   4          *   @author     Application Team, ABOV Semiconductor Co., Ltd.
   5          *   @version    V1.00
   6          *   @date       18. DEC. 2020
   7          *
   8          * Copyright(C) 2020, ABOV Semiconductor
   9          * All rights reserved.
  10          *
  11          ********************************************************************************
  12          * ABOV Disclaimer
  13          *
  14          *IMPORTANT NOTICE - PLEASE READ CAREFULLY
  15          *ABOV Semiconductor ("ABOV") reserves the right to make changes, corrections, enhancements, 
  16          *modifications, and improvements to ABOV products and/or to this document at any time without notice. 
  17          *ABOV does not give warranties as to the accuracy or completeness of the information included herein.
  18          *Purchasers should obtain the latest relevant information of ABOV products before placing orders. 
  19          *Purchasers are entirely responsible for the choice, selection, and use of ABOV products and 
  20          *ABOV assumes no liability for application assistance or the design of purchasers' products. No license, 
  21          *express or implied, to any intellectual property rights is granted by ABOV herein. 
  22          *ABOV disclaims all express and implied warranties and shall not be responsible or
  23          *liable for any injuries or damages related to use of ABOV products in such unauthorized applications. 
  24          *ABOV and the ABOV logo are trademarks of ABOV.
  25          *All other product or service names are the property of their respective owners. 
  26          *Information in this document supersedes and replaces the information previously
  27          *supplied in any former versions of this document.
  28          *2020 ABOV Semiconductor  All rights reserved
  29          *
  30          */
  31          
  32          /*******************************************************************************
  33          * Included File
  34          *******************************************************************************/
  35          #include  "a96l41x_dataflash.h" 
  36          
  37          /*******************************************************************************
  38          * Private Pre-processor Definition & Macro
  39          *******************************************************************************/
  40          
  41          /*******************************************************************************
  42          * Private Typedef
  43          *******************************************************************************/
  44          
  45          /*******************************************************************************
  46          * Private Variable
  47          *******************************************************************************/
  48          unsigned char DATAFLASH_id_reg;
  49          unsigned short DATAFLASH_OPR_FLAG;
  50          unsigned long dataflash_id;
  51          unsigned short dataflash_addr = 0;
  52          unsigned char dataflash_len;
  53          /*******************************************************************************
  54          * Private Function Prototype
C51 COMPILER V9.54   A96L41X_DATAFLASH                                                     04/01/2026 22:05:16 PAGE 2   

  55          *******************************************************************************/
  56          
  57          /*******************************************************************************
  58          * Public Function
  59          *******************************************************************************/
  60          /**
  61          * @brief  entry code operation of dataflash.
  62          * @param    None
  63          * @return None
  64          */
  65          //-----------------------------------------------------------------------------
  66          void DATAFLASH_Entry(void) {
  67   1        DATAFLASH_id_reg = DATAFLASH_ID ^ DATAFLASH_IDXOR;
  68   1      }
  69          /**
  70          * @brief  exit code operation of dataflash.
  71          * @param    None
  72          * @return None
  73          */
  74          void DATAFLASH_Exit(void) {
  75   1        DATAFLASH_id_reg = 0;
  76   1        DATAFLASH_OPR_FLAG = 0;
  77   1        dataflash_id = 0;
  78   1        dataflash_addr &= 0x00ff;
  79   1        DFSADRH = 0;
  80   1        DFIDR = 0;
  81   1      }
  82          
  83          /**
  84          * @brief  Erase operation of dataflash.
  85          * @param    u32UserId   This parameter contains the UserID of DataFlash.
  86          *
  87          *         - safety code for operation of DataFlash
  88          * @param    u16Addr   This parameter contains the address of DataFlash.
  89          *
  90          *         - address range : 256 bytes (0x3000 ~ 0x30FF)
  91          * @return None
  92          */
  93          void DATAFLASH_PageEr(unsigned long u32UserId, unsigned short u16Addr) {
  94   1        unsigned char result;
  95   1        
  96   1        DATAFLASH_Entry();
  97   1        result = Buffer_clear(DATAFLASH_ERASE, 0);
  98   1        DFIDR = DATAFLASH_id_reg^DATAFLASH_IDXOR;                                     // Identification Value
  99   1        if((u16Addr<0x3000)||(u16Addr>0x30E0)) DATAFLASH_Exit();
 100   1        else if((u32UserId == 0xA901358F)&&(result!=DATAFLASH_PGM_FAIL)) {         // Ex) 0xA901358F, The user ID
             - may be changed by programmer
 101   2          DFSADRH = (unsigned char)(u16Addr>>8);
 102   2          DFSADRL = (unsigned char)(u16Addr>>0);
 103   2          DFMCR = DF_SEC_ER;
 104   2          _nop_();
 105   2            _nop_();
 106   2            _nop_();
 107   2            DATAFLASH_Exit();
 108   2            DATAFLASH_OPR_FLAG = DATAFLASH_PGM_ONGOING;
 109   2        }
 110   1        else {
 111   2          DATAFLASH_Exit();
 112   2        }
 113   1      }
 114          
 115          
C51 COMPILER V9.54   A96L41X_DATAFLASH                                                     04/01/2026 22:05:16 PAGE 3   

 116          /**
 117          * @brief  Wrtie operation of flash.
 118          * @param    u32UserId   This parameter contains the UserID of DataFlash.
 119          *
 120          *         - safety code for operation of DataFlash
 121          * @param    u16Addr   This parameter contains the address of DataFlash.
 122          *
 123          *         - address range : 256 bytes (0x3000 ~ 0x30FF)
 124          * @param    u8Buf   This parameter contains the data of DataFlash.
 125          * @return None
 126          */
 127          void DATAFLASH_PageWt(unsigned long u32UserId, unsigned short u16Addr, unsigned char *u8Buf) {
 128   1        unsigned char result;
 129   1        
 130   1        DATAFLASH_Entry();
 131   1        result = Buffer_clear(DATAFLASH_SECTOR_WRITE, u8Buf);
 132   1        DFIDR = DATAFLASH_id_reg^DATAFLASH_IDXOR;                                     // Identification Value
 133   1        if((u16Addr<0x3000)||(u16Addr>0x30E0)) DATAFLASH_Exit();
 134   1        else if((u32UserId == 0x4F17DC86)&&(result!=DATAFLASH_PGM_FAIL)) {         // Ex) 0x4F17DC86, The user ID
             - may be changed by programmer
 135   2          DFSADRH = (unsigned char)(u16Addr>>8);
 136   2          DFSADRL = (unsigned char)(u16Addr>>0);
 137   2          DFMCR = DF_SEC_WT;
 138   2          _nop_();
 139   2          _nop_();
 140   2            _nop_();
 141   2            DATAFLASH_Exit();
 142   2            DATAFLASH_OPR_FLAG = DATAFLASH_PGM_ONGOING;
 143   2        }
 144   1        else {
 145   2          DATAFLASH_Exit();
 146   2        }
 147   1      }
 148          
 149          
 150          /**
 151          * @brief  Byte Write operation of dataflash.
 152          * @param    u32UserId   This parameter contains the UserID of DataFlash.
 153          *
 154          *         - safety code for operation of DataFlash
 155          * @param    u16Addr   This parameter contains the address of DataFlash.
 156          *
 157          *         - address range : 256 bytes (0x3000 ~ 0x30FF)
 158          * @param    u8Byte  This parameter contains the data of DataFlash.
 159          * @return NONE
 160          */
 161          void DATAFLASH_ByteWt(unsigned long u32UserId, unsigned short u16Addr, unsigned char u8Byte) {
 162   1        unsigned char xdata *pagebuffer=0x7000;
 163   1        
 164   1        DATAFLASH_Entry();
 165   1        
 166   1        DFMCR = DATAFLASH_CLR_PAGEBUF;                                             // Clear sector buffer
 167   1        _nop_();
 168   1        _nop_();
 169   1        _nop_();
 170   1        
 171   1        DFIDR = DATAFLASH_id_reg^DATAFLASH_IDXOR;                                     // Identification Value
 172   1        if((u16Addr<0x3000)||(u16Addr>0x30FF)) DATAFLASH_Exit();
 173   1        else if(u32UserId == 0xA39B71D6) {                                      // Ex) 0xA39B71D6, The user ID ma
             -y be changed by programmer
 174   2          pagebuffer[(unsigned char)(u16Addr&0x0f)] = u8Byte;   
 175   2          DFSADRH = (unsigned char)(u16Addr>>8);
C51 COMPILER V9.54   A96L41X_DATAFLASH                                                     04/01/2026 22:05:16 PAGE 4   

 176   2          DFSADRL = (unsigned char)(u16Addr>>0);
 177   2          DFMCR = DF_SEC_WT;
 178   2          _nop_();
 179   2            _nop_();
 180   2            _nop_();
 181   2            DATAFLASH_Exit();
 182   2            DATAFLASH_OPR_FLAG = DATAFLASH_PGM_ONGOING;
 183   2        }
 184   1        else {
 185   2          DATAFLASH_Exit();
 186   2        }
 187   1      }
 188          
 189          
 190          /**
 191          * @brief  Buffer clear operation of dataflash.
 192          * @param    u8FncSel  This parameter contains the mode function select of DataFlash.
 193          *         - Sector erase, Sector write
 194          * @param    u8Buf   This parameter contains the data of DataFlash.
 195          * @return DATAFLASH_PGM_GOOD
 196          */
 197          unsigned char Buffer_clear(unsigned char u8FncSel, unsigned char *u8Buf) {
 198   1        unsigned char i;
 199   1        unsigned char xdata *pagebuffer=0x7000;
 200   1        
 201   1        DFMCR = DATAFLASH_CLR_PAGEBUF;                                             // Clear sector buffer
 202   1        _nop_();
 203   1        _nop_();
 204   1        _nop_();
 205   1        for(i=0 ; i < SECTOR_SIZE_BYTE ; i++) {
 206   2          if(u8FncSel == DATAFLASH_SECTOR_WRITE) pagebuffer[i] = *u8Buf++;         // To sector write
 207   2          else if(u8FncSel == DATAFLASH_ERASE) pagebuffer[i] = 0x00;               // To sector erase
 208   2          else return DATAFLASH_PGM_FAIL;
 209   2        }
 210   1        return DATAFLASH_PGM_GOOD;
 211   1      }
 212          
 213          
 214          /**
 215          * @brief  len Read operation of dataflash.
 216          *
 217          * @param    u16Addr   This parameter contains the address of DataFlash.
 218          *
 219          *         - address range : 256 bytes (0x3000 ~ 0x30FF)
 220          * @param    u8Byte  This parameter contains the data of DataFlash.
 221          * @return NONE
 222          */
 223          unsigned char  DATAFLASH_PageRd(unsigned short u16Addr, unsigned char *u8Buf, unsigned char u8Len) {
 224   1            unsigned char i;
 225   1        unsigned char  xdata *pagebuffer;
 226   1        
 227   1        DATAFLASH_Entry();
 228   1        
 229   1        DFMCR = DATAFLASH_CLR_PAGEBUF;                                             // Clear sector buffer
 230   1        _nop_();
 231   1        _nop_();
 232   1        _nop_();
 233   1        
 234   1        DFIDR = DATAFLASH_id_reg^DATAFLASH_IDXOR;                                     // Identification Value
 235   1        if((u16Addr<0x3000)||(u16Addr>0x30FF)) 
 236   1        {
 237   2          DATAFLASH_Exit();
C51 COMPILER V9.54   A96L41X_DATAFLASH                                                     04/01/2026 22:05:16 PAGE 5   

 238   2          return DATAFLASH_PGM_FAIL;
 239   2        }
 240   1        for(i=0; i<u8Len; i++)
 241   1              u8Buf[i]=pagebuffer[(unsigned char)(u16Addr++)];
 242   1        
 243   1        DATAFLASH_Exit();
 244   1        return DATAFLASH_PGM_GOOD;
 245   1      }
 246          
 247          /* --------------------------------- End Of File ------------------------------ */


MODULE INFORMATION:   STATIC OVERLAYABLE
   CODE SIZE        =    704    ----
   CONSTANT SIZE    =   ----    ----
   XDATA SIZE       =     10      40
   PDATA SIZE       =   ----    ----
   DATA SIZE        =   ----    ----
   IDATA SIZE       =   ----    ----
   BIT SIZE         =   ----    ----
END OF MODULE INFORMATION.


C51 COMPILATION COMPLETE.  0 WARNING(S),  0 ERROR(S)
