C51 COMPILER V9.54   MAIN                                                                  04/01/2026 22:05:15 PAGE 1   


C51 COMPILER V9.54, COMPILATION OF MODULE MAIN
OBJECT MODULE PLACED IN .\out\Main.obj
COMPILER INVOKED BY: C:\Keil_v5\C51\BIN\C51.EXE src\Main.c LARGE OPTIMIZE(8,SPEED) REGFILE(.\out\A96L41x_DataFlash.ORC) 
                    -BROWSE DEBUG OBJECTEXTEND PRINT(.\out\Main.lst) TABS(2) OBJECT(.\out\Main.obj)

line level    source

   1          /***************************************************************************//**
   2          *   @file       Main.c
   3          *   @brief      A96L41x Main  function file 
   4          *   @author     Application Team, ABOV Semiconductor Co., Ltd.
   5          *   @version    V1.00
   6          *   @date       18. DEC. 2020
   7          *
   8          *   @mainpage   Project : A96L41x (20TSSOP) DataFlash Usage
   9          *   - Introduction: This is a guide program for using A96L41x DataFlash.
  10          *
  11          *   @section    Compiler Version
  12          *   - uVision C51 Compiler ( Version 5.13 )
  13          *
  14          *   @section    Configure Option
  15          *   - Code Read Protection :                Disable
  16          *   - Code Write Protection :               Disable
  17          *   - Vector Area (00H~FFH) Protection :    Disable
  18          *   - Select RESETB pin :                   Disable
  19          *
  20          *   @section    Clock Setting
  21          *   - HFIRC OSC/1 (Internal 4MHz) 
  22          *
  23          *   @section    Project Program Version : V1.00
  24          *   @section    Modify Infomation
  25          *   - V1.00 :    First Start.    
  26          *
  27          *   @section    Caution
  28          *   - Nothing special.
  29          *
  30          *   @section Common
  31          *   - ABOV Semiconductor Co.,Ltd.
  32          *   - URL : <http://www.abovsemi.com>
  33          *
  34          * Copyright(C) 2020, ABOV Semiconductor
  35          * All rights reserved.
  36          *
  37          ********************************************************************************
  38          * ABOV Disclaimer
  39          *
  40          *IMPORTANT NOTICE - PLEASE READ CAREFULLY
  41          *ABOV Semiconductor ("ABOV") reserves the right to make changes, corrections, enhancements, 
  42          *modifications, and improvements to ABOV products and/or to this document at any time without notice. 
  43          *ABOV does not give warranties as to the accuracy or completeness of the information included herein.
  44          *Purchasers should obtain the latest relevant information of ABOV products before placing orders. 
  45          *Purchasers are entirely responsible for the choice, selection, and use of ABOV products and 
  46          *ABOV assumes no liability for application assistance or the design of purchasers' products. No license, 
  47          *express or implied, to any intellectual property rights is granted by ABOV herein. 
  48          *ABOV disclaims all express and implied warranties and shall not be responsible or
  49          *liable for any injuries or damages related to use of ABOV products in such unauthorized applications. 
  50          *ABOV and the ABOV logo are trademarks of ABOV.
  51          *All other product or service names are the property of their respective owners. 
  52          *Information in this document supersedes and replaces the information previously
  53          *supplied in any former versions of this document.
  54          *2020 ABOV Semiconductor  All rights reserved
C51 COMPILER V9.54   MAIN                                                                  04/01/2026 22:05:15 PAGE 2   

  55          *
  56          */
  57          /* Includes ------------------------------------------------------------------*/
  58          #include "intrins.h"
  59          #include "delay.h"
  60          #include "a96l41x_dataflash.h"
  61          #include "a96l41x_gpio.h"
  62          #include "a96l41x_clock.h"
  63          
  64          /* Private Pre-processor Definition & Macro ----------------------------------*/
  65          /* Private Typedef -----------------------------------------------------------*/
  66          /* Private Variable ----------------------------------------------------------*/
  67          unsigned char dataflash_data[32] = {0x00, 0x01, 0x02, 0x03, 0x04, 0x05, 0x06, 0x07, 0x08, 0x09, 0x0a, 0x0b
             -, 0x0c, 0x0d, 0x0e, 0x0f,
  68                                 0x10, 0x11, 0x12, 0x13, 0x14, 0x15, 0x16, 0x17, 0x18, 0x19, 0x1a, 0x1b, 0x1c, 0x1d, 0x1e, 0x1f
             -};
  69          
  70          unsigned char dataflash_rdata[32];
  71          /* Private Function Prototype ------------------------------------------------*/
  72          /* External Variable----------------------------------------------------------*/
  73          extern unsigned short dataflash_addr;
  74          extern unsigned short DATAFLASH_OPR_FLAG;
  75          extern unsigned long dataflash_id;
  76          extern unsigned char dataflash_len;
  77          
  78          
  79          /**********************************************************************
  80           * @brief   Main program
  81           * @param     None
  82           * @return      None
  83           **********************************************************************/
  84          void main(void)
  85          {
  86   1        uint8_t i, DF_WT_FLAG = DF_WT;
  87   1        /* Disable INT. during peripheral setting */
  88   1        GLOBAL_INTERRUPT_DIS();     
  89   1          
  90   1          /* Port intialize */
  91   1        Port_Initial();           
  92   1          /* Clock initialize */
  93   1        Clock_Initial(HFI4_DIV1);   
  94   1          /* System Stabilize Delay */
  95   1        NOP_20us_Delay(25000);        // 0.5sec
  96   1        
  97   1        Port_SetOutputLowpin(PORT1, PIN0);
  98   1        
  99   1        /* DataFlash initialize */
 100   1        DATAFLASH_Exit();
 101   1          
 102   1          /* Enable INT */
 103   1        GLOBAL_INTERRUPT_EN();
 104   1        
 105   1      
 106   1      
 107   1        /* Flash erese/write */
 108   1        NOP; // check flash
 109   1        
 110   1        /* Infinite loop */
 111   1        while(1)
 112   1        {
 113   2          if(DATAFLASH_OPR_FLAG) 
 114   2          {
C51 COMPILER V9.54   MAIN                                                                  04/01/2026 22:05:15 PAGE 3   

 115   3            if((DFMCR&(0x01<<DFMBUSY)) == 0) DATAFLASH_OPR_FLAG = 0;
 116   3          }
 117   2      
 118   2          if(DATAFLASH_OPR_FLAG == 0) 
 119   2          {
 120   3            if(DF_WT_FLAG == DF_WT) 
 121   3            {
 122   4              dataflash_id = 0xA901358F;
 123   4              dataflash_addr = 0x3000;
 124   4              DATAFLASH_PageEr(dataflash_id, dataflash_addr);
 125   4              DF_WT_FLAG = DF_ER;
 126   4                 }
 127   3            else if(DF_WT_FLAG == DF_ER)
 128   3            {
 129   4      #if 1                        // If 0/1, Byte/Page Write
 130   4              dataflash_id = 0x4F17DC86;
 131   4              dataflash_addr= 0x3000;
 132   4              for(i=0 ; i<32 ; i++) {
 133   5                dataflash_data[i] += 1;
 134   5              }
 135   4              DATAFLASH_PageWt(dataflash_id, dataflash_addr, dataflash_data);
 136   4              DF_WT_FLAG = DF_RD;
 137   4      
 138   4              dataflash_addr += 0x0020;
 139   4              dataflash_addr &= 0x00F0;
 140   4      #else
                      dataflash_id = 0xA39B71D6;
                      dataflash_addr |= 0x3000;
                      if((dataflash_addr&0x000f) == 0) {
                        for(i=0 ; i<16 ; i++) dataflash_data[i] += 1;
                      }
                      DATAFLASH_ByteWt(dataflash_id, dataflash_addr, dataflash_data[(unsigned char)(dataflash_addr&0x000f)])
             -;
              
                      dataflash_addr++;
                      dataflash_addr &= 0x007f;
              
                      if((dataflash_addr&0x000f) == 0) DF_WT_FLAG = DF_RD;
              #endif
 153   4              }
 154   3            else if(DF_WT_FLAG == DF_RD)
 155   3            {
 156   4              dataflash_addr = 0x3000;
 157   4              for(i=0 ; i<32 ; i++) {
 158   5                dataflash_rdata[i]=0;
 159   5              }
 160   4              dataflash_len=32;
 161   4              DATAFLASH_PageRd(dataflash_addr, dataflash_rdata, dataflash_len);
 162   4              DF_WT_FLAG = DF_WT;
 163   4            }
 164   3      
 165   3              }
 166   2        }
 167   1      }
 168          
 169          /* --------------------------------- End Of File ------------------------------ */


MODULE INFORMATION:   STATIC OVERLAYABLE
   CODE SIZE        =    359    ----
   CONSTANT SIZE    =   ----    ----
   XDATA SIZE       =     64       2
C51 COMPILER V9.54   MAIN                                                                  04/01/2026 22:05:15 PAGE 4   

   PDATA SIZE       =   ----    ----
   DATA SIZE        =   ----    ----
   IDATA SIZE       =   ----    ----
   BIT SIZE         =   ----    ----
END OF MODULE INFORMATION.


C51 COMPILATION COMPLETE.  0 WARNING(S),  0 ERROR(S)
