BL51 BANKED LINKER/LOCATER V6.22                                                        05/19/2026  09:42:59  PAGE 1


BL51 BANKED LINKER/LOCATER V6.22, INVOKED BY:
C:\KEIL_V5\C51\BIN\BL51.EXE .\Objects\a96l41x_adc.obj, .\Objects\a96l41x_clock.obj, .\Objects\a96l41x_gpio.obj, .\Object
>> s\a96l41x_opamp.obj, .\Objects\a96l41x_timer0.obj, .\Objects\a96l41x_timer1.obj, .\Objects\a96l41x_timer2.obj, .\Obje
>> cts\a96l41x_usart.obj, .\Objects\a96l41x_usart_spi.obj, .\Objects\audio.obj, .\Objects\delay.obj, .\Objects\flash.obj
>> , .\Objects\main.obj, .\Objects\startup.obj TO .\Objects\Stand_along_Abov PRINT (.\Listings\Stand_along_Abov.m51) RAM
>> SIZE (256) CODE (0X0000-0X3FFF) XDATA (0X0000-0X02FF)


MEMORY MODEL: LARGE


INPUT MODULES INCLUDED:
  .\Objects\a96l41x_adc.obj (A96L41X_ADC)
  .\Objects\a96l41x_clock.obj (A96L41X_CLOCK)
  .\Objects\a96l41x_gpio.obj (A96L41X_GPIO)
  .\Objects\a96l41x_opamp.obj (A96L41X_OPAMP)
  .\Objects\a96l41x_timer0.obj (A96L41X_TIMER0)
  .\Objects\a96l41x_timer1.obj (A96L41X_TIMER1)
  .\Objects\a96l41x_timer2.obj (A96L41X_TIMER2)
  .\Objects\a96l41x_usart.obj (A96L41X_USART)
  .\Objects\a96l41x_usart_spi.obj (A96L41X_USART_SPI)
  .\Objects\audio.obj (AUDIO)
  .\Objects\delay.obj (DELAY)
  .\Objects\flash.obj (FLASH)
  .\Objects\main.obj (MAIN)
  .\Objects\startup.obj (?C_STARTUP)
  C:\KEIL_V5\C51\LIB\C51L.LIB (?C_INIT)
  C:\KEIL_V5\C51\LIB\C51L.LIB (?C?SCDIV)
  C:\KEIL_V5\C51\LIB\C51L.LIB (?C?CLDOPTR)
  C:\KEIL_V5\C51\LIB\C51L.LIB (?C?CSTPTR)
  C:\KEIL_V5\C51\LIB\C51L.LIB (?C?CSTOPTR)
  C:\KEIL_V5\C51\LIB\C51L.LIB (?C?UIDIV)
  C:\KEIL_V5\C51\LIB\C51L.LIB (?C?SIDIV)
  C:\KEIL_V5\C51\LIB\C51L.LIB (?C?ILDOPTR)
  C:\KEIL_V5\C51\LIB\C51L.LIB (?C?ISTOPTR)
  C:\KEIL_V5\C51\LIB\C51L.LIB (?C?LMUL)
  C:\KEIL_V5\C51\LIB\C51L.LIB (?C?ULDIV)
  C:\KEIL_V5\C51\LIB\C51L.LIB (?C?ULSHR)
  C:\KEIL_V5\C51\LIB\C51L.LIB (?C?LSHL)
  C:\KEIL_V5\C51\LIB\C51L.LIB (?C?LSTXDATA)
  C:\KEIL_V5\C51\LIB\C51L.LIB (?C?LSTKXDATA)


LINK MAP OF MODULE:  .\Objects\Stand_along_Abov (A96L41X_ADC)


            TYPE    BASE      LENGTH    RELOCATION   SEGMENT NAME
            -----------------------------------------------------

            * * * * * * *   D A T A   M E M O R Y   * * * * * * *
            REG     0000H     0008H     ABSOLUTE     "REG BANK 0"
            IDATA   0008H     0001H     UNIT         ?STACK

            * * * * * * *  X D A T A   M E M O R Y  * * * * * * *
            XDATA   0000H     0041H     UNIT         _XDATA_GROUP_
            XDATA   0041H     0014H     UNIT         ?XD?A96L41X_USART
            XDATA   0055H     0014H     UNIT         ?XD?AUDIO
            XDATA   0069H     000AH     UNIT         ?XD?_FASTREAD?FLASH
BL51 BANKED LINKER/LOCATER V6.22                                                      05/19/2026  09:42:59  PAGE 2


            XDATA   0073H     0007H     UNIT         ?XD?_READ_V?FLASH
            XDATA   007AH     0007H     UNIT         ?XD?_READ_?FLASH
            XDATA   0081H     0005H     UNIT         ?XD?A96L41X_ADC
            XDATA   0086H     0005H     UNIT         ?XD?_USART_CLOCK_INITIAL?A96L41X_USART
            XDATA   008BH     0005H     UNIT         ?XD?A96L41X_USART_SPI
            XDATA   0090H     0004H     UNIT         ?XD?_USART_SPI_SENDDATAWITHINTERRUPT?A96L41X_USART_SPI
            XDATA   0094H     0004H     UNIT         ?XD?_USART_SPI_RECEIVEDATAWITHINTERRUPT?A96L41X_USART_SPI
            XDATA   0098H     0004H     UNIT         ?XD?_DELAY_S?MAIN
            XDATA   009CH     0004H     UNIT         ?XD?BAT_ADC?MAIN
            XDATA   00A0H     0003H     UNIT         ?XD?_USART_RECEIVEDATAWITHPOLLING?A96L41X_USART
            XDATA   00A3H     0003H     UNIT         ?XD?_USART_SPI_SENDDATAWITHPOLLING?A96L41X_USART_SPI
            XDATA   00A6H     0003H     UNIT         ?XD?_USART_SPI_RECEIVEDATAWITHPOLLING?A96L41X_USART_SPI
            XDATA   00A9H     0002H     UNIT         ?XD?_READ_AUDIO_LENGTH?AUDIO
            XDATA   00ABH     0002H     UNIT         ?XD?_ADC_UART_OUT?MAIN
            XDATA   00ADH     0001H     UNIT         ?XD?_USART_SENDDATAWITHINTERRUPT?A96L41X_USART
            XDATA   00AEH     0001H     UNIT         ?XD?USART_RECEIVEDATAWITHINTERRUPT?A96L41X_USART
                    00AFH     0051H                  *** GAP ***
            XDATA   0100H     0008H     ABSOLUTE     
                    0108H     0038H                  *** GAP ***
            XDATA   0140H     0008H     ABSOLUTE     
            XDATA   0148H     013FH     UNIT         ?XD?MAIN

            * * * * * * *   C O D E   M E M O R Y   * * * * * * *
            CODE    0000H     0003H     ABSOLUTE     
            CODE    0003H     0030H     UNIT         ?PR?_GET_IDENTIFICATION?FLASH
            CODE    0033H     0003H     ABSOLUTE     
            CODE    0036H     0034H     UNIT         ?PR?PORT_INITIAL?A96L41X_GPIO
                    006AH     0001H                  *** GAP ***
            CODE    006BH     0003H     ABSOLUTE     
            CODE    006EH     0005H     UNIT         ?PR?_TIMER0_SETMATCHCOUNTER?A96L41X_TIMER0
            CODE    0073H     0003H     ABSOLUTE     
            CODE    0076H     000DH     UNIT         ?PR?BEFORESTOP?MAIN
            CODE    0083H     0003H     ABSOLUTE     
            CODE    0086H     0005H     UNIT         ?PR?_TIMER0_SETPPGDUTYCOUNTER?A96L41X_TIMER0
            CODE    008BH     0003H     ABSOLUTE     
            CODE    008EH     001BH     UNIT         ?PR?A96L41X_ADC
                    00A9H     0002H                  *** GAP ***
            CODE    00ABH     0003H     ABSOLUTE     
            CODE    00AEH     0464H     UNIT         ?PR?MAIN?MAIN
            CODE    0512H     03D8H     UNIT         ?PR?_UART_OUT?MAIN
            CODE    08EAH     037FH     UNIT         ?PR?MAIN
            CODE    0C69H     02F3H     UNIT         ?C?LIB_CODE
            CODE    0F5CH     0275H     UNIT         ?PR?UART_TEST_OUT?MAIN
            CODE    11D1H     01B7H     UNIT         ?PR?_DUST_ADC_2AMP?MAIN
            CODE    1388H     0166H     UNIT         ?C_INITSEG
            CODE    14EEH     010AH     UNIT         ?PR?_USART_INITIAL?A96L41X_USART
            CODE    15F8H     0103H     UNIT         ?PR?TIMER2_INT?MAIN
            CODE    16FBH     00EBH     UNIT         ?PR?_DUST_ADC_1AMP?MAIN
            CODE    17E6H     00DBH     UNIT         ?PR?_USART_SPI_INITIAL?A96L41X_USART_SPI
            CODE    18C1H     00D6H     UNIT         ?PR?FIRE_ALARM?MAIN
            CODE    1997H     00C9H     UNIT         ?PR?_DUST_ADC_SINGLE?MAIN
            CODE    1A60H     00C5H     UNIT         ?PR?TIMER1_INT?AUDIO
            CODE    1B25H     00BEH     UNIT         ?PR?_PORT_SETALTERFUNCTIONPIN?A96L41X_GPIO
            CODE    1BE3H     00A0H     UNIT         ?PR?_AUDIO_RUN?MAIN
            CODE    1C83H     009AH     UNIT         ?C_C51STARTUP
            CODE    1D1DH     0097H     UNIT         ?PR?_PORT_GETINTERRUPTSTATUS?A96L41X_GPIO
            CODE    1DB4H     0093H     UNIT         ?PR?USART_RXINT_HANDLER?A96L41X_USART_SPI
BL51 BANKED LINKER/LOCATER V6.22                                                      05/19/2026  09:42:59  PAGE 3


            CODE    1E47H     008FH     UNIT         ?PR?_DATA_SORTING?MAIN
            CODE    1ED6H     0089H     UNIT         ?PR?_DATA_AVR?MAIN
            CODE    1F5FH     0088H     UNIT         ?PR?_USART_CONFIGUREINTERRUPT?A96L41X_USART
            CODE    1FE7H     0083H     UNIT         ?PR?_BAT_ADC_AVR?MAIN
            CODE    206AH     0082H     UNIT         ?PR?SPI_MEMORY_CHECK?MAIN
            CODE    20ECH     0081H     UNIT         ?PR?_PORT_CONFIGUREINTERRUPT?A96L41X_GPIO
            CODE    216DH     0078H     UNIT         ?PR?_USART_SPI_CONFIGUREINTERRUPT?A96L41X_USART_SPI
            CODE    21E5H     0075H     UNIT         ?PR?_PORT_GETINPUTPINVALUE?A96L41X_GPIO
            CODE    225AH     0072H     UNIT         ?PR?_CHECK_UART_MODE?MAIN
            CODE    22CCH     0071H     UNIT         ?PR?_UART_OUT_AVR?MAIN
            CODE    233DH     006EH     UNIT         ?PR?BAT_ADC?MAIN
            CODE    23ABH     006BH     UNIT         ?PR?_DUST_ADC_DUAL?MAIN
            CODE    2416H     0067H     UNIT         ?PR?ADC_INT_HANDLER?A96L41X_ADC
            CODE    247DH     0067H     UNIT         ?PR?_FASTREAD?FLASH
            CODE    24E4H     0065H     UNIT         ?PR?BAT_CK?MAIN
            CODE    2549H     0063H     UNIT         ?PR?USART_TXINT_HANDLER?A96L41X_USART_SPI
            CODE    25ACH     005BH     UNIT         ?PR?_ADC_UART_OUT?MAIN
            CODE    2607H     0057H     UNIT         ?PR?_PORT_SETINPUTPIN?A96L41X_GPIO
            CODE    265EH     0055H     UNIT         ?PR?_READ_AUDIO_LENGTH?AUDIO
            CODE    26B3H     0054H     UNIT         ?PR?_PORT_SETOUTPUTPIN?A96L41X_GPIO
            CODE    2707H     0054H     UNIT         ?PR?_USART_SENDDATAWITHINTERRUPT?A96L41X_USART
            CODE    275BH     0050H     UNIT         ?PR?_PORT_ENABLEINTERRUPT?A96L41X_GPIO
            CODE    27ABH     0050H     UNIT         ?PR?_PORT_DISABLEINTERRUPT?A96L41X_GPIO
            CODE    27FBH     0050H     UNIT         ?PR?_PORT_CLEARINTERRUPTSTATUS?A96L41X_GPIO
            CODE    284BH     004EH     UNIT         ?PR?AUDIO_INITIAL?AUDIO
            CODE    2899H     0048H     UNIT         ?PR?_USART_SPI_SENDDATAWITHINTERRUPT?A96L41X_USART_SPI
            CODE    28E1H     0048H     UNIT         ?PR?HW_INITIAL?MAIN
            CODE    2929H     0046H     UNIT         ?PR?TEMP_ADC?MAIN
            CODE    296FH     0040H     UNIT         ?PR?A96L41X_USART
            CODE    29AFH     003EH     UNIT         ?PR?A96L41X_GPIO
            CODE    29EDH     003EH     UNIT         ?PR?USART_RECEIVEDATAWITHINTERRUPT?A96L41X_USART
            CODE    2A2BH     003AH     UNIT         ?PR?_TIMER0_INITIAL?A96L41X_TIMER0
            CODE    2A65H     003AH     UNIT         ?PR?_TIMER1_INITIAL?A96L41X_TIMER1
            CODE    2A9FH     003AH     UNIT         ?PR?_TIMER2_INITIAL?A96L41X_TIMER2
            CODE    2AD9H     003AH     UNIT         ?PR?_SPI_TRANSFER?FLASH
            CODE    2B13H     0039H     UNIT         ?PR?_CLOCK_CONFIGUREOSC?A96L41X_CLOCK
            CODE    2B4CH     0037H     UNIT         ?PR?_READ_V?FLASH
            CODE    2B83H     0036H     UNIT         ?PR?_USART_CLOCK_INITIAL?A96L41X_USART
            CODE    2BB9H     0032H     UNIT         ?PR?_PORT_SETOUTPUTLOWPIN?A96L41X_GPIO
            CODE    2BEBH     0031H     UNIT         ?PR?_NOP_20US_DELAY?DELAY
            CODE    2C1CH     0030H     UNIT         ?PR?_DELAY_S?MAIN
            CODE    2C4CH     0030H     UNIT         ?PR?_DELAY_MS?MAIN
            CODE    2C7CH     002FH     UNIT         ?PR?_PORT_SETOUTPUTHIGHPIN?A96L41X_GPIO
            CODE    2CABH     002FH     UNIT         ?PR?_PORT_SETOUTPUTTOGGLEPIN?A96L41X_GPIO
            CODE    2CDAH     002FH     UNIT         ?PR?_USART_SPI_RECEIVEDATAWITHINTERRUPT?A96L41X_USART_SPI
            CODE    2D09H     002EH     UNIT         ?PR?FLASH
            CODE    2D37H     002EH     UNIT         ?PR?LOWBAT_ALARM?MAIN
            CODE    2D65H     002DH     UNIT         ?PR?_ADC_GETDATAWITHPOLLING?A96L41X_ADC
            CODE    2D92H     002CH     UNIT         ?PR?_CLOCK_INITIAL?A96L41X_CLOCK
            CODE    2DBEH     002CH     UNIT         ?PR?_USART_SPI_RECEIVEDATAWITHPOLLING?A96L41X_USART_SPI
            CODE    2DEAH     002BH     UNIT         ?PR?_ADC_INITIAL?A96L41X_ADC
            CODE    2E15H     002AH     UNIT         ?PR?_READ_?FLASH
            CODE    2E3FH     0028H     UNIT         ?PR?_SETADDRESS?FLASH
            CODE    2E67H     0027H     UNIT         ?PR?_ADC_GETDATAWITHINTERRUPT?A96L41X_ADC
            CODE    2E8EH     0026H     UNIT         ?PR?A96L41X_USART_SPI
            CODE    2EB4H     0026H     UNIT         ?PR?_HW_INITIAL_WAIT?MAIN
            CODE    2EDAH     0024H     UNIT         ?PR?_USART_SPI_SENDDATAWITHPOLLING?A96L41X_USART_SPI
BL51 BANKED LINKER/LOCATER V6.22                                                      05/19/2026  09:42:59  PAGE 4


            CODE    2EFEH     001FH     UNIT         ?PR?_USART_SENDDATAWITHPOLLING?A96L41X_USART
            CODE    2F1DH     001FH     UNIT         ?PR?_USART_RECEIVEDATAWITHPOLLING?A96L41X_USART
            CODE    2F3CH     001EH     UNIT         ?PR?T2_INIT?MAIN
            CODE    2F5AH     0017H     UNIT         ?PR?USART_TX_QUEUE_IS_FULL?A96L41X_USART
            CODE    2F71H     0017H     UNIT         ?PR?USART_RX_QUEUE_IS_FULL?A96L41X_USART
            CODE    2F88H     0016H     UNIT         ?PR?_READ?FLASH
            CODE    2F9EH     0013H     UNIT         ?PR?USART_TX_QUEUE_IS_EMPTY?A96L41X_USART
            CODE    2FB1H     0013H     UNIT         ?PR?USART_RX_QUEUE_IS_EMPTY?A96L41X_USART
            CODE    2FC4H     0013H     UNIT         ?PR?SPI_RECEIVE?FLASH
            CODE    2FD7H     0012H     UNIT         ?PR?UART_SET?MAIN
            CODE    2FE9H     0011H     UNIT         ?PR?_VARIABLE_INITIAL?MAIN
            CODE    2FFAH     0010H     UNIT         ?PR?_SPI_SEND?FLASH
            CODE    300AH     000FH     UNIT         ?PR?_ADC_CONFIGUREINTERRUPT?A96L41X_ADC
            CODE    3019H     000FH     UNIT         ?PR?_OPAMP_INITIAL?A96L41X_OPAMP
            CODE    3028H     000FH     UNIT         ?PR?_TIMER0_SETPPGPOLARITY?A96L41X_TIMER0
            CODE    3037H     000FH     UNIT         ?PR?_TIMER1_SETPPGPOLARITY?A96L41X_TIMER1
            CODE    3046H     000FH     UNIT         ?PR?_TIMER2_SETPPGPOLARITY?A96L41X_TIMER2
            CODE    3055H     000EH     UNIT         ?PR?_USART_CONFIGUREWAKEUP?A96L41X_USART
            CODE    3063H     000EH     UNIT         ?PR?ENABLE_WD?MAIN
            CODE    3071H     000CH     UNIT         ?PR?_ADC_ENABLE?A96L41X_ADC
            CODE    307DH     000CH     UNIT         ?PR?_OP1_ENABLE?A96L41X_OPAMP
            CODE    3089H     000CH     UNIT         ?PR?_OP0_ENABLE?A96L41X_OPAMP
            CODE    3095H     000CH     UNIT         ?PR?_USART_ENABLE?A96L41X_USART
            CODE    30A1H     000CH     UNIT         ?PR?_USART_SPI_ENABLE?A96L41X_USART_SPI
            CODE    30ADH     000BH     UNIT         ?PR?_TIMER0_CONFIGUREINTERRUPT?A96L41X_TIMER0
            CODE    30B8H     000BH     UNIT         ?PR?_TIMER1_CONFIGUREINTERRUPT?A96L41X_TIMER1
            CODE    30C3H     000BH     UNIT         ?PR?_TIMER2_CONFIGUREINTERRUPT?A96L41X_TIMER2
            CODE    30CEH     000AH     UNIT         ?PR?A96L41X_CLOCK
            CODE    30D8H     000AH     UNIT         ?PR?WD_RESET?MAIN
            CODE    30E2H     0009H     UNIT         ?PR?_ADC_SELECTCHANNEL?A96L41X_ADC
            CODE    30EBH     0009H     UNIT         ?PR?CLOCK_GETSYSTEMFREQ?A96L41X_CLOCK
            CODE    30F4H     0008H     UNIT         ?PR?WDT_INT?MAIN
            CODE    30FCH     0007H     UNIT         ?PR?_READ_C?FLASH
            CODE    3103H     0007H     UNIT         ?PR?HW_AUDIO_INITIAL?MAIN
            CODE    310AH     0007H     UNIT         ?PR?AFTERSTOP?MAIN
            CODE    3111H     0006H     UNIT         ?PR?ADC_GETCONVERSIONSTATUS?A96L41X_ADC
            CODE    3117H     0005H     UNIT         ?PR?_TIMER0_SETPPGPERIODCOUNTER?A96L41X_TIMER0
            CODE    311CH     0005H     UNIT         ?PR?TIMER0_GETCAPTUREVALUE?A96L41X_TIMER0
            CODE    3121H     0005H     UNIT         ?PR?_TIMER1_SETMATCHCOUNTER?A96L41X_TIMER1
            CODE    3126H     0005H     UNIT         ?PR?_TIMER1_SETPPGDUTYCOUNTER?A96L41X_TIMER1
            CODE    312BH     0005H     UNIT         ?PR?_TIMER1_SETPPGPERIODCOUNTER?A96L41X_TIMER1
            CODE    3130H     0005H     UNIT         ?PR?TIMER1_GETCAPTUREVALUE?A96L41X_TIMER1
            CODE    3135H     0005H     UNIT         ?PR?_TIMER2_SETMATCHCOUNTER?A96L41X_TIMER2
            CODE    313AH     0005H     UNIT         ?PR?_TIMER2_SETPPGDUTYCOUNTER?A96L41X_TIMER2
            CODE    313FH     0005H     UNIT         ?PR?_TIMER2_SETPPGPERIODCOUNTER?A96L41X_TIMER2
            CODE    3144H     0005H     UNIT         ?PR?TIMER2_GETCAPTUREVALUE?A96L41X_TIMER2
            CODE    3149H     0005H     UNIT         ?PR?NOP_4US_DELAY?DELAY
            CODE    314EH     0004H     UNIT         ?PR?ADC_STARTSOFTWARETRIGGER?A96L41X_ADC
            CODE    3152H     0004H     UNIT         ?PR?ADC_CLEARINTERRUPTSTATUS?A96L41X_ADC
            CODE    3156H     0004H     UNIT         ?PR?TIMER0_CLEARCOUNTDATA?A96L41X_TIMER0
            CODE    315AH     0004H     UNIT         ?PR?TIMER0_START?A96L41X_TIMER0
            CODE    315EH     0004H     UNIT         ?PR?TIMER0_STOP?A96L41X_TIMER0
            CODE    3162H     0004H     UNIT         ?PR?TIMER0_CLEARINTERRUPTFLAG?A96L41X_TIMER0
            CODE    3166H     0004H     UNIT         ?PR?TIMER1_CLEARCOUNTDATA?A96L41X_TIMER1
            CODE    316AH     0004H     UNIT         ?PR?TIMER1_START?A96L41X_TIMER1
            CODE    316EH     0004H     UNIT         ?PR?TIMER1_STOP?A96L41X_TIMER1
            CODE    3172H     0004H     UNIT         ?PR?TIMER1_CLEARINTERRUPTFLAG?A96L41X_TIMER1
BL51 BANKED LINKER/LOCATER V6.22                                                      05/19/2026  09:42:59  PAGE 5


            CODE    3176H     0004H     UNIT         ?PR?TIMER2_CLEARCOUNTDATA?A96L41X_TIMER2
            CODE    317AH     0004H     UNIT         ?PR?TIMER2_START?A96L41X_TIMER2
            CODE    317EH     0004H     UNIT         ?PR?TIMER2_STOP?A96L41X_TIMER2
            CODE    3182H     0004H     UNIT         ?PR?TIMER2_CLEARINTERRUPTFLAG?A96L41X_TIMER2
            CODE    3186H     0004H     UNIT         ?PR?USART_CLEARWAKEUPFLAG?A96L41X_USART
            CODE    318AH     0003H     UNIT         ?PR?USART_GETINTERRUPTSTATUS?A96L41X_USART
            CODE    318DH     0003H     UNIT         ?PR?USART_SPI_GETINTERRUPTSTATUS?A96L41X_USART_SPI



OVERLAY MAP OF MODULE:   .\Objects\Stand_along_Abov (A96L41X_ADC)


SEGMENT                                            XDATA_GROUP
  +--> CALLED SEGMENT                            START    LENGTH
----------------------------------------------------------------
?PR?ADC_INT_HANDLER?A96L41X_ADC                  -----    -----
  +--> ?PR?ADC_STARTSOFTWARETRIGGER?A96L41X_ADC
  +--> ?PR?A96L41X_ADC
  +--> ?PR?_ADC_CONFIGUREINTERRUPT?A96L41X_ADC

*** NEW ROOT ***************************************************

?PR?USART_RXINT_HANDLER?A96L41X_USART...         -----    -----
  +--> ?PR?_USART_SPI_CONFIGUREINTERRUPT?A96...

?PR?_USART_SPI_CONFIGUREINTERRUPT?A96...         -----    -----
  +--> ?PR?A96L41X_USART_SPI

*** NEW ROOT ***************************************************

?PR?USART_TXINT_HANDLER?A96L41X_USART...         -----    -----
  +--> ?PR?_USART_SPI_CONFIGUREINTERRUPT?A96...

*** NEW ROOT ***************************************************

?PR?TIMER1_INT?AUDIO                             -----    -----
  +--> ?PR?TIMER1_CLEARINTERRUPTFLAG?A96L41X...
  +--> ?PR?_READ?FLASH
  +--> ?PR?_TIMER0_SETPPGDUTYCOUNTER?A96L41X...
  +--> ?PR?TIMER0_START?A96L41X_TIMER0
  +--> ?PR?_READ_C?FLASH
  +--> ?PR?TIMER0_STOP?A96L41X_TIMER0

?PR?_READ?FLASH                                  0000H    0004H
  +--> ?PR?_SPI_TRANSFER?FLASH
  +--> ?PR?FLASH
  +--> ?PR?_SETADDRESS?FLASH

?PR?FLASH                                        -----    -----
  +--> ?PR?_SPI_TRANSFER?FLASH

?PR?_SETADDRESS?FLASH                            0004H    0004H
  +--> ?PR?FLASH
  +--> ?PR?_SPI_TRANSFER?FLASH

?PR?_READ_C?FLASH                                -----    -----
BL51 BANKED LINKER/LOCATER V6.22                                                      05/19/2026  09:42:59  PAGE 6


  +--> ?PR?SPI_RECEIVE?FLASH

*** NEW ROOT ***************************************************

?PR?TIMER2_INT?MAIN                              -----    -----
  +--> ?PR?_PORT_GETINPUTPINVALUE?A96L41X_GPIO

*** NEW ROOT ***************************************************

?C_C51STARTUP                                    -----    -----
  +--> ?PR?MAIN?MAIN
  +--> ?C_INITSEG

?PR?MAIN?MAIN                                    0008H    0008H
  +--> ?PR?SPI_MEMORY_CHECK?MAIN
  +--> ?PR?_CHECK_UART_MODE?MAIN
  +--> ?PR?BAT_CK?MAIN
  +--> ?PR?MAIN
  +--> ?PR?_DUST_ADC_SINGLE?MAIN
  +--> ?PR?FIRE_ALARM?MAIN
  +--> ?PR?_DELAY_MS?MAIN
  +--> ?PR?_DUST_ADC_1AMP?MAIN
  +--> ?PR?_DUST_ADC_2AMP?MAIN
  +--> ?PR?_UART_OUT?MAIN
  +--> ?PR?UART_SET?MAIN
  +--> ?PR?_UART_OUT_AVR?MAIN
  +--> ?PR?T2_INIT?MAIN
  +--> ?PR?TIMER2_START?A96L41X_TIMER2
  +--> ?PR?_AUDIO_RUN?MAIN
  +--> ?PR?HW_AUDIO_INITIAL?MAIN
  +--> ?PR?TIMER2_STOP?A96L41X_TIMER2
  +--> ?PR?_PORT_SETINPUTPIN?A96L41X_GPIO
  +--> ?PR?_HW_INITIAL_WAIT?MAIN
  +--> ?PR?LOWBAT_ALARM?MAIN
  +--> ?PR?_NOP_20US_DELAY?DELAY
  +--> ?PR?_PORT_GETINPUTPINVALUE?A96L41X_GPIO
  +--> ?PR?BEFORESTOP?MAIN
  +--> ?PR?AFTERSTOP?MAIN
  +--> ?PR?_PORT_SETOUTPUTPIN?A96L41X_GPIO

?PR?SPI_MEMORY_CHECK?MAIN                        0010H    0004H
  +--> ?PR?MAIN
  +--> ?PR?_USART_SPI_INITIAL?A96L41X_USART_SPI
  +--> ?PR?_GET_IDENTIFICATION?FLASH
  +--> ?PR?_DELAY_MS?MAIN

?PR?_USART_SPI_INITIAL?A96L41X_USART_SPI         0015H    000EH
  +--> ?PR?CLOCK_GETSYSTEMFREQ?A96L41X_CLOCK

?PR?_GET_IDENTIFICATION?FLASH                    0014H    0003H
  +--> ?PR?FLASH
  +--> ?PR?_SPI_TRANSFER?FLASH

?PR?_DELAY_MS?MAIN                               0038H    0004H
  +--> ?PR?MAIN
  +--> ?PR?_NOP_20US_DELAY?DELAY

BL51 BANKED LINKER/LOCATER V6.22                                                      05/19/2026  09:42:59  PAGE 7


?PR?_NOP_20US_DELAY?DELAY                        -----    -----
  +--> ?PR?NOP_4US_DELAY?DELAY

?PR?_CHECK_UART_MODE?MAIN                        0010H    0001H
  +--> ?PR?MAIN
  +--> ?PR?_PORT_SETINPUTPIN?A96L41X_GPIO
  +--> ?PR?_PORT_GETINPUTPINVALUE?A96L41X_GPIO
  +--> ?PR?_DELAY_MS?MAIN
  +--> ?PR?_DUST_ADC_SINGLE?MAIN
  +--> ?PR?_DUST_ADC_DUAL?MAIN
  +--> ?PR?_BAT_ADC_AVR?MAIN
  +--> ?PR?UART_TEST_OUT?MAIN

?PR?_PORT_SETINPUTPIN?A96L41X_GPIO               -----    -----
  +--> ?PR?A96L41X_GPIO

?PR?_DUST_ADC_SINGLE?MAIN                        0011H    0027H
  +--> ?PR?MAIN
  +--> ?PR?_OPAMP_INITIAL?A96L41X_OPAMP
  +--> ?PR?_OP0_ENABLE?A96L41X_OPAMP
  +--> ?PR?_OP1_ENABLE?A96L41X_OPAMP
  +--> ?PR?_ADC_INITIAL?A96L41X_ADC
  +--> ?PR?_ADC_SELECTCHANNEL?A96L41X_ADC
  +--> ?PR?_DELAY_MS?MAIN
  +--> ?PR?_ADC_GETDATAWITHPOLLING?A96L41X_ADC
  +--> ?PR?_DATA_AVR?MAIN

?PR?_ADC_INITIAL?A96L41X_ADC                     0039H    0004H

?PR?_ADC_GETDATAWITHPOLLING?A96L41X_ADC          0039H    0003H
  +--> ?PR?A96L41X_ADC
  +--> ?PR?ADC_STARTSOFTWARETRIGGER?A96L41X_ADC
  +--> ?PR?ADC_GETCONVERSIONSTATUS?A96L41X_ADC

?PR?_DATA_AVR?MAIN                               0038H    0009H
  +--> ?PR?MAIN

?PR?_DUST_ADC_DUAL?MAIN                          0011H    0027H
  +--> ?PR?MAIN
  +--> ?PR?_OPAMP_INITIAL?A96L41X_OPAMP
  +--> ?PR?_OP0_ENABLE?A96L41X_OPAMP
  +--> ?PR?_OP1_ENABLE?A96L41X_OPAMP
  +--> ?PR?_ADC_INITIAL?A96L41X_ADC
  +--> ?PR?_ADC_SELECTCHANNEL?A96L41X_ADC
  +--> ?PR?_DATA_AVR?MAIN
  +--> ?PR?_DELAY_MS?MAIN
  +--> ?PR?_ADC_GETDATAWITHPOLLING?A96L41X_ADC

?PR?_BAT_ADC_AVR?MAIN                            0011H    0005H
  +--> ?PR?_NOP_20US_DELAY?DELAY
  +--> ?PR?MAIN
  +--> ?PR?_ADC_INITIAL?A96L41X_ADC
  +--> ?PR?_ADC_SELECTCHANNEL?A96L41X_ADC
  +--> ?PR?_ADC_GETDATAWITHPOLLING?A96L41X_ADC
  +--> ?PR?_DATA_SORTING?MAIN

?PR?_DATA_SORTING?MAIN                           0039H    0008H
BL51 BANKED LINKER/LOCATER V6.22                                                      05/19/2026  09:42:59  PAGE 8


  +--> ?PR?MAIN

?PR?UART_TEST_OUT?MAIN                           0011H    0002H
  +--> ?PR?MAIN
  +--> ?PR?_PORT_SETALTERFUNCTIONPIN?A96L41X...
  +--> ?PR?_USART_INITIAL?A96L41X_USART
  +--> ?PR?_USART_SENDDATAWITHPOLLING?A96L41...

?PR?_PORT_SETALTERFUNCTIONPIN?A96L41X...         -----    -----
  +--> ?PR?A96L41X_GPIO

?PR?_USART_INITIAL?A96L41X_USART                 0013H    000EH
  +--> ?PR?CLOCK_GETSYSTEMFREQ?A96L41X_CLOCK
  +--> ?PR?A96L41X_USART

?PR?_USART_SENDDATAWITHPOLLING?A96L41...         0013H    0003H
  +--> ?PR?A96L41X_USART

?PR?BAT_CK?MAIN                                  -----    -----
  +--> ?PR?_BAT_ADC_AVR?MAIN
  +--> ?PR?MAIN
  +--> ?PR?_UART_OUT?MAIN
  +--> ?PR?UART_SET?MAIN
  +--> ?PR?_NOP_20US_DELAY?DELAY
  +--> ?PR?_HW_INITIAL_WAIT?MAIN

?PR?_UART_OUT?MAIN                               0010H    0001H
  +--> ?PR?MAIN
  +--> ?PR?_PORT_SETALTERFUNCTIONPIN?A96L41X...
  +--> ?PR?_USART_INITIAL?A96L41X_USART
  +--> ?PR?_USART_SENDDATAWITHPOLLING?A96L41...

?PR?UART_SET?MAIN                                -----    -----
  +--> ?PR?MAIN
  +--> ?PR?_PORT_SETALTERFUNCTIONPIN?A96L41X...
  +--> ?PR?_USART_INITIAL?A96L41X_USART

?PR?_HW_INITIAL_WAIT?MAIN                        0010H    0002H
  +--> ?PR?HW_INITIAL?MAIN
  +--> ?PR?_PORT_SETOUTPUTPIN?A96L41X_GPIO
  +--> ?PR?_DELAY_MS?MAIN

?PR?HW_INITIAL?MAIN                              -----    -----
  +--> ?PR?TIMER0_STOP?A96L41X_TIMER0
  +--> ?PR?MAIN

?PR?_PORT_SETOUTPUTPIN?A96L41X_GPIO              -----    -----
  +--> ?PR?A96L41X_GPIO

?PR?FIRE_ALARM?MAIN                              -----    -----
  +--> ?PR?_NOP_20US_DELAY?DELAY
  +--> ?PR?TIMER2_STOP?A96L41X_TIMER2
  +--> ?PR?T2_INIT?MAIN
  +--> ?PR?MAIN
  +--> ?PR?TIMER2_START?A96L41X_TIMER2
  +--> ?PR?_AUDIO_RUN?MAIN
  +--> ?PR?HW_INITIAL?MAIN
BL51 BANKED LINKER/LOCATER V6.22                                                      05/19/2026  09:42:59  PAGE 9


  +--> ?PR?_PORT_SETOUTPUTPIN?A96L41X_GPIO

?PR?T2_INIT?MAIN                                 -----    -----
  +--> ?PR?_TIMER2_INITIAL?A96L41X_TIMER2
  +--> ?PR?_TIMER2_SETPPGPOLARITY?A96L41X_TI...
  +--> ?PR?_TIMER2_SETPPGPERIODCOUNTER?A96L4...
  +--> ?PR?_TIMER2_CONFIGUREINTERRUPT?A96L41...

?PR?_AUDIO_RUN?MAIN                              0010H    0005H
  +--> ?PR?MAIN
  +--> ?PR?_USART_SPI_INITIAL?A96L41X_USART_SPI
  +--> ?PR?_NOP_20US_DELAY?DELAY
  +--> ?PR?_VARIABLE_INITIAL?MAIN
  +--> ?PR?AUDIO_INITIAL?AUDIO
  +--> ?PR?TIMER1_START?A96L41X_TIMER1

?PR?_VARIABLE_INITIAL?MAIN                       -----    -----
  +--> ?PR?MAIN

?PR?AUDIO_INITIAL?AUDIO                          -----    -----
  +--> ?PR?_PORT_SETALTERFUNCTIONPIN?A96L41X...
  +--> ?PR?_TIMER0_INITIAL?A96L41X_TIMER0
  +--> ?PR?_TIMER0_SETPPGPOLARITY?A96L41X_TI...
  +--> ?PR?_TIMER0_SETPPGPERIODCOUNTER?A96L4...
  +--> ?PR?_TIMER0_SETPPGDUTYCOUNTER?A96L41X...
  +--> ?PR?_TIMER0_CONFIGUREINTERRUPT?A96L41...
  +--> ?PR?_TIMER1_INITIAL?A96L41X_TIMER1
  +--> ?PR?_TIMER1_SETPPGPOLARITY?A96L41X_TI...
  +--> ?PR?_TIMER1_SETPPGPERIODCOUNTER?A96L4...
  +--> ?PR?_TIMER1_SETPPGDUTYCOUNTER?A96L41X...
  +--> ?PR?_TIMER1_CONFIGUREINTERRUPT?A96L41...

?PR?_DUST_ADC_1AMP?MAIN                          0010H    0027H
  +--> ?PR?MAIN
  +--> ?PR?_OPAMP_INITIAL?A96L41X_OPAMP
  +--> ?PR?_OP0_ENABLE?A96L41X_OPAMP
  +--> ?PR?_OP1_ENABLE?A96L41X_OPAMP
  +--> ?PR?_ADC_INITIAL?A96L41X_ADC
  +--> ?PR?_DATA_SORTING?MAIN
  +--> ?PR?_NOP_20US_DELAY?DELAY
  +--> ?PR?_ADC_SELECTCHANNEL?A96L41X_ADC
  +--> ?PR?_ADC_GETDATAWITHPOLLING?A96L41X_ADC

?PR?_DUST_ADC_2AMP?MAIN                          0010H    0029H
  +--> ?PR?MAIN
  +--> ?PR?_PORT_SETOUTPUTPIN?A96L41X_GPIO
  +--> ?PR?_OPAMP_INITIAL?A96L41X_OPAMP
  +--> ?PR?_OP0_ENABLE?A96L41X_OPAMP
  +--> ?PR?_OP1_ENABLE?A96L41X_OPAMP
  +--> ?PR?_ADC_INITIAL?A96L41X_ADC
  +--> ?PR?_ADC_SELECTCHANNEL?A96L41X_ADC
  +--> ?PR?_DATA_SORTING?MAIN
  +--> ?PR?_NOP_20US_DELAY?DELAY
  +--> ?PR?_ADC_GETDATAWITHPOLLING?A96L41X_ADC
  +--> ?PR?_PORT_SETINPUTPIN?A96L41X_GPIO

?PR?_UART_OUT_AVR?MAIN                           0010H    0002H
BL51 BANKED LINKER/LOCATER V6.22                                                      05/19/2026  09:42:59  PAGE 10


  +--> ?PR?MAIN
  +--> ?PR?_PORT_SETALTERFUNCTIONPIN?A96L41X...
  +--> ?PR?_USART_INITIAL?A96L41X_USART
  +--> ?PR?_USART_SENDDATAWITHPOLLING?A96L41...

?PR?HW_AUDIO_INITIAL?MAIN                        -----    -----
  +--> ?PR?MAIN

?PR?LOWBAT_ALARM?MAIN                            -----    -----
  +--> ?PR?T2_INIT?MAIN
  +--> ?PR?MAIN
  +--> ?PR?TIMER2_START?A96L41X_TIMER2
  +--> ?PR?_AUDIO_RUN?MAIN
  +--> ?PR?TIMER2_STOP?A96L41X_TIMER2



SYMBOL TABLE OF MODULE:  .\Objects\Stand_along_Abov (A96L41X_ADC)

  VALUE           TYPE          NAME
  ----------------------------------

  -------         MODULE        A96L41X_ADC
  C:0000H         SYMBOL        _ICE_DUMMY_
  C:3111H         PUBLIC        ADC_GetConversionStatus
  C:300AH         PUBLIC        _ADC_ConfigureInterrupt
  D:00CBH         PUBLIC        ADCCRH
  D:00CAH         PUBLIC        ADCCRL
  X:0081H         PUBLIC        adc_buff
  X:0084H         PUBLIC        adc_count
  C:2E67H         PUBLIC        _ADC_GetDataWithInterrupt
  D:00A9H         PUBLIC        IE1
  C:2D65H         PUBLIC        _ADC_GetDataWithPolling
  C:30E2H         PUBLIC        _ADC_SelectChannel
  X:0085H         PUBLIC        buff_cnt
  D:00CCH         PUBLIC        ADCDR
  C:314EH         PUBLIC        ADC_StartSoftwareTrigger
  C:3152H         PUBLIC        ADC_ClearInterruptStatus
  C:3071H         PUBLIC        _ADC_Enable
  C:2DEAH         PUBLIC        _ADC_Initial
  C:2416H         PUBLIC        ADC_Int_Handler
  C:008EH         SYMBOL        Com001B
  C:008EH         SYMBOL        L?0028
  C:009FH         SYMBOL        L?0029
  -------         PROC          COM001B
  -------         ENDPROC       COM001B
  -------         PROC          _ADC_INITIAL
  D:0007H         SYMBOL        clock_sel
  D:0005H         SYMBOL        trigger_sel
  D:0003H         SYMBOL        ref_voltage
  X:003CH         SYMBOL        align_sel
  -------         DO            
  D:0006H         SYMBOL        temp_reg
  D:0007H         SYMBOL        temp_reg2
  -------         ENDDO         
  C:2DEAH         LINE#         81
  C:2DEAH         LINE#         82
BL51 BANKED LINKER/LOCATER V6.22                                                      05/19/2026  09:42:59  PAGE 11


  C:2DEAH         LINE#         95
  C:2DEDH         LINE#         96
  C:2DEFH         LINE#         97
  C:2DEFH         LINE#         99
  C:2DF1H         LINE#         100
  C:2DF1H         LINE#         101
  C:2E03H         LINE#         103
  C:2E05H         LINE#         104
  C:2E06H         LINE#         105
  C:2E10H         LINE#         107
  C:2E12H         LINE#         108
  C:2E14H         LINE#         121
  -------         ENDPROC       _ADC_INITIAL
  -------         PROC          _ADC_ENABLE
  D:0007H         SYMBOL        enable
  C:3071H         LINE#         131
  C:3071H         LINE#         132
  C:3071H         LINE#         133
  C:3075H         LINE#         134
  C:3075H         LINE#         135
  C:3078H         LINE#         136
  C:3079H         LINE#         138
  C:3079H         LINE#         139
  C:307CH         LINE#         140
  C:307CH         LINE#         141
  -------         ENDPROC       _ADC_ENABLE
  -------         PROC          ADC_STARTSOFTWARETRIGGER
  C:314EH         LINE#         148
  C:314EH         LINE#         149
  C:314EH         LINE#         150
  C:3151H         LINE#         151
  -------         ENDPROC       ADC_STARTSOFTWARETRIGGER
  -------         PROC          _ADC_SELECTCHANNEL
  D:0007H         SYMBOL        channel
  -------         DO            
  D:0006H         SYMBOL        temp_reg
  -------         ENDDO         
  C:30E2H         LINE#         169
  C:30E2H         LINE#         170
  C:30E2H         LINE#         173
  C:30E4H         LINE#         174
  C:30E7H         LINE#         175
  C:30E8H         LINE#         177
  C:30EAH         LINE#         178
  -------         ENDPROC       _ADC_SELECTCHANNEL
  -------         PROC          ADC_GETCONVERSIONSTATUS
  C:3111H         LINE#         185
  C:3111H         LINE#         186
  C:3111H         LINE#         187
  C:3116H         LINE#         188
  -------         ENDPROC       ADC_GETCONVERSIONSTATUS
  -------         PROC          _ADC_GETDATAWITHINTERRUPT
  D:0001H         SYMBOL        adc_data
  D:0005H         SYMBOL        count
  C:2E67H         LINE#         196
  C:2E67H         LINE#         197
  C:2E67H         LINE#         198
BL51 BANKED LINKER/LOCATER V6.22                                                      05/19/2026  09:42:59  PAGE 12


  C:2E6CH         LINE#         199
  C:2E6FH         LINE#         200
  C:2E76H         LINE#         202
  C:2E7BH         LINE#         204
  C:2E80H         LINE#         205
  C:2E80H         LINE#         206
  C:2E83H         LINE#         207
  C:2E83H         LINE#         209
  C:2E8DH         LINE#         211
  -------         ENDPROC       _ADC_GETDATAWITHINTERRUPT
  -------         PROC          _ADC_GETDATAWITHPOLLING
  X:0039H         SYMBOL        adc_data
  D:0005H         SYMBOL        count
  -------         DO            
  D:0006H         SYMBOL        i
  -------         ENDDO         
  C:2D65H         LINE#         219
  C:2D68H         LINE#         220
  C:2D68H         LINE#         223
  C:2D71H         LINE#         224
  C:2D71H         LINE#         225
  C:2D76H         LINE#         226
  C:2D79H         LINE#         228
  C:2D7FH         LINE#         230
  C:2D8EH         LINE#         231
  C:2D91H         LINE#         232
  -------         ENDPROC       _ADC_GETDATAWITHPOLLING
  -------         PROC          _ADC_CONFIGUREINTERRUPT
  D:0007H         SYMBOL        enable
  C:300AH         LINE#         242
  C:300AH         LINE#         243
  C:300AH         LINE#         244
  C:300EH         LINE#         245
  C:300EH         LINE#         246
  C:3011H         LINE#         247
  C:3012H         LINE#         249
  C:3012H         LINE#         250
  C:3015H         LINE#         251
  C:3018H         LINE#         252
  C:3018H         LINE#         253
  -------         ENDPROC       _ADC_CONFIGUREINTERRUPT
  -------         PROC          ADC_CLEARINTERRUPTSTATUS
  C:3152H         LINE#         260
  C:3152H         LINE#         261
  C:3152H         LINE#         262
  C:3155H         LINE#         263
  -------         ENDPROC       ADC_CLEARINTERRUPTSTATUS
  -------         PROC          ADC_INT_HANDLER
  C:2416H         LINE#         266
  C:242FH         LINE#         268
  C:243AH         LINE#         269
  C:243DH         LINE#         271
  C:2443H         LINE#         272
  C:2459H         LINE#         274
  C:245FH         LINE#         275
  C:2463H         LINE#         276
  -------         ENDPROC       ADC_INT_HANDLER
BL51 BANKED LINKER/LOCATER V6.22                                                      05/19/2026  09:42:59  PAGE 13


  -------         ENDMOD        A96L41X_ADC

  -------         MODULE        A96L41X_CLOCK
  C:0000H         SYMBOL        _ICE_DUMMY_
  C:30EBH         PUBLIC        Clock_GetSystemFreq
  C:2D92H         PUBLIC        _Clock_Initial
  D:008AH         PUBLIC        SCCR
  C:2B13H         PUBLIC        _Clock_ConfigureOSC
  D:00C8H         PUBLIC        OSCCR
  C:30CEH         SYMBOL        Com0010
  C:30CEH         SYMBOL        L?0017
  -------         PROC          COM0010
  -------         ENDPROC       COM0010
  -------         PROC          _CLOCK_INITIAL
  D:0007H         SYMBOL        clock_sel
  -------         DO            
  D:0006H         SYMBOL        temp_reg
  -------         ENDDO         
  C:2D92H         LINE#         63
  C:2D92H         LINE#         64
  C:2D92H         LINE#         66
  C:2D98H         LINE#         67
  C:2D98H         LINE#         69
  C:2D9BH         LINE#         71
  C:2D9DH         LINE#         72
  C:2DA1H         LINE#         73
  C:2DA1H         LINE#         74
  C:2DA4H         LINE#         75
  C:2DA5H         LINE#         76
  C:2DA9H         LINE#         77
  C:2DA9H         LINE#         79
  C:2DACH         LINE#         80
  C:2DB3H         LINE#         81
  C:2DB6H         LINE#         82
  C:2DB8H         LINE#         83
  C:2DBBH         LINE#         84
  C:2DBDH         LINE#         85
  C:2DBDH         LINE#         86
  -------         ENDPROC       _CLOCK_INITIAL
  -------         PROC          _CLOCK_CONFIGUREOSC
  D:0007H         SYMBOL        osc_sel
  D:0005H         SYMBOL        hsirc_div
  D:0003H         SYMBOL        osc_enable
  -------         DO            
  D:0006H         SYMBOL        temp_reg
  -------         ENDDO         
  C:2B13H         LINE#         106
  C:2B13H         LINE#         107
  C:2B13H         LINE#         110
  C:2B18H         LINE#         111
  C:2B18H         LINE#         112
  C:2B1BH         LINE#         113
  C:2B1BH         LINE#         114
  C:2B1DH         LINE#         116
  C:2B1DH         LINE#         117
  C:2B1EH         LINE#         118
  C:2B23H         LINE#         119
BL51 BANKED LINKER/LOCATER V6.22                                                      05/19/2026  09:42:59  PAGE 14


  C:2B23H         LINE#         121
  C:2B26H         LINE#         122
  C:2B26H         LINE#         123
  C:2B27H         LINE#         124
  C:2B2AH         LINE#         125
  C:2B2AH         LINE#         126
  C:2B2DH         LINE#         127
  C:2B2DH         LINE#         129
  C:2B30H         LINE#         130
  C:2B31H         LINE#         131
  C:2B36H         LINE#         132
  C:2B36H         LINE#         133
  C:2B38H         LINE#         135
  C:2B42H         LINE#         137
  C:2B45H         LINE#         138
  C:2B48H         LINE#         140
  C:2B4BH         LINE#         141
  C:2B4BH         LINE#         142
  C:2B4BH         LINE#         143
  -------         ENDPROC       _CLOCK_CONFIGUREOSC
  -------         PROC          CLOCK_GETSYSTEMFREQ
  C:30EBH         LINE#         150
  C:30EBH         LINE#         151
  C:30EBH         LINE#         152
  C:30F3H         LINE#         153
  -------         ENDPROC       CLOCK_GETSYSTEMFREQ
  -------         ENDMOD        A96L41X_CLOCK

  -------         MODULE        A96L41X_GPIO
  C:0000H         SYMBOL        _ICE_DUMMY_
  D:0080H         PUBLIC        P0
  D:0088H         PUBLIC        P1
  D:0090H         PUBLIC        P2
  C:20ECH         PUBLIC        _Port_ConfigureInterrupt
  C:1D1DH         PUBLIC        _Port_GetInterruptStatus
  D:0096H         PUBLIC        P0DB
  C:21E5H         PUBLIC        _Port_GetInputpinValue
  D:00A8H         PUBLIC        IE
  C:2607H         PUBLIC        _Port_SetInputpin
  D:0092H         PUBLIC        P0OD
  C:27ABH         PUBLIC        _Port_DisableInterrupt
  C:26B3H         PUBLIC        _Port_SetOutputpin
  D:009AH         PUBLIC        P1OD
  D:00D2H         PUBLIC        P2OD
  C:2C7CH         PUBLIC        _Port_SetOutputHighpin
  D:0091H         PUBLIC        P0IO
  D:0099H         PUBLIC        P1IO
  D:00A1H         PUBLIC        P2IO
  D:0093H         PUBLIC        P0PU
  C:275BH         PUBLIC        _Port_EnableInterrupt
  D:009BH         PUBLIC        P1PU
  D:00D3H         PUBLIC        P2PU
  D:00A0H         PUBLIC        EIFLAG
  D:00A4H         PUBLIC        EIPOL0
  D:00A5H         PUBLIC        EIPOL1
  D:0095H         PUBLIC        P0FSRH
  D:009DH         PUBLIC        P1FSRH
BL51 BANKED LINKER/LOCATER V6.22                                                      05/19/2026  09:42:59  PAGE 15


  D:0094H         PUBLIC        P0FSRL
  D:009EH         PUBLIC        P12DB
  D:009CH         PUBLIC        P1FSRL
  D:00A9H         PUBLIC        IE1
  C:1B25H         PUBLIC        _Port_SetAlterFunctionpin
  C:2BB9H         PUBLIC        _Port_SetOutputLowpin
  C:27FBH         PUBLIC        _Port_ClearInterruptStatus
  C:0036H         PUBLIC        Port_Initial
  D:00D4H         PUBLIC        P2FSR
  C:2CABH         PUBLIC        _Port_SetOutputTogglepin
  C:29AFH         SYMBOL        Com00EF
  C:29AFH         SYMBOL        L?0240
  C:29AFH         SYMBOL        L?0241
  C:29B6H         SYMBOL        L?0242
  C:29BAH         SYMBOL        L?0243
  C:29C4H         SYMBOL        L?0244
  C:29C4H         SYMBOL        L?0245
  C:29CDH         SYMBOL        L?0246
  C:29CDH         SYMBOL        L?0247
  C:29D7H         SYMBOL        L?0248
  C:29E3H         SYMBOL        L?0249
  -------         PROC          COM00EF
  -------         ENDPROC       COM00EF
  -------         PROC          PORT_INITIAL
  C:0036H         LINE#         62
  C:0036H         LINE#         63
  C:0036H         LINE#         67
  C:0039H         LINE#         68
  C:003CH         LINE#         69
  C:003EH         LINE#         70
  C:0041H         LINE#         71
  C:0044H         LINE#         77
  C:0047H         LINE#         83
  C:0049H         LINE#         92
  C:004CH         LINE#         93
  C:004EH         LINE#         94
  C:0051H         LINE#         95
  C:0054H         LINE#         97
  C:0057H         LINE#         101
  C:005AH         LINE#         107
  C:005CH         LINE#         116
  C:005FH         LINE#         117
  C:0061H         LINE#         118
  C:0063H         LINE#         119
  C:0066H         LINE#         121
  C:0069H         LINE#         127
  -------         ENDPROC       PORT_INITIAL
  -------         PROC          _PORT_SETOUTPUTPIN
  D:0007H         SYMBOL        port
  D:0005H         SYMBOL        pin
  D:0003H         SYMBOL        mode
  C:26B3H         LINE#         136
  C:26B3H         LINE#         137
  C:26B3H         LINE#         139
  C:26BEH         LINE#         140
  C:26BEH         LINE#         141
  C:26BEH         LINE#         142
BL51 BANKED LINKER/LOCATER V6.22                                                      05/19/2026  09:42:59  PAGE 16


  C:26C9H         LINE#         143
  C:26D6H         LINE#         144
  C:26D7H         LINE#         145
  C:26D7H         LINE#         146
  C:26E2H         LINE#         147
  C:26EFH         LINE#         148
  C:26F0H         LINE#         149
  C:26F0H         LINE#         150
  C:26FBH         LINE#         151
  C:2706H         LINE#         152
  C:2706H         LINE#         153
  C:2706H         LINE#         154
  C:2706H         LINE#         155
  C:2706H         LINE#         156
  -------         ENDPROC       _PORT_SETOUTPUTPIN
  -------         PROC          _PORT_SETINPUTPIN
  D:0007H         SYMBOL        port
  D:0005H         SYMBOL        pin
  D:0003H         SYMBOL        mode
  C:2607H         LINE#         165
  C:2607H         LINE#         166
  C:2607H         LINE#         167
  C:2612H         LINE#         168
  C:2612H         LINE#         169
  C:2612H         LINE#         170
  C:261EH         LINE#         171
  C:262BH         LINE#         172
  C:262CH         LINE#         173
  C:262CH         LINE#         174
  C:2638H         LINE#         175
  C:2645H         LINE#         176
  C:2646H         LINE#         177
  C:2646H         LINE#         178
  C:2652H         LINE#         179
  C:265DH         LINE#         180
  C:265DH         LINE#         181
  C:265DH         LINE#         182
  C:265DH         LINE#         183
  C:265DH         LINE#         184
  -------         ENDPROC       _PORT_SETINPUTPIN
  -------         PROC          _PORT_SETALTERFUNCTIONPIN
  D:0007H         SYMBOL        port
  D:0005H         SYMBOL        pin
  D:0003H         SYMBOL        val
  -------         DO            
  D:0006H         SYMBOL        temp_reg
  -------         ENDDO         
  C:1B25H         LINE#         193
  C:1B25H         LINE#         194
  C:1B25H         LINE#         197
  C:1B33H         LINE#         198
  C:1B33H         LINE#         199
  C:1B33H         LINE#         200
  C:1B39H         LINE#         201
  C:1B39H         LINE#         202
  C:1B3BH         LINE#         203
  C:1B44H         LINE#         204
BL51 BANKED LINKER/LOCATER V6.22                                                      05/19/2026  09:42:59  PAGE 17


  C:1B4EH         LINE#         206
  C:1B50H         LINE#         207
  C:1B51H         LINE#         209
  C:1B51H         LINE#         210
  C:1B53H         LINE#         211
  C:1B5DH         LINE#         212
  C:1B67H         LINE#         214
  C:1B69H         LINE#         215
  C:1B69H         LINE#         216
  C:1B6AH         LINE#         217
  C:1B6AH         LINE#         218
  C:1B70H         LINE#         219
  C:1B70H         LINE#         220
  C:1B72H         LINE#         221
  C:1B7BH         LINE#         222
  C:1B85H         LINE#         224
  C:1B87H         LINE#         225
  C:1B88H         LINE#         227
  C:1B88H         LINE#         228
  C:1B8AH         LINE#         229
  C:1B94H         LINE#         230
  C:1B9EH         LINE#         232
  C:1BA0H         LINE#         233
  C:1BA0H         LINE#         234
  C:1BA1H         LINE#         235
  C:1BA1H         LINE#         236
  C:1BA7H         LINE#         237
  C:1BA7H         LINE#         238
  C:1BA9H         LINE#         239
  C:1BB5H         LINE#         240
  C:1BC0H         LINE#         242
  C:1BC0H         LINE#         243
  C:1BC2H         LINE#         245
  C:1BC2H         LINE#         246
  C:1BC4H         LINE#         247
  C:1BD1H         LINE#         248
  C:1BE0H         LINE#         250
  C:1BE2H         LINE#         251
  C:1BE2H         LINE#         252
  C:1BE2H         LINE#         253
  C:1BE2H         LINE#         254
  C:1BE2H         LINE#         255
  C:1BE2H         LINE#         256
  -------         ENDPROC       _PORT_SETALTERFUNCTIONPIN
  -------         PROC          _PORT_SETOUTPUTHIGHPIN
  D:0007H         SYMBOL        port
  D:0005H         SYMBOL        pin
  C:2C7CH         LINE#         265
  C:2C7CH         LINE#         266
  C:2C7CH         LINE#         268
  C:2C87H         LINE#         269
  C:2C87H         LINE#         270
  C:2C87H         LINE#         271
  C:2C92H         LINE#         272
  C:2C93H         LINE#         273
  C:2C93H         LINE#         274
  C:2C9EH         LINE#         275
BL51 BANKED LINKER/LOCATER V6.22                                                      05/19/2026  09:42:59  PAGE 18


  C:2C9FH         LINE#         276
  C:2C9FH         LINE#         277
  C:2CAAH         LINE#         278
  C:2CAAH         LINE#         279
  C:2CAAH         LINE#         280
  C:2CAAH         LINE#         281
  C:2CAAH         LINE#         282
  -------         ENDPROC       _PORT_SETOUTPUTHIGHPIN
  -------         PROC          _PORT_SETOUTPUTLOWPIN
  D:0007H         SYMBOL        port
  D:0005H         SYMBOL        pin
  C:2BB9H         LINE#         291
  C:2BB9H         LINE#         292
  C:2BB9H         LINE#         294
  C:2BC4H         LINE#         295
  C:2BC4H         LINE#         296
  C:2BC4H         LINE#         297
  C:2BD0H         LINE#         298
  C:2BD1H         LINE#         299
  C:2BD1H         LINE#         300
  C:2BDDH         LINE#         301
  C:2BDEH         LINE#         302
  C:2BDEH         LINE#         303
  C:2BEAH         LINE#         304
  C:2BEAH         LINE#         305
  C:2BEAH         LINE#         306
  C:2BEAH         LINE#         307
  C:2BEAH         LINE#         308
  -------         ENDPROC       _PORT_SETOUTPUTLOWPIN
  -------         PROC          _PORT_SETOUTPUTTOGGLEPIN
  D:0007H         SYMBOL        port
  D:0005H         SYMBOL        pin
  C:2CABH         LINE#         317
  C:2CABH         LINE#         318
  C:2CABH         LINE#         320
  C:2CB6H         LINE#         321
  C:2CB6H         LINE#         322
  C:2CB6H         LINE#         323
  C:2CC1H         LINE#         324
  C:2CC2H         LINE#         325
  C:2CC2H         LINE#         326
  C:2CCDH         LINE#         327
  C:2CCEH         LINE#         328
  C:2CCEH         LINE#         329
  C:2CD9H         LINE#         330
  C:2CD9H         LINE#         331
  C:2CD9H         LINE#         332
  C:2CD9H         LINE#         333
  C:2CD9H         LINE#         334
  -------         ENDPROC       _PORT_SETOUTPUTTOGGLEPIN
  -------         PROC          _PORT_GETINPUTPINVALUE
  D:0007H         SYMBOL        port
  D:0005H         SYMBOL        pin
  -------         DO            
  D:0004H         SYMBOL        result
  -------         ENDDO         
  C:21E5H         LINE#         343
BL51 BANKED LINKER/LOCATER V6.22                                                      05/19/2026  09:42:59  PAGE 19


  C:21E5H         LINE#         344
  C:21E5H         LINE#         347
  C:21F0H         LINE#         348
  C:21F0H         LINE#         349
  C:21F0H         LINE#         350
  C:220EH         LINE#         351
  C:2210H         LINE#         352
  C:2210H         LINE#         353
  C:222EH         LINE#         354
  C:2230H         LINE#         355
  C:2230H         LINE#         356
  C:2256H         LINE#         357
  C:2256H         LINE#         358
  C:2256H         LINE#         359
  C:2256H         LINE#         360
  C:2256H         LINE#         362
  C:2259H         LINE#         363
  -------         ENDPROC       _PORT_GETINPUTPINVALUE
  -------         PROC          _PORT_ENABLEINTERRUPT
  D:0007H         SYMBOL        channel
  C:275BH         LINE#         370
  C:275BH         LINE#         371
  C:275BH         LINE#         372
  C:278FH         LINE#         373
  C:278FH         LINE#         374
  C:278FH         LINE#         375
  C:2792H         LINE#         376
  C:2793H         LINE#         377
  C:2793H         LINE#         378
  C:2796H         LINE#         379
  C:2797H         LINE#         380
  C:2797H         LINE#         381
  C:279AH         LINE#         382
  C:279BH         LINE#         383
  C:279BH         LINE#         384
  C:279EH         LINE#         385
  C:279FH         LINE#         386
  C:279FH         LINE#         387
  C:279FH         LINE#         388
  C:279FH         LINE#         389
  C:279FH         LINE#         390
  C:279FH         LINE#         391
  C:279FH         LINE#         392
  C:27A2H         LINE#         393
  C:27A3H         LINE#         394
  C:27A3H         LINE#         395
  C:27A6H         LINE#         396
  C:27A7H         LINE#         397
  C:27A7H         LINE#         398
  C:27AAH         LINE#         399
  C:27AAH         LINE#         400
  C:27AAH         LINE#         401
  C:27AAH         LINE#         402
  C:27AAH         LINE#         403
  -------         ENDPROC       _PORT_ENABLEINTERRUPT
  -------         PROC          _PORT_DISABLEINTERRUPT
  D:0007H         SYMBOL        channel
BL51 BANKED LINKER/LOCATER V6.22                                                      05/19/2026  09:42:59  PAGE 20


  C:27ABH         LINE#         410
  C:27ABH         LINE#         411
  C:27ABH         LINE#         412
  C:27DFH         LINE#         413
  C:27DFH         LINE#         414
  C:27DFH         LINE#         415
  C:27E2H         LINE#         416
  C:27E3H         LINE#         417
  C:27E3H         LINE#         418
  C:27E6H         LINE#         419
  C:27E7H         LINE#         420
  C:27E7H         LINE#         421
  C:27EAH         LINE#         422
  C:27EBH         LINE#         423
  C:27EBH         LINE#         424
  C:27EEH         LINE#         425
  C:27EFH         LINE#         426
  C:27EFH         LINE#         427
  C:27EFH         LINE#         428
  C:27EFH         LINE#         429
  C:27EFH         LINE#         430
  C:27EFH         LINE#         431
  C:27EFH         LINE#         432
  C:27F2H         LINE#         433
  C:27F3H         LINE#         434
  C:27F3H         LINE#         435
  C:27F6H         LINE#         436
  C:27F7H         LINE#         437
  C:27F7H         LINE#         438
  C:27FAH         LINE#         439
  C:27FAH         LINE#         440
  C:27FAH         LINE#         441
  C:27FAH         LINE#         442
  C:27FAH         LINE#         443
  -------         ENDPROC       _PORT_DISABLEINTERRUPT
  -------         PROC          _PORT_CONFIGUREINTERRUPT
  D:0007H         SYMBOL        channel
  D:0005H         SYMBOL        edge
  -------         DO            
  D:0006H         SYMBOL        temp_reg
  -------         ENDDO         
  C:20ECH         LINE#         458
  C:20ECH         LINE#         459
  C:20ECH         LINE#         462
  C:2120H         LINE#         463
  C:2120H         LINE#         464
  C:2120H         LINE#         465
  C:2122H         LINE#         466
  C:2125H         LINE#         467
  C:2126H         LINE#         468
  C:2128H         LINE#         469
  C:2129H         LINE#         470
  C:2129H         LINE#         471
  C:212BH         LINE#         472
  C:212BH         LINE#         473
  C:212EH         LINE#         474
  C:212EH         LINE#         475
BL51 BANKED LINKER/LOCATER V6.22                                                      05/19/2026  09:42:59  PAGE 21


  C:2130H         LINE#         476
  C:2130H         LINE#         477
  C:2132H         LINE#         478
  C:2136H         LINE#         479
  C:213AH         LINE#         480
  C:213AH         LINE#         481
  C:213CH         LINE#         482
  C:213CH         LINE#         483
  C:213EH         LINE#         484
  C:2142H         LINE#         485
  C:2149H         LINE#         486
  C:214BH         LINE#         487
  C:214CH         LINE#         488
  C:214CH         LINE#         489
  C:214CH         LINE#         490
  C:214CH         LINE#         491
  C:214CH         LINE#         492
  C:214CH         LINE#         493
  C:214CH         LINE#         494
  C:214CH         LINE#         495
  C:214EH         LINE#         496
  C:2151H         LINE#         497
  C:2152H         LINE#         499
  C:2154H         LINE#         500
  C:2155H         LINE#         501
  C:2155H         LINE#         502
  C:2157H         LINE#         503
  C:2157H         LINE#         504
  C:215AH         LINE#         506
  C:215AH         LINE#         507
  C:215CH         LINE#         508
  C:215CH         LINE#         509
  C:215EH         LINE#         510
  C:2162H         LINE#         511
  C:216AH         LINE#         513
  C:216CH         LINE#         514
  C:216CH         LINE#         515
  C:216CH         LINE#         516
  C:216CH         LINE#         517
  C:216CH         LINE#         518
  -------         ENDPROC       _PORT_CONFIGUREINTERRUPT
  -------         PROC          _PORT_GETINTERRUPTSTATUS
  D:0007H         SYMBOL        channel
  -------         DO            
  D:0006H         SYMBOL        result
  -------         ENDDO         
  C:1D1DH         LINE#         525
  C:1D1DH         LINE#         526
  C:1D1DH         LINE#         529
  C:1D54H         LINE#         530
  C:1D54H         LINE#         531
  C:1D54H         LINE#         532
  C:1D5FH         LINE#         533
  C:1D61H         LINE#         534
  C:1D61H         LINE#         535
  C:1D6CH         LINE#         536
  C:1D6EH         LINE#         537
BL51 BANKED LINKER/LOCATER V6.22                                                      05/19/2026  09:42:59  PAGE 22


  C:1D6EH         LINE#         538
  C:1D79H         LINE#         539
  C:1D7BH         LINE#         540
  C:1D7BH         LINE#         541
  C:1D86H         LINE#         542
  C:1D88H         LINE#         543
  C:1D88H         LINE#         544
  C:1D88H         LINE#         545
  C:1D88H         LINE#         546
  C:1D88H         LINE#         547
  C:1D88H         LINE#         548
  C:1D88H         LINE#         549
  C:1D93H         LINE#         550
  C:1D95H         LINE#         551
  C:1D95H         LINE#         552
  C:1DA0H         LINE#         553
  C:1DA2H         LINE#         554
  C:1DA2H         LINE#         555
  C:1DB0H         LINE#         556
  C:1DB0H         LINE#         557
  C:1DB0H         LINE#         558
  C:1DB0H         LINE#         559
  C:1DB0H         LINE#         561
  C:1DB3H         LINE#         562
  -------         ENDPROC       _PORT_GETINTERRUPTSTATUS
  -------         PROC          _PORT_CLEARINTERRUPTSTATUS
  D:0007H         SYMBOL        channel
  C:27FBH         LINE#         583
  C:27FBH         LINE#         584
  C:27FBH         LINE#         585
  C:282FH         LINE#         586
  C:282FH         LINE#         587
  C:282FH         LINE#         588
  C:2832H         LINE#         589
  C:2833H         LINE#         590
  C:2833H         LINE#         591
  C:2836H         LINE#         592
  C:2837H         LINE#         593
  C:2837H         LINE#         594
  C:283AH         LINE#         595
  C:283BH         LINE#         596
  C:283BH         LINE#         597
  C:283EH         LINE#         598
  C:283FH         LINE#         599
  C:283FH         LINE#         600
  C:283FH         LINE#         601
  C:283FH         LINE#         602
  C:283FH         LINE#         603
  C:283FH         LINE#         604
  C:283FH         LINE#         605
  C:2842H         LINE#         606
  C:2843H         LINE#         607
  C:2843H         LINE#         608
  C:2846H         LINE#         609
  C:2847H         LINE#         610
  C:2847H         LINE#         611
  C:284AH         LINE#         612
BL51 BANKED LINKER/LOCATER V6.22                                                      05/19/2026  09:42:59  PAGE 23


  C:284AH         LINE#         613
  C:284AH         LINE#         614
  C:284AH         LINE#         615
  C:284AH         LINE#         616
  -------         ENDPROC       _PORT_CLEARINTERRUPTSTATUS
  -------         ENDMOD        A96L41X_GPIO

  -------         MODULE        A96L41X_OPAMP
  C:0000H         SYMBOL        _ICE_DUMMY_
  D:00AFH         PUBLIC        AMPCR1
  C:3019H         PUBLIC        _OPAMP_Initial
  D:00ADH         PUBLIC        CHPCR
  C:3089H         PUBLIC        _OP0_Enable
  C:307DH         PUBLIC        _OP1_Enable
  -------         PROC          _OPAMP_INITIAL
  D:0007H         SYMBOL        gain_1sel
  D:0005H         SYMBOL        gain_0sel
  D:0003H         SYMBOL        chp_clk
  -------         DO            
  D:0006H         SYMBOL        temp_reg
  D:0007H         SYMBOL        temp_reg2
  -------         ENDDO         
  C:3019H         LINE#         81
  C:3019H         LINE#         82
  C:3019H         LINE#         85
  C:301BH         LINE#         86
  C:301BH         LINE#         87
  C:3020H         LINE#         89
  C:3022H         LINE#         91
  C:3024H         LINE#         92
  C:3024H         LINE#         93
  C:3025H         LINE#         95
  C:3027H         LINE#         97
  -------         ENDPROC       _OPAMP_INITIAL
  -------         PROC          _OP1_ENABLE
  D:0007H         SYMBOL        enable
  C:307DH         LINE#         107
  C:307DH         LINE#         108
  C:307DH         LINE#         109
  C:3081H         LINE#         110
  C:3081H         LINE#         111
  C:3084H         LINE#         112
  C:3085H         LINE#         114
  C:3085H         LINE#         115
  C:3088H         LINE#         116
  C:3088H         LINE#         117
  -------         ENDPROC       _OP1_ENABLE
  -------         PROC          _OP0_ENABLE
  D:0007H         SYMBOL        enable
  C:3089H         LINE#         126
  C:3089H         LINE#         127
  C:3089H         LINE#         128
  C:308DH         LINE#         129
  C:308DH         LINE#         130
  C:3090H         LINE#         131
  C:3091H         LINE#         133
  C:3091H         LINE#         134
BL51 BANKED LINKER/LOCATER V6.22                                                      05/19/2026  09:42:59  PAGE 24


  C:3094H         LINE#         135
  C:3094H         LINE#         136
  -------         ENDPROC       _OP0_ENABLE
  -------         ENDMOD        A96L41X_OPAMP

  -------         MODULE        A96L41X_TIMER0
  C:0000H         SYMBOL        _ICE_DUMMY_
  C:3028H         PUBLIC        _Timer0_SetPPGPolarity
  C:3156H         PUBLIC        Timer0_ClearCountData
  C:311CH         PUBLIC        Timer0_GetCaptureValue
  C:30ADH         PUBLIC        _Timer0_ConfigureInterrupt
  C:006EH         PUBLIC        _Timer0_SetMatchCounter
  C:315AH         PUBLIC        Timer0_Start
  C:0086H         PUBLIC        _Timer0_SetPPGDutyCounter
  C:315EH         PUBLIC        Timer0_Stop
  D:00AAH         PUBLIC        IE2
  C:3162H         PUBLIC        Timer0_ClearInterruptFlag
  D:00B4H         PUBLIC        T0ADR
  D:00B6H         PUBLIC        T0BDR
  D:00B3H         PUBLIC        T0CRH
  C:2A2BH         PUBLIC        _Timer0_Initial
  D:00B2H         PUBLIC        T0CRL
  C:3117H         PUBLIC        _Timer0_SetPPGPeriodCounter
  -------         PROC          _TIMER0_INITIAL
  D:0007H         SYMBOL        mode
  D:0005H         SYMBOL        freq
  -------         DO            
  D:0006H         SYMBOL        temp_reg
  D:0004H         SYMBOL        temp_reg2
  -------         ENDDO         
  C:2A2BH         LINE#         77
  C:2A2BH         LINE#         78
  C:2A2BH         LINE#         81
  C:2A2DH         LINE#         83
  C:2A31H         LINE#         84
  C:2A39H         LINE#         86
  C:2A3BH         LINE#         87
  C:2A3FH         LINE#         88
  C:2A45H         LINE#         89
  C:2A4EH         LINE#         91
  C:2A5AH         LINE#         93
  C:2A5FH         LINE#         94
  C:2A64H         LINE#         95
  -------         ENDPROC       _TIMER0_INITIAL
  -------         PROC          _TIMER0_SETMATCHCOUNTER
  D:0006H         SYMBOL        match_count
  C:006EH         LINE#         102
  C:006EH         LINE#         103
  C:006EH         LINE#         104
  C:0072H         LINE#         105
  -------         ENDPROC       _TIMER0_SETMATCHCOUNTER
  -------         PROC          _TIMER0_SETPPGPOLARITY
  D:0007H         SYMBOL        polarity
  -------         DO            
  D:0006H         SYMBOL        temp_reg
  -------         ENDDO         
  C:3028H         LINE#         115
BL51 BANKED LINKER/LOCATER V6.22                                                      05/19/2026  09:42:59  PAGE 25


  C:3028H         LINE#         116
  C:3028H         LINE#         119
  C:302AH         LINE#         120
  C:302EH         LINE#         121
  C:3034H         LINE#         123
  C:3036H         LINE#         124
  -------         ENDPROC       _TIMER0_SETPPGPOLARITY
  -------         PROC          _TIMER0_SETPPGDUTYCOUNTER
  D:0006H         SYMBOL        count
  C:0086H         LINE#         131
  C:0086H         LINE#         132
  C:0086H         LINE#         133
  C:008AH         LINE#         134
  -------         ENDPROC       _TIMER0_SETPPGDUTYCOUNTER
  -------         PROC          _TIMER0_SETPPGPERIODCOUNTER
  D:0006H         SYMBOL        count
  C:3117H         LINE#         141
  C:3117H         LINE#         142
  C:3117H         LINE#         143
  C:311BH         LINE#         144
  -------         ENDPROC       _TIMER0_SETPPGPERIODCOUNTER
  -------         PROC          TIMER0_GETCAPTUREVALUE
  C:311CH         LINE#         152
  C:311CH         LINE#         153
  C:311CH         LINE#         154
  C:3120H         LINE#         155
  -------         ENDPROC       TIMER0_GETCAPTUREVALUE
  -------         PROC          TIMER0_CLEARCOUNTDATA
  C:3156H         LINE#         162
  C:3156H         LINE#         163
  C:3156H         LINE#         164
  C:3159H         LINE#         165
  -------         ENDPROC       TIMER0_CLEARCOUNTDATA
  -------         PROC          TIMER0_START
  C:315AH         LINE#         172
  C:315AH         LINE#         173
  C:315AH         LINE#         174
  C:315DH         LINE#         175
  -------         ENDPROC       TIMER0_START
  -------         PROC          TIMER0_STOP
  C:315EH         LINE#         182
  C:315EH         LINE#         183
  C:315EH         LINE#         184
  C:3161H         LINE#         185
  -------         ENDPROC       TIMER0_STOP
  -------         PROC          _TIMER0_CONFIGUREINTERRUPT
  D:0007H         SYMBOL        enable
  C:30ADH         LINE#         195
  C:30ADH         LINE#         196
  C:30ADH         LINE#         197
  C:30B0H         LINE#         198
  C:30B4H         LINE#         200
  C:30B7H         LINE#         201
  -------         ENDPROC       _TIMER0_CONFIGUREINTERRUPT
  -------         PROC          TIMER0_CLEARINTERRUPTFLAG
  C:3162H         LINE#         208
  C:3162H         LINE#         209
BL51 BANKED LINKER/LOCATER V6.22                                                      05/19/2026  09:42:59  PAGE 26


  C:3162H         LINE#         210
  C:3165H         LINE#         211
  -------         ENDPROC       TIMER0_CLEARINTERRUPTFLAG
  -------         ENDMOD        A96L41X_TIMER0

  -------         MODULE        A96L41X_TIMER1
  C:0000H         SYMBOL        _ICE_DUMMY_
  C:3037H         PUBLIC        _Timer1_SetPPGPolarity
  C:3166H         PUBLIC        Timer1_ClearCountData
  C:3130H         PUBLIC        Timer1_GetCaptureValue
  C:30B8H         PUBLIC        _Timer1_ConfigureInterrupt
  C:3121H         PUBLIC        _Timer1_SetMatchCounter
  C:316AH         PUBLIC        Timer1_Start
  C:3126H         PUBLIC        _Timer1_SetPPGDutyCounter
  C:316EH         PUBLIC        Timer1_Stop
  D:00AAH         PUBLIC        IE2
  C:3172H         PUBLIC        Timer1_ClearInterruptFlag
  D:00BCH         PUBLIC        T1ADR
  D:00BEH         PUBLIC        T1BDR
  D:00BBH         PUBLIC        T1CRH
  C:2A65H         PUBLIC        _Timer1_Initial
  D:00BAH         PUBLIC        T1CRL
  C:312BH         PUBLIC        _Timer1_SetPPGPeriodCounter
  -------         PROC          _TIMER1_INITIAL
  D:0007H         SYMBOL        mode
  D:0005H         SYMBOL        freq
  -------         DO            
  D:0006H         SYMBOL        temp_reg
  D:0004H         SYMBOL        temp_reg2
  -------         ENDDO         
  C:2A65H         LINE#         77
  C:2A65H         LINE#         78
  C:2A65H         LINE#         81
  C:2A67H         LINE#         83
  C:2A6BH         LINE#         84
  C:2A73H         LINE#         86
  C:2A75H         LINE#         87
  C:2A79H         LINE#         88
  C:2A7FH         LINE#         89
  C:2A88H         LINE#         91
  C:2A94H         LINE#         93
  C:2A99H         LINE#         94
  C:2A9EH         LINE#         95
  -------         ENDPROC       _TIMER1_INITIAL
  -------         PROC          _TIMER1_SETMATCHCOUNTER
  D:0006H         SYMBOL        match_count
  C:3121H         LINE#         102
  C:3121H         LINE#         103
  C:3121H         LINE#         104
  C:3125H         LINE#         105
  -------         ENDPROC       _TIMER1_SETMATCHCOUNTER
  -------         PROC          _TIMER1_SETPPGPOLARITY
  D:0007H         SYMBOL        polarity
  -------         DO            
  D:0006H         SYMBOL        temp_reg
  -------         ENDDO         
  C:3037H         LINE#         115
BL51 BANKED LINKER/LOCATER V6.22                                                      05/19/2026  09:42:59  PAGE 27


  C:3037H         LINE#         116
  C:3037H         LINE#         119
  C:3039H         LINE#         120
  C:303DH         LINE#         121
  C:3043H         LINE#         123
  C:3045H         LINE#         124
  -------         ENDPROC       _TIMER1_SETPPGPOLARITY
  -------         PROC          _TIMER1_SETPPGDUTYCOUNTER
  D:0006H         SYMBOL        count
  C:3126H         LINE#         131
  C:3126H         LINE#         132
  C:3126H         LINE#         133
  C:312AH         LINE#         134
  -------         ENDPROC       _TIMER1_SETPPGDUTYCOUNTER
  -------         PROC          _TIMER1_SETPPGPERIODCOUNTER
  D:0006H         SYMBOL        count
  C:312BH         LINE#         141
  C:312BH         LINE#         142
  C:312BH         LINE#         143
  C:312FH         LINE#         144
  -------         ENDPROC       _TIMER1_SETPPGPERIODCOUNTER
  -------         PROC          TIMER1_GETCAPTUREVALUE
  C:3130H         LINE#         152
  C:3130H         LINE#         153
  C:3130H         LINE#         154
  C:3134H         LINE#         155
  -------         ENDPROC       TIMER1_GETCAPTUREVALUE
  -------         PROC          TIMER1_CLEARCOUNTDATA
  C:3166H         LINE#         162
  C:3166H         LINE#         163
  C:3166H         LINE#         164
  C:3169H         LINE#         165
  -------         ENDPROC       TIMER1_CLEARCOUNTDATA
  -------         PROC          TIMER1_START
  C:316AH         LINE#         172
  C:316AH         LINE#         173
  C:316AH         LINE#         174
  C:316DH         LINE#         175
  -------         ENDPROC       TIMER1_START
  -------         PROC          TIMER1_STOP
  C:316EH         LINE#         182
  C:316EH         LINE#         183
  C:316EH         LINE#         184
  C:3171H         LINE#         185
  -------         ENDPROC       TIMER1_STOP
  -------         PROC          _TIMER1_CONFIGUREINTERRUPT
  D:0007H         SYMBOL        enable
  C:30B8H         LINE#         195
  C:30B8H         LINE#         196
  C:30B8H         LINE#         197
  C:30BBH         LINE#         198
  C:30BFH         LINE#         200
  C:30C2H         LINE#         201
  -------         ENDPROC       _TIMER1_CONFIGUREINTERRUPT
  -------         PROC          TIMER1_CLEARINTERRUPTFLAG
  C:3172H         LINE#         208
  C:3172H         LINE#         209
BL51 BANKED LINKER/LOCATER V6.22                                                      05/19/2026  09:42:59  PAGE 28


  C:3172H         LINE#         210
  C:3175H         LINE#         211
  -------         ENDPROC       TIMER1_CLEARINTERRUPTFLAG
  -------         ENDMOD        A96L41X_TIMER1

  -------         MODULE        A96L41X_TIMER2
  C:0000H         SYMBOL        _ICE_DUMMY_
  C:3046H         PUBLIC        _Timer2_SetPPGPolarity
  C:3176H         PUBLIC        Timer2_ClearCountData
  C:3144H         PUBLIC        Timer2_GetCaptureValue
  C:30C3H         PUBLIC        _Timer2_ConfigureInterrupt
  C:3135H         PUBLIC        _Timer2_SetMatchCounter
  C:317AH         PUBLIC        Timer2_Start
  C:313AH         PUBLIC        _Timer2_SetPPGDutyCounter
  C:317EH         PUBLIC        Timer2_Stop
  D:00AAH         PUBLIC        IE2
  C:3182H         PUBLIC        Timer2_ClearInterruptFlag
  D:00C4H         PUBLIC        T2ADR
  D:00C6H         PUBLIC        T2BDR
  D:00C3H         PUBLIC        T2CRH
  C:2A9FH         PUBLIC        _Timer2_Initial
  D:00C2H         PUBLIC        T2CRL
  C:313FH         PUBLIC        _Timer2_SetPPGPeriodCounter
  -------         PROC          _TIMER2_INITIAL
  D:0007H         SYMBOL        mode
  D:0005H         SYMBOL        freq
  -------         DO            
  D:0006H         SYMBOL        temp_reg
  D:0004H         SYMBOL        temp_reg2
  -------         ENDDO         
  C:2A9FH         LINE#         77
  C:2A9FH         LINE#         78
  C:2A9FH         LINE#         81
  C:2AA1H         LINE#         83
  C:2AA5H         LINE#         84
  C:2AADH         LINE#         86
  C:2AAFH         LINE#         87
  C:2AB3H         LINE#         88
  C:2AB9H         LINE#         89
  C:2AC2H         LINE#         91
  C:2ACEH         LINE#         93
  C:2AD3H         LINE#         94
  C:2AD8H         LINE#         95
  -------         ENDPROC       _TIMER2_INITIAL
  -------         PROC          _TIMER2_SETMATCHCOUNTER
  D:0006H         SYMBOL        match_count
  C:3135H         LINE#         102
  C:3135H         LINE#         103
  C:3135H         LINE#         104
  C:3139H         LINE#         105
  -------         ENDPROC       _TIMER2_SETMATCHCOUNTER
  -------         PROC          _TIMER2_SETPPGPOLARITY
  D:0007H         SYMBOL        polarity
  -------         DO            
  D:0006H         SYMBOL        temp_reg
  -------         ENDDO         
  C:3046H         LINE#         115
BL51 BANKED LINKER/LOCATER V6.22                                                      05/19/2026  09:42:59  PAGE 29


  C:3046H         LINE#         116
  C:3046H         LINE#         119
  C:3048H         LINE#         120
  C:304CH         LINE#         121
  C:3052H         LINE#         123
  C:3054H         LINE#         124
  -------         ENDPROC       _TIMER2_SETPPGPOLARITY
  -------         PROC          _TIMER2_SETPPGDUTYCOUNTER
  D:0006H         SYMBOL        count
  C:313AH         LINE#         131
  C:313AH         LINE#         132
  C:313AH         LINE#         133
  C:313EH         LINE#         134
  -------         ENDPROC       _TIMER2_SETPPGDUTYCOUNTER
  -------         PROC          _TIMER2_SETPPGPERIODCOUNTER
  D:0006H         SYMBOL        count
  C:313FH         LINE#         141
  C:313FH         LINE#         142
  C:313FH         LINE#         143
  C:3143H         LINE#         144
  -------         ENDPROC       _TIMER2_SETPPGPERIODCOUNTER
  -------         PROC          TIMER2_GETCAPTUREVALUE
  C:3144H         LINE#         152
  C:3144H         LINE#         153
  C:3144H         LINE#         154
  C:3148H         LINE#         155
  -------         ENDPROC       TIMER2_GETCAPTUREVALUE
  -------         PROC          TIMER2_CLEARCOUNTDATA
  C:3176H         LINE#         162
  C:3176H         LINE#         163
  C:3176H         LINE#         164
  C:3179H         LINE#         165
  -------         ENDPROC       TIMER2_CLEARCOUNTDATA
  -------         PROC          TIMER2_START
  C:317AH         LINE#         172
  C:317AH         LINE#         173
  C:317AH         LINE#         174
  C:317DH         LINE#         175
  -------         ENDPROC       TIMER2_START
  -------         PROC          TIMER2_STOP
  C:317EH         LINE#         182
  C:317EH         LINE#         183
  C:317EH         LINE#         184
  C:3181H         LINE#         185
  -------         ENDPROC       TIMER2_STOP
  -------         PROC          _TIMER2_CONFIGUREINTERRUPT
  D:0007H         SYMBOL        enable
  C:30C3H         LINE#         195
  C:30C3H         LINE#         196
  C:30C3H         LINE#         197
  C:30C6H         LINE#         198
  C:30CAH         LINE#         200
  C:30CDH         LINE#         201
  -------         ENDPROC       _TIMER2_CONFIGUREINTERRUPT
  -------         PROC          TIMER2_CLEARINTERRUPTFLAG
  C:3182H         LINE#         208
  C:3182H         LINE#         209
BL51 BANKED LINKER/LOCATER V6.22                                                      05/19/2026  09:42:59  PAGE 30


  C:3182H         LINE#         210
  C:3185H         LINE#         211
  -------         ENDPROC       TIMER2_CLEARINTERRUPTFLAG
  -------         ENDMOD        A96L41X_TIMER2

  -------         MODULE        A96L41X_USART
  C:0000H         SYMBOL        _ICE_DUMMY_
  D:00DEH         PUBLIC        USTBD
  C:2B83H         PUBLIC        _USART_Clock_Initial
  D:00DFH         PUBLIC        USTDR
  D:00DDH         PUBLIC        USTST
  C:3186H         PUBLIC        USART_ClearWakeUpFlag
  C:29EDH         PUBLIC        USART_ReceiveDataWithInterrupt
  C:2F1DH         PUBLIC        _USART_ReceiveDataWithPolling
  C:2FB1H         PUBLIC        USART_rx_queue_is_empty
  C:2F9EH         PUBLIC        USART_tx_queue_is_empty
  C:2F71H         PUBLIC        USART_rx_queue_is_full
  C:2F5AH         PUBLIC        USART_tx_queue_is_full
  C:3095H         PUBLIC        _USART_Enable
  C:14EEH         PUBLIC        _USART_Initial
  D:00AAH         PUBLIC        IE2
  D:00DAH         PUBLIC        USTCR1
  D:00DBH         PUBLIC        USTCR2
  D:00DCH         PUBLIC        USTCR3
  X:0041H         PUBLIC        USART_rx_queue
  X:0049H         PUBLIC        USART_tx_queue
  X:0051H         PUBLIC        USART_rx_rear
  X:0052H         PUBLIC        USART_rx_front
  X:0053H         PUBLIC        USART_tx_rear
  X:0054H         PUBLIC        USART_tx_front
  C:3055H         PUBLIC        _USART_ConfigureWakeUp
  C:1F5FH         PUBLIC        _USART_ConfigureInterrupt
  C:2707H         PUBLIC        _USART_SendDataWithInterrupt
  C:318AH         PUBLIC        USART_GetInterruptStatus
  C:2EFEH         PUBLIC        _USART_SendDataWithPolling
  C:296FH         SYMBOL        Com004C
  C:296FH         SYMBOL        L?0077
  C:2973H         SYMBOL        L?0078
  C:297CH         SYMBOL        L?0079
  C:2980H         SYMBOL        L?0080
  C:298BH         SYMBOL        L?0081
  C:2999H         SYMBOL        L?0082
  C:29A4H         SYMBOL        L?0083
  -------         PROC          COM004C
  -------         ENDPROC       COM004C
  -------         PROC          USART_TX_QUEUE_IS_FULL
  C:2F5AH         LINE#         56
  C:2F5AH         LINE#         57
  C:2F5AH         LINE#         58
  C:2F70H         LINE#         59
  -------         ENDPROC       USART_TX_QUEUE_IS_FULL
  -------         PROC          USART_TX_QUEUE_IS_EMPTY
  C:2F9EH         LINE#         61
  C:2F9EH         LINE#         62
  C:2F9EH         LINE#         63
  C:2FB0H         LINE#         64
  -------         ENDPROC       USART_TX_QUEUE_IS_EMPTY
BL51 BANKED LINKER/LOCATER V6.22                                                      05/19/2026  09:42:59  PAGE 31


  -------         PROC          USART_RX_QUEUE_IS_FULL
  C:2F71H         LINE#         66
  C:2F71H         LINE#         67
  C:2F71H         LINE#         68
  C:2F87H         LINE#         69
  -------         ENDPROC       USART_RX_QUEUE_IS_FULL
  -------         PROC          USART_RX_QUEUE_IS_EMPTY
  C:2FB1H         LINE#         71
  C:2FB1H         LINE#         72
  C:2FB1H         LINE#         73
  C:2FC3H         LINE#         74
  -------         ENDPROC       USART_RX_QUEUE_IS_EMPTY
  C:15E3H         SYMBOL        L?0075
  -------         PROC          _USART_INITIAL
  X:0013H         SYMBOL        speed
  X:0017H         SYMBOL        data_length
  X:0018H         SYMBOL        stop_bits
  X:0019H         SYMBOL        parity
  X:001AH         SYMBOL        mode
  -------         DO            
  X:001BH         SYMBOL        buadrate_val
  X:001FH         SYMBOL        temp_reg
  X:0020H         SYMBOL        temp_reg2
  -------         ENDDO         
  C:14EEH         LINE#         106
  C:14F4H         LINE#         107
  C:14F4H         LINE#         108
[...]
  C:22B6H         LINE#         2096
  C:22B9H         LINE#         2097
  C:22C0H         LINE#         2098
  C:22C2H         LINE#         2099
  C:22C9H         LINE#         2100
  C:22CBH         LINE#         2101
  C:22CBH         LINE#         2102
  C:22CBH         LINE#         2103
  -------         ENDPROC       _CHECK_UART_MODE
  -------         PROC          _BAT_ADC_AVR
  X:0011H         SYMBOL        buf_cnt
BL51 BANKED LINKER/LOCATER V6.22                                                      05/19/2026  09:42:59  PAGE 68


  -------         DO            
  D:0006H         SYMBOL        Bat_ADC
  X:0012H         SYMBOL        op
  -------         ENDDO         
  C:1FE7H         LINE#         2111
  C:1FECH         LINE#         2117
  C:1FEFH         LINE#         2124
  C:1FF6H         LINE#         2126
  C:1FFEH         LINE#         2128
  C:2003H         LINE#         2130
  C:200EH         LINE#         2132
  C:2019H         LINE#         2136
  C:202AH         LINE#         2137
  C:2033H         LINE#         2138
  C:2033H         LINE#         2139
  C:203DH         LINE#         2140
  C:2049H         LINE#         2141
  C:2062H         LINE#         2142
  C:2069H         LINE#         2144
  C:2069H         LINE#         2145
  -------         ENDPROC       _BAT_ADC_AVR
  C:1A41H         SYMBOL        L?0242
  -------         PROC          _DUST_ADC_SINGLE
  X:0011H         SYMBOL        buf_cnt
  -------         DO            
  X:0012H         SYMBOL        Dust_adc_data
  X:0014H         SYMBOL        op
  X:0018H         SYMBOL        ADC_temp_data
  -------         ENDDO         
  C:1997H         LINE#         2153
  C:199AH         LINE#         2154
  C:199AH         LINE#         2155
  C:199DH         LINE#         2165
  C:19A0H         LINE#         2171
  C:19A6H         LINE#         2172
  C:19ABH         LINE#         2173
  C:19B0H         LINE#         2175
  C:19B8H         LINE#         2176
  C:19BDH         LINE#         2177
  C:19C4H         LINE#         2179
  C:19CAH         LINE#         2181
  C:19D4H         LINE#         2182
  C:19E0H         LINE#         2183
  C:1A0EH         LINE#         2184
  C:1A1CH         LINE#         2186
  C:1A21H         LINE#         2187
  C:1A24H         LINE#         2188
  C:1A26H         LINE#         2190
  C:1A26H         LINE#         2192
  C:1A2FH         LINE#         2194
  C:1A2FH         LINE#         2195
  C:1A32H         LINE#         2197
  C:1A32H         LINE#         2199
  C:1A40H         LINE#         2201
  -------         ENDPROC       _DUST_ADC_SINGLE
  C:23F7H         SYMBOL        L?0252
  -------         PROC          _DUST_ADC_DUAL
BL51 BANKED LINKER/LOCATER V6.22                                                      05/19/2026  09:42:59  PAGE 69


  X:0011H         SYMBOL        buf_cnt
  -------         DO            
  X:0012H         SYMBOL        Dust_adc_data
  X:0014H         SYMBOL        op
  X:0018H         SYMBOL        ADC_temp_data
  -------         ENDDO         
  C:23ABH         LINE#         2210
  C:23AEH         LINE#         2211
  C:23AEH         LINE#         2212
  C:23B1H         LINE#         2217
  C:23B4H         LINE#         2218
  C:23B6H         LINE#         2221
  C:23B9H         LINE#         2227
  C:23C0H         LINE#         2229
  C:23C5H         LINE#         2230
  C:23CAH         LINE#         2232
  C:23D2H         LINE#         2234
  C:23D7H         LINE#         2235
  C:23DAH         LINE#         2236
  C:23DCH         LINE#         2238
  C:23DCH         LINE#         2239
  C:23E5H         LINE#         2241
  C:23E5H         LINE#         2242
  C:23E8H         LINE#         2245
  C:23E8H         LINE#         2246
  C:23F6H         LINE#         2249
  -------         ENDPROC       _DUST_ADC_DUAL
  C:1161H         SYMBOL        L?0209
  C:1177H         SYMBOL        L?0226
  C:1190H         SYMBOL        L?0234
  C:11A1H         SYMBOL        L?0241
  C:11BAH         SYMBOL        L?0250
  C:11C9H         SYMBOL        L?0333
  -------         PROC          UART_TEST_OUT
  -------         DO            
  D:0006H         SYMBOL        tmp
  X:0011H         SYMBOL        Read_temp
  -------         ENDDO         
  C:0F5CH         LINE#         2257
  C:0F5CH         LINE#         2261
  C:0F62H         LINE#         2263
  C:0F68H         LINE#         2265
  C:0F6FH         LINE#         2266
  C:0F75H         LINE#         2267
  C:0F77H         LINE#         2268
  C:0F7EH         LINE#         2269
  C:0F89H         LINE#         2270
  C:0F89H         LINE#         2273
  C:0F94H         LINE#         2275
  C:0F97H         LINE#         2276
  C:0F9AH         LINE#         2277
  C:0FA0H         LINE#         2278
  C:0FACH         LINE#         2279
  C:0FACH         LINE#         2280
  C:0FAFH         LINE#         2281
  C:0FB5H         LINE#         2282
  C:0FB9H         LINE#         2283
BL51 BANKED LINKER/LOCATER V6.22                                                      05/19/2026  09:42:59  PAGE 70


  C:0FBFH         LINE#         2284
  C:0FC5H         LINE#         2285
  C:0FC6H         LINE#         2286
  C:0FC9H         LINE#         2288
  C:0FC9H         LINE#         2291
  C:0FD5H         LINE#         2293
  C:0FD8H         LINE#         2294
  C:0FDBH         LINE#         2295
  C:0FE1H         LINE#         2296
  C:0FE7H         LINE#         2297
  C:0FE7H         LINE#         2298
  C:0FEAH         LINE#         2299
  C:0FF0H         LINE#         2300
  C:0FF4H         LINE#         2301
  C:0FFAH         LINE#         2302
  C:1000H         LINE#         2303
  C:1001H         LINE#         2304
  C:1004H         LINE#         2306
  C:1004H         LINE#         2310
  C:1010H         LINE#         2312
  C:1013H         LINE#         2313
  C:1016H         LINE#         2314
  C:101CH         LINE#         2315
  C:1022H         LINE#         2316
  C:1022H         LINE#         2317
  C:1028H         LINE#         2318
  C:1030H         LINE#         2319
  C:1034H         LINE#         2320
  C:103AH         LINE#         2321
  C:1040H         LINE#         2322
  C:1041H         LINE#         2323
  C:1044H         LINE#         2325
  C:1047H         LINE#         2328
  C:104EH         LINE#         2330
  C:105FH         LINE#         2331
  C:1062H         LINE#         2332
  C:1068H         LINE#         2333
  C:106EH         LINE#         2334
  C:106EH         LINE#         2335
  C:1071H         LINE#         2336
  C:1074H         LINE#         2337
  C:1078H         LINE#         2338
  C:107EH         LINE#         2339
  C:1084H         LINE#         2340
  C:1085H         LINE#         2341
  C:1088H         LINE#         2343
  C:108BH         LINE#         2346
  C:1096H         LINE#         2348
  C:1099H         LINE#         2349
  C:109CH         LINE#         2350
  C:10A2H         LINE#         2351
  C:10A8H         LINE#         2352
  C:10A8H         LINE#         2353
  C:10ABH         LINE#         2354
  C:10AEH         LINE#         2355
  C:10B2H         LINE#         2356
  C:10B8H         LINE#         2357
BL51 BANKED LINKER/LOCATER V6.22                                                      05/19/2026  09:42:59  PAGE 71


  C:10BEH         LINE#         2358
  C:10BFH         LINE#         2359
  C:10C5H         LINE#         2361
  C:10CBH         LINE#         2364
  C:10D2H         LINE#         2366
  C:10D5H         LINE#         2367
  C:10D8H         LINE#         2368
  C:10DEH         LINE#         2369
  C:10E4H         LINE#         2370
  C:10E4H         LINE#         2371
  C:10E7H         LINE#         2372
  C:10EAH         LINE#         2373
  C:10EEH         LINE#         2374
  C:10F4H         LINE#         2375
  C:10FAH         LINE#         2376
  C:10FBH         LINE#         2377
  C:1101H         LINE#         2379
  C:1107H         LINE#         2382
  C:1112H         LINE#         2384
  C:1123H         LINE#         2385
  C:1126H         LINE#         2386
  C:112CH         LINE#         2387
  C:1132H         LINE#         2388
  C:1132H         LINE#         2389
  C:1135H         LINE#         2390
  C:1138H         LINE#         2391
  C:113CH         LINE#         2392
  C:1142H         LINE#         2393
  C:1148H         LINE#         2394
  C:1149H         LINE#         2395
  C:114FH         LINE#         2397
  C:1155H         LINE#         2399
  C:115BH         LINE#         2401
  C:1161H         LINE#         2403
  -------         ENDPROC       UART_TEST_OUT
  -------         PROC          BAT_CK
  C:24E4H         LINE#         2405
  C:24E4H         LINE#         2409
  C:24F1H         LINE#         2411
  C:24FEH         LINE#         2412
  C:2504H         LINE#         2413
  C:2506H         LINE#         2414
  C:2518H         LINE#         2415
  C:251EH         LINE#         2416
  C:251EH         LINE#         2419
  C:2525H         LINE#         2420
  C:252AH         LINE#         2421
  C:252CH         LINE#         2422
  C:252CH         LINE#         2423
  C:252FH         LINE#         2424
  C:252FH         LINE#         2428
  C:2531H         LINE#         2429
  C:2538H         LINE#         2431
  C:253AH         LINE#         2433
  C:2542H         LINE#         2435
  -------         ENDPROC       BAT_CK
  -------         ENDMOD        MAIN
BL51 BANKED LINKER/LOCATER V6.22                                                      05/19/2026  09:42:59  PAGE 72



  -------         MODULE        ?C_STARTUP
  C:1C83H         SEGMENT       ?C_C51STARTUP
  I:0008H         SEGMENT       ?STACK
  C:0000H         PUBLIC        ?C_STARTUP
  D:00E0H         SYMBOL        ACC
  D:00F0H         SYMBOL        B
  D:0083H         SYMBOL        DPH
  D:0082H         SYMBOL        DPL
  N:0000H         SYMBOL        IBPSTACK
  N:0100H         SYMBOL        IBPSTACKTOP
  N:0100H         SYMBOL        IDATALEN
  C:1C86H         SYMBOL        IDATALOOP
  N:0000H         SYMBOL        PBPSTACK
  N:0100H         SYMBOL        PBPSTACKTOP
  N:0000H         SYMBOL        PDATALEN
  N:0000H         SYMBOL        PDATASTART
  N:0000H         SYMBOL        PPAGE
  N:0000H         SYMBOL        PPAGEENABLE
  D:00A0H         SYMBOL        PPAGE_SFR
  D:0081H         SYMBOL        SP
  C:1C83H         SYMBOL        STARTUP1
  N:0000H         SYMBOL        XBPSTACK
  N:0000H         SYMBOL        XBPSTACKTOP
  N:0300H         SYMBOL        XDATALEN
  C:1C91H         SYMBOL        XDATALOOP
  N:0000H         SYMBOL        XDATASTART
  C:0000H         LINE#         126
  C:1C83H         LINE#         133
  C:1C85H         LINE#         134
  C:1C86H         LINE#         135
  C:1C87H         LINE#         136
  C:1C89H         LINE#         140
  C:1C8CH         LINE#         141
  C:1C8EH         LINE#         145
  C:1C90H         LINE#         147
  C:1C91H         LINE#         148
  C:1C92H         LINE#         149
  C:1C93H         LINE#         150
  C:1C95H         LINE#         151
  C:1C97H         LINE#         185
  C:1C9AH         LINE#         196
  -------         ENDMOD        ?C_STARTUP

  -------         MODULE        ?C?SCDIV
  C:0C69H         PUBLIC        ?C?SCDIV
  -------         ENDMOD        ?C?SCDIV

  -------         MODULE        ?C?CLDOPTR
  C:0C8BH         PUBLIC        ?C?CLDOPTR
  -------         ENDMOD        ?C?CLDOPTR

  -------         MODULE        ?C?CSTPTR
  C:0CB8H         PUBLIC        ?C?CSTPTR
  -------         ENDMOD        ?C?CSTPTR

  -------         MODULE        ?C?CSTOPTR
BL51 BANKED LINKER/LOCATER V6.22                                                      05/19/2026  09:42:59  PAGE 73


  C:0CCAH         PUBLIC        ?C?CSTOPTR
  -------         ENDMOD        ?C?CSTOPTR

  -------         MODULE        ?C?UIDIV
  C:0CECH         PUBLIC        ?C?UIDIV
  -------         ENDMOD        ?C?UIDIV

  -------         MODULE        ?C?SIDIV
  C:0D41H         PUBLIC        ?C?SIDIV
  -------         ENDMOD        ?C?SIDIV

  -------         MODULE        ?C?ILDOPTR
  C:0D77H         PUBLIC        ?C?ILDOPTR
  -------         ENDMOD        ?C?ILDOPTR

  -------         MODULE        ?C?ISTOPTR
  C:0DAFH         PUBLIC        ?C?ISTOPTR
  -------         ENDMOD        ?C?ISTOPTR

  -------         MODULE        ?C?LMUL
  C:0DDCH         PUBLIC        ?C?LMUL
  -------         ENDMOD        ?C?LMUL

  -------         MODULE        ?C?ULDIV
  C:0E67H         PUBLIC        ?C?ULDIV
  -------         ENDMOD        ?C?ULDIV

  -------         MODULE        ?C?ULSHR
  C:0EF9H         PUBLIC        ?C?ULSHR
  -------         ENDMOD        ?C?ULSHR

  -------         MODULE        ?C?LSHL
  C:0F0CH         PUBLIC        ?C?LSHL
  -------         ENDMOD        ?C?LSHL

  -------         MODULE        ?C?LSTXDATA
  C:0F1FH         PUBLIC        ?C?LSTXDATA
  -------         ENDMOD        ?C?LSTXDATA

  -------         MODULE        ?C?LSTKXDATA
  C:0F2BH         PUBLIC        ?C?LSTKXDATA
  -------         ENDMOD        ?C?LSTKXDATA

*** WARNING L16: UNCALLED SEGMENT, IGNORED FOR OVERLAY PROCESS
    SEGMENT: ?PR?_ADC_ENABLE?A96L41X_ADC

*** WARNING L16: UNCALLED SEGMENT, IGNORED FOR OVERLAY PROCESS
    SEGMENT: ?PR?_ADC_GETDATAWITHINTERRUPT?A96L41X_ADC

*** WARNING L16: UNCALLED SEGMENT, IGNORED FOR OVERLAY PROCESS
    SEGMENT: ?PR?ADC_CLEARINTERRUPTSTATUS?A96L41X_ADC

*** WARNING L16: UNCALLED SEGMENT, IGNORED FOR OVERLAY PROCESS
    SEGMENT: ?PR?_CLOCK_INITIAL?A96L41X_CLOCK

*** WARNING L16: UNCALLED SEGMENT, IGNORED FOR OVERLAY PROCESS
    SEGMENT: ?PR?_CLOCK_CONFIGUREOSC?A96L41X_CLOCK
BL51 BANKED LINKER/LOCATER V6.22                                                      05/19/2026  09:42:59  PAGE 74



*** WARNING L16: UNCALLED SEGMENT, IGNORED FOR OVERLAY PROCESS
    SEGMENT: ?PR?PORT_INITIAL?A96L41X_GPIO

*** WARNING L16: UNCALLED SEGMENT, IGNORED FOR OVERLAY PROCESS
    SEGMENT: ?PR?_PORT_SETOUTPUTHIGHPIN?A96L41X_GPIO

*** WARNING L16: UNCALLED SEGMENT, IGNORED FOR OVERLAY PROCESS
    SEGMENT: ?PR?_PORT_SETOUTPUTLOWPIN?A96L41X_GPIO

*** WARNING L16: UNCALLED SEGMENT, IGNORED FOR OVERLAY PROCESS
    SEGMENT: ?PR?_PORT_SETOUTPUTTOGGLEPIN?A96L41X_GPIO

*** WARNING L16: UNCALLED SEGMENT, IGNORED FOR OVERLAY PROCESS
    SEGMENT: ?PR?_PORT_ENABLEINTERRUPT?A96L41X_GPIO

*** WARNING L16: UNCALLED SEGMENT, IGNORED FOR OVERLAY PROCESS
    SEGMENT: ?PR?_PORT_DISABLEINTERRUPT?A96L41X_GPIO

*** WARNING L16: UNCALLED SEGMENT, IGNORED FOR OVERLAY PROCESS
    SEGMENT: ?PR?_PORT_CONFIGUREINTERRUPT?A96L41X_GPIO

*** WARNING L16: UNCALLED SEGMENT, IGNORED FOR OVERLAY PROCESS
    SEGMENT: ?PR?_PORT_GETINTERRUPTSTATUS?A96L41X_GPIO

*** WARNING L16: UNCALLED SEGMENT, IGNORED FOR OVERLAY PROCESS
    SEGMENT: ?PR?_PORT_CLEARINTERRUPTSTATUS?A96L41X_GPIO

*** WARNING L16: UNCALLED SEGMENT, IGNORED FOR OVERLAY PROCESS
    SEGMENT: ?PR?_TIMER0_SETMATCHCOUNTER?A96L41X_TIMER0

*** WARNING L16: UNCALLED SEGMENT, IGNORED FOR OVERLAY PROCESS
    SEGMENT: ?PR?TIMER0_GETCAPTUREVALUE?A96L41X_TIMER0

*** WARNING L16: UNCALLED SEGMENT, IGNORED FOR OVERLAY PROCESS
    SEGMENT: ?PR?TIMER0_CLEARCOUNTDATA?A96L41X_TIMER0

*** WARNING L16: UNCALLED SEGMENT, IGNORED FOR OVERLAY PROCESS
    SEGMENT: ?PR?TIMER0_CLEARINTERRUPTFLAG?A96L41X_TIMER0

*** WARNING L16: UNCALLED SEGMENT, IGNORED FOR OVERLAY PROCESS
    SEGMENT: ?PR?_TIMER1_SETMATCHCOUNTER?A96L41X_TIMER1

*** WARNING L16: UNCALLED SEGMENT, IGNORED FOR OVERLAY PROCESS
    SEGMENT: ?PR?TIMER1_GETCAPTUREVALUE?A96L41X_TIMER1

*** WARNING L16: UNCALLED SEGMENT, IGNORED FOR OVERLAY PROCESS
    SEGMENT: ?PR?TIMER1_CLEARCOUNTDATA?A96L41X_TIMER1

*** WARNING L16: UNCALLED SEGMENT, IGNORED FOR OVERLAY PROCESS
    SEGMENT: ?PR?TIMER1_STOP?A96L41X_TIMER1

*** WARNING L16: UNCALLED SEGMENT, IGNORED FOR OVERLAY PROCESS
    SEGMENT: ?PR?_TIMER2_SETMATCHCOUNTER?A96L41X_TIMER2

*** WARNING L16: UNCALLED SEGMENT, IGNORED FOR OVERLAY PROCESS
    SEGMENT: ?PR?_TIMER2_SETPPGDUTYCOUNTER?A96L41X_TIMER2
BL51 BANKED LINKER/LOCATER V6.22                                                      05/19/2026  09:42:59  PAGE 75



*** WARNING L16: UNCALLED SEGMENT, IGNORED FOR OVERLAY PROCESS
    SEGMENT: ?PR?TIMER2_GETCAPTUREVALUE?A96L41X_TIMER2

*** WARNING L16: UNCALLED SEGMENT, IGNORED FOR OVERLAY PROCESS
    SEGMENT: ?PR?TIMER2_CLEARCOUNTDATA?A96L41X_TIMER2

*** WARNING L16: UNCALLED SEGMENT, IGNORED FOR OVERLAY PROCESS
    SEGMENT: ?PR?TIMER2_CLEARINTERRUPTFLAG?A96L41X_TIMER2

*** WARNING L16: UNCALLED SEGMENT, IGNORED FOR OVERLAY PROCESS
    SEGMENT: ?PR?USART_RX_QUEUE_IS_FULL?A96L41X_USART

*** WARNING L16: UNCALLED SEGMENT, IGNORED FOR OVERLAY PROCESS
    SEGMENT: ?PR?_USART_CLOCK_INITIAL?A96L41X_USART

*** WARNING L16: UNCALLED SEGMENT, IGNORED FOR OVERLAY PROCESS
    SEGMENT: ?PR?_USART_ENABLE?A96L41X_USART

*** WARNING L16: UNCALLED SEGMENT, IGNORED FOR OVERLAY PROCESS
    SEGMENT: ?PR?_USART_SENDDATAWITHINTERRUPT?A96L41X_USART

*** WARNING L16: UNCALLED SEGMENT, IGNORED FOR OVERLAY PROCESS
    SEGMENT: ?PR?_USART_RECEIVEDATAWITHPOLLING?A96L41X_USART

*** WARNING L16: UNCALLED SEGMENT, IGNORED FOR OVERLAY PROCESS
    SEGMENT: ?PR?USART_RECEIVEDATAWITHINTERRUPT?A96L41X_USART

*** WARNING L16: UNCALLED SEGMENT, IGNORED FOR OVERLAY PROCESS
    SEGMENT: ?PR?USART_GETINTERRUPTSTATUS?A96L41X_USART

*** WARNING L16: UNCALLED SEGMENT, IGNORED FOR OVERLAY PROCESS
    SEGMENT: ?PR?_USART_CONFIGUREWAKEUP?A96L41X_USART

*** WARNING L16: UNCALLED SEGMENT, IGNORED FOR OVERLAY PROCESS
    SEGMENT: ?PR?USART_CLEARWAKEUPFLAG?A96L41X_USART

*** WARNING L16: UNCALLED SEGMENT, IGNORED FOR OVERLAY PROCESS
    SEGMENT: ?PR?_USART_SPI_ENABLE?A96L41X_USART_SPI

*** WARNING L16: UNCALLED SEGMENT, IGNORED FOR OVERLAY PROCESS
    SEGMENT: ?PR?_USART_SPI_SENDDATAWITHPOLLING?A96L41X_USART_SPI

*** WARNING L16: UNCALLED SEGMENT, IGNORED FOR OVERLAY PROCESS
    SEGMENT: ?PR?_USART_SPI_SENDDATAWITHINTERRUPT?A96L41X_USART_SPI

*** WARNING L16: UNCALLED SEGMENT, IGNORED FOR OVERLAY PROCESS
    SEGMENT: ?PR?_USART_SPI_RECEIVEDATAWITHPOLLING?A96L41X_USART_SPI

*** WARNING L16: UNCALLED SEGMENT, IGNORED FOR OVERLAY PROCESS
    SEGMENT: ?PR?_USART_SPI_RECEIVEDATAWITHINTERRUPT?A96L41X_USART_SPI

*** WARNING L16: UNCALLED SEGMENT, IGNORED FOR OVERLAY PROCESS
    SEGMENT: ?PR?USART_SPI_GETINTERRUPTSTATUS?A96L41X_USART_SPI

*** WARNING L16: UNCALLED SEGMENT, IGNORED FOR OVERLAY PROCESS
    SEGMENT: ?PR?_READ_AUDIO_LENGTH?AUDIO
BL51 BANKED LINKER/LOCATER V6.22                                                      05/19/2026  09:42:59  PAGE 76



*** WARNING L16: UNCALLED SEGMENT, IGNORED FOR OVERLAY PROCESS
    SEGMENT: ?PR?_FASTREAD?FLASH

*** WARNING L16: UNCALLED SEGMENT, IGNORED FOR OVERLAY PROCESS
    SEGMENT: ?PR?_READ_?FLASH

*** WARNING L16: UNCALLED SEGMENT, IGNORED FOR OVERLAY PROCESS
    SEGMENT: ?PR?_DELAY_S?MAIN

*** WARNING L16: UNCALLED SEGMENT, IGNORED FOR OVERLAY PROCESS
    SEGMENT: ?PR?WD_RESET?MAIN

*** WARNING L16: UNCALLED SEGMENT, IGNORED FOR OVERLAY PROCESS
    SEGMENT: ?PR?_ADC_UART_OUT?MAIN

*** WARNING L16: UNCALLED SEGMENT, IGNORED FOR OVERLAY PROCESS
    SEGMENT: ?PR?TEMP_ADC?MAIN

*** WARNING L16: UNCALLED SEGMENT, IGNORED FOR OVERLAY PROCESS
    SEGMENT: ?PR?BAT_ADC?MAIN

*** WARNING L16: UNCALLED SEGMENT, IGNORED FOR OVERLAY PROCESS
    SEGMENT: ?PR?ENABLE_WD?MAIN

Program Size: data=9.0 xdata=510 code=12685
LINK/LOCATE RUN COMPLETE.  51 WARNING(S),  0 ERROR(S)
