C51 COMPILER V9.54   A96L41X_GPIO                                                          04/10/2026 17:39:33 PAGE 1   


C51 COMPILER V9.54, COMPILATION OF MODULE A96L41X_GPIO
OBJECT MODULE PLACED IN .\Objects\a96l41x_gpio.obj
COMPILER INVOKED BY: C:\Keil_v5\C51\BIN\C51.EXE src\a96l41x_gpio.c LARGE OPTIMIZE(8,SPEED) BROWSE DEBUG OBJECTEXTEND PRI
                    -NT(.\Listings\a96l41x_gpio.lst) TABS(2) OBJECT(.\Objects\a96l41x_gpio.obj)

line level    source

   1          /**
   2          *   @file       a96l41x_gpio.c
   3          *   @brief      A96l41x gpio peripheral function 
   4          *   @author     Application Team, ABOV Semiconductor Co., Ltd.
   5          *   @version    V1.00
   6          *   @date       29. MAY. 2020
   7          *
   8          * Copyright(C) 2020, ABOV Semiconductor
   9          * All rights reserved.
  10          *
  11          ********************************************************************************
  12          * ABOV Disclaimer
  13          *
  14          *IMPORTANT NOTICE - PLEASE READ CAREFULLY
  15          *ABOV Semiconductor ("ABOV") reserves the right to make changes, correction2s, enhancements, 
  16          *modifications, and improvements to ABOV products and/or to this document at any time without notice. 
  17          *ABOV does not give warranties as to the accuracy or completeness of the information included herein.
  18          *Purchasers should obtain the latest relevant information of ABOV products before placing orders. 
  19          *Purchasers are entirely responsible for the choice, selection, and use of ABOV products and 
  20          *ABOV assumes no liability for application assistance or the design of purchasers' products. No license, 
  21          *express or implied, to any intellectual property rights is granted by ABOV herein. 
  22          *ABOV disclaims all express and implied warranties and shall not be responsible or
  23          *liable for any injuries or damages related to use of ABOV products in such unauthorized applications. 
  24          *ABOV and the ABOV logo are trademarks of ABOV.
  25          *All other product or service names are the property of their respective owners. 
  26          *Information in this document supersedes and replaces the information previously
  27          *supplied in any former versions of this document.
  28          *2020 ABOV Semiconductor  All rights reserved
  29          *
  30          */
  31          
  32          /*******************************************************************************
  33          * Included File
  34          *******************************************************************************/
  35          #include "a96l41x_gpio.h"
  36          
  37          /*******************************************************************************
  38          * Private Pre-processor Definition & Macro
  39          *******************************************************************************/
  40          
  41          /*******************************************************************************
  42          * Private Typedef
  43          *******************************************************************************/
  44          
  45          /*******************************************************************************
  46          * Private Variable
  47          *******************************************************************************/
  48          
  49          /*******************************************************************************
  50          * Private Function Prototype
  51          *******************************************************************************/
  52          
  53          /*******************************************************************************
  54          * Public Function
C51 COMPILER V9.54   A96L41X_GPIO                                                          04/10/2026 17:39:33 PAGE 2   

  55          *******************************************************************************/
  56          
  57          /**
  58          * @brief  Initialize GPIO(PCU) peripheral
  59          * @param      None
  60          * @return   None
  61          */
  62          void Port_Initial(void)
  63          {
  64   1          // P0 setting
  65   1          // P00:   C_VDD
  66   1          
  67   1          P0    = _1100_0000;   // 0 : Low, 1 : High
  68   1          P0OD  = _0000_0000;   // 0 : Disable, 1 : Enable (Open-drain)
  69   1          P0PU  = _0000_0000;   // 0 : Disable, 1 : Enable (Pull-up)
  70   1          P0IO  = _1100_0001;   // 0 : Input, 1 : Output
  71   1          P0FSRH  = 0
  72   1          | ( 0 << 6)       //P07     // 0 : I/O (EINT3), 1 : ICS1                  // LED_R        
  73   1          | ( 0 << 4)       //P06     // 0 : I/O (EINT2), 1 : ICS0                  // LED_G
  74   1          | ( 1 << 2)       //P05     // 0 : I/O, 1 : OP0P,                       // SENISNG OP0P
  75   1          | ( 1 << 0);      //P04     // 0 : I/O, 1 : OP0N                    // SENSING OP0N
  76   1          
  77   1          P0FSRL  = 0
  78   1          | ( 1 << 6)       //P03     // 0 : I/O, 1 : OP0OUT,   2 : AN3,      3 : Not used          // SENSING IN ADC 
  79   1          | ( 2 << 4)       //P02     // 0 : I/O, 1 : OP1P,   2 : AN2,      3 : Not used          // BAT_ADC
  80   1          | ( 0 << 2)       //P01     // 0 : I/O (EINT1), 1 : OP1N,  2 : AN1, 3 : Not used        // EMR_IO
  81   1          | ( 0 << 0);      //P00     // 0 : I/O (EINT0), 1 : OP1OUT,   2 : AN0,  3 : Not used      // C_VDD
  82   1          
  83   1          P0DB  = 0
  84   1          | ( 0 << 6)     //DBCLK[1:0]  // 00 : fx (SCLK),  01 : fx/4,  10 : fx/16, 11 : fx/64
  85   1          | ( 0 << 3)     //P07DB   // 0 : Disable, 1 : Enable
  86   1          | ( 0 << 2)     //P06DB   // 0 : Disable, 1 : Enable
  87   1          | ( 0 << 1)     //P01DB   // 0 : Disable, 1 : Enable
  88   1          | ( 0 << 0);    //P00DB   // 0 : Disable, 1 : Enable
  89   1          
  90   1          // P1 setting    
  91   1          // P14: /AUDIO_ON   
  92   1          P1    = _0001_0000;   // 0 : Low, 1 : High                // audio off
  93   1          P1OD  = _0000_0000;   // 0 : Disable, 1 : Enable (Open-drain)
  94   1          P1PU  = _0000_0100;   // 0 : Disable, 1 : Enable (Pull-up)
  95   1          P1IO  = _0011_0011;   // 0 : Input, 1 : Output
  96   1          
  97   1          P1FSRH  = 0
  98   1          | ( 1 << 2)       //P15  // 0 : I/O,  1 : LDO23,   2 : AN6, 3 : (SDA)           // LDO23
  99   1          | ( 0 << 0);      //P14  // 0 : I/O (EINT11), 1 : T1O/PWM1O,   2 : SCL, 3 : Not used    // /AUD ON
 100   1          
 101   1          P1FSRL  = 0
 102   1          | ( 0 << 6)       //P13  // 0 : I/O (EC1),  1 : (RXD/MISO)              // DSDA
 103   1          | ( 0 << 4)       //P12  // 0 : I/O (EC0),  1 : (TXD/MOSI)                // DSCL
 104   1          | ( 1 << 2)       //P11  // 0 : I/O (EINT10), 1 : T0O/PWM0O             // AUDIO SIG
 105   1          | ( 0 << 0);      //P10  // 0 : I/O,  1 : (SCK)                   // SENSE PW
 106   1      
 107   1          P12DB = 0
 108   1          | ( 0 << 5)     //P21DB   // 0 : Disable, 1 : Enable
 109   1          | ( 0 << 4)     //P20DB   // 0 : Disable, 1 : Enable
 110   1          | ( 0 << 2)     //P14DB   // 0 : Disable, 1 : Enable
 111   1          | ( 0 << 1)     //P11DB   // 0 : Disable, 1 : Enable
 112   1          | ( 0 << 0);      //P10DB   // 0 : Disable, 1 : Enable
 113   1      
 114   1          // P2 setting    
 115   1          //P20:  /CS   
 116   1          P2  = _0000_1111;   // 0 : Low, 1 : High
C51 COMPILER V9.54   A96L41X_GPIO                                                          04/10/2026 17:39:33 PAGE 3   

 117   1          P2OD  = _0000_0000;   // 0 : Disable, 1 : Enable (Open-drain)
 118   1          P2PU  = _0000_0000;   // 0 : Disable, 1 : Enable (Pull-up)
 119   1          P2IO  = _0000_1111;   // 0 : Input, 1 : Output
 120   1          
 121   1          P2FSR   = 0
 122   1          | ( 1 << 6)     // 0 : P23,  1 : TXD/MOSI,  2 : AN5,     3 : Not used         //mosi
 123   1          | ( 1 << 4)     // 0 : P22,  1 : RXD/MISO,  2 : AN4,     3 : Not used         // miso
 124   1          | ( 1 << 2)         // 0 : P21 (EC2),  1 : SCK,   2 : (SCL),     3 : Not used           // sck
 125   1          | ( 0 << 0);        // 0 : P20 (EINT12),  1 : T2O/PWM2O,   2 : SDA,     3 : Not used      // cs 
 126   1      
 127   1      }
 128          
 129          /**
 130          * @brief  Configures the selected port(x) pins as output pin.
 131          * @param    port  This parameter contains the pin port
 132          * @param    pin   This parameter contains the pin number
 133          * @param    mode  This parameter contains the pin mode(Push-Pull : 0, Open-Drain :1)
 134          * @return   None
 135          */
 136          void Port_SetOutputpin(uint8_t port, uint8_t pin, uint8_t mode)
 137          {
 138   1      
 139   1          switch(port)
 140   1          {
 141   2            case 0:
 142   2              P0IO |= (1<<pin);
 143   2              P0OD |= (mode<<pin);
 144   2            break;
 145   2            case 1:
 146   2              P1IO |= (1<<pin);
 147   2              P1OD |= (mode<<pin);
 148   2            break;
 149   2            case 2:
 150   2              P2IO |= (1<<pin);
 151   2              P2OD |= (mode<<pin);
 152   2            break;
 153   2            default:
 154   2            break;
 155   2          }
 156   1      }
 157          
 158          /**
 159          * @brief  Configures the selected port(x) pins as input pin.
 160          * @param    port  This parameter contains the pin port
 161          * @param    pin   This parameter contains the pin number
 162          * @param    mode  This parameter contains the pin mode(Disable : 0, Pull-UP : 1)
 163          * @return None
 164          */
 165          void Port_SetInputpin(uint8_t port, uint8_t pin, uint8_t mode)
 166          {
 167   1          switch(port)
 168   1          {
 169   2            case 0:
 170   2              P0IO &= ~(1<<pin);
 171   2              P0PU |= (mode<<pin);
 172   2            break;
 173   2            case 1:
 174   2              P1IO &= ~(1<<pin);
 175   2              P1PU |= (mode<<pin);
 176   2            break;
 177   2            case 2:
 178   2              P2IO &= ~(1<<pin);
C51 COMPILER V9.54   A96L41X_GPIO                                                          04/10/2026 17:39:33 PAGE 4   

 179   2              P2PU |= (mode<<pin);
 180   2            break;
 181   2            default:
 182   2            break;      
 183   2          }
 184   1      }
 185          
 186          /**
 187          * @brief  Configures the selected port(x) pins as several kinds alternative function pin.
 188          * @param    port  This parameter contains the pin port
 189          * @param    pin   This parameter contains the pin number
 190          * @param    val   This parameter contains the value of alternative function bit
 191          * @return None
 192          */
 193          void Port_SetAlterFunctionpin(uint8_t port, uint8_t pin, uint8_t val)
 194          {
 195   1        uint8_t temp_reg;
 196   1        
 197   1          switch(port)
 198   1          {
 199   2            case 0:
 200   2              if(pin > 0x3)
 201   2              {
 202   3                temp_reg = P0FSRH;
 203   3                temp_reg &= ~(0x3<<((pin-4)<<1));
 204   3                temp_reg |= (val<<((pin-4)<<1));
 205   3                
 206   3                P0FSRH = temp_reg;
 207   3              }
 208   2              else
 209   2              {
 210   3                temp_reg = P0FSRL;
 211   3                temp_reg &= ~(0x3<<(pin<<1));
 212   3                temp_reg |= (val<<(pin<<1));
 213   3                
 214   3                P0FSRL = temp_reg;
 215   3              }
 216   2            break;
 217   2            case 1:
 218   2              if(pin > 0x3)
 219   2              {
 220   3                temp_reg = P1FSRH;
 221   3                temp_reg &= ~(0x3<<((pin-4)<<1));
 222   3                temp_reg |= (val<<((pin-4)<<1));
 223   3                
 224   3                P1FSRH = temp_reg;
 225   3              }
 226   2              else
 227   2              {
 228   3                temp_reg = P1FSRL;
 229   3                temp_reg &= ~(0x3<<(pin<<1));
 230   3                temp_reg |= (val<<(pin<<1));  
 231   3      
 232   3                P1FSRL = temp_reg;
 233   3              } 
 234   2            break;
 235   2            case 2:
 236   2              if(pin > 0x1)
 237   2              {
 238   3                temp_reg = P2FSR;
 239   3                temp_reg  &= ~(1<<pin);
 240   3                temp_reg  |= (val<<pin);
C51 COMPILER V9.54   A96L41X_GPIO                                                          04/10/2026 17:39:33 PAGE 5   

 241   3                
 242   3                P2FSR = temp_reg;
 243   3              }
 244   2              else
 245   2              {
 246   3                temp_reg = P2FSR;
 247   3                temp_reg  &= ~(0x3<<(pin<<1));
 248   3                temp_reg  |= (val<<(pin<<1)); 
 249   3      
 250   3                P2FSR = temp_reg;
 251   3              }
 252   2            break;
 253   2            default:
 254   2            break;      
 255   2          }
 256   1      }
 257          
 258          
 259          /**
 260          * @brief  Configures the selected port(x) pins as output high.
 261          * @param    port  This parameter contains the pin port
 262          * @param    pin   This parameter contains the pin number
 263          * @return None
 264          */
 265          void Port_SetOutputHighpin(uint8_t port, uint8_t pin)
 266          {
 267   1      
 268   1          switch(port)
 269   1          {
 270   2            case 0:
 271   2              P0 |= (1<<pin);
 272   2            break;
 273   2            case 1:
 274   2              P1 |= (1<<pin);
 275   2            break;
 276   2            case 2:
 277   2              P2 |= (1<<pin);
 278   2            break;
 279   2            default:
 280   2            break;      
 281   2          }
 282   1      }
 283          
 284          
 285          /**
 286          * @brief  Configures the selected port(x) pins as output low.
 287          * @param    port  This parameter contains the pin port
 288          * @param    pin   This parameter contains the pin number
 289          * @return None
 290          */
 291          void Port_SetOutputLowpin(uint8_t port, uint8_t pin)
 292          {
 293   1          
 294   1          switch(port)
 295   1          {
 296   2            case 0:
 297   2              P0 &= ~(1<<pin);
 298   2            break;
 299   2            case 1:
 300   2              P1 &= ~(1<<pin);
 301   2            break;
 302   2            case 2:
C51 COMPILER V9.54   A96L41X_GPIO                                                          04/10/2026 17:39:33 PAGE 6   

 303   2              P2 &= ~(1<<pin);
 304   2            break;
 305   2            default:
 306   2            break;      
 307   2          }
 308   1      }
 309          
 310          
 311          /**
 312          * @brief  Configures the selected port(x) pins as output toggle.
 313          * @param    port  This parameter contains the pin port
 314          * @param    pin   This parameter contains the pin number
 315          * @return None
 316          */
 317          void Port_SetOutputTogglepin(uint8_t port, uint8_t pin)
 318          {
 319   1          
 320   1          switch(port)
 321   1          {
 322   2            case 0:
 323   2              P0 ^= (1<<pin);
 324   2            break;
 325   2            case 1:
 326   2              P1 ^= (1<<pin);
 327   2            break;
 328   2            case 2:
 329   2              P2 ^= (1<<pin);
 330   2            break;
 331   2            default:
 332   2            break;      
 333   2          }
 334   1      }
 335          
 336          
 337          /**
 338          * @brief  Get the value of selected port(x) pins as input pin.
 339          * @param    port  This parameter contains the pin port
 340          * @param    pin   This parameter contains the pin number
 341          * @return Value of Input pin(High : 1, Low :0)
 342          */
 343          uint8_t Port_GetInputpinValue(uint8_t port, uint8_t pin)
 344          {
 345   1         uint8_t result;
 346   1          
 347   1          switch(port)
 348   1          {
 349   2            case 0:
 350   2              result = (P0 & (1<<pin)) ? 1 : 0;
 351   2            break;
 352   2            case 1:
 353   2              result = (P1 & (1<<pin)) ? 1 : 0;
 354   2            break;
 355   2            case 2:
 356   2              result = (P2 & (1<<pin)) ? 1 : 0;
 357   2            break;
 358   2            default:
 359   2            break;      
 360   2          }
 361   1          
 362   1          return result;
 363   1      }
 364          
C51 COMPILER V9.54   A96L41X_GPIO                                                          04/10/2026 17:39:33 PAGE 7   

 365          /**
 366          * @brief  Enable the channel of external interrupt pin as input.
 367          * @param    channel This parameter contains the channel of external interrupt.
 368          * @return None
 369          */
 370          void Port_EnableInterrupt(uint8_t channel)
 371          { 
 372   1          switch(channel)
 373   1          {
 374   2            case 0:
 375   2              IE |= (1<<0);
 376   2            break;
 377   2            case 1:
 378   2              IE |= (1<<1);
 379   2            break;
 380   2            case 2:
 381   2              IE |= (1<<2);
 382   2            break;
 383   2            case 3:
 384   2              IE |= (1<<3);
 385   2            break;
 386   2            case 4:
 387   2            case 5:
 388   2            case 6:
 389   2            case 7:       
 390   2            case 8:
 391   2            case 10:
 392   2              IE |= (1<<4);
 393   2            break;
 394   2            case 11:
 395   2              IE |= (1<<5);
 396   2            break;
 397   2            case 12:
 398   2              IE1 |= (1<<5);
 399   2            break;
 400   2            default:
 401   2            break;      
 402   2          }
 403   1      }
 404          
 405          /**
 406          * @brief  Disable the channel of external interrupt pin as input.
 407          * @param    channel   This parameter contains the channel of external interrupt.
 408          * @return None
 409          */
 410          void Port_DisableInterrupt(uint8_t channel)
 411          {
 412   1          switch(channel)
 413   1          {
 414   2            case 0:
 415   2              IE &= ~(1<<0);
 416   2            break;
 417   2            case 1:
 418   2              IE &= ~(1<<1);
 419   2            break;
 420   2            case 2:
 421   2              IE &= ~(1<<2);
 422   2            break;
 423   2            case 3:
 424   2              IE &= ~(1<<3);
 425   2            break;
 426   2            case 4:
C51 COMPILER V9.54   A96L41X_GPIO                                                          04/10/2026 17:39:33 PAGE 8   

 427   2            case 5:
 428   2            case 6:
 429   2            case 7:       
 430   2            case 8:
 431   2            case 10:
 432   2              IE &= ~(1<<4);
 433   2            break;
 434   2            case 11:
 435   2              IE &= ~(1<<5);
 436   2            break;
 437   2            case 12:
 438   2              IE1 &= ~(1<<5);
 439   2            break;
 440   2            default:
 441   2            break;      
 442   2          }
 443   1      }
 444          
 445          
 446          /**
 447          * @brief  Configure the channel of external interrupt pin as input.
 448          * @param    channel   This parameter contains the channel of external interrupt.
 449          * @param    edge    This parameter contains the edge of external interrupt,
 450          *
 451          *       - NONE          = 0
 452          *       - RISING_EDGE   = 1
 453          *       - FALLING_EDGE  = 2
 454          *       - BOTH_EDGE     = 3
 455          * @return None
 456          */
 457          
 458          void Port_ConfigureInterrupt(uint8_t channel, uint8_t edge)
 459          {
 460   1        uint8_t temp_reg;
 461   1        
 462   1          switch(channel)
 463   1          {
 464   2            case 0:
 465   2                temp_reg = EIPOL0;
 466   2                temp_reg &= ~(0x3 << 0);   // 0*2 = 0
 467   2                temp_reg |= (edge  << 0);
 468   2                EIPOL0 = temp_reg;
 469   2                break;
 470   2            case 1:
 471   2                temp_reg = EIPOL0;
 472   2                temp_reg &= ~(0x3 << 2);   // 1*2 = 2
 473   2                temp_reg |= (edge  << 2);
 474   2                EIPOL0 = temp_reg;
 475   2                break;
 476   2            case 2:
 477   2                temp_reg = EIPOL0;
 478   2                temp_reg &= ~(0x3 << 4);   // 2*2 = 4
 479   2                temp_reg |= (edge  << 4);
 480   2                EIPOL0 = temp_reg;
 481   2                break;
 482   2            case 3:
 483   2                temp_reg = EIPOL0;
 484   2                temp_reg &= ~(0x3 << 6);   // 3*2 = 6
 485   2                temp_reg |= (edge  << 6);
 486   2                EIPOL0 = temp_reg;
 487   2                break;
 488   2            case 4:
C51 COMPILER V9.54   A96L41X_GPIO                                                          04/10/2026 17:39:33 PAGE 9   

 489   2            case 5:
 490   2            case 6:
 491   2            case 7: 
 492   2            case 8:
 493   2            break;
 494   2            case 10:
 495   2              temp_reg = EIPOL1;      
 496   2              temp_reg &= ~(0x3<<0);
 497   2              temp_reg |= (edge<<0);
 498   2              
 499   2              EIPOL1 = temp_reg;
 500   2            break;
 501   2            case 11:
 502   2              temp_reg = EIPOL1;
 503   2              temp_reg &= ~(0x3<<2);
 504   2              temp_reg |= (edge<<2);
 505   2              
 506   2              EIPOL1 = temp_reg;
 507   2            break;
 508   2            case 12:
 509   2              temp_reg = EIPOL1;
 510   2              temp_reg &= ~(0x3<<4);
 511   2              temp_reg |= (edge<<4);
 512   2              
 513   2              EIPOL1 = temp_reg;
 514   2            break;
 515   2            default:
 516   2            break;      
 517   2          }
 518   1      }
 519          
 520          /**
 521          * @brief  Get the external interrupt status.
 522          * @param    channel   This parameter contains the channel of external interrupt.
 523          * @return Value of status(interrupt occur : 1, not occur : 0)
 524          */
 525          uint8_t Port_GetInterruptStatus(uint8_t channel)
 526          {
 527   1          uint8_t result;
 528   1        
 529   1          switch(channel)
 530   1          {
 531   2            case 0:
 532   2              result = (EIFLAG & (1<<0)) ? 1 : 0;
 533   2            break;
 534   2            case 1:
 535   2              result = (EIFLAG & (1<<1)) ? 1 : 0;
 536   2            break;
 537   2            case 2:
 538   2              result = (EIFLAG & (1<<2)) ? 1 : 0;
 539   2            break;
 540   2            case 3:
 541   2              result = (EIFLAG & (1<<3)) ? 1 : 0;
 542   2            break;
 543   2            case 4:
 544   2            case 5:
 545   2            case 6:
 546   2            case 7:       
 547   2            case 8:
 548   2            case 10:
 549   2              result = (EIFLAG & (1<<4)) ? 1 : 0;
 550   2            break;
C51 COMPILER V9.54   A96L41X_GPIO                                                          04/10/2026 17:39:33 PAGE 10  

 551   2            case 11:
 552   2              result = (EIFLAG & (1<<5)) ? 1 : 0;
 553   2            break;
 554   2            case 12:
 555   2              result = (EIFLAG & (1<<6)) ? 1 : 0;
 556   2            break;
 557   2            default:
 558   2            break;      
 559   2          }
 560   1          
 561   1          return result;
 562   1      }
 563          
 564          /**
 565          * @brief  Clear the external interrupt status.
 566          * @param    channel     This parameter contains the channel of external interrupt.
 567          *
 568          *         -  EXTINT_CH0 = 0       
 569          *         -  EXTINT_CH1 = 1       
 570          *         -  EXTINT_CH2 = 2       
 571          *         -  EXTINT_CH3 = 3       
 572          *         -  EXTINT_CH4 = 4       
 573          *         -  EXTINT_CH5 = 5       
 574          *         -  EXTINT_CH6 = 6       
 575          *         -  EXTINT_CH7 = 7       
 576          *         -  EXTINT_CH8 = 8       
 577          *         -  EXTINT_CH9 = 9       
 578          *         -  EXTINT_CH10 = 10       
 579          *         -  EXTINT_CH11 = 11       
 580          *         -  EXTINT_CH12 = 12       
 581          * @return None
 582          */
 583          void Port_ClearInterruptStatus(uint8_t channel)
 584          {
 585   1          switch(channel)
 586   1          {
 587   2            case 0:
 588   2              EIFLAG = ~(1<<0);
 589   2            break;
 590   2            case 1:
 591   2              EIFLAG = ~(1<<1);
 592   2            break;
 593   2            case 2:
 594   2              EIFLAG = ~(1<<2);
 595   2            break;
 596   2            case 3:
 597   2              EIFLAG = ~(1<<3);
 598   2            break;
 599   2            case 4:
 600   2            case 5:
 601   2            case 6:
 602   2            case 7:     
 603   2            case 8:
 604   2            case 10:
 605   2              EIFLAG  = ~(1<<4);
 606   2            break;
 607   2            case 11:
 608   2              EIFLAG  = ~(1<<5);
 609   2            break;
 610   2            case 12:
 611   2              EIFLAG  = ~(1<<6);
 612   2            break;
C51 COMPILER V9.54   A96L41X_GPIO                                                          04/10/2026 17:39:33 PAGE 11  

 613   2            default:
 614   2            break;      
 615   2          }
 616   1      }
 617          
 618          /* --------------------------------- End Of File ------------------------------ */


MODULE INFORMATION:   STATIC OVERLAYABLE
   CODE SIZE        =   1309    ----
   CONSTANT SIZE    =   ----    ----
   XDATA SIZE       =   ----    ----
   PDATA SIZE       =   ----    ----
   DATA SIZE        =   ----    ----
   IDATA SIZE       =   ----    ----
   BIT SIZE         =   ----    ----
END OF MODULE INFORMATION.


C51 COMPILATION COMPLETE.  0 WARNING(S),  0 ERROR(S)
