C51 COMPILER V9.54   A96L41X_CLOCK                                                         05/27/2026 12:19:57 PAGE 1   


C51 COMPILER V9.54, COMPILATION OF MODULE A96L41X_CLOCK
OBJECT MODULE PLACED IN .\Objects\a96l41x_clock.obj
COMPILER INVOKED BY: C:\Keil_v5\C51\BIN\C51.EXE src\a96l41x_clock.c LARGE OPTIMIZE(8,SPEED) BROWSE DEBUG OBJECTEXTEND PR
                    -INT(.\Listings\a96l41x_clock.lst) TABS(2) OBJECT(.\Objects\a96l41x_clock.obj)

line level    source

   1          /**
   2          *   @file       a96l41x_clock.c
   3          *   @brief      A96L41x System clock peripheral function 
   4          *   @author     Application Team, ABOV Semiconductor Co., Ltd.
   5          *   @version    V1.00
   6          *   @date       29. MAY. 2020
   7          *
   8          * Copyright(C) 2020, ABOV Semiconductor
   9          * All rights reserved.
  10          *
  11          ********************************************************************************
  12          * ABOV Disclaimer
  13          *
  14          *IMPORTANT NOTICE - PLEASE READ CAREFULLY
  15          *ABOV Semiconductor ("ABOV") reserves the right to make changes, corrections, enhancements, 
  16          *modifications, and improvements to ABOV products and/or to this document at any time without notice. 
  17          *ABOV does not give warranties as to the accuracy or completeness of the information included herein.
  18          *Purchasers should obtain the latest relevant information of ABOV products before placing orders. 
  19          *Purchasers are entirely responsible for the choice, selection, and use of ABOV products and 
  20          *ABOV assumes no liability for application assistance or the design of purchasers' products. No license, 
  21          *express or implied, to any intellectual property rights is granted by ABOV herein. 
  22          *ABOV disclaims all express and implied warranties and shall not be responsible or
  23          *liable for any injuries or damages related to use of ABOV products in such unauthorized applications. 
  24          *ABOV and the ABOV logo are trademarks of ABOV.
  25          *All other product or service names are the property of their respective owners. 
  26          *Information in this document supersedes and replaces the information previously
  27          *supplied in any former versions of this document.
  28          *2020 ABOV Semiconductor  All rights reserved
  29          *
  30          */
  31          
  32          /*******************************************************************************
  33          * Included File
  34          *******************************************************************************/
  35          #include "a96l41x_clock.h"
  36          #include "delay.h"
  37          
  38          /*******************************************************************************
  39          * Private Pre-processor Definition & Macro
  40          *******************************************************************************/
  41          
  42          /*******************************************************************************
  43          * Private Typedef
  44          *******************************************************************************/
  45          
  46          /*******************************************************************************
  47          * Private Variable
  48          *******************************************************************************/
  49          
  50          /*******************************************************************************
  51          * Private Function Prototype
  52          *******************************************************************************/
  53          
  54          /*******************************************************************************
C51 COMPILER V9.54   A96L41X_CLOCK                                                         05/27/2026 12:19:57 PAGE 2   

  55          * Public Function
  56          *******************************************************************************/
  57          
  58          /**
  59          * @brief    Get Systemclock frequency(speed)
  60          * @param      None
  61          * @return   The value of system clock(frequency)
  62          */
  63          uint32_t Clock_GetSystemFreq(void)
  64          {
  65   1        return SYSTEM_CLOCK;
  66   1      }
  67          
  68          /* --------------------------------- End Of File ------------------------------ */


MODULE INFORMATION:   STATIC OVERLAYABLE
   CODE SIZE        =      9    ----
   CONSTANT SIZE    =   ----    ----
   XDATA SIZE       =   ----    ----
   PDATA SIZE       =   ----    ----
   DATA SIZE        =   ----    ----
   IDATA SIZE       =   ----    ----
   BIT SIZE         =   ----    ----
END OF MODULE INFORMATION.


C51 COMPILATION COMPLETE.  0 WARNING(S),  0 ERROR(S)
