C51 COMPILER V9.54   A96L41X_USART                                                         06/01/2026 10:22:12 PAGE 1   


C51 COMPILER V9.54, COMPILATION OF MODULE A96L41X_USART
OBJECT MODULE PLACED IN .\Objects\a96l41x_usart.obj
COMPILER INVOKED BY: C:\Keil_v5\C51\BIN\C51.EXE src\a96l41x_usart.c LARGE OPTIMIZE(8,SPEED) BROWSE DEBUG OBJECTEXTEND PR
                    -INT(.\Listings\a96l41x_usart.lst) TABS(2) OBJECT(.\Objects\a96l41x_usart.obj)

line level    source

   1          /**
   2          *   @file       a96l41x_usart.c
   3          *   @brief      A96L416 usart peripheral function 
   4          *   @author     Application Team, ABOV Semiconductor Co., Ltd.
   5          *   @version    V1.00
   6          *   @date       29. MAY. 2020
   7          *
   8          * Copyright(C) 2020, ABOV Semiconductor
   9          * All rights reserved.
  10          *
  11          ********************************************************************************
  12          * ABOV Disclaimer
  13          *
  14          *IMPORTANT NOTICE - PLEASE READ CAREFULLY
  15          *ABOV Semiconductor ("ABOV") reserves the right to make changes, corrections, enhancements, 
  16          *modifications, and improvements to ABOV products and/or to this document at any time without notice. 
  17          *ABOV does not give warranties as to the accuracy or completeness of the information included herein.
  18          *Purchasers should obtain the latest relevant information of ABOV products before placing orders. 
  19          *Purchasers are entirely responsible for the choice, selection, and use of ABOV products and 
  20          *ABOV assumes no liability for application assistance or the design of purchasers' products. No license, 
  21          *express or implied, to any intellectual property rights is granted by ABOV herein. 
  22          *ABOV disclaims all express and implied warranties and shall not be responsible or
  23          *liable for any injuries or damages related to use of ABOV products in such unauthorized applications. 
  24          *ABOV and the ABOV logo are trademarks of ABOV.
  25          *All other product or service names are the property of their respective owners. 
  26          *Information in this document supersedes and replaces the information previously
  27          *supplied in any former versions of this document.
  28          *2020 ABOV Semiconductor  All rights reserved
  29          *
  30          */
  31          
  32          /*******************************************************************************
  33          * Included File
  34          *******************************************************************************/
  35          #include "a96l41x_usart.h"
  36          
  37          /*******************************************************************************
  38          * Private Pre-processor Definition & Macro
  39          *******************************************************************************/
  40          
  41          /*******************************************************************************
  42          * Private Typedef
  43          *******************************************************************************/
  44          
  45          /*******************************************************************************
  46          * Private Variable
  47          *******************************************************************************/
  48          char USART_tx_queue[ USART_QUEUE_SIZE ];
  49          char USART_tx_front, USART_tx_rear;
  50          
  51          char USART_rx_queue[ USART_QUEUE_SIZE ];
  52          char USART_rx_front, USART_rx_rear;
  53          /*******************************************************************************
  54          * Private Function Prototype
C51 COMPILER V9.54   A96L41X_USART                                                         06/01/2026 10:22:12 PAGE 2   

  55          *******************************************************************************/
  56          char USART_tx_queue_is_full()
  57          {
  58   1        return ( (USART_tx_rear + 1 ) % USART_QUEUE_SIZE == USART_tx_front );
  59   1      }
  60          
  61          char USART_tx_queue_is_empty()
  62          {
  63   1        return ( USART_tx_rear == USART_tx_front );
  64   1      }
  65          
  66          char USART_rx_queue_is_full()
  67          {
  68   1        return ( (USART_rx_rear + 1 ) % USART_QUEUE_SIZE == USART_rx_front );
  69   1      }
  70          
  71          char USART_rx_queue_is_empty()
  72          {
  73   1        return ( USART_rx_rear == USART_rx_front );
  74   1      }
  75          
  76          /*******************************************************************************
  77          * Public Function
  78          *******************************************************************************/
  79          
  80          /**
  81          * @brief    Initialize usart peripheral(For USART & UART)
  82          * @param   speed      This parameter contains the buadrate of uart/usart.
  83          * @param   data_length  This parameter contains the length of data as uart/usart
  84          *
  85          *         - USART_DATA_5BIT = 0
  86          *         - USART_DATA_6BIT = 1
  87          *         - USART_DATA_7BIT = 2
  88          *         - USART_DATA_8BIT = 3
  89          *         - USART_DATA_9BIT = 7
  90          * @param   stop_bits  This parameter contains the bits of stop as uart/usart. 
  91          *
  92          *         - USART_STOP_1BIT = 0
  93          *         - USART_STOP_2BIT = 1
  94          * @param   parity This parameter contains the bit of parity as uart. 
  95          *
  96          *         - USART_PARITY_NO = 0
  97          *         - USART_PARITY_EVEN = 2
  98          *         - USART_PARITY_ODD = 3
  99          * @param   mode   This parameter contains the enable of transmit or receive mode(uart/usart). 
 100          *
 101          *         - USART_TX_RX_MODE = 0
 102          *           - USART_RX_MODE = 1
 103          *         - USART_TX_MODE = 2
 104          * @return   None
 105          */
 106          void USART_Initial(uint32_t speed, uint8_t data_length, uint8_t stop_bits, uint8_t parity, uint8_t mode)
 107          {
 108   1        uint32_t buadrate_val = 0;
 109   1        uint8_t temp_reg, temp_reg2;
 110   1        
 111   1        temp_reg = USTCR1;
 112   1        temp_reg &= ~(0x3 << 6);  
 113   1        //operation mode : UART(default), if used USART, set USART_Clock_Initial() + USART_Initial();
 114   1        temp_reg |= ((parity << 4) | (data_length <<  1));
 115   1        
 116   1        temp_reg2 = USTCR2;
C51 COMPILER V9.54   A96L41X_USART                                                         06/01/2026 10:22:12 PAGE 3   

 117   1        if(mode == USART_RX_MODE)
 118   1          temp_reg2 |= (1 << 2);  
 119   1        else if(mode == USART_TX_MODE)
 120   1          temp_reg2 |= (1 << 3);
 121   1        else
 122   1          temp_reg2 |= ((1 << 2) | (1 << 3));
 123   1        
 124   1        temp_reg2 |= (1 << 1);  
 125   1        
 126   1        //UCTRL2 |= (0x1 << 0); //if using Double Speed operation, Enable UCTRL2 |= (0x1 << 0)
 127   1        if(USTCR2 & 0x1) //Double Speed operation(only UART)
 128   1        {
 129   2          buadrate_val = ((Clock_GetSystemFreq() / speed )  >> 3) * 10;
 130   2        }
 131   1        else if(USTCR1 & 0x40) //Synchronous mode(USART)
 132   1        {
 133   2          buadrate_val = ((Clock_GetSystemFreq() / speed )  >> 1) * 10;
 134   2        }
 135   1        else  //Normal Speed operation
 136   1        {
 137   2          buadrate_val = ((Clock_GetSystemFreq() / speed )  >> 4) * 10;
 138   2        }
 139   1        
 140   1        buadrate_val = ((buadrate_val + 5) / 10) - 1; //round
 141   1        
 142   1        
 143   1        if(!(USTCR1 & 0x40)) //Not Synchronous mode(USART)
 144   1          USTST |= (1 << 3);      // USART block reset
 145   1        
 146   1        
 147   1        USTCR1 = temp_reg;
 148   1        USTCR3 |= (stop_bits<< 2);
 149   1        
 150   1        USTBD = buadrate_val;
 151   1        
 152   1        USTCR2 = temp_reg2; 
 153   1      }
 154          
 155          
 156          
 157          /**
 158          * @brief    Transmit data through the USART peripheral for polling mode.
 159          * @param   send_data   This parameter contains the data to transmit. 
 160          * @param   count    This parameter contains the number of write length.
 161          * @return   None
 162          */
 163          void USART_SendDataWithPolling(uint8_t *send_data, uint8_t count)
 164          {
 165   1        uint8_t i;
 166   1        
 167   1        for(i = 0; i < count; i++)
 168   1        {
 169   2          while(!(USTST & ((1 << 7))));
 170   2          USTDR = send_data[i];
 171   2        }
 172   1      }
 173          
 174          /* --------------------------------- End Of File ------------------------------ */


MODULE INFORMATION:   STATIC OVERLAYABLE
   CODE SIZE        =    428    ----
C51 COMPILER V9.54   A96L41X_USART                                                         06/01/2026 10:22:12 PAGE 4   

   CONSTANT SIZE    =   ----    ----
   XDATA SIZE       =     20      17
   PDATA SIZE       =   ----    ----
   DATA SIZE        =   ----    ----
   IDATA SIZE       =   ----    ----
   BIT SIZE         =   ----    ----
END OF MODULE INFORMATION.


C51 COMPILATION COMPLETE.  0 WARNING(S),  0 ERROR(S)
