C51 COMPILER V9.54   AUDIO                                                                 04/21/2026 18:38:48 PAGE 1   


C51 COMPILER V9.54, COMPILATION OF MODULE AUDIO
OBJECT MODULE PLACED IN .\Objects\audio.obj
COMPILER INVOKED BY: C:\Keil_v5\C51\BIN\C51.EXE src\audio.c LARGE OPTIMIZE(8,SPEED) BROWSE DEBUG OBJECTEXTEND PRINT(.\Li
                    -stings\audio.lst) TABS(2) OBJECT(.\Objects\audio.obj)

line level    source

   1          /***************************************************************************//**
   2          *   @file       Main.c
   3          *   @brief      A96L41x Main  function file 
   4          *   @author     Application Team, ABOV Semiconductor Co., Ltd.
   5          *   @version    V1.00
   6          *   @date       29. MAY. 2020
   7          *
   8          * Copyright(C) 2020, ABOV Semiconductor
   9          * All rights reserved.
  10          *
  11          *   @mainpage   Project : A96L41x (20TSSOP) Timer2 Usage
  12          *   - Introduction: This is a guide program for using A96L41x Timer2.
  13          *
  14          *   @section    Compiler Version
  15          *   - uVision C51 Compiler ( Version 5.13 )
  16          *
  17          *   @section    Configure Option
  18          *   - Code Read Protection :                Disable
  19          *   - Code Write Protection :               Disable
  20          *   - Vector Area (00H~FFH) Protection :    Disable
  21          *   - Select RESETB pin :                   Disable
  22          *
  23          *   @section    Clock Setting
  24          *   - HFIRC OSC/1 (Internal 4Mhz) 
  25          *
  26          *   @section    Project Program Version : V1.00
  27          *   @section    Modify Infomation
  28          *   - V1.00 :    First Start.    
  29          *
  30          *   @section    Caution
  31          *   - Nothing special.
  32          *
  33          *   @section Common
  34          *   - ABOV Semiconductor Co.,Ltd.
  35          *   - URL : <http://www.abovsemi.com>
  36          *
  37          ********************************************************************************
  38          * ABOV Disclaimer
  39          *
  40          *IMPORTANT NOTICE - PLEASE READ CAREFULLY
  41          *ABOV Semiconductor ("ABOV") reserves the right to make changes, corrections, enhancements, 
  42          *modifications, and improvements to ABOV products and/or to this document at any time without notice. 
  43          *ABOV does not give warranties as to the accuracy or completeness of the information included herein.
  44          *Purchasers should obtain the latest relevant information of ABOV products before placing orders. 
  45          *Purchasers are entirely responsible for the choice, selection, and use of ABOV products and 
  46          *ABOV assumes no liability for application assistance or the design of purchasers' products. No license, 
  47          *express or implied, to any intellectual property rights is granted by ABOV herein. 
  48          *ABOV disclaims all express and implied warranties and shall not be responsible or
  49          *liable for any injuries or damages related to use of ABOV products in such unauthorized applications. 
  50          *ABOV and the ABOV logo are trademarks of ABOV.
  51          *All other product or service names are the property of their respective owners. 
  52          *Information in this document supersedes and replaces the information previously
  53          *supplied in any former versions of this document.
  54          *2020 ABOV Semiconductor  All rights reserved
C51 COMPILER V9.54   AUDIO                                                                 04/21/2026 18:38:48 PAGE 2   

  55          *
  56          */
  57          /* Includes ------------------------------------------------------------------*/
  58          #include "Intrins.h"
  59          #include "delay.h"     
  60          #include "a96l41x_gpio.h"
  61          #include "a96l41x_clock.h"
  62          #include "a96l41x_timer0.h"
  63          #include "a96l41x_timer1.h"
  64          
  65          #include "main.h"
  66          #include "flash.h"
  67          #include "audio.h"
  68          //#include "sound_fire1.h"
  69          
  70          
  71          unsigned char write_data[10];
  72          unsigned char read_data[10];
  73          
  74          /**********************************************************************
  75           * @brief   Audio_Initial
  76           * @param     None
  77           * @return  None
  78           **********************************************************************/
  79          void Audio_Initial(void)
  80          {
  81   1      
  82   1        if(SystemStatus==0)
  83   1          return;
  84   1        
  85   1        /* Timer0 PPG port (Alternative function) */
  86   1        Port_SetAlterFunctionpin(PORT1, PIN1, 0x1);     // PWM
  87   1        
  88   1            /* Timer0 initialize @ 4MHz */
  89   1        Timer0_Initial(T0_PPG_REPEAT_MODE, TIMER0_DIV1);  
  90   1         /* Timer0 PPG Polarity Start Low */
  91   1        Timer0_SetPPGPolarity(T0_START_HIGH); 
  92   1         /* Timer0 PPG Period Counter*/ 
  93   1          Timer0_SetPPGPeriodCounter(124);        // 125(31.2us, 32khz)   
  94   1        Timer0_SetPPGDutyCounter(50);
  95   1        
  96   1          /* Enable timer0 match INT */   
  97   1        Timer0_ConfigureInterrupt(FALSE);
  98   1        /* Timer0 start */
  99   1        //Timer0_Start(); 
 100   1      
 101   1      
 102   1            /* Timer1 initialize @ 4MHz */
 103   1        Timer1_Initial(T1_PPG_REPEAT_MODE, TIMER1_DIV1);  
 104   1         /* Timer1 PPG Polarity Start Low */
 105   1        Timer1_SetPPGPolarity(T1_START_HIGH); 
 106   1         /* Timer1 PPG Period Counter*/ 
 107   1        Timer1_SetPPGPeriodCounter(499);        //500(125us,8khz)
 108   1      
 109   1        Timer1_SetPPGDutyCounter(100);          
 110   1        
 111   1          /* Enable timer1 match INT */   
 112   1        Timer1_ConfigureInterrupt(TRUE);
 113   1        /* Timer1 start */
 114   1        //Timer1_Start(); 
 115   1      
 116   1      }
C51 COMPILER V9.54   AUDIO                                                                 04/21/2026 18:38:48 PAGE 3   

 117          
 118          
 119          void TIMER1_Int(void) interrupt T1_MATCH_VECT
 120          {
 121   1        uint8_t duty;
 122   1      
 123   1        Timer1_ClearInterruptFlag();
 124   1      
 125   1      
 126   1        if(Audio_start==0)
 127   1        { 
 128   2          AUDIO_ON;
 129   2          Read(Audio_addr);   // SPI 읽기 명령만 시작
 130   2        
 131   2          Timer0_SetPPGDutyCounter(0);
 132   2          Timer0_Start();
 133   2          Audio_start=1;
 134   2          // ← 이 시점엔 아직 데이터가 PWM에 반영 안 됨
 135   2        }
 136   1        else
 137   1        {
 138   2      
 139   2          if(Audio_length < Audio_max_length)
 140   2          {
 141   3            Read_c(read_data);  // 다음 인터럽트에서 데이터 수신
 142   3            duty = read_data[0];  // 8bit → 0~127 변환
 143   3            duty =duty>>1;
 144   3            if(duty >= 124)
 145   3              duty= 124;
 146   3             Timer0_SetPPGDutyCounter(duty);
 147   3             Audio_length++;
 148   3             Audio_addr++;
 149   3          }
 150   2          else  // Audio_length >= Audio_max_length 도달 시
 151   2          {
 152   3            SLAVEDESELECT;
 153   3            AUDIO_OFF;
 154   3            Timer0_Stop();
 155   3            Audio_start = 0;
 156   3            Audio_length = 0;
 157   3          }
 158   2          
 159   2        }
 160   1          
 161   1        
 162   1      }
 163          
 164          
 165          
 166          void Read_Audio_Length(uint16_t Audio_st_address)
 167          {
 168   1        unsigned long temp;
 169   1      
 170   1        Audio_addr=Audio_st_address + 40;
 171   1        Read_v(Audio_addr, read_data);
 172   1        Audio_max_length = read_data[0];          // Low byte
 173   1      
 174   1        Audio_addr=Audio_st_address + 41;
 175   1        Read_v(Audio_addr, read_data);  
 176   1        temp= read_data[0];
 177   1        temp = (temp << 8)&0xff00;     // High byte
 178   1        Audio_max_length |=temp;
C51 COMPILER V9.54   AUDIO                                                                 04/21/2026 18:38:48 PAGE 4   

 179   1      
 180   1      }
 181          
 182          
 183          /* --------------------------------- End Of File ------------------------------ */


MODULE INFORMATION:   STATIC OVERLAYABLE
   CODE SIZE        =    376    ----
   CONSTANT SIZE    =   ----    ----
   XDATA SIZE       =     20       2
   PDATA SIZE       =   ----    ----
   DATA SIZE        =   ----    ----
   IDATA SIZE       =   ----    ----
   BIT SIZE         =   ----    ----
END OF MODULE INFORMATION.


C51 COMPILATION COMPLETE.  0 WARNING(S),  0 ERROR(S)
