C51 COMPILER V9.54   CALIB                                                                 06/05/2026 08:42:21 PAGE 1   


C51 COMPILER V9.54, COMPILATION OF MODULE CALIB
OBJECT MODULE PLACED IN .\Objects\calib.obj
COMPILER INVOKED BY: C:\Keil_v5\C51\BIN\C51.EXE src\calib.c LARGE OPTIMIZE(8,SPEED) BROWSE DEBUG OBJECTEXTEND PRINT(.\Li
                    -stings\calib.lst) TABS(2) OBJECT(.\Objects\calib.obj)

line level    source

   1          /**
   2          *   @file       calib.c
   3          *   @brief      Per-unit Si_Da calibration backed by A96L416 internal
   4          *               DataFlash. See calib.h for the design overview, the on-flash
   5          *               layout and the runtime correction formula.
   6          *
   7          *   Operational summary
   8          *   -------------------
   9          *   - calib_load()                : low-level read + validate. Populates
  10          *                                   g_calib_* or installs defaults.
  11          *   - calib_save(b, g)            : low-level erase + page write + verify.
  12          *   - calib_apply(raw)            : called on every Si_Da reading in the
  13          *                                   main loop. Applies
  14          *                                   ((raw - baseline) * gain_Q8) >> 8.
  15          *   - calib_step1_boot_led()      : STEP 1. Power-on indication, both
  16          *                                   LEDs on 0.2 s.
  17          *   - calib_erase_with_animation(): STEP 2-1. SW2 held at boot. LED G/R
  18          *                                   alternate while held; on release erase
  19          *                                   DataFlash, capture clean-air baseline,
  20          *                                   save {baseline, gain=256}.
  21          *   - calib_boot_init()           : STEP 2-2. SW2 not held - load the saved
  22          *                                   record into the RAM globals.
  23          *   - calib_run_smoke()           : STEP 3. Triggered from the main loop
  24          *                                   when SW2 is held in normal mode while a
  25          *                                   smoke calibration is still pending.
  26          *                                   place phase + 5-sample mean + gain save.
  27          */
  28          
  29          #include "A96L41x.h"
  30          #include "intrins.h"
  31          #include "delay.h"
  32          #include "typedef.h"
  33          #include "a96l41x_gpio.h"
  34          
  35          #include "main.h"
  36          #include "calib.h"
  37          #include "a96l41x_dataflash.h"
  38          
  39          /*----------------------------------------------------------------------------*
  40           * Working copy of calibration. See calib.h for the public extern decl.       *
  41           *----------------------------------------------------------------------------*/
  42          uint16_t g_calib_baseline    = CALIB_DEFAULT_BASELINE;
  43          uint16_t g_calib_gain_Q8     = CALIB_DEFAULT_GAIN_Q8;
  44          uint8_t  g_calib_valid       = 0;
  45          uint8_t  g_calib_needs_smoke = 0;
  46          
  47          /* DataFlash user IDs - see vendor a96l41x_dataflash.c. */
  48          #define DF_USER_ID_ERASE     0xA901358F
  49          #define DF_USER_ID_PAGEWR    0x4F17DC86
  50          
  51          /* DataFlash region 0x3000..0x30FF is a separate area (UM 4.4): it has no
  52           * relation with RAM nor program FLASH and "can be read by using DPTR",
  53           * i.e. with an XDATA (MOVX @DPTR) access - NOT MOVC. Reading it with a
  54           * 'code' pointer returns program-code space at 0x3000 (empty -> 0x00),
C51 COMPILER V9.54   CALIB                                                                 06/05/2026 08:42:21 PAGE 2   

  55           * which is why earlier read-backs always came back 0. Use an 'xdata'
  56           * pointer so the DataFlash array is addressed correctly. */
  57          static uint16_t calib_read_word(uint16_t offset)
  58          {
  59   1        unsigned char xdata *p = (unsigned char xdata *)CALIB_ADDR;
  60   1        uint16_t lo = p[offset];
  61   1        uint16_t hi = p[offset + 1];
  62   1        return (uint16_t)((hi << 8) | lo);
  63   1      }
  64          
  65          /*----------------------------------------------------------------------------*
  66           * calib_load                                                                 *
  67           *----------------------------------------------------------------------------*/
  68          uint8_t calib_load(void)
  69          {
  70   1        uint16_t magic, baseline, gain, checksum, expected;
  71   1      
  72   1        magic    = calib_read_word(0);
  73   1        baseline = calib_read_word(2);
  74   1        gain     = calib_read_word(4);
  75   1        checksum = calib_read_word(6);
  76   1      
  77   1        expected = magic ^ baseline ^ gain;
  78   1      
  79   1        if (magic != CALIB_MAGIC) {
  80   2          goto bad;
  81   2        }
  82   1        if (checksum != expected) {
  83   2          goto bad;
  84   2        }
  85   1        if (gain == 0) {
  86   2          goto bad;                  /* zero gain would zero every reading */
  87   2        }
  88   1      
  89   1        g_calib_baseline = baseline;
  90   1        g_calib_gain_Q8  = gain;
  91   1        g_calib_valid    = 1;
  92   1        return 1;
  93   1      
  94   1      bad:
  95   1        g_calib_baseline = CALIB_DEFAULT_BASELINE;
  96   1        g_calib_gain_Q8  = CALIB_DEFAULT_GAIN_Q8;
  97   1        g_calib_valid    = 0;
  98   1        return 0;
  99   1      }
 100          
 101          /*----------------------------------------------------------------------------*
 102           * calib_wait_df_ready - poll the DataFlash busy bit until the self-timed     *
 103           * erase/write operation completes. UM 20: do not start a new DataFlash op    *
 104           * (or read back) while DFMBUSY (DFMCR.7) is still 1. A guard count keeps the *
 105           * loop bounded so a stuck controller cannot hang the firmware.               *
 106           *----------------------------------------------------------------------------*/
 107          static void calib_wait_df_ready(void)
 108          {
 109   1        uint16_t guard = 0;
 110   1        while ((DFMCR & (1 << DFMBUSY)) != 0) {
 111   2          if (++guard >= 50000) {
 112   3            break;                 /* safety timeout */
 113   3          }
 114   2        }
 115   1      }
 116          
C51 COMPILER V9.54   CALIB                                                                 06/05/2026 08:42:21 PAGE 3   

 117          /*----------------------------------------------------------------------------*
 118           * calib_save - erase + page-write the 32-byte calibration page, then verify *
 119           * with a fresh read-back. Each DataFlash op is self-timed, so we wait on     *
 120           * DFMBUSY before issuing the next op or reading the result back.             *
 121           *----------------------------------------------------------------------------*/
 122          uint8_t calib_save(uint16_t baseline, uint16_t gain_Q8)
 123          {
 124   1        uint8_t buf[SECTOR_SIZE_BYTE];
 125   1        uint16_t magic = CALIB_MAGIC;
 126   1        uint16_t checksum;
 127   1        uint8_t i;
 128   1      
 129   1        checksum = magic ^ baseline ^ gain_Q8;
 130   1      
 131   1        for (i = 0; i < SECTOR_SIZE_BYTE; i++) {
 132   2          buf[i] = 0xFF;             /* erased flash convention */
 133   2        }
 134   1        buf[0] = (uint8_t)(magic       & 0xFF);
 135   1        buf[1] = (uint8_t)(magic       >> 8);
 136   1        buf[2] = (uint8_t)(baseline    & 0xFF);
 137   1        buf[3] = (uint8_t)(baseline    >> 8);
 138   1        buf[4] = (uint8_t)(gain_Q8     & 0xFF);
 139   1        buf[5] = (uint8_t)(gain_Q8     >> 8);
 140   1        buf[6] = (uint8_t)(checksum    & 0xFF);
 141   1        buf[7] = (uint8_t)(checksum    >> 8);
 142   1      
 143   1        DATAFLASH_PageEr(DF_USER_ID_ERASE, CALIB_ADDR);
 144   1        calib_wait_df_ready();
 145   1        Delay_ms(1);
 146   1        DATAFLASH_PageWt(DF_USER_ID_PAGEWR, CALIB_ADDR, buf);
 147   1        calib_wait_df_ready();
 148   1        Delay_ms(1);
 149   1      
 150   1        /* Verify by re-reading the four words. */
 151   1        if (calib_read_word(0) != magic)    return 0;
 152   1        if (calib_read_word(2) != baseline) return 0;
 153   1        if (calib_read_word(4) != gain_Q8)  return 0;
 154   1        if (calib_read_word(6) != checksum) return 0;
 155   1      
 156   1        /* Update RAM copy so the caller does not need a reset to use the new
 157   1         * values for any subsequent calls. */
 158   1        g_calib_baseline = baseline;
 159   1        g_calib_gain_Q8  = gain_Q8;
 160   1        g_calib_valid    = 1;
 161   1        return 1;
 162   1      }
 163          
 164          /*----------------------------------------------------------------------------*
 165           * calib_apply                                                                *
 166           *----------------------------------------------------------------------------*/
 167          uint16_t calib_apply(uint16_t si_da_raw)
 168          {
 169   1        uint32_t scaled;
 170   1      
 171   1        if (si_da_raw <= g_calib_baseline) {
 172   2          return 0;                  /* below baseline: clean-air noise */
 173   2        }
 174   1        scaled  = (uint32_t)(si_da_raw - g_calib_baseline);
 175   1        scaled *= g_calib_gain_Q8;
 176   1        scaled >>= 8;
 177   1        if (scaled > 0xFFFFu) {
 178   2          return 0xFFFFu;
C51 COMPILER V9.54   CALIB                                                                 06/05/2026 08:42:21 PAGE 4   

 179   2        }
 180   1        return (uint16_t)scaled;
 181   1      }
 182          
 183          /*----------------------------------------------------------------------------*
 184           * SW2 polling helper                                                         *
 185           *   sw2_is_pressed : 1 when the button is held down (P12 reads 0 with the    *
 186           *                   internal pull-up enabled).                               *
 187           *----------------------------------------------------------------------------*/
 188          static uint8_t sw2_is_pressed(void)
 189          {
 190   1        return (Port_GetInputpinValue(PORT1, PIN2) == 0);
 191   1      }
 192          
 193          /* Long delay broken into 100 ms chunks so WDT (RESET mode, ~2 s timeout)
 194           * stays happy. */
 195          static void wait_ms_kicked(uint16_t total_ms)
 196          {
 197   1        uint16_t left = total_ms;
 198   1        while (left >= 100) {
 199   2          Delay_ms(100);
 200   2          WD_Reset();
 201   2          left -= 100;
 202   2        }
 203   1        if (left) {
 204   2          Delay_ms(left);
 205   2          WD_Reset();
 206   2        }
 207   1      }
 208          
 209          /* Generic blink helpers: half_ms on, half_ms off, repeated `cycles` times.
 210           * WDT-safe via wait_ms_kicked. */
 211          static void blink_g(uint8_t cycles, uint16_t half_ms)
 212          {
 213   1        uint8_t i;
 214   1        for (i = 0; i < cycles; i++) {
 215   2          LED_G_ON;
 216   2          wait_ms_kicked(half_ms);
 217   2          LED_G_OFF;
 218   2          wait_ms_kicked(half_ms);
 219   2        }
 220   1      }
 221          
 222          static void blink_r(uint8_t cycles, uint16_t half_ms)
 223          {
 224   1        uint8_t i;
 225   1        for (i = 0; i < cycles; i++) {
 226   2          LED_R_ON;
 227   2          wait_ms_kicked(half_ms);
 228   2          LED_R_OFF;
 229   2          wait_ms_kicked(half_ms);
 230   2        }
 231   1      }
 232          
 233          /*----------------------------------------------------------------------------*
 234           * calib_step1_boot_led - STEP 1.                                             *
 235           *   Power-on indication: LED_G and LED_R on together for 0.2 s, then off.    *
 236           *----------------------------------------------------------------------------*/
 237          void calib_step1_boot_led(void)
 238          {
 239   1        LED_G_ON;
 240   1        LED_R_ON;
C51 COMPILER V9.54   CALIB                                                                 06/05/2026 08:42:21 PAGE 5   

 241   1        Delay_ms(CALIB_BOOT_LED_MS);
 242   1        LED_G_OFF;
 243   1        LED_R_OFF;
 244   1        WD_Reset();
 245   1      }
 246          
 247          /*----------------------------------------------------------------------------*
 248           * calib_erase_with_animation - STEP 2-1 (SW2 held at power-up).              *
 249           *                                                                            *
 250           *   While SW2 stays held: alternate LED_G / LED_R every CALIB_ANIM_MS.       *
 251           *   When SW2 is released:                                                    *
 252           *     - erase the DataFlash calibration page                                *
 253           *     - reset the RAM globals to defaults (baseline=0, gain=256, valid=0)    *
 254           *     - take ONE Dust_ADC_2AMP() reading as the clean-air baseline           *
 255           *       (the unit must be in clean air at the moment of release)             *
 256           *     - save {baseline, gain=256}, set g_calib_needs_smoke = 1               *
 257           *         success -> LED_G blink 5x at 0.2 s                                 *
 258           *         failure -> LED_R blink 5x at 0.2 s                                 *
 259           *----------------------------------------------------------------------------*/
 260          void calib_erase_with_animation(void)
 261          {
 262   1        uint16_t baseline;
 263   1      
 264   1        /* Alternate G/R while the operator keeps SW2 held. */
 265   1        while (sw2_is_pressed()) {
 266   2          LED_G_ON;
 267   2          LED_R_OFF;
 268   2          wait_ms_kicked(CALIB_ANIM_MS);
 269   2          if (!sw2_is_pressed()) {
 270   3            break;
 271   3          }
 272   2          LED_G_OFF;
 273   2          LED_R_ON;
 274   2          wait_ms_kicked(CALIB_ANIM_MS);
 275   2        }
 276   1        LED_G_OFF;
 277   1        LED_R_OFF;
 278   1      
 279   1        /* SW2 released -> erase the calibration page. */
 280   1        DATAFLASH_PageEr(DF_USER_ID_ERASE, CALIB_ADDR);
 281   1        calib_wait_df_ready();
 282   1        Delay_ms(1);
 283   1      
 284   1        /* Reset RAM globals to the uncalibrated defaults. */
 285   1        g_calib_baseline = CALIB_DEFAULT_BASELINE;   /* 0   */
 286   1        g_calib_gain_Q8  = CALIB_DEFAULT_GAIN_Q8;    /* 256 */
 287   1        g_calib_valid    = 0;
 288   1      
 289   1        /* Capture the clean-air baseline (Dust_ADC_2AMP averages 8 internally). */
 290   1        baseline = Dust_ADC_2AMP();
 291   1      
 292   1        /* Persist baseline with unity gain; smoke gain still to be performed. */
 293   1        g_calib_needs_smoke = 1;
 294   1        if (calib_save(baseline, CALIB_DEFAULT_GAIN_Q8)) {
 295   2          blink_g(CALIB_RESULT_BLINKS, CALIB_BLINK_FAST_MS);   /* save OK   */
 296   2        } else {
 297   2          blink_r(CALIB_RESULT_BLINKS, CALIB_BLINK_FAST_MS);   /* save fail */
 298   2        }
 299   1      }
 300          
 301          /*----------------------------------------------------------------------------*
 302           * calib_boot_init - STEP 2-2 (SW2 NOT held at power-up).                     *
C51 COMPILER V9.54   CALIB                                                                 06/05/2026 08:42:21 PAGE 6   

 303           *                                                                            *
 304           *   Load the saved record from DataFlash and update the RAM globals          *
 305           *   (baseline, gain_Q8). If no valid record exists the defaults stay in      *
 306           *   place (baseline=0, gain=256), which leaves readings uncompensated -      *
 307           *   the safest fallback. g_calib_needs_smoke is set when the gain is still   *
 308           *   the default, i.e. smoke calibration has not been performed yet.          *
 309           *----------------------------------------------------------------------------*/
 310          void calib_boot_init(void)
 311          {
 312   1        if (calib_load()) {
 313   2          if(uart_debug_mode == uart_debug_On){
 314   3            Uart_Out_Text(Flash_Read_OK, 17);
 315   3            Uart_Out();
 316   3          }
 317   2        } else {
 318   2          if(uart_debug_mode == uart_debug_On){
 319   3            Uart_Out_Text(Flash_Read_Fail, 19);
 320   3            Uart_Out();
 321   3          }
 322   2        }
 323   1      
 324   1        /* g_calib_gain_Q8 == default means no smoke cal has been done. */
 325   1        g_calib_needs_smoke = (g_calib_gain_Q8 == CALIB_DEFAULT_GAIN_Q8) ? 1 : 0;
 326   1      }
 327          
 328          /*----------------------------------------------------------------------------*
 329           * calib_run_smoke - STEP 3 (smoke gain calibration).                         *
 330           *                                                                            *
 331           *   Entered from the main loop when SW2 is held while g_calib_needs_smoke    *
 332           *   is set. Sequence:                                                        *
 333           *      a. LED_R solid, wait for SW2 release.                                 *
 334           *      b. "Place sample" phase: LED_R blinks at 0.2 s for                    *
 335           *         CALIB_SMOKE_PLACE_MS (5 s) - time for the operator to put the      *
 336           *         sensor into the smoke generator.                                   *
 337           *      c. Sampling: LED_R blinks at 0.5 s, take CALIB_SMOKE_SAMPLES          *
 338           *         Dust_ADC_2AMP() readings (~5 s total); smoke_avg = mean.           *
 339           *      d. delta = smoke_avg - baseline.                                      *
 340           *           delta <  CALIB_MIN_DELTA -> reject: LED_R fast blink 5 s,        *
 341           *                                       g_calib_needs_smoke kept = 1 (retry).*
 342           *           delta >= CALIB_MIN_DELTA -> gain_Q8 = (CALIB_REF_DELTA<<8)/delta,*
 343           *                                       calib_save(baseline, gain_Q8):       *
 344           *                                         success -> LED_G fast blink 1 s,   *
 345           *                                                    g_calib_needs_smoke = 0 *
 346           *                                         failure -> LED_G fast blink 1 s,   *
 347           *                                                    g_calib_needs_smoke = 1 *
 348           *                                                                            *
 349           *   Returns to main() in either case (does NOT halt the loop). On success    *
 350           *   the main loop (STEP5) runs fire_monitor_step() immediately so the same   *
 351           *   12% smoke injection also validates the alarm on the production line.     *
 352           *----------------------------------------------------------------------------*/
 353          void calib_run_smoke(void)
 354          {
 355   1        uint32_t sum;
 356   1        uint16_t smoke_avg;
 357   1        uint16_t delta;
 358   1        uint32_t gain32;
 359   1        uint16_t gain_Q8;
 360   1        uint16_t elapsed;
 361   1        uint8_t  i;
 362   1      
 363   1        /* Step a: LED_R on, wait for SW2 release. */
 364   1        LED_R_ON;
C51 COMPILER V9.54   CALIB                                                                 06/05/2026 08:42:21 PAGE 7   

 365   1        while (sw2_is_pressed()) {
 366   2          WD_Reset();
 367   2          Delay_ms(20);
 368   2        }
 369   1      
 370   1        /* Step b: "place the sample" - LED_R blinks at 0.2 s for 5 s. */
 371   1        elapsed = 0;
 372   1        while (elapsed < CALIB_SMOKE_PLACE_MS) {
 373   2          LED_R_ON;
 374   2          wait_ms_kicked(CALIB_SMOKE_PLACE_BLINK_MS);
 375   2          LED_R_OFF;
 376   2          wait_ms_kicked(CALIB_SMOKE_PLACE_BLINK_MS);
 377   2          elapsed += (uint16_t)(2u * CALIB_SMOKE_PLACE_BLINK_MS);
 378   2        }
 379   1      
 380   1        /* Step c: CALIB_SMOKE_SAMPLES readings, LED_R toggling at 0.5 s. */
 381   1        sum = 0;
 382   1        for (i = 0; i < CALIB_SMOKE_SAMPLES; i++) {
 383   2          LED_R_ON;
 384   2          sum += Dust_ADC_2AMP();
 385   2          wait_ms_kicked(CALIB_SMOKE_BLINK_MS);
 386   2          LED_R_OFF;
 387   2          wait_ms_kicked(CALIB_SMOKE_BLINK_MS);
 388   2        }
 389   1        LED_R_OFF;
 390   1        smoke_avg = (uint16_t)(sum / CALIB_SMOKE_SAMPLES);
 391   1      
 392   1        /* Step d: validate delta against the baseline captured in step 2-1. */
 393   1        if (smoke_avg <= g_calib_baseline) {
 394   2          delta = 0;
 395   2        } else {
 396   2          delta = smoke_avg - g_calib_baseline;
 397   2        }
 398   1      
 399   1        if (delta < CALIB_MIN_DELTA) {
 400   2          /* Not enough smoke - reject. Keep the flag so the operator can
 401   2           * retry by holding SW2 again. */
 402   2          blink_r((uint8_t)(CALIB_FAIL_BLINK_MS / (2u * CALIB_BLINK_FAST_MS)),
 403   2                  CALIB_BLINK_FAST_MS);
 404   2          g_calib_needs_smoke = 1;
 405   2          return;
 406   2        }
 407   1      
 408   1        /* gain_Q8 = (REF << 8) / delta. */
 409   1        gain32  = ((uint32_t)CALIB_REF_DELTA) << 8;
 410   1        gain32 /= delta;
 411   1        if (gain32 > 0xFFFFu) {
 412   2          gain32 = 0xFFFFu;
 413   2        }
 414   1        gain_Q8 = (uint16_t)gain32;
 415   1      
 416   1        if (calib_save(g_calib_baseline, gain_Q8)) {
 417   2          blink_g((uint8_t)(CALIB_OK_BLINK_MS / (2u * CALIB_BLINK_FAST_MS)),
 418   2                  CALIB_BLINK_FAST_MS);
 419   2          g_calib_needs_smoke = 0;
 420   2        } else {
 421   2          /* Save / verify failed - keep the flag so the operator can retry. */
 422   2          blink_g((uint8_t)(CALIB_OK_BLINK_MS / (2u * CALIB_BLINK_FAST_MS)),
 423   2                  CALIB_BLINK_FAST_MS);
 424   2          g_calib_needs_smoke = 1;
 425   2        }
 426   1      
C51 COMPILER V9.54   CALIB                                                                 06/05/2026 08:42:21 PAGE 8   

 427   1        /* Fire monitoring after a successful calibration is done by the main
 428   1         * loop (STEP5 calls fire_monitor_step() right after this returns). */
 429   1      }
 430          
 431          /* --------------------------------- End Of File ------------------------------ */


MODULE INFORMATION:   STATIC OVERLAYABLE
   CODE SIZE        =   1502    ----
   CONSTANT SIZE    =   ----    ----
   XDATA SIZE       =      6      77
   PDATA SIZE       =   ----    ----
   DATA SIZE        =   ----    ----
   IDATA SIZE       =   ----    ----
   BIT SIZE         =   ----    ----
END OF MODULE INFORMATION.


C51 COMPILATION COMPLETE.  0 WARNING(S),  0 ERROR(S)
