BL51 BANKED LINKER/LOCATER V6.22                                                        04/24/2026  14:37:16  PAGE 1


BL51 BANKED LINKER/LOCATER V6.22, INVOKED BY:
C:\KEIL_V5\C51\BIN\BL51.EXE .\Objects\a96l41x_adc.obj, .\Objects\a96l41x_clock.obj, .\Objects\a96l41x_gpio.obj, .\Object
>> s\a96l41x_opamp.obj, .\Objects\a96l41x_timer0.obj, .\Objects\a96l41x_timer1.obj, .\Objects\a96l41x_timer2.obj, .\Obje
>> cts\a96l41x_usart.obj, .\Objects\a96l41x_usart_spi.obj, .\Objects\audio.obj, .\Objects\delay.obj, .\Objects\flash.obj
>> , .\Objects\main.obj, .\Objects\startup.obj TO .\Objects\LTD_3x00B PRINT (.\Listings\LTD_3x00B.m51) RAMSIZE (256) COD
>> E (0X0000-0X3FFF) XDATA (0X0000-0X02FF)


MEMORY MODEL: LARGE


INPUT MODULES INCLUDED:
  .\Objects\a96l41x_adc.obj (A96L41X_ADC)
  .\Objects\a96l41x_clock.obj (A96L41X_CLOCK)
  .\Objects\a96l41x_gpio.obj (A96L41X_GPIO)
  .\Objects\a96l41x_opamp.obj (A96L41X_OPAMP)
  .\Objects\a96l41x_timer0.obj (A96L41X_TIMER0)
  .\Objects\a96l41x_timer1.obj (A96L41X_TIMER1)
  .\Objects\a96l41x_timer2.obj (A96L41X_TIMER2)
  .\Objects\a96l41x_usart.obj (A96L41X_USART)
  .\Objects\a96l41x_usart_spi.obj (A96L41X_USART_SPI)
  .\Objects\audio.obj (AUDIO)
  .\Objects\delay.obj (DELAY)
  .\Objects\flash.obj (FLASH)
  .\Objects\main.obj (MAIN)
  .\Objects\startup.obj (?C_STARTUP)
  C:\KEIL_V5\C51\LIB\C51L.LIB (?C_INIT)
  C:\KEIL_V5\C51\LIB\C51L.LIB (?C?SCDIV)
  C:\KEIL_V5\C51\LIB\C51L.LIB (?C?CLDOPTR)
  C:\KEIL_V5\C51\LIB\C51L.LIB (?C?CSTPTR)
  C:\KEIL_V5\C51\LIB\C51L.LIB (?C?CSTOPTR)
  C:\KEIL_V5\C51\LIB\C51L.LIB (?C?UIDIV)
  C:\KEIL_V5\C51\LIB\C51L.LIB (?C?ILDOPTR)
  C:\KEIL_V5\C51\LIB\C51L.LIB (?C?ISTOPTR)
  C:\KEIL_V5\C51\LIB\C51L.LIB (?C?LMUL)
  C:\KEIL_V5\C51\LIB\C51L.LIB (?C?ULDIV)
  C:\KEIL_V5\C51\LIB\C51L.LIB (?C?ULCMP)
  C:\KEIL_V5\C51\LIB\C51L.LIB (?C?ULSHR)
  C:\KEIL_V5\C51\LIB\C51L.LIB (?C?LSHL)
  C:\KEIL_V5\C51\LIB\C51L.LIB (?C?LSTXDATA)
  C:\KEIL_V5\C51\LIB\C51L.LIB (?C?LSTKXDATA)
  C:\KEIL_V5\C51\LIB\C51L.LIB (ABS)


LINK MAP OF MODULE:  .\Objects\LTD_3x00B (A96L41X_ADC)


            TYPE    BASE      LENGTH    RELOCATION   SEGMENT NAME
            -----------------------------------------------------

            * * * * * * *   D A T A   M E M O R Y   * * * * * * *
            REG     0000H     0008H     ABSOLUTE     "REG BANK 0"
            IDATA   0008H     0001H     UNIT         ?STACK

            * * * * * * *  X D A T A   M E M O R Y  * * * * * * *
            XDATA   0000H     00CCH     UNIT         ?XD?MAIN
            XDATA   00CCH     0021H     UNIT         _XDATA_GROUP_
            XDATA   00EDH     000EH     UNIT         ?XD?_USART_SPI_INITIAL?A96L41X_USART_SPI
BL51 BANKED LINKER/LOCATER V6.22                                                      04/24/2026  14:37:16  PAGE 2


            XDATA   00FBH     0005H     UNIT         ?XD?A96L41X_ADC
            XDATA   0100H     0008H     ABSOLUTE     
            XDATA   0108H     0014H     UNIT         ?XD?A96L41X_USART
            XDATA   011CH     0014H     UNIT         ?XD?AUDIO
            XDATA   0130H     000AH     UNIT         ?XD?_FASTREAD?FLASH
            XDATA   013AH     0005H     UNIT         ?XD?_USART_CLOCK_INITIAL?A96L41X_USART
            XDATA   013FH     0001H     UNIT         ?XD?_USART_SENDDATAWITHINTERRUPT?A96L41X_USART
            XDATA   0140H     0008H     ABSOLUTE     
            XDATA   0148H     0009H     UNIT         ?XD?_DATA_AVR?MAIN
            XDATA   0151H     0007H     UNIT         ?XD?_READ_V?FLASH
            XDATA   0158H     0007H     UNIT         ?XD?_READ_?FLASH
            XDATA   015FH     0005H     UNIT         ?XD?A96L41X_USART_SPI
            XDATA   0164H     0004H     UNIT         ?XD?_USART_SPI_SENDDATAWITHINTERRUPT?A96L41X_USART_SPI
            XDATA   0168H     0004H     UNIT         ?XD?_USART_SPI_RECEIVEDATAWITHINTERRUPT?A96L41X_USART_SPI
            XDATA   016CH     0004H     UNIT         ?XD?_DELAY_S?MAIN
            XDATA   0170H     0004H     UNIT         ?XD?DUST_ADC_1AMP?MAIN
            XDATA   0174H     0003H     UNIT         ?XD?_USART_RECEIVEDATAWITHPOLLING?A96L41X_USART
            XDATA   0177H     0003H     UNIT         ?XD?_USART_SPI_SENDDATAWITHPOLLING?A96L41X_USART_SPI
            XDATA   017AH     0003H     UNIT         ?XD?_USART_SPI_RECEIVEDATAWITHPOLLING?A96L41X_USART_SPI
            XDATA   017DH     0003H     UNIT         ?XD?_GET_IDENTIFICATION?FLASH
            XDATA   0180H     0002H     UNIT         ?XD?_READ_AUDIO_LENGTH?AUDIO
            XDATA   0182H     0001H     UNIT         ?XD?USART_RECEIVEDATAWITHINTERRUPT?A96L41X_USART

            * * * * * * *   C O D E   M E M O R Y   * * * * * * *
            CODE    0000H     0003H     ABSOLUTE     
            CODE    0003H     0030H     UNIT         ?PR?_USART_SENDDATAWITHPOLLING?A96L41X_USART
            CODE    0033H     0003H     ABSOLUTE     
            CODE    0036H     0034H     UNIT         ?PR?PORT_INITIAL?A96L41X_GPIO
                    006AH     0001H                  *** GAP ***
            CODE    006BH     0003H     ABSOLUTE     
            CODE    006EH     0013H     UNIT         ?PR?USART_TX_QUEUE_IS_EMPTY?A96L41X_USART
                    0081H     0002H                  *** GAP ***
            CODE    0083H     0003H     ABSOLUTE     
            CODE    0086H     0005H     UNIT         ?PR?_TIMER0_SETMATCHCOUNTER?A96L41X_TIMER0
            CODE    008BH     0003H     ABSOLUTE     
            CODE    008EH     02CEH     UNIT         ?C?LIB_CODE
            CODE    035CH     01C0H     UNIT         ?PR?DUST_ADC_1AMP?MAIN
            CODE    051CH     0130H     UNIT         ?C_INITSEG
            CODE    064CH     011EH     UNIT         ?PR?_USART_INITIAL?A96L41X_USART
            CODE    076AH     0118H     UNIT         ?CO?MAIN
            CODE    0882H     010BH     UNIT         ?PR?MAIN?MAIN
            CODE    098DH     00F1H     UNIT         ?PR?_PORT_SETALTERFUNCTIONPIN?A96L41X_GPIO
            CODE    0A7EH     00E3H     UNIT         ?PR?_DATA_TRIMMEDMEAN?MAIN
            CODE    0B61H     00E1H     UNIT         ?PR?_DATA_SORTING?MAIN
            CODE    0C42H     00DAH     UNIT         ?PR?_USART_SPI_INITIAL?A96L41X_USART_SPI
            CODE    0D1CH     00C4H     UNIT         ?PR?UART_OUT?MAIN
            CODE    0DE0H     00C3H     UNIT         ?PR?TIMER1_INT?AUDIO
            CODE    0EA3H     00C2H     UNIT         ?PR?_DATA_AVR?MAIN
            CODE    0F65H     00AEH     UNIT         ?PR?_UART_OUT_INT?MAIN
            CODE    1013H     00A7H     UNIT         ?PR?HW_INITIAL?MAIN
            CODE    10BAH     00A1H     UNIT         ?PR?_PORT_GETINTERRUPTSTATUS?A96L41X_GPIO
            CODE    115BH     009EH     UNIT         ?PR?_USART_CONFIGUREINTERRUPT?A96L41X_USART
            CODE    11F9H     009AH     UNIT         ?C_C51STARTUP
            CODE    1293H     0099H     UNIT         ?PR?TEMP_ADC?MAIN
            CODE    132CH     0098H     UNIT         ?PR?GET_BAT_VOLTAGE_CV?MAIN
            CODE    13C4H     008FH     UNIT         ?PR?_PORT_CONFIGUREINTERRUPT?A96L41X_GPIO
            CODE    1453H     008EH     UNIT         ?PR?_USART_SPI_CONFIGUREINTERRUPT?A96L41X_USART_SPI
BL51 BANKED LINKER/LOCATER V6.22                                                      04/24/2026  14:37:16  PAGE 3


            CODE    14E1H     008BH     UNIT         ?PR?CHECK_SYSTEM?MAIN
            CODE    156CH     0088H     UNIT         ?PR?USART_RXINT_HANDLER?A96L41X_USART_SPI
            CODE    15F4H     0073H     UNIT         ?PR?_PORT_GETINPUTPINVALUE?A96L41X_GPIO
            CODE    1667H     0070H     UNIT         ?PR?_FASTREAD?FLASH
            CODE    16D7H     006EH     UNIT         ?PR?ADC_INT_HANDLER?A96L41X_ADC
            CODE    1745H     0067H     UNIT         ?PR?_READ_AUDIO_LENGTH?AUDIO
            CODE    17ACH     0064H     UNIT         ?PR?_READ_V?FLASH
            CODE    1810H     0060H     UNIT         ?PR?_PORT_SETINPUTPIN?A96L41X_GPIO
            CODE    1870H     005EH     UNIT         ?PR?_GET_IDENTIFICATION?FLASH
            CODE    18CEH     005DH     UNIT         ?PR?_PORT_SETOUTPUTPIN?A96L41X_GPIO
            CODE    192BH     005DH     UNIT         ?PR?_USART_SENDDATAWITHINTERRUPT?A96L41X_USART
            CODE    1988H     005AH     UNIT         ?PR?USART_TXINT_HANDLER?A96L41X_USART_SPI
            CODE    19E2H     0057H     UNIT         ?PR?_USART_SPI_SENDDATAWITHINTERRUPT?A96L41X_USART_SPI
            CODE    1A39H     0050H     UNIT         ?PR?_PORT_ENABLEINTERRUPT?A96L41X_GPIO
            CODE    1A89H     0050H     UNIT         ?PR?_PORT_DISABLEINTERRUPT?A96L41X_GPIO
            CODE    1AD9H     0050H     UNIT         ?PR?_PORT_CLEARINTERRUPTSTATUS?A96L41X_GPIO
            CODE    1B29H     004EH     UNIT         ?PR?AUDIO_INITIAL?AUDIO
            CODE    1B77H     0047H     UNIT         ?PR?USART_RECEIVEDATAWITHINTERRUPT?A96L41X_USART
            CODE    1BBEH     0044H     UNIT         ?PR?_SPI_TRANSFER?FLASH
            CODE    1C02H     0041H     UNIT         ?PR?_ADC_GETDATAWITHPOLLING?A96L41X_ADC
            CODE    1C43H     003EH     UNIT         ?PR?_DELAY_MS?MAIN
            CODE    1C81H     003DH     UNIT         ?PR?_CLOCK_CONFIGUREOSC?A96L41X_CLOCK
            CODE    1CBEH     003BH     UNIT         ?PR?_USART_CLOCK_INITIAL?A96L41X_USART
            CODE    1CF9H     003BH     UNIT         ?PR?_USART_SPI_RECEIVEDATAWITHPOLLING?A96L41X_USART_SPI
            CODE    1D34H     003AH     UNIT         ?PR?_PORT_SETOUTPUTLOWPIN?A96L41X_GPIO
            CODE    1D6EH     003AH     UNIT         ?PR?_DELAY_S?MAIN
            CODE    1DA8H     0038H     UNIT         ?PR?_USART_SPI_RECEIVEDATAWITHINTERRUPT?A96L41X_USART_SPI
            CODE    1DE0H     0037H     UNIT         ?PR?_PORT_SETOUTPUTHIGHPIN?A96L41X_GPIO
            CODE    1E17H     0037H     UNIT         ?PR?_PORT_SETOUTPUTTOGGLEPIN?A96L41X_GPIO
            CODE    1E4EH     0037H     UNIT         ?PR?_TIMER0_INITIAL?A96L41X_TIMER0
            CODE    1E85H     0037H     UNIT         ?PR?_TIMER1_INITIAL?A96L41X_TIMER1
            CODE    1EBCH     0037H     UNIT         ?PR?_TIMER2_INITIAL?A96L41X_TIMER2
            CODE    1EF3H     0033H     UNIT         ?PR?_USART_SPI_SENDDATAWITHPOLLING?A96L41X_USART_SPI
            CODE    1F26H     0033H     UNIT         ?PR?_READ_?FLASH
            CODE    1F59H     0032H     UNIT         ?PR?_CLOCK_INITIAL?A96L41X_CLOCK
            CODE    1F8BH     0031H     UNIT         ?PR?_NOP_20US_DELAY?DELAY
            CODE    1FBCH     0030H     UNIT         ?PR?_USART_RECEIVEDATAWITHPOLLING?A96L41X_USART
            CODE    1FECH     002DH     UNIT         ?PR?_ADC_GETDATAWITHINTERRUPT?A96L41X_ADC
            CODE    2019H     0029H     UNIT         ?PR?_ADC_INITIAL?A96L41X_ADC
            CODE    2042H     0026H     UNIT         ?PR?_SETADDRESS?FLASH
            CODE    2068H     0026H     UNIT         ?PR?_HW_INITIAL_WAIT?MAIN
            CODE    208EH     001EH     UNIT         ?PR?_READ?FLASH
            CODE    20ACH     001CH     UNIT         ?PR?USART_TX_QUEUE_IS_FULL?A96L41X_USART
            CODE    20C8H     001CH     UNIT         ?PR?USART_RX_QUEUE_IS_FULL?A96L41X_USART
            CODE    20E4H     0013H     UNIT         ?PR?USART_RX_QUEUE_IS_EMPTY?A96L41X_USART
            CODE    20F7H     0013H     UNIT         ?PR?SPI_RECEIVE?FLASH
            CODE    210AH     0010H     UNIT         ?PR?_SPI_SEND?FLASH
            CODE    211AH     000FH     UNIT         ?PR?_ADC_CONFIGUREINTERRUPT?A96L41X_ADC
            CODE    2129H     000FH     UNIT         ?PR?_OPAMP_INITIAL?A96L41X_OPAMP
            CODE    2138H     000FH     UNIT         ?PR?_TIMER0_SETPPGPOLARITY?A96L41X_TIMER0
            CODE    2147H     000FH     UNIT         ?PR?_TIMER1_SETPPGPOLARITY?A96L41X_TIMER1
            CODE    2156H     000FH     UNIT         ?PR?_TIMER2_SETPPGPOLARITY?A96L41X_TIMER2
            CODE    2165H     000EH     UNIT         ?PR?_USART_CONFIGUREWAKEUP?A96L41X_USART
            CODE    2173H     000DH     UNIT         ?PR?BEFORESTOP?MAIN
            CODE    2180H     000CH     UNIT         ?PR?_ADC_ENABLE?A96L41X_ADC
            CODE    218CH     000CH     UNIT         ?PR?_OP1_ENABLE?A96L41X_OPAMP
            CODE    2198H     000CH     UNIT         ?PR?_OP0_ENABLE?A96L41X_OPAMP
BL51 BANKED LINKER/LOCATER V6.22                                                      04/24/2026  14:37:16  PAGE 4


            CODE    21A4H     000CH     UNIT         ?PR?_USART_ENABLE?A96L41X_USART
            CODE    21B0H     000CH     UNIT         ?PR?_USART_SPI_ENABLE?A96L41X_USART_SPI
            CODE    21BCH     000CH     UNIT         ?PR?_ABS?ABS
            CODE    21C8H     000BH     UNIT         ?PR?_TIMER0_CONFIGUREINTERRUPT?A96L41X_TIMER0
            CODE    21D3H     000BH     UNIT         ?PR?_TIMER1_CONFIGUREINTERRUPT?A96L41X_TIMER1
            CODE    21DEH     000BH     UNIT         ?PR?_TIMER2_CONFIGUREINTERRUPT?A96L41X_TIMER2
            CODE    21E9H     000AH     UNIT         ?PR?WD_RESET?MAIN
            CODE    21F3H     0009H     UNIT         ?PR?_ADC_SELECTCHANNEL?A96L41X_ADC
            CODE    21FCH     0009H     UNIT         ?PR?CLOCK_GETSYSTEMFREQ?A96L41X_CLOCK
            CODE    2205H     0007H     UNIT         ?PR?_READ_C?FLASH
            CODE    220CH     0007H     UNIT         ?PR?AFTERSTOP?MAIN
            CODE    2213H     0006H     UNIT         ?PR?ADC_GETCONVERSIONSTATUS?A96L41X_ADC
            CODE    2219H     0005H     UNIT         ?PR?_TIMER0_SETPPGDUTYCOUNTER?A96L41X_TIMER0
            CODE    221EH     0005H     UNIT         ?PR?_TIMER0_SETPPGPERIODCOUNTER?A96L41X_TIMER0
            CODE    2223H     0005H     UNIT         ?PR?TIMER0_GETCAPTUREVALUE?A96L41X_TIMER0
            CODE    2228H     0005H     UNIT         ?PR?_TIMER1_SETMATCHCOUNTER?A96L41X_TIMER1
            CODE    222DH     0005H     UNIT         ?PR?_TIMER1_SETPPGDUTYCOUNTER?A96L41X_TIMER1
            CODE    2232H     0005H     UNIT         ?PR?_TIMER1_SETPPGPERIODCOUNTER?A96L41X_TIMER1
            CODE    2237H     0005H     UNIT         ?PR?TIMER1_GETCAPTUREVALUE?A96L41X_TIMER1
            CODE    223CH     0005H     UNIT         ?PR?_TIMER2_SETMATCHCOUNTER?A96L41X_TIMER2
            CODE    2241H     0005H     UNIT         ?PR?_TIMER2_SETPPGDUTYCOUNTER?A96L41X_TIMER2
            CODE    2246H     0005H     UNIT         ?PR?_TIMER2_SETPPGPERIODCOUNTER?A96L41X_TIMER2
            CODE    224BH     0005H     UNIT         ?PR?TIMER2_GETCAPTUREVALUE?A96L41X_TIMER2
            CODE    2250H     0005H     UNIT         ?PR?NOP_4US_DELAY?DELAY
            CODE    2255H     0004H     UNIT         ?PR?ADC_STARTSOFTWARETRIGGER?A96L41X_ADC
            CODE    2259H     0004H     UNIT         ?PR?ADC_CLEARINTERRUPTSTATUS?A96L41X_ADC
            CODE    225DH     0004H     UNIT         ?PR?TIMER0_CLEARCOUNTDATA?A96L41X_TIMER0
            CODE    2261H     0004H     UNIT         ?PR?TIMER0_START?A96L41X_TIMER0
            CODE    2265H     0004H     UNIT         ?PR?TIMER0_STOP?A96L41X_TIMER0
            CODE    2269H     0004H     UNIT         ?PR?TIMER0_CLEARINTERRUPTFLAG?A96L41X_TIMER0
            CODE    226DH     0004H     UNIT         ?PR?TIMER1_CLEARCOUNTDATA?A96L41X_TIMER1
            CODE    2271H     0004H     UNIT         ?PR?TIMER1_START?A96L41X_TIMER1
            CODE    2275H     0004H     UNIT         ?PR?TIMER1_STOP?A96L41X_TIMER1
            CODE    2279H     0004H     UNIT         ?PR?TIMER1_CLEARINTERRUPTFLAG?A96L41X_TIMER1
            CODE    227DH     0004H     UNIT         ?PR?TIMER2_CLEARCOUNTDATA?A96L41X_TIMER2
            CODE    2281H     0004H     UNIT         ?PR?TIMER2_START?A96L41X_TIMER2
            CODE    2285H     0004H     UNIT         ?PR?TIMER2_STOP?A96L41X_TIMER2
            CODE    2289H     0004H     UNIT         ?PR?TIMER2_CLEARINTERRUPTFLAG?A96L41X_TIMER2
            CODE    228DH     0004H     UNIT         ?PR?USART_CLEARWAKEUPFLAG?A96L41X_USART
            CODE    2291H     0003H     UNIT         ?PR?USART_GETINTERRUPTSTATUS?A96L41X_USART
            CODE    2294H     0003H     UNIT         ?PR?USART_SPI_GETINTERRUPTSTATUS?A96L41X_USART_SPI



OVERLAY MAP OF MODULE:   .\Objects\LTD_3x00B (A96L41X_ADC)


SEGMENT                                            XDATA_GROUP
  +--> CALLED SEGMENT                            START    LENGTH
----------------------------------------------------------------
?PR?ADC_INT_HANDLER?A96L41X_ADC                  -----    -----
  +--> ?PR?ADC_STARTSOFTWARETRIGGER?A96L41X_ADC
  +--> ?PR?_ADC_CONFIGUREINTERRUPT?A96L41X_ADC

*** NEW ROOT ***************************************************

?PR?USART_RXINT_HANDLER?A96L41X_USART...         -----    -----
BL51 BANKED LINKER/LOCATER V6.22                                                      04/24/2026  14:37:16  PAGE 5


  +--> ?PR?_USART_SPI_CONFIGUREINTERRUPT?A96...

*** NEW ROOT ***************************************************

?PR?USART_TXINT_HANDLER?A96L41X_USART...         -----    -----
  +--> ?PR?_USART_SPI_CONFIGUREINTERRUPT?A96...

*** NEW ROOT ***************************************************

?PR?TIMER1_INT?AUDIO                             -----    -----
  +--> ?PR?TIMER1_CLEARINTERRUPTFLAG?A96L41X...
  +--> ?PR?_READ?FLASH
  +--> ?PR?_TIMER0_SETPPGDUTYCOUNTER?A96L41X...
  +--> ?PR?TIMER0_START?A96L41X_TIMER0
  +--> ?PR?_READ_C?FLASH
  +--> ?PR?TIMER0_STOP?A96L41X_TIMER0

?PR?_READ?FLASH                                  00CCH    0004H
  +--> ?PR?_SPI_TRANSFER?FLASH
  +--> ?PR?_SETADDRESS?FLASH

?PR?_SETADDRESS?FLASH                            00D0H    0004H
  +--> ?PR?_SPI_TRANSFER?FLASH

?PR?_READ_C?FLASH                                -----    -----
  +--> ?PR?SPI_RECEIVE?FLASH

*** NEW ROOT ***************************************************

?C_C51STARTUP                                    -----    -----
  +--> ?PR?MAIN?MAIN
  +--> ?C_INITSEG

?PR?MAIN?MAIN                                    -----    -----
  +--> ?PR?_HW_INITIAL_WAIT?MAIN
  +--> ?PR?_DELAY_MS?MAIN
  +--> ?PR?_PORT_SETINPUTPIN?A96L41X_GPIO
  +--> ?PR?CHECK_SYSTEM?MAIN
  +--> ?PR?_PORT_GETINPUTPINVALUE?A96L41X_GPIO
  +--> ?PR?GET_BAT_VOLTAGE_CV?MAIN
  +--> ?PR?TEMP_ADC?MAIN
  +--> ?PR?UART_OUT?MAIN
  +--> ?PR?BEFORESTOP?MAIN
  +--> ?PR?AFTERSTOP?MAIN

?PR?_HW_INITIAL_WAIT?MAIN                        00D4H    0002H
  +--> ?PR?HW_INITIAL?MAIN
  +--> ?PR?_PORT_SETOUTPUTPIN?A96L41X_GPIO
  +--> ?PR?_DELAY_MS?MAIN

?PR?HW_INITIAL?MAIN                              -----    -----
  +--> ?PR?TIMER0_STOP?A96L41X_TIMER0

?PR?_DELAY_MS?MAIN                               00DCH    0004H
  +--> ?PR?_NOP_20US_DELAY?DELAY

?PR?_NOP_20US_DELAY?DELAY                        -----    -----
BL51 BANKED LINKER/LOCATER V6.22                                                      04/24/2026  14:37:16  PAGE 6


  +--> ?PR?NOP_4US_DELAY?DELAY

?PR?CHECK_SYSTEM?MAIN                            00D4H    0004H
  +--> ?PR?_OP0_ENABLE?A96L41X_OPAMP
  +--> ?PR?_OP1_ENABLE?A96L41X_OPAMP
  +--> ?PR?_ADC_INITIAL?A96L41X_ADC
  +--> ?PR?_ADC_SELECTCHANNEL?A96L41X_ADC
  +--> ?PR?_DELAY_MS?MAIN
  +--> ?PR?_ADC_GETDATAWITHPOLLING?A96L41X_ADC
  +--> ?PR?_DATA_TRIMMEDMEAN?MAIN
  +--> ?PR?_ABS?ABS

?PR?_ADC_INITIAL?A96L41X_ADC                     00DCH    0004H

?PR?_ADC_GETDATAWITHPOLLING?A96L41X_ADC          00DCH    0003H
  +--> ?PR?ADC_STARTSOFTWARETRIGGER?A96L41X_ADC
  +--> ?PR?ADC_GETCONVERSIONSTATUS?A96L41X_ADC

?PR?_DATA_TRIMMEDMEAN?MAIN                       00DCH    0009H
  +--> ?PR?_DATA_SORTING?MAIN

?PR?_DATA_SORTING?MAIN                           00E5H    0008H

?PR?GET_BAT_VOLTAGE_CV?MAIN                      00D4H    0008H
  +--> ?PR?_ADC_INITIAL?A96L41X_ADC
  +--> ?PR?_ADC_SELECTCHANNEL?A96L41X_ADC
  +--> ?PR?_DELAY_MS?MAIN
  +--> ?PR?_ADC_GETDATAWITHPOLLING?A96L41X_ADC
  +--> ?PR?_DATA_TRIMMEDMEAN?MAIN

?PR?TEMP_ADC?MAIN                                00D4H    0002H
  +--> ?PR?_OP0_ENABLE?A96L41X_OPAMP
  +--> ?PR?_OP1_ENABLE?A96L41X_OPAMP
  +--> ?PR?_ADC_INITIAL?A96L41X_ADC
  +--> ?PR?_ADC_SELECTCHANNEL?A96L41X_ADC
  +--> ?PR?_DELAY_MS?MAIN
  +--> ?PR?_ADC_GETDATAWITHPOLLING?A96L41X_ADC
  +--> ?PR?_DATA_TRIMMEDMEAN?MAIN
  +--> ?CO?MAIN

?PR?UART_OUT?MAIN                                -----    -----
  +--> ?PR?_PORT_SETALTERFUNCTIONPIN?A96L41X...
  +--> ?PR?_USART_INITIAL?A96L41X_USART
  +--> ?PR?_USART_SENDDATAWITHPOLLING?A96L41...
  +--> ?PR?_UART_OUT_INT?MAIN

?PR?_USART_INITIAL?A96L41X_USART                 00D4H    000EH
  +--> ?PR?CLOCK_GETSYSTEMFREQ?A96L41X_CLOCK

?PR?_USART_SENDDATAWITHPOLLING?A96L41...         00D7H    0003H

?PR?_UART_OUT_INT?MAIN                           00D4H    0003H
  +--> ?PR?_USART_SENDDATAWITHPOLLING?A96L41...



SYMBOL TABLE OF MODULE:  .\Objects\LTD_3x00B (A96L41X_ADC)
BL51 BANKED LINKER/LOCATER V6.22                                                      04/24/2026  14:37:16  PAGE 7



  VALUE           TYPE          NAME
  ----------------------------------

  -------         MODULE        A96L41X_ADC
  C:0000H         SYMBOL        _ICE_DUMMY_
  C:2213H         PUBLIC        ADC_GetConversionStatus
  C:211AH         PUBLIC        _ADC_ConfigureInterrupt
  D:00CBH         PUBLIC        ADCCRH
  D:00CAH         PUBLIC        ADCCRL
  X:00FBH         PUBLIC        adc_buff
  X:00FEH         PUBLIC        adc_count
  C:1FECH         PUBLIC        _ADC_GetDataWithInterrupt
  D:00A9H         PUBLIC        IE1
  C:1C02H         PUBLIC        _ADC_GetDataWithPolling
  C:21F3H         PUBLIC        _ADC_SelectChannel
  X:00FFH         PUBLIC        buff_cnt
  D:00CCH         PUBLIC        ADCDR
  C:2255H         PUBLIC        ADC_StartSoftwareTrigger
  C:2259H         PUBLIC        ADC_ClearInterruptStatus
  C:2180H         PUBLIC        _ADC_Enable
  C:2019H         PUBLIC        _ADC_Initial
  C:16D7H         PUBLIC        ADC_Int_Handler
  -------         PROC          _ADC_INITIAL
  D:0007H         SYMBOL        clock_sel
  D:0005H         SYMBOL        trigger_sel
  D:0003H         SYMBOL        ref_voltage
  X:00DFH         SYMBOL        align_sel
  -------         DO            
  D:0006H         SYMBOL        temp_reg
  D:0007H         SYMBOL        temp_reg2
  -------         ENDDO         
  C:2019H         LINE#         81
  C:2019H         LINE#         82
  C:2019H         LINE#         95
  C:201CH         LINE#         96
  C:201EH         LINE#         97
  C:201EH         LINE#         99
  C:2020H         LINE#         100
  C:2020H         LINE#         101
  C:2032H         LINE#         103
  C:2034H         LINE#         104
  C:2034H         LINE#         105
  C:203DH         LINE#         107
  C:203FH         LINE#         108
  C:2041H         LINE#         121
  -------         ENDPROC       _ADC_INITIAL
  -------         PROC          _ADC_ENABLE
  D:0007H         SYMBOL        enable
  C:2180H         LINE#         131
  C:2180H         LINE#         132
  C:2180H         LINE#         133
  C:2184H         LINE#         134
  C:2184H         LINE#         135
  C:2187H         LINE#         136
  C:2188H         LINE#         138
  C:2188H         LINE#         139
BL51 BANKED LINKER/LOCATER V6.22                                                      04/24/2026  14:37:16  PAGE 8


  C:218BH         LINE#         140
  C:218BH         LINE#         141
  -------         ENDPROC       _ADC_ENABLE
  -------         PROC          ADC_STARTSOFTWARETRIGGER
  C:2255H         LINE#         148
  C:2255H         LINE#         149
  C:2255H         LINE#         150
  C:2258H         LINE#         151
  -------         ENDPROC       ADC_STARTSOFTWARETRIGGER
  -------         PROC          _ADC_SELECTCHANNEL
  D:0007H         SYMBOL        channel
  -------         DO            
  D:0006H         SYMBOL        temp_reg
  -------         ENDDO         
  C:21F3H         LINE#         169
  C:21F3H         LINE#         170
  C:21F3H         LINE#         173
  C:21F5H         LINE#         174
  C:21F8H         LINE#         175
  C:21F9H         LINE#         177
  C:21FBH         LINE#         178
  -------         ENDPROC       _ADC_SELECTCHANNEL
  -------         PROC          ADC_GETCONVERSIONSTATUS
  C:2213H         LINE#         185
  C:2213H         LINE#         186
  C:2213H         LINE#         187
  C:2218H         LINE#         188
  -------         ENDPROC       ADC_GETCONVERSIONSTATUS
  -------         PROC          _ADC_GETDATAWITHINTERRUPT
  D:0001H         SYMBOL        adc_data
  D:0005H         SYMBOL        count
  C:1FECH         LINE#         196
  C:1FECH         LINE#         197
  C:1FECH         LINE#         198
  C:1FF1H         LINE#         199
  C:1FFCH         LINE#         200
  C:2001H         LINE#         202
  C:2006H         LINE#         204
  C:200BH         LINE#         205
  C:200BH         LINE#         206
  C:200EH         LINE#         207
  C:200EH         LINE#         209
  C:2018H         LINE#         211
  -------         ENDPROC       _ADC_GETDATAWITHINTERRUPT
  -------         PROC          _ADC_GETDATAWITHPOLLING
  X:00DCH         SYMBOL        adc_data
  D:0005H         SYMBOL        count
  -------         DO            
  D:0006H         SYMBOL        i
  -------         ENDDO         
  C:1C02H         LINE#         219
  C:1C0DH         LINE#         220
  C:1C0DH         LINE#         223
  C:1C14H         LINE#         224
  C:1C14H         LINE#         225
  C:1C19H         LINE#         226
  C:1C1CH         LINE#         228
BL51 BANKED LINKER/LOCATER V6.22                                                      04/24/2026  14:37:16  PAGE 9


  C:1C22H         LINE#         230
  C:1C3FH         LINE#         231
  C:1C42H         LINE#         232
  -------         ENDPROC       _ADC_GETDATAWITHPOLLING
  -------         PROC          _ADC_CONFIGUREINTERRUPT
  D:0007H         SYMBOL        enable
  C:211AH         LINE#         242
  C:211AH         LINE#         243
  C:211AH         LINE#         244
  C:211EH         LINE#         245
  C:211EH         LINE#         246
  C:2121H         LINE#         247
  C:2122H         LINE#         249
  C:2122H         LINE#         250
  C:2125H         LINE#         251
  C:2128H         LINE#         252
  C:2128H         LINE#         253
  -------         ENDPROC       _ADC_CONFIGUREINTERRUPT
  -------         PROC          ADC_CLEARINTERRUPTSTATUS
  C:2259H         LINE#         260
  C:2259H         LINE#         261
  C:2259H         LINE#         262
  C:225CH         LINE#         263
  -------         ENDPROC       ADC_CLEARINTERRUPTSTATUS
  -------         PROC          ADC_INT_HANDLER
  C:16D7H         LINE#         266
  C:16EEH         LINE#         268
  C:16F9H         LINE#         269
  C:16FCH         LINE#         271
  C:1702H         LINE#         272
  C:1726H         LINE#         274
  C:172CH         LINE#         275
  C:1730H         LINE#         276
  -------         ENDPROC       ADC_INT_HANDLER
  -------         ENDMOD        A96L41X_ADC

  -------         MODULE        A96L41X_CLOCK
  C:0000H         SYMBOL        _ICE_DUMMY_
  C:21FCH         PUBLIC        Clock_GetSystemFreq
  C:1F59H         PUBLIC        _Clock_Initial
  D:008AH         PUBLIC        SCCR
  C:1C81H         PUBLIC        _Clock_ConfigureOSC
  D:00C8H         PUBLIC        OSCCR
  -------         PROC          _CLOCK_INITIAL
  D:0007H         SYMBOL        clock_sel
  -------         DO            
  D:0006H         SYMBOL        temp_reg
  -------         ENDDO         
  C:1F59H         LINE#         63
  C:1F59H         LINE#         64
  C:1F59H         LINE#         66
  C:1F5FH         LINE#         67
  C:1F5FH         LINE#         69
  C:1F62H         LINE#         71
  C:1F64H         LINE#         72
  C:1F68H         LINE#         73
  C:1F6FH         LINE#         74
BL51 BANKED LINKER/LOCATER V6.22                                                      04/24/2026  14:37:16  PAGE 10


  C:1F71H         LINE#         75
  C:1F72H         LINE#         76
  C:1F76H         LINE#         77
  C:1F76H         LINE#         79
  C:1F79H         LINE#         80
  C:1F80H         LINE#         81
  C:1F83H         LINE#         82
  C:1F85H         LINE#         83
  C:1F88H         LINE#         84
  C:1F8AH         LINE#         85
  C:1F8AH         LINE#         86
  -------         ENDPROC       _CLOCK_INITIAL
  -------         PROC          _CLOCK_CONFIGUREOSC
  D:0007H         SYMBOL        osc_sel
  D:0005H         SYMBOL        hsirc_div
  D:0003H         SYMBOL        osc_enable
  -------         DO            
  D:0006H         SYMBOL        temp_reg
  -------         ENDDO         
  C:1C81H         LINE#         106
  C:1C81H         LINE#         107
  C:1C81H         LINE#         110
  C:1C86H         LINE#         111
  C:1C86H         LINE#         112
  C:1C89H         LINE#         113
  C:1C89H         LINE#         114
  C:1C8BH         LINE#         116
  C:1C8BH         LINE#         117
  C:1C8CH         LINE#         118
  C:1C91H         LINE#         119
  C:1C91H         LINE#         121
  C:1C94H         LINE#         122
  C:1C94H         LINE#         123
  C:1C95H         LINE#         124
  C:1C98H         LINE#         125
  C:1C98H         LINE#         126
  C:1C9BH         LINE#         127
  C:1C9BH         LINE#         129
  C:1C9EH         LINE#         130
  C:1C9FH         LINE#         131
  C:1CA4H         LINE#         132
  C:1CA4H         LINE#         133
  C:1CA6H         LINE#         135
  C:1CAFH         LINE#         137
  C:1CB2H         LINE#         138
  C:1CBBH         LINE#         140
  C:1CBDH         LINE#         141
  C:1CBDH         LINE#         142
  C:1CBDH         LINE#         143
  -------         ENDPROC       _CLOCK_CONFIGUREOSC
  -------         PROC          CLOCK_GETSYSTEMFREQ
  C:21FCH         LINE#         150
  C:21FCH         LINE#         151
  C:21FCH         LINE#         152
  C:2204H         LINE#         153
  -------         ENDPROC       CLOCK_GETSYSTEMFREQ
  -------         ENDMOD        A96L41X_CLOCK
BL51 BANKED LINKER/LOCATER V6.22                                                      04/24/2026  14:37:16  PAGE 11



  -------         MODULE        A96L41X_GPIO
  C:0000H         SYMBOL        _ICE_DUMMY_
  D:0080H         PUBLIC        P0
  D:0088H         PUBLIC        P1
  D:0090H         PUBLIC        P2
  C:13C4H         PUBLIC        _Port_ConfigureInterrupt
  C:10BAH         PUBLIC        _Port_GetInterruptStatus
  D:0096H         PUBLIC        P0DB
  C:15F4H         PUBLIC        _Port_GetInputpinValue
  D:00A8H         PUBLIC        IE
  C:1810H         PUBLIC        _Port_SetInputpin
  D:0092H         PUBLIC        P0OD
  C:1A89H         PUBLIC        _Port_DisableInterrupt
  C:18CEH         PUBLIC        _Port_SetOutputpin
  D:009AH         PUBLIC        P1OD
  D:00D2H         PUBLIC        P2OD
  C:1DE0H         PUBLIC        _Port_SetOutputHighpin
  D:0091H         PUBLIC        P0IO
  D:0099H         PUBLIC        P1IO
  D:00A1H         PUBLIC        P2IO
  D:0093H         PUBLIC        P0PU
  C:1A39H         PUBLIC        _Port_EnableInterrupt
  D:009BH         PUBLIC        P1PU
  D:00D3H         PUBLIC        P2PU
  D:00A0H         PUBLIC        EIFLAG
  D:00A4H         PUBLIC        EIPOL0
  D:00A5H         PUBLIC        EIPOL1
  D:0095H         PUBLIC        P0FSRH
  D:009DH         PUBLIC        P1FSRH
  D:0094H         PUBLIC        P0FSRL
  D:009EH         PUBLIC        P12DB
  D:009CH         PUBLIC        P1FSRL
  D:00A9H         PUBLIC        IE1
  C:098DH         PUBLIC        _Port_SetAlterFunctionpin
  C:1D34H         PUBLIC        _Port_SetOutputLowpin
  C:1AD9H         PUBLIC        _Port_ClearInterruptStatus
  C:0036H         PUBLIC        Port_Initial
  D:00D4H         PUBLIC        P2FSR
  C:1E17H         PUBLIC        _Port_SetOutputTogglepin
  -------         PROC          PORT_INITIAL
  C:0036H         LINE#         62
  C:0036H         LINE#         63
  C:0036H         LINE#         67
  C:0039H         LINE#         68
  C:003CH         LINE#         69
  C:003EH         LINE#         70
  C:0041H         LINE#         71
  C:0044H         LINE#         77
  C:0047H         LINE#         83
  C:0049H         LINE#         92
  C:004CH         LINE#         93
  C:004EH         LINE#         94
  C:0051H         LINE#         95
  C:0054H         LINE#         97
  C:0057H         LINE#         101
  C:005AH         LINE#         107
BL51 BANKED LINKER/LOCATER V6.22                                                      04/24/2026  14:37:16  PAGE 12


  C:005CH         LINE#         116
  C:005FH         LINE#         117
  C:0061H         LINE#         118
  C:0063H         LINE#         119
  C:0066H         LINE#         121
  C:0069H         LINE#         127
  -------         ENDPROC       PORT_INITIAL
  -------         PROC          _PORT_SETOUTPUTPIN
  D:0007H         SYMBOL        port
  D:0005H         SYMBOL        pin
  D:0003H         SYMBOL        mode
  C:18CEH         LINE#         136
  C:18CEH         LINE#         137
  C:18CEH         LINE#         139
  C:18D9H         LINE#         140
  C:18D9H         LINE#         141
  C:18D9H         LINE#         142
  C:18E6H         LINE#         143
  C:18F2H         LINE#         144
  C:18F3H         LINE#         145
  C:18F3H         LINE#         146
  C:1900H         LINE#         147
  C:190CH         LINE#         148
  C:190DH         LINE#         149
  C:190DH         LINE#         150
  C:191AH         LINE#         151
  C:192AH         LINE#         152
  C:192AH         LINE#         153
  C:192AH         LINE#         154
  C:192AH         LINE#         155
  C:192AH         LINE#         156
  -------         ENDPROC       _PORT_SETOUTPUTPIN
  -------         PROC          _PORT_SETINPUTPIN
  D:0007H         SYMBOL        port
  D:0005H         SYMBOL        pin
  D:0003H         SYMBOL        mode
  C:1810H         LINE#         165
  C:1810H         LINE#         166
  C:1810H         LINE#         167
  C:181BH         LINE#         168
  C:181BH         LINE#         169
  C:181BH         LINE#         170
  C:1829H         LINE#         171
  C:1835H         LINE#         172
  C:1836H         LINE#         173
  C:1836H         LINE#         174
  C:1844H         LINE#         175
  C:1850H         LINE#         176
  C:1851H         LINE#         177
  C:1851H         LINE#         178
  C:185FH         LINE#         179
  C:186FH         LINE#         180
  C:186FH         LINE#         181
  C:186FH         LINE#         182
  C:186FH         LINE#         183
  C:186FH         LINE#         184
  -------         ENDPROC       _PORT_SETINPUTPIN
BL51 BANKED LINKER/LOCATER V6.22                                                      04/24/2026  14:37:16  PAGE 13


  -------         PROC          _PORT_SETALTERFUNCTIONPIN
  D:0007H         SYMBOL        port
  D:0005H         SYMBOL        pin
  D:0003H         SYMBOL        val
  -------         DO            
  D:0006H         SYMBOL        temp_reg
  -------         ENDDO         
  C:098DH         LINE#         193
  C:098DH         LINE#         194
  C:098DH         LINE#         197
  C:099EH         LINE#         198
  C:099EH         LINE#         199
  C:099EH         LINE#         200
  C:09A4H         LINE#         201
  C:09A4H         LINE#         202
  C:09A6H         LINE#         203
  C:09BBH         LINE#         204
  C:09C6H         LINE#         206
  C:09C8H         LINE#         207
  C:09C9H         LINE#         209
  C:09C9H         LINE#         210
  C:09CBH         LINE#         211
  C:09DDH         LINE#         212
  C:09E8H         LINE#         214
  C:09EAH         LINE#         215
  C:09EAH         LINE#         216
  C:09EBH         LINE#         217
  C:09EBH         LINE#         218
  C:09F1H         LINE#         219
  C:09F1H         LINE#         220
  C:09F3H         LINE#         221
  C:0A08H         LINE#         222
  C:0A13H         LINE#         224
  C:0A15H         LINE#         225
  C:0A16H         LINE#         227
  C:0A16H         LINE#         228
  C:0A18H         LINE#         229
  C:0A2AH         LINE#         230
  C:0A35H         LINE#         232
  C:0A37H         LINE#         233
  C:0A37H         LINE#         234
  C:0A38H         LINE#         235
  C:0A38H         LINE#         236
  C:0A3EH         LINE#         237
  C:0A3EH         LINE#         238
  C:0A40H         LINE#         239
  C:0A4EH         LINE#         240
  C:0A58H         LINE#         242
  C:0A58H         LINE#         243
  C:0A5AH         LINE#         245
  C:0A5AH         LINE#         246
  C:0A5CH         LINE#         247
  C:0A6EH         LINE#         248
  C:0A7BH         LINE#         250
  C:0A7DH         LINE#         251
  C:0A7DH         LINE#         252
  C:0A7DH         LINE#         253
BL51 BANKED LINKER/LOCATER V6.22                                                      04/24/2026  14:37:16  PAGE 14


  C:0A7DH         LINE#         254
  C:0A7DH         LINE#         255
  C:0A7DH         LINE#         256
  -------         ENDPROC       _PORT_SETALTERFUNCTIONPIN
  -------         PROC          _PORT_SETOUTPUTHIGHPIN
  D:0007H         SYMBOL        port
  D:0005H         SYMBOL        pin
  C:1DE0H         LINE#         265
  C:1DE0H         LINE#         266
  C:1DE0H         LINE#         268
  C:1DEBH         LINE#         269
  C:1DEBH         LINE#         270
  C:1DEBH         LINE#         271
  C:1DF8H         LINE#         272
  C:1DF9H         LINE#         273
  C:1DF9H         LINE#         274
  C:1E06H         LINE#         275
  C:1E07H         LINE#         276
  C:1E07H         LINE#         277
  C:1E16H         LINE#         278
  C:1E16H         LINE#         279
  C:1E16H         LINE#         280
  C:1E16H         LINE#         281
  C:1E16H         LINE#         282
  -------         ENDPROC       _PORT_SETOUTPUTHIGHPIN
  -------         PROC          _PORT_SETOUTPUTLOWPIN
  D:0007H         SYMBOL        port
  D:0005H         SYMBOL        pin
  C:1D34H         LINE#         291
  C:1D34H         LINE#         292
  C:1D34H         LINE#         294
  C:1D3FH         LINE#         295
  C:1D3FH         LINE#         296
  C:1D3FH         LINE#         297
  C:1D4DH         LINE#         298
  C:1D4EH         LINE#         299
  C:1D4EH         LINE#         300
  C:1D5CH         LINE#         301
  C:1D5DH         LINE#         302
  C:1D5DH         LINE#         303
  C:1D6DH         LINE#         304
  C:1D6DH         LINE#         305
  C:1D6DH         LINE#         306
  C:1D6DH         LINE#         307
  C:1D6DH         LINE#         308
  -------         ENDPROC       _PORT_SETOUTPUTLOWPIN
  -------         PROC          _PORT_SETOUTPUTTOGGLEPIN
  D:0007H         SYMBOL        port
  D:0005H         SYMBOL        pin
  C:1E17H         LINE#         317
  C:1E17H         LINE#         318
  C:1E17H         LINE#         320
  C:1E22H         LINE#         321
  C:1E22H         LINE#         322
  C:1E22H         LINE#         323
  C:1E2FH         LINE#         324
  C:1E30H         LINE#         325
BL51 BANKED LINKER/LOCATER V6.22                                                      04/24/2026  14:37:16  PAGE 15


  C:1E30H         LINE#         326
  C:1E3DH         LINE#         327
  C:1E3EH         LINE#         328
  C:1E3EH         LINE#         329
  C:1E4DH         LINE#         330
  C:1E4DH         LINE#         331
  C:1E4DH         LINE#         332
  C:1E4DH         LINE#         333
  C:1E4DH         LINE#         334
  -------         ENDPROC       _PORT_SETOUTPUTTOGGLEPIN
  -------         PROC          _PORT_GETINPUTPINVALUE
  D:0007H         SYMBOL        port
  D:0005H         SYMBOL        pin
  -------         DO            
  D:0004H         SYMBOL        result
  -------         ENDDO         
  C:15F4H         LINE#         343
  C:15F4H         LINE#         344
  C:15F4H         LINE#         347
  C:15FFH         LINE#         348
  C:15FFH         LINE#         349
  C:15FFH         LINE#         350
  C:161EH         LINE#         351
  C:1620H         LINE#         352
  C:1620H         LINE#         353
  C:163FH         LINE#         354
  C:1641H         LINE#         355
  C:1641H         LINE#         356
  C:1664H         LINE#         357
  C:1664H         LINE#         358
  C:1664H         LINE#         359
  C:1664H         LINE#         360
  C:1664H         LINE#         362
  C:1666H         LINE#         363
  -------         ENDPROC       _PORT_GETINPUTPINVALUE
  -------         PROC          _PORT_ENABLEINTERRUPT
  D:0007H         SYMBOL        channel
  C:1A39H         LINE#         370
  C:1A39H         LINE#         371
  C:1A39H         LINE#         372
  C:1A6DH         LINE#         373
  C:1A6DH         LINE#         374
  C:1A6DH         LINE#         375
  C:1A70H         LINE#         376
  C:1A71H         LINE#         377
  C:1A71H         LINE#         378
  C:1A74H         LINE#         379
  C:1A75H         LINE#         380
  C:1A75H         LINE#         381
  C:1A78H         LINE#         382
  C:1A79H         LINE#         383
  C:1A79H         LINE#         384
  C:1A7CH         LINE#         385
  C:1A7DH         LINE#         386
  C:1A7DH         LINE#         387
  C:1A7DH         LINE#         388
  C:1A7DH         LINE#         389
BL51 BANKED LINKER/LOCATER V6.22                                                      04/24/2026  14:37:16  PAGE 16


  C:1A7DH         LINE#         390
  C:1A7DH         LINE#         391
  C:1A7DH         LINE#         392
  C:1A80H         LINE#         393
  C:1A81H         LINE#         394
  C:1A81H         LINE#         395
  C:1A84H         LINE#         396
  C:1A85H         LINE#         397
  C:1A85H         LINE#         398
  C:1A88H         LINE#         399
  C:1A88H         LINE#         400
  C:1A88H         LINE#         401
  C:1A88H         LINE#         402
  C:1A88H         LINE#         403
  -------         ENDPROC       _PORT_ENABLEINTERRUPT
  -------         PROC          _PORT_DISABLEINTERRUPT
  D:0007H         SYMBOL        channel
  C:1A89H         LINE#         410
  C:1A89H         LINE#         411
  C:1A89H         LINE#         412
  C:1ABDH         LINE#         413
  C:1ABDH         LINE#         414
  C:1ABDH         LINE#         415
  C:1AC0H         LINE#         416
  C:1AC1H         LINE#         417
  C:1AC1H         LINE#         418
  C:1AC4H         LINE#         419
  C:1AC5H         LINE#         420
  C:1AC5H         LINE#         421
  C:1AC8H         LINE#         422
  C:1AC9H         LINE#         423
  C:1AC9H         LINE#         424
  C:1ACCH         LINE#         425
  C:1ACDH         LINE#         426
  C:1ACDH         LINE#         427
  C:1ACDH         LINE#         428
  C:1ACDH         LINE#         429
  C:1ACDH         LINE#         430
  C:1ACDH         LINE#         431
  C:1ACDH         LINE#         432
  C:1AD0H         LINE#         433
  C:1AD1H         LINE#         434
  C:1AD1H         LINE#         435
  C:1AD4H         LINE#         436
  C:1AD5H         LINE#         437
  C:1AD5H         LINE#         438
  C:1AD8H         LINE#         439
  C:1AD8H         LINE#         440
  C:1AD8H         LINE#         441
  C:1AD8H         LINE#         442
  C:1AD8H         LINE#         443
  -------         ENDPROC       _PORT_DISABLEINTERRUPT
  -------         PROC          _PORT_CONFIGUREINTERRUPT
  D:0007H         SYMBOL        channel
  D:0005H         SYMBOL        edge
  -------         DO            
  D:0006H         SYMBOL        temp_reg
BL51 BANKED LINKER/LOCATER V6.22                                                      04/24/2026  14:37:16  PAGE 17


  -------         ENDDO         
  C:13C4H         LINE#         458
  C:13C4H         LINE#         459
  C:13C4H         LINE#         462
  C:13FBH         LINE#         463
  C:13FBH         LINE#         464
  C:13FBH         LINE#         465
  C:13FDH         LINE#         466
  C:1400H         LINE#         467
  C:1401H         LINE#         468
  C:1403H         LINE#         469
  C:1404H         LINE#         470
  C:1404H         LINE#         471
  C:1406H         LINE#         472
  C:140AH         LINE#         473
  C:140FH         LINE#         474
  C:140FH         LINE#         475
  C:1411H         LINE#         476
  C:1411H         LINE#         477
  C:1413H         LINE#         478
  C:1417H         LINE#         479
  C:141BH         LINE#         480
  C:141BH         LINE#         481
  C:141DH         LINE#         482
  C:141DH         LINE#         483
  C:141FH         LINE#         484
  C:1423H         LINE#         485
  C:142AH         LINE#         486
  C:142CH         LINE#         487
  C:142DH         LINE#         488
  C:142DH         LINE#         489
  C:142DH         LINE#         490
  C:142DH         LINE#         491
  C:142DH         LINE#         492
  C:142DH         LINE#         493
  C:142DH         LINE#         494
  C:142DH         LINE#         495
  C:142FH         LINE#         496
  C:1432H         LINE#         497
  C:1433H         LINE#         499
  C:1435H         LINE#         500
  C:1436H         LINE#         501
  C:1436H         LINE#         502
  C:1438H         LINE#         503
  C:143CH         LINE#         504
  C:1441H         LINE#         506
  C:1441H         LINE#         507
  C:1443H         LINE#         508
  C:1443H         LINE#         509
  C:1445H         LINE#         510
  C:1449H         LINE#         511
  C:1450H         LINE#         513
  C:1452H         LINE#         514
  C:1452H         LINE#         515
  C:1452H         LINE#         516
  C:1452H         LINE#         517
  C:1452H         LINE#         518
BL51 BANKED LINKER/LOCATER V6.22                                                      04/24/2026  14:37:16  PAGE 18


  -------         ENDPROC       _PORT_CONFIGUREINTERRUPT
  -------         PROC          _PORT_GETINTERRUPTSTATUS
  D:0007H         SYMBOL        channel
  -------         DO            
  D:0006H         SYMBOL        result
  -------         ENDDO         
  C:10BAH         LINE#         525
  C:10BAH         LINE#         526
  C:10BAH         LINE#         529
  C:10F1H         LINE#         530
  C:10F1H         LINE#         531
  C:10F1H         LINE#         532
  C:10FEH         LINE#         533
  C:1100H         LINE#         534
  C:1100H         LINE#         535
  C:110DH         LINE#         536
  C:110FH         LINE#         537
  C:110FH         LINE#         538
  C:111CH         LINE#         539
  C:111EH         LINE#         540
  C:111EH         LINE#         541
  C:112BH         LINE#         542
  C:112DH         LINE#         543
  C:112DH         LINE#         544
  C:112DH         LINE#         545
  C:112DH         LINE#         546
  C:112DH         LINE#         547
  C:112DH         LINE#         548
  C:112DH         LINE#         549
  C:113AH         LINE#         550
  C:113CH         LINE#         551
  C:113CH         LINE#         552
  C:1149H         LINE#         553
  C:114BH         LINE#         554
  C:114BH         LINE#         555
  C:1158H         LINE#         556
  C:1158H         LINE#         557
  C:1158H         LINE#         558
  C:1158H         LINE#         559
  C:1158H         LINE#         561
  C:115AH         LINE#         562
  -------         ENDPROC       _PORT_GETINTERRUPTSTATUS
  -------         PROC          _PORT_CLEARINTERRUPTSTATUS
  D:0007H         SYMBOL        channel
  C:1AD9H         LINE#         583
  C:1AD9H         LINE#         584
  C:1AD9H         LINE#         585
  C:1B0DH         LINE#         586
  C:1B0DH         LINE#         587
  C:1B0DH         LINE#         588
  C:1B10H         LINE#         589
  C:1B11H         LINE#         590
  C:1B11H         LINE#         591
  C:1B14H         LINE#         592
  C:1B15H         LINE#         593
  C:1B15H         LINE#         594
  C:1B18H         LINE#         595
BL51 BANKED LINKER/LOCATER V6.22                                                      04/24/2026  14:37:16  PAGE 19


  C:1B19H         LINE#         596
  C:1B19H         LINE#         597
  C:1B1CH         LINE#         598
  C:1B1DH         LINE#         599
  C:1B1DH         LINE#         600
  C:1B1DH         LINE#         601
  C:1B1DH         LINE#         602
  C:1B1DH         LINE#         603
  C:1B1DH         LINE#         604
  C:1B1DH         LINE#         605
  C:1B20H         LINE#         606
  C:1B21H         LINE#         607
  C:1B21H         LINE#         608
  C:1B24H         LINE#         609
  C:1B25H         LINE#         610
  C:1B25H         LINE#         611
  C:1B28H         LINE#         612
  C:1B28H         LINE#         613
  C:1B28H         LINE#         614
  C:1B28H         LINE#         615
  C:1B28H         LINE#         616
  -------         ENDPROC       _PORT_CLEARINTERRUPTSTATUS
  -------         ENDMOD        A96L41X_GPIO

  -------         MODULE        A96L41X_OPAMP
  C:0000H         SYMBOL        _ICE_DUMMY_
  D:00AFH         PUBLIC        AMPCR1
  C:2129H         PUBLIC        _OPAMP_Initial
  D:00ADH         PUBLIC        CHPCR
  C:2198H         PUBLIC        _OP0_Enable
  C:218CH         PUBLIC        _OP1_Enable
  -------         PROC          _OPAMP_INITIAL
  D:0007H         SYMBOL        gain_1sel
  D:0005H         SYMBOL        gain_0sel
  D:0003H         SYMBOL        chp_clk
  -------         DO            
  D:0006H         SYMBOL        temp_reg
  D:0007H         SYMBOL        temp_reg2
  -------         ENDDO         
  C:2129H         LINE#         81
  C:2129H         LINE#         82
  C:2129H         LINE#         85
  C:212BH         LINE#         86
  C:212BH         LINE#         87
  C:2130H         LINE#         89
  C:2132H         LINE#         91
  C:2134H         LINE#         92
  C:2134H         LINE#         93
  C:2135H         LINE#         95
  C:2137H         LINE#         97
  -------         ENDPROC       _OPAMP_INITIAL
  -------         PROC          _OP1_ENABLE
  D:0007H         SYMBOL        enable
  C:218CH         LINE#         107
  C:218CH         LINE#         108
  C:218CH         LINE#         109
  C:2190H         LINE#         110
BL51 BANKED LINKER/LOCATER V6.22                                                      04/24/2026  14:37:16  PAGE 20


  C:2190H         LINE#         111
  C:2193H         LINE#         112
  C:2194H         LINE#         114
  C:2194H         LINE#         115
  C:2197H         LINE#         116
  C:2197H         LINE#         117
  -------         ENDPROC       _OP1_ENABLE
  -------         PROC          _OP0_ENABLE
  D:0007H         SYMBOL        enable
  C:2198H         LINE#         126
  C:2198H         LINE#         127
  C:2198H         LINE#         128
  C:219CH         LINE#         129
  C:219CH         LINE#         130
  C:219FH         LINE#         131
  C:21A0H         LINE#         133
  C:21A0H         LINE#         134
  C:21A3H         LINE#         135
  C:21A3H         LINE#         136
  -------         ENDPROC       _OP0_ENABLE
  -------         ENDMOD        A96L41X_OPAMP

  -------         MODULE        A96L41X_TIMER0
  C:0000H         SYMBOL        _ICE_DUMMY_
  C:2138H         PUBLIC        _Timer0_SetPPGPolarity
  C:225DH         PUBLIC        Timer0_ClearCountData
  C:2223H         PUBLIC        Timer0_GetCaptureValue
  C:21C8H         PUBLIC        _Timer0_ConfigureInterrupt
  C:0086H         PUBLIC        _Timer0_SetMatchCounter
  C:2261H         PUBLIC        Timer0_Start
  C:2219H         PUBLIC        _Timer0_SetPPGDutyCounter
  C:2265H         PUBLIC        Timer0_Stop
  D:00AAH         PUBLIC        IE2
  C:2269H         PUBLIC        Timer0_ClearInterruptFlag
  D:00B4H         PUBLIC        T0ADR
  D:00B6H         PUBLIC        T0BDR
  D:00B3H         PUBLIC        T0CRH
  C:1E4EH         PUBLIC        _Timer0_Initial
  D:00B2H         PUBLIC        T0CRL
  C:221EH         PUBLIC        _Timer0_SetPPGPeriodCounter
  -------         PROC          _TIMER0_INITIAL
  D:0007H         SYMBOL        mode
  D:0005H         SYMBOL        freq
  -------         DO            
  D:0006H         SYMBOL        temp_reg
  D:0004H         SYMBOL        temp_reg2
  -------         ENDDO         
  C:1E4EH         LINE#         77
  C:1E4EH         LINE#         78
  C:1E4EH         LINE#         81
  C:1E50H         LINE#         83
  C:1E54H         LINE#         84
  C:1E5CH         LINE#         86
  C:1E5EH         LINE#         87
  C:1E62H         LINE#         88
  C:1E68H         LINE#         89
  C:1E71H         LINE#         91
BL51 BANKED LINKER/LOCATER V6.22                                                      04/24/2026  14:37:16  PAGE 21


  C:1E7CH         LINE#         93
  C:1E80H         LINE#         94
  C:1E84H         LINE#         95
  -------         ENDPROC       _TIMER0_INITIAL
  -------         PROC          _TIMER0_SETMATCHCOUNTER
  D:0006H         SYMBOL        match_count
  C:0086H         LINE#         102
  C:0086H         LINE#         103
  C:0086H         LINE#         104
  C:008AH         LINE#         105
  -------         ENDPROC       _TIMER0_SETMATCHCOUNTER
  -------         PROC          _TIMER0_SETPPGPOLARITY
  D:0007H         SYMBOL        polarity
  -------         DO            
  D:0006H         SYMBOL        temp_reg
  -------         ENDDO         
  C:2138H         LINE#         115
  C:2138H         LINE#         116
  C:2138H         LINE#         119
  C:213AH         LINE#         120
  C:213EH         LINE#         121
  C:2144H         LINE#         123
  C:2146H         LINE#         124
  -------         ENDPROC       _TIMER0_SETPPGPOLARITY
  -------         PROC          _TIMER0_SETPPGDUTYCOUNTER
  D:0006H         SYMBOL        count
  C:2219H         LINE#         131
  C:2219H         LINE#         132
  C:2219H         LINE#         133
  C:221DH         LINE#         134
  -------         ENDPROC       _TIMER0_SETPPGDUTYCOUNTER
  -------         PROC          _TIMER0_SETPPGPERIODCOUNTER
  D:0006H         SYMBOL        count
  C:221EH         LINE#         141
  C:221EH         LINE#         142
  C:221EH         LINE#         143
  C:2222H         LINE#         144
  -------         ENDPROC       _TIMER0_SETPPGPERIODCOUNTER
  -------         PROC          TIMER0_GETCAPTUREVALUE
  C:2223H         LINE#         152
  C:2223H         LINE#         153
  C:2223H         LINE#         154
  C:2227H         LINE#         155
  -------         ENDPROC       TIMER0_GETCAPTUREVALUE
  -------         PROC          TIMER0_CLEARCOUNTDATA
  C:225DH         LINE#         162
  C:225DH         LINE#         163
  C:225DH         LINE#         164
  C:2260H         LINE#         165
  -------         ENDPROC       TIMER0_CLEARCOUNTDATA
  -------         PROC          TIMER0_START
  C:2261H         LINE#         172
  C:2261H         LINE#         173
  C:2261H         LINE#         174
  C:2264H         LINE#         175
  -------         ENDPROC       TIMER0_START
  -------         PROC          TIMER0_STOP
BL51 BANKED LINKER/LOCATER V6.22                                                      04/24/2026  14:37:16  PAGE 22


  C:2265H         LINE#         182
  C:2265H         LINE#         183
  C:2265H         LINE#         184
  C:2268H         LINE#         185
  -------         ENDPROC       TIMER0_STOP
  -------         PROC          _TIMER0_CONFIGUREINTERRUPT
  D:0007H         SYMBOL        enable
  C:21C8H         LINE#         195
  C:21C8H         LINE#         196
  C:21C8H         LINE#         197
  C:21CBH         LINE#         198
  C:21CFH         LINE#         200
  C:21D2H         LINE#         201
  -------         ENDPROC       _TIMER0_CONFIGUREINTERRUPT
  -------         PROC          TIMER0_CLEARINTERRUPTFLAG
  C:2269H         LINE#         208
  C:2269H         LINE#         209
  C:2269H         LINE#         210
  C:226CH         LINE#         211
  -------         ENDPROC       TIMER0_CLEARINTERRUPTFLAG
  -------         ENDMOD        A96L41X_TIMER0

  -------         MODULE        A96L41X_TIMER1
  C:0000H         SYMBOL        _ICE_DUMMY_
  C:2147H         PUBLIC        _Timer1_SetPPGPolarity
  C:226DH         PUBLIC        Timer1_ClearCountData
  C:2237H         PUBLIC        Timer1_GetCaptureValue
  C:21D3H         PUBLIC        _Timer1_ConfigureInterrupt
  C:2228H         PUBLIC        _Timer1_SetMatchCounter
  C:2271H         PUBLIC        Timer1_Start
  C:222DH         PUBLIC        _Timer1_SetPPGDutyCounter
  C:2275H         PUBLIC        Timer1_Stop
  D:00AAH         PUBLIC        IE2
  C:2279H         PUBLIC        Timer1_ClearInterruptFlag
  D:00BCH         PUBLIC        T1ADR
  D:00BEH         PUBLIC        T1BDR
  D:00BBH         PUBLIC        T1CRH
  C:1E85H         PUBLIC        _Timer1_Initial
  D:00BAH         PUBLIC        T1CRL
  C:2232H         PUBLIC        _Timer1_SetPPGPeriodCounter
  -------         PROC          _TIMER1_INITIAL
  D:0007H         SYMBOL        mode
  D:0005H         SYMBOL        freq
  -------         DO            
  D:0006H         SYMBOL        temp_reg
  D:0004H         SYMBOL        temp_reg2
  -------         ENDDO         
  C:1E85H         LINE#         77
  C:1E85H         LINE#         78
  C:1E85H         LINE#         81
  C:1E87H         LINE#         83
  C:1E8BH         LINE#         84
  C:1E93H         LINE#         86
  C:1E95H         LINE#         87
  C:1E99H         LINE#         88
  C:1E9FH         LINE#         89
  C:1EA8H         LINE#         91
BL51 BANKED LINKER/LOCATER V6.22                                                      04/24/2026  14:37:16  PAGE 23


  C:1EB3H         LINE#         93
  C:1EB7H         LINE#         94
  C:1EBBH         LINE#         95
  -------         ENDPROC       _TIMER1_INITIAL
  -------         PROC          _TIMER1_SETMATCHCOUNTER
  D:0006H         SYMBOL        match_count
  C:2228H         LINE#         102
  C:2228H         LINE#         103
  C:2228H         LINE#         104
  C:222CH         LINE#         105
  -------         ENDPROC       _TIMER1_SETMATCHCOUNTER
  -------         PROC          _TIMER1_SETPPGPOLARITY
  D:0007H         SYMBOL        polarity
  -------         DO            
  D:0006H         SYMBOL        temp_reg
  -------         ENDDO         
  C:2147H         LINE#         115
  C:2147H         LINE#         116
  C:2147H         LINE#         119
  C:2149H         LINE#         120
  C:214DH         LINE#         121
  C:2153H         LINE#         123
  C:2155H         LINE#         124
  -------         ENDPROC       _TIMER1_SETPPGPOLARITY
  -------         PROC          _TIMER1_SETPPGDUTYCOUNTER
  D:0006H         SYMBOL        count
  C:222DH         LINE#         131
  C:222DH         LINE#         132
  C:222DH         LINE#         133
  C:2231H         LINE#         134
  -------         ENDPROC       _TIMER1_SETPPGDUTYCOUNTER
  -------         PROC          _TIMER1_SETPPGPERIODCOUNTER
  D:0006H         SYMBOL        count
  C:2232H         LINE#         141
  C:2232H         LINE#         142
  C:2232H         LINE#         143
  C:2236H         LINE#         144
  -------         ENDPROC       _TIMER1_SETPPGPERIODCOUNTER
  -------         PROC          TIMER1_GETCAPTUREVALUE
  C:2237H         LINE#         152
  C:2237H         LINE#         153
  C:2237H         LINE#         154
  C:223BH         LINE#         155
  -------         ENDPROC       TIMER1_GETCAPTUREVALUE
  -------         PROC          TIMER1_CLEARCOUNTDATA
  C:226DH         LINE#         162
  C:226DH         LINE#         163
  C:226DH         LINE#         164
  C:2270H         LINE#         165
  -------         ENDPROC       TIMER1_CLEARCOUNTDATA
  -------         PROC          TIMER1_START
  C:2271H         LINE#         172
  C:2271H         LINE#         173
  C:2271H         LINE#         174
  C:2274H         LINE#         175
  -------         ENDPROC       TIMER1_START
  -------         PROC          TIMER1_STOP
BL51 BANKED LINKER/LOCATER V6.22                                                      04/24/2026  14:37:16  PAGE 24


  C:2275H         LINE#         182
  C:2275H         LINE#         183
  C:2275H         LINE#         184
  C:2278H         LINE#         185
  -------         ENDPROC       TIMER1_STOP
  -------         PROC          _TIMER1_CONFIGUREINTERRUPT
  D:0007H         SYMBOL        enable
  C:21D3H         LINE#         195
  C:21D3H         LINE#         196
  C:21D3H         LINE#         197
  C:21D6H         LINE#         198
  C:21DAH         LINE#         200
  C:21DDH         LINE#         201
  -------         ENDPROC       _TIMER1_CONFIGUREINTERRUPT
  -------         PROC          TIMER1_CLEARINTERRUPTFLAG
  C:2279H         LINE#         208
  C:2279H         LINE#         209
  C:2279H         LINE#         210
  C:227CH         LINE#         211
  -------         ENDPROC       TIMER1_CLEARINTERRUPTFLAG
  -------         ENDMOD        A96L41X_TIMER1

  -------         MODULE        A96L41X_TIMER2
  C:0000H         SYMBOL        _ICE_DUMMY_
  C:2156H         PUBLIC        _Timer2_SetPPGPolarity
  C:227DH         PUBLIC        Timer2_ClearCountData
  C:224BH         PUBLIC        Timer2_GetCaptureValue
  C:21DEH         PUBLIC        _Timer2_ConfigureInterrupt
  C:223CH         PUBLIC        _Timer2_SetMatchCounter
  C:2281H         PUBLIC        Timer2_Start
  C:2241H         PUBLIC        _Timer2_SetPPGDutyCounter
  C:2285H         PUBLIC        Timer2_Stop
  D:00AAH         PUBLIC        IE2
  C:2289H         PUBLIC        Timer2_ClearInterruptFlag
  D:00C4H         PUBLIC        T2ADR
  D:00C6H         PUBLIC        T2BDR
  D:00C3H         PUBLIC        T2CRH
  C:1EBCH         PUBLIC        _Timer2_Initial
  D:00C2H         PUBLIC        T2CRL
  C:2246H         PUBLIC        _Timer2_SetPPGPeriodCounter
  -------         PROC          _TIMER2_INITIAL
  D:0007H         SYMBOL        mode
  D:0005H         SYMBOL        freq
  -------         DO            
  D:0006H         SYMBOL        temp_reg
  D:0004H         SYMBOL        temp_reg2
  -------         ENDDO         
  C:1EBCH         LINE#         77
  C:1EBCH         LINE#         78
  C:1EBCH         LINE#         81
  C:1EBEH         LINE#         83
  C:1EC2H         LINE#         84
  C:1ECAH         LINE#         86
  C:1ECCH         LINE#         87
  C:1ED0H         LINE#         88
  C:1ED6H         LINE#         89
  C:1EDFH         LINE#         91
BL51 BANKED LINKER/LOCATER V6.22                                                      04/24/2026  14:37:16  PAGE 25


  C:1EEAH         LINE#         93
  C:1EEEH         LINE#         94
  C:1EF2H         LINE#         95
  -------         ENDPROC       _TIMER2_INITIAL
  -------         PROC          _TIMER2_SETMATCHCOUNTER
  D:0006H         SYMBOL        match_count
  C:223CH         LINE#         102
  C:223CH         LINE#         103
  C:223CH         LINE#         104
  C:2240H         LINE#         105
  -------         ENDPROC       _TIMER2_SETMATCHCOUNTER
  -------         PROC          _TIMER2_SETPPGPOLARITY
  D:0007H         SYMBOL        polarity
  -------         DO            
  D:0006H         SYMBOL        temp_reg
  -------         ENDDO         
  C:2156H         LINE#         115
  C:2156H         LINE#         116
  C:2156H         LINE#         119
  C:2158H         LINE#         120
  C:215CH         LINE#         121
  C:2162H         LINE#         123
  C:2164H         LINE#         124
  -------         ENDPROC       _TIMER2_SETPPGPOLARITY
  -------         PROC          _TIMER2_SETPPGDUTYCOUNTER
  D:0006H         SYMBOL        count
  C:2241H         LINE#         131
  C:2241H         LINE#         132
  C:2241H         LINE#         133
  C:2245H         LINE#         134
  -------         ENDPROC       _TIMER2_SETPPGDUTYCOUNTER
  -------         PROC          _TIMER2_SETPPGPERIODCOUNTER
  D:0006H         SYMBOL        count
  C:2246H         LINE#         141
  C:2246H         LINE#         142
  C:2246H         LINE#         143
  C:224AH         LINE#         144
  -------         ENDPROC       _TIMER2_SETPPGPERIODCOUNTER
  -------         PROC          TIMER2_GETCAPTUREVALUE
  C:224BH         LINE#         152
  C:224BH         LINE#         153
  C:224BH         LINE#         154
  C:224FH         LINE#         155
  -------         ENDPROC       TIMER2_GETCAPTUREVALUE
  -------         PROC          TIMER2_CLEARCOUNTDATA
  C:227DH         LINE#         162
  C:227DH         LINE#         163
  C:227DH         LINE#         164
  C:2280H         LINE#         165
  -------         ENDPROC       TIMER2_CLEARCOUNTDATA
  -------         PROC          TIMER2_START
  C:2281H         LINE#         172
  C:2281H         LINE#         173
  C:2281H         LINE#         174
  C:2284H         LINE#         175
  -------         ENDPROC       TIMER2_START
  -------         PROC          TIMER2_STOP
BL51 BANKED LINKER/LOCATER V6.22                                                      04/24/2026  14:37:16  PAGE 26


  C:2285H         LINE#         182
  C:2285H         LINE#         183
  C:2285H         LINE#         184
  C:2288H         LINE#         185
  -------         ENDPROC       TIMER2_STOP
  -------         PROC          _TIMER2_CONFIGUREINTERRUPT
  D:0007H         SYMBOL        enable
  C:21DEH         LINE#         195
  C:21DEH         LINE#         196
  C:21DEH         LINE#         197
  C:21E1H         LINE#         198
  C:21E5H         LINE#         200
  C:21E8H         LINE#         201
  -------         ENDPROC       _TIMER2_CONFIGUREINTERRUPT
  -------         PROC          TIMER2_CLEARINTERRUPTFLAG
  C:2289H         LINE#         208
  C:2289H         LINE#         209
  C:2289H         LINE#         210
  C:228CH         LINE#         211
  -------         ENDPROC       TIMER2_CLEARINTERRUPTFLAG
  -------         ENDMOD        A96L41X_TIMER2

  -------         MODULE        A96L41X_USART
  C:0000H         SYMBOL        _ICE_DUMMY_
  D:00DEH         PUBLIC        USTBD
  C:1CBEH         PUBLIC        _USART_Clock_Initial
  D:00DFH         PUBLIC        USTDR
  D:00DDH         PUBLIC        USTST
  C:228DH         PUBLIC        USART_ClearWakeUpFlag
  C:1B77H         PUBLIC        USART_ReceiveDataWithInterrupt
  C:1FBCH         PUBLIC        _USART_ReceiveDataWithPolling
  C:20E4H         PUBLIC        USART_rx_queue_is_empty
  C:006EH         PUBLIC        USART_tx_queue_is_empty
  C:20C8H         PUBLIC        USART_rx_queue_is_full
  C:20ACH         PUBLIC        USART_tx_queue_is_full
  C:21A4H         PUBLIC        _USART_Enable
  C:064CH         PUBLIC        _USART_Initial
  D:00AAH         PUBLIC        IE2
  D:00DAH         PUBLIC        USTCR1
  D:00DBH         PUBLIC        USTCR2
  D:00DCH         PUBLIC        USTCR3
  X:0108H         PUBLIC        USART_rx_queue
  X:0110H         PUBLIC        USART_tx_queue
  X:0118H         PUBLIC        USART_rx_rear
  X:0119H         PUBLIC        USART_rx_front
  X:011AH         PUBLIC        USART_tx_rear
  X:011BH         PUBLIC        USART_tx_front
  C:2165H         PUBLIC        _USART_ConfigureWakeUp
  C:115BH         PUBLIC        _USART_ConfigureInterrupt
  C:192BH         PUBLIC        _USART_SendDataWithInterrupt
  C:2291H         PUBLIC        USART_GetInterruptStatus
  C:0003H         PUBLIC        _USART_SendDataWithPolling
  -------         PROC          USART_TX_QUEUE_IS_FULL
  C:20ACH         LINE#         56
  C:20ACH         LINE#         57
  C:20ACH         LINE#         58
  C:20C7H         LINE#         59
BL51 BANKED LINKER/LOCATER V6.22                                                      04/24/2026  14:37:16  PAGE 27


  -------         ENDPROC       USART_TX_QUEUE_IS_FULL
  -------         PROC          USART_TX_QUEUE_IS_EMPTY
  C:006EH         LINE#         61
  C:006EH         LINE#         62
  C:006EH         LINE#         63
  C:0080H         LINE#         64
  -------         ENDPROC       USART_TX_QUEUE_IS_EMPTY
  -------         PROC          USART_RX_QUEUE_IS_FULL
  C:20C8H         LINE#         66
  C:20C8H         LINE#         67
  C:20C8H         LINE#         68
  C:20E3H         LINE#         69
  -------         ENDPROC       USART_RX_QUEUE_IS_FULL
  -------         PROC          USART_RX_QUEUE_IS_EMPTY
  C:20E4H         LINE#         71
  C:20E4H         LINE#         72
  C:20E4H         LINE#         73
  C:20F6H         LINE#         74
  -------         ENDPROC       USART_RX_QUEUE_IS_EMPTY
  -------         PROC          _USART_INITIAL
  X:00D4H         SYMBOL        speed
  X:00D8H         SYMBOL        data_length
  X:00D9H         SYMBOL        stop_bits
  X:00DAH         SYMBOL        parity
  X:00DBH         SYMBOL        mode
  -------         DO            
  X:00DCH         SYMBOL        buadrate_val
  X:00E0H         SYMBOL        temp_reg
  X:00E1H         SYMBOL        temp_reg2
  -------         ENDDO         
  C:064CH         LINE#         106
  C:0652H         LINE#         107
  C:0652H         LINE#         108
  C:065CH         LINE#         111
  C:0662H         LINE#         112
  C:0667H         LINE#         114
  C:067BH         LINE#         116
  C:067FH         LINE#         117
  C:0687H         LINE#         118
  C:0690H         LINE#         119
  C:0697H         LINE#         120
  C:069DH         LINE#         122
  C:06A1H         LINE#         124
  C:06A8H         LINE#         127
  C:06ADH         LINE#         128
  C:06ADH         LINE#         129
  C:06C3H         LINE#         130
  C:06C5H         LINE#         131
  C:06CAH         LINE#         132
  C:06CAH         LINE#         133
  C:06E0H         LINE#         134
  C:06E2H         LINE#         136
  C:06E2H         LINE#         137
  C:070AH         LINE#         138
  C:070AH         LINE#         140
  C:0742H         LINE#         143
  C:0747H         LINE#         144
BL51 BANKED LINKER/LOCATER V6.22                                                      04/24/2026  14:37:16  PAGE 28


  C:074AH         LINE#         147
  C:0750H         LINE#         148
  C:075AH         LINE#         150
  C:0763H         LINE#         152
  C:0769H         LINE#         153
  -------         ENDPROC       _USART_INITIAL
  -------         PROC          _USART_CLOCK_INITIAL
  X:013AH         SYMBOL        clock_en
  X:013EH         SYMBOL        master_en
  -------         DO            
  D:0003H         SYMBOL        temp_reg
  D:0007H         SYMBOL        temp_reg2
  -------         ENDDO         
  C:1CBEH         LINE#         168
  C:1CC4H         LINE#         169
  C:1CC4H         LINE#         172
  C:1CC6H         LINE#         173
  C:1CCAH         LINE#         174
  C:1CE0H         LINE#         176
  C:1CE2H         LINE#         177
  C:1CE6H         LINE#         178
  C:1CEFH         LINE#         180
  C:1CF2H         LINE#         182
  C:1CF6H         LINE#         183
  C:1CF8H         LINE#         184
  -------         ENDPROC       _USART_CLOCK_INITIAL
  -------         PROC          _USART_ENABLE
  D:0007H         SYMBOL        enable
  C:21A4H         LINE#         194
  C:21A4H         LINE#         195
  C:21A4H         LINE#         196
  C:21A8H         LINE#         197
  C:21A8H         LINE#         198
  C:21ABH         LINE#         199
  C:21ACH         LINE#         201
  C:21ACH         LINE#         202
  C:21AFH         LINE#         203
  C:21AFH         LINE#         204
  -------         ENDPROC       _USART_ENABLE
  -------         PROC          _USART_SENDDATAWITHPOLLING
  X:00D7H         SYMBOL        send_data
  D:0005H         SYMBOL        count
  -------         DO            
  D:0007H         SYMBOL        i
  -------         ENDDO         
  C:0003H         LINE#         213
  C:000EH         LINE#         214
  C:000EH         LINE#         217
  C:0015H         LINE#         218
  C:0015H         LINE#         219
  C:001AH         LINE#         220
  C:002FH         LINE#         221
  C:0032H         LINE#         222
  -------         ENDPROC       _USART_SENDDATAWITHPOLLING
  -------         PROC          _USART_SENDDATAWITHINTERRUPT
  X:013FH         SYMBOL        send_data
  C:192BH         LINE#         229
BL51 BANKED LINKER/LOCATER V6.22                                                      04/24/2026  14:37:16  PAGE 29


  C:1930H         LINE#         230
  C:1930H         LINE#         231
  C:193AH         LINE#         232
  C:193AH         LINE#         233
  C:1940H         LINE#         234
  C:1940H         LINE#         235
  C:1948H         LINE#         238
  C:1948H         LINE#         240
  C:194FH         LINE#         242
  C:1969H         LINE#         243
  C:197DH         LINE#         244
  C:1984H         LINE#         246
  C:1987H         LINE#         247
  C:1987H         LINE#         248
  -------         ENDPROC       _USART_SENDDATAWITHINTERRUPT
  -------         PROC          _USART_RECEIVEDATAWITHPOLLING
  X:0174H         SYMBOL        receive_data
  D:0005H         SYMBOL        count
  -------         DO            
  D:0007H         SYMBOL        i
  -------         ENDDO         
  C:1FBCH         LINE#         256
  C:1FC7H         LINE#         257
  C:1FC7H         LINE#         260
  C:1FCEH         LINE#         261
  C:1FCEH         LINE#         262
  C:1FD3H         LINE#         263
  C:1FE8H         LINE#         264
  C:1FEBH         LINE#         266
  -------         ENDPROC       _USART_RECEIVEDATAWITHPOLLING
  -------         PROC          USART_RECEIVEDATAWITHINTERRUPT
  -------         DO            
  X:0182H         SYMBOL        temp
  -------         ENDDO         
  C:1B77H         LINE#         272
  C:1B77H         LINE#         273
  C:1B77H         LINE#         276
  C:1B7FH         LINE#         278
  C:1B85H         LINE#         279
  C:1B9DH         LINE#         281
  C:1BB1H         LINE#         282
  C:1BB8H         LINE#         284
  C:1BBDH         LINE#         285
  -------         ENDPROC       USART_RECEIVEDATAWITHINTERRUPT
  -------         PROC          _USART_CONFIGUREINTERRUPT
  D:0007H         SYMBOL        flag
  D:0005H         SYMBOL        enable
  -------         DO            
  D:0006H         SYMBOL        temp_reg
  D:0004H         SYMBOL        temp_reg2
  -------         ENDDO         
  C:115BH         LINE#         301
  C:115BH         LINE#         302
  C:115BH         LINE#         305
  C:1160H         LINE#         306
  C:1160H         LINE#         307
  C:1162H         LINE#         308
BL51 BANKED LINKER/LOCATER V6.22                                                      04/24/2026  14:37:16  PAGE 30


  C:1166H         LINE#         309
  C:116DH         LINE#         311
  C:116FH         LINE#         312
  C:1181H         LINE#         313
  C:118BH         LINE#         315
  C:118BH         LINE#         316
  C:118BH         LINE#         317
  C:118DH         LINE#         318
  C:1190H         LINE#         319
  C:1190H         LINE#         320
  C:1192H         LINE#         321
  C:1196H         LINE#         322
  C:119CH         LINE#         324
  C:119EH         LINE#         325
  C:11B0H         LINE#         326
  C:11BBH         LINE#         328
  C:11BDH         LINE#         329
  C:11BFH         LINE#         330
  C:11C0H         LINE#         331
  C:11C5H         LINE#         332
  C:11C5H         LINE#         333
  C:11C7H         LINE#         334
  C:11D9H         LINE#         335
  C:11E3H         LINE#         336
  C:11E3H         LINE#         337
  C:11E5H         LINE#         338
  C:11E9H         LINE#         339
  C:11E9H         LINE#         340
  C:11EBH         LINE#         341
  C:11EFH         LINE#         342
  C:11F6H         LINE#         343
  C:11F8H         LINE#         344
  C:11F8H         LINE#         345
  -------         ENDPROC       _USART_CONFIGUREINTERRUPT
  -------         PROC          USART_GETINTERRUPTSTATUS
  -------         DO            
  D:0007H         SYMBOL        result
  -------         ENDDO         
  C:2291H         LINE#         351
  C:2291H         LINE#         352
  C:2291H         LINE#         355
  C:2293H         LINE#         357
  C:2293H         LINE#         358
  -------         ENDPROC       USART_GETINTERRUPTSTATUS
  -------         PROC          _USART_CONFIGUREWAKEUP
  D:0007H         SYMBOL        enable
  -------         DO            
  D:0006H         SYMBOL        temp_reg
  -------         ENDDO         
  C:2165H         LINE#         369
  C:2165H         LINE#         370
  C:2165H         LINE#         373
  C:2167H         LINE#         374
  C:216BH         LINE#         375
  C:2170H         LINE#         377
  C:2172H         LINE#         378
  -------         ENDPROC       _USART_CONFIGUREWAKEUP
BL51 BANKED LINKER/LOCATER V6.22                                                      04/24/2026  14:37:16  PAGE 31


  -------         PROC          USART_CLEARWAKEUPFLAG
  C:228DH         LINE#         386
  C:228DH         LINE#         387
  C:228DH         LINE#         388
  C:2290H         LINE#         389
  -------         ENDPROC       USART_CLEARWAKEUPFLAG
  -------         ENDMOD        A96L41X_USART

  -------         MODULE        A96L41X_USART_SPI
  C:0000H         SYMBOL        _ICE_DUMMY_
  X:015FH         PUBLIC        spi_readBuff0
  D:00DEH         PUBLIC        USTBD
  C:21B0H         PUBLIC        _USART_SPI_Enable
  C:0C42H         PUBLIC        _USART_SPI_Initial
  X:0100H         PUBLIC        spi_writeBuff0
  D:00DFH         PUBLIC        USTDR
  X:0140H         PUBLIC        temp_spi_readBuff0
  D:00DDH         PUBLIC        USTST
  X:0162H         PUBLIC        spi_readNum0
  C:1453H         PUBLIC        _USART_SPI_ConfigureInterrupt
  C:19E2H         PUBLIC        _USART_SPI_SendDataWithInterrupt
  C:2294H         PUBLIC        USART_SPI_GetInterruptStatus
  X:0163H         PUBLIC        spi_writeNum0
  D:00AAH         PUBLIC        IE2
  C:1EF3H         PUBLIC        _USART_SPI_SendDataWithPolling
  D:00DAH         PUBLIC        USTCR1
  D:00DBH         PUBLIC        USTCR2
  D:00DCH         PUBLIC        USTCR3
  C:156CH         PUBLIC        USART_RXInt_Handler
  C:1988H         PUBLIC        USART_TXInt_Handler
  C:1DA8H         PUBLIC        _USART_SPI_ReceiveDataWithInterrupt
  C:1CF9H         PUBLIC        _USART_SPI_ReceiveDataWithPolling
  -------         PROC          _USART_SPI_INITIAL
  X:00EDH         SYMBOL        mode
  X:00EEH         SYMBOL        speed
  X:00F2H         SYMBOL        first_bit
  X:00F3H         SYMBOL        cpol
  X:00F4H         SYMBOL        cpha
  X:00F5H         SYMBOL        direction
  X:00F6H         SYMBOL        ss_mode
  -------         DO            
  X:00F7H         SYMBOL        buadrate_val
  D:0003H         SYMBOL        temp_reg
  -------         ENDDO         
  C:0C42H         LINE#         93
  C:0C47H         LINE#         94
  C:0C47H         LINE#         95
  C:0C51H         LINE#         98
  C:0C56H         LINE#         99
  C:0C5AH         LINE#         102
  C:0C82H         LINE#         104
  C:0CBAH         LINE#         106
  C:0CBCH         LINE#         107
  C:0CC4H         LINE#         108
  C:0CCAH         LINE#         109
  C:0CCEH         LINE#         110
  C:0CD4H         LINE#         112
BL51 BANKED LINKER/LOCATER V6.22                                                      04/24/2026  14:37:16  PAGE 32


  C:0CD8H         LINE#         114
  C:0CDCH         LINE#         116
  C:0CDFH         LINE#         117
  C:0CF9H         LINE#         118
  C:0D0EH         LINE#         119
  C:0D17H         LINE#         120
[...]
  -------         ENDPROC       _DATA_AVR
  -------         PROC          _DATA_SORTING
  X:00E5H         SYMBOL        adc_data
  X:00E8H         SYMBOL        count
  -------         DO            
  X:00E9H         SYMBOL        i
  X:00EAH         SYMBOL        j
  X:00EBH         SYMBOL        temp
  -------         ENDDO         
  C:0B61H         LINE#         726
  C:0B6FH         LINE#         727
  C:0B6FH         LINE#         731
  C:0B77H         LINE#         733
  C:0B77H         LINE#         735
  C:0B8CH         LINE#         736
  C:0B8CH         LINE#         737
  C:0BA1H         LINE#         738
  C:0BA1H         LINE#         740
  C:0BD3H         LINE#         741
  C:0BD3H         LINE#         742
  C:0BF3H         LINE#         743
  C:0C17H         LINE#         744
  C:0C2FH         LINE#         745
  C:0C2FH         LINE#         746
  C:0C38H         LINE#         747
  C:0C41H         LINE#         748
  -------         ENDPROC       _DATA_SORTING
  C:0A81H         SYMBOL        L?0078
  -------         PROC          L?0077
  -------         ENDPROC       L?0077
  C:0A81H         SYMBOL        L?0078
  -------         PROC          _DATA_TRIMMEDMEAN
  X:00DCH         SYMBOL        adc_data
  X:00DFH         SYMBOL        count
  -------         DO            
  X:00E0H         SYMBOL        temp
  X:00E4H         SYMBOL        i
  -------         ENDDO         
  C:0A89H         LINE#         750
  C:0A98H         LINE#         752
BL51 BANKED LINKER/LOCATER V6.22                                                      04/24/2026  14:37:16  PAGE 47


  C:0AA0H         LINE#         755
  C:0AA6H         LINE#         756
  C:0AAAH         LINE#         757
  C:0AAAH         LINE#         760
  C:0ABBH         LINE#         762
  C:0ACFH         LINE#         763
  C:0B1FH         LINE#         764
  C:0B27H         LINE#         766
  C:0B56H         LINE#         768
  C:0B60H         LINE#         770
  -------         ENDPROC       _DATA_TRIMMEDMEAN
  -------         PROC          CHECK_SYSTEM
  -------         DO            
  X:00D4H         SYMBOL        V25_On_adc_data
  D:0006H         SYMBOL        V25_Off_adc_data
  X:00D6H         SYMBOL        System_Mode_Ck
  -------         ENDDO         
  C:14E1H         LINE#         780
  C:14E1H         LINE#         781
  C:14E1H         LINE#         782
  C:14EAH         LINE#         786
  C:14EDH         LINE#         792
  C:14F0H         LINE#         793
  C:14F5H         LINE#         794
  C:14F8H         LINE#         795
  C:1506H         LINE#         796
  C:150BH         LINE#         798
  C:150EH         LINE#         800
  C:1519H         LINE#         802
  C:1519H         LINE#         804
  C:1524H         LINE#         806
  C:152BH         LINE#         808
  C:1536H         LINE#         809
  C:1539H         LINE#         811
  C:1558H         LINE#         812
  C:155DH         LINE#         813
  C:155FH         LINE#         814
  C:155FH         LINE#         815
  C:1563H         LINE#         816
  C:1563H         LINE#         818
  C:156BH         LINE#         820
  -------         ENDPROC       CHECK_SYSTEM
  -------         PROC          TEMP_ADC
  -------         DO            
  D:0004H         SYMBOL        Temp_adc_data
  X:00D4H         SYMBOL        Temp_Data
  D:0002H         SYMBOL        i
  -------         ENDDO         
  C:1293H         LINE#         829
  C:1293H         LINE#         830
  C:1293H         LINE#         831
  C:1296H         LINE#         835
  C:1299H         LINE#         841
  C:129DH         LINE#         842
  C:12A2H         LINE#         843
  C:12A5H         LINE#         844
  C:12B3H         LINE#         845
BL51 BANKED LINKER/LOCATER V6.22                                                      04/24/2026  14:37:16  PAGE 48


  C:12B8H         LINE#         847
  C:12BBH         LINE#         849
  C:12C6H         LINE#         851
  C:12C6H         LINE#         853
  C:12CDH         LINE#         855
  C:12D1H         LINE#         856
  C:12ECH         LINE#         857
  C:12ECH         LINE#         858
  C:12ECH         LINE#         859
  C:12F7H         LINE#         861
  C:12FDH         LINE#         862
  C:1305H         LINE#         863
  C:1307H         LINE#         864
  C:130DH         LINE#         865
  C:1313H         LINE#         866
  C:1315H         LINE#         867
  C:1315H         LINE#         868
  C:1323H         LINE#         869
  C:1323H         LINE#         870
  C:132BH         LINE#         872
  -------         ENDPROC       TEMP_ADC
  -------         PROC          GET_BAT_VOLTAGE_CV
  -------         DO            
  X:00D4H         SYMBOL        adc_avg
  X:00D8H         SYMBOL        vbat_cv
  -------         ENDDO         
  C:132CH         LINE#         881
  C:132CH         LINE#         882
  C:132CH         LINE#         887
  C:133AH         LINE#         888
  C:133FH         LINE#         889
  C:1342H         LINE#         891
  C:134DH         LINE#         893
  C:1359H         LINE#         895
  C:1375H         LINE#         897
  C:1394H         LINE#         900
  C:13B9H         LINE#         902
  C:13C3H         LINE#         903
  -------         ENDPROC       GET_BAT_VOLTAGE_CV
  -------         PROC          DUST_ADC_1AMP
  -------         DO            
  D:0006H         SYMBOL        Dust_adc_data
  X:0170H         SYMBOL        op
  -------         ENDDO         
  C:035CH         LINE#         911
  C:035CH         LINE#         912
  C:035CH         LINE#         914
  C:035FH         LINE#         918
  C:0362H         LINE#         924
  C:0367H         LINE#         925
  C:036CH         LINE#         926
  C:0371H         LINE#         928
  C:037FH         LINE#         930
  C:0384H         LINE#         932
  C:0387H         LINE#         934
  C:0392H         LINE#         936
  C:039CH         LINE#         937
BL51 BANKED LINKER/LOCATER V6.22                                                      04/24/2026  14:37:16  PAGE 49


  C:03B9H         LINE#         938
  C:03EAH         LINE#         939
  C:03FBH         LINE#         941
  C:03FEH         LINE#         942
  C:0403H         LINE#         943
  C:0406H         LINE#         945
  C:0411H         LINE#         946
  C:0414H         LINE#         948
  C:0425H         LINE#         949
  C:0452H         LINE#         950
  C:046FH         LINE#         951
  C:0480H         LINE#         954
  C:048EH         LINE#         955
  C:0493H         LINE#         956
  C:0496H         LINE#         958
  C:04A1H         LINE#         960
  C:04B2H         LINE#         961
  C:04DFH         LINE#         962
  C:04FCH         LINE#         963
  C:050EH         LINE#         965
  C:051BH         LINE#         967
  C:051BH         LINE#         969
  -------         ENDPROC       DUST_ADC_1AMP
  -------         PROC          UART_OUT
  C:0D1CH         LINE#         1080
  C:0D1CH         LINE#         1082
  C:0D25H         LINE#         1084
  C:0D3BH         LINE#         1086
  C:0D43H         LINE#         1088
  C:0D4DH         LINE#         1089
  C:0D51H         LINE#         1090
  C:0D51H         LINE#         1091
  C:0D51H         LINE#         1092
  C:0D51H         LINE#         1093
  C:0D53H         LINE#         1094
  C:0D53H         LINE#         1095
  C:0D5CH         LINE#         1096
  C:0D67H         LINE#         1097
  C:0D72H         LINE#         1098
  C:0D75H         LINE#         1099
  C:0D75H         LINE#         1100
  C:0D77H         LINE#         1101
  C:0D7FH         LINE#         1102
  C:0D8AH         LINE#         1103
  C:0D95H         LINE#         1104
  C:0DA0H         LINE#         1105
  C:0DABH         LINE#         1106
  C:0DB6H         LINE#         1107
  C:0DC1H         LINE#         1108
  C:0DCCH         LINE#         1109
  C:0DCCH         LINE#         1111
  C:0DD7H         LINE#         1113
  -------         ENDPROC       UART_OUT
  -------         PROC          _UART_OUT_INT
  X:00D4H         SYMBOL        Value
  -------         DO            
  D:0006H         SYMBOL        int_val
BL51 BANKED LINKER/LOCATER V6.22                                                      04/24/2026  14:37:16  PAGE 50


  X:00D6H         SYMBOL        tmp
  -------         ENDDO         
  C:0F65H         LINE#         1116
  C:0F6DH         LINE#         1121
  C:0F75H         LINE#         1122
  C:0F7FH         LINE#         1123
  C:0F7FH         LINE#         1125
  C:0F93H         LINE#         1126
  C:0F9EH         LINE#         1127
  C:0FB1H         LINE#         1128
  C:0FBDH         LINE#         1129
  C:0FC8H         LINE#         1130
  C:0FDBH         LINE#         1131
  C:0FE7H         LINE#         1132
  C:0FF2H         LINE#         1133
  C:1003H         LINE#         1134
  C:1008H         LINE#         1135
  -------         ENDPROC       _UART_OUT_INT
  -------         ENDMOD        MAIN

  -------         MODULE        ?C_STARTUP
  C:11F9H         SEGMENT       ?C_C51STARTUP
  I:0008H         SEGMENT       ?STACK
  C:0000H         PUBLIC        ?C_STARTUP
  D:00E0H         SYMBOL        ACC
  D:00F0H         SYMBOL        B
  D:0083H         SYMBOL        DPH
  D:0082H         SYMBOL        DPL
  N:0000H         SYMBOL        IBPSTACK
  N:0100H         SYMBOL        IBPSTACKTOP
  N:0100H         SYMBOL        IDATALEN
  C:11FCH         SYMBOL        IDATALOOP
  N:0000H         SYMBOL        PBPSTACK
  N:0100H         SYMBOL        PBPSTACKTOP
  N:0000H         SYMBOL        PDATALEN
  N:0000H         SYMBOL        PDATASTART
  N:0000H         SYMBOL        PPAGE
  N:0000H         SYMBOL        PPAGEENABLE
  D:00A0H         SYMBOL        PPAGE_SFR
  D:0081H         SYMBOL        SP
  C:11F9H         SYMBOL        STARTUP1
  N:0000H         SYMBOL        XBPSTACK
  N:0000H         SYMBOL        XBPSTACKTOP
  N:0300H         SYMBOL        XDATALEN
  C:1207H         SYMBOL        XDATALOOP
  N:0000H         SYMBOL        XDATASTART
  C:0000H         LINE#         126
  C:11F9H         LINE#         133
  C:11FBH         LINE#         134
  C:11FCH         LINE#         135
  C:11FDH         LINE#         136
  C:11FFH         LINE#         140
  C:1202H         LINE#         141
  C:1204H         LINE#         145
  C:1206H         LINE#         147
  C:1207H         LINE#         148
  C:1208H         LINE#         149
BL51 BANKED LINKER/LOCATER V6.22                                                      04/24/2026  14:37:16  PAGE 51


  C:1209H         LINE#         150
  C:120BH         LINE#         151
  C:120DH         LINE#         185
  C:1210H         LINE#         196
  -------         ENDMOD        ?C_STARTUP

  -------         MODULE        ?C?SCDIV
  C:008EH         PUBLIC        ?C?SCDIV
  -------         ENDMOD        ?C?SCDIV

  -------         MODULE        ?C?CLDOPTR
  C:00B0H         PUBLIC        ?C?CLDOPTR
  -------         ENDMOD        ?C?CLDOPTR

  -------         MODULE        ?C?CSTPTR
  C:00DDH         PUBLIC        ?C?CSTPTR
  -------         ENDMOD        ?C?CSTPTR

  -------         MODULE        ?C?CSTOPTR
  C:00EFH         PUBLIC        ?C?CSTOPTR
  -------         ENDMOD        ?C?CSTOPTR

  -------         MODULE        ?C?UIDIV
  C:0111H         PUBLIC        ?C?UIDIV
  -------         ENDMOD        ?C?UIDIV

  -------         MODULE        ?C?ILDOPTR
  C:0166H         PUBLIC        ?C?ILDOPTR
  -------         ENDMOD        ?C?ILDOPTR

  -------         MODULE        ?C?ISTOPTR
  C:019EH         PUBLIC        ?C?ISTOPTR
  -------         ENDMOD        ?C?ISTOPTR

  -------         MODULE        ?C?LMUL
  C:01CBH         PUBLIC        ?C?LMUL
  -------         ENDMOD        ?C?LMUL

  -------         MODULE        ?C?ULDIV
  C:0256H         PUBLIC        ?C?ULDIV
  -------         ENDMOD        ?C?ULDIV

  -------         MODULE        ?C?ULCMP
  C:02E8H         PUBLIC        ?C?ULCMP
  -------         ENDMOD        ?C?ULCMP

  -------         MODULE        ?C?ULSHR
  C:02F9H         PUBLIC        ?C?ULSHR
  -------         ENDMOD        ?C?ULSHR

  -------         MODULE        ?C?LSHL
  C:030CH         PUBLIC        ?C?LSHL
  -------         ENDMOD        ?C?LSHL

  -------         MODULE        ?C?LSTXDATA
  C:031FH         PUBLIC        ?C?LSTXDATA
  -------         ENDMOD        ?C?LSTXDATA
BL51 BANKED LINKER/LOCATER V6.22                                                      04/24/2026  14:37:16  PAGE 52



  -------         MODULE        ?C?LSTKXDATA
  C:032BH         PUBLIC        ?C?LSTKXDATA
  -------         ENDMOD        ?C?LSTKXDATA

  -------         MODULE        ABS
  C:21BCH         PUBLIC        _ABS
  -------         ENDMOD        ABS

*** WARNING L16: UNCALLED SEGMENT, IGNORED FOR OVERLAY PROCESS
    SEGMENT: ?PR?_ADC_ENABLE?A96L41X_ADC

*** WARNING L16: UNCALLED SEGMENT, IGNORED FOR OVERLAY PROCESS
    SEGMENT: ?PR?_ADC_GETDATAWITHINTERRUPT?A96L41X_ADC

*** WARNING L16: UNCALLED SEGMENT, IGNORED FOR OVERLAY PROCESS
    SEGMENT: ?PR?ADC_CLEARINTERRUPTSTATUS?A96L41X_ADC

*** WARNING L16: UNCALLED SEGMENT, IGNORED FOR OVERLAY PROCESS
    SEGMENT: ?PR?_CLOCK_INITIAL?A96L41X_CLOCK

*** WARNING L16: UNCALLED SEGMENT, IGNORED FOR OVERLAY PROCESS
    SEGMENT: ?PR?_CLOCK_CONFIGUREOSC?A96L41X_CLOCK

*** WARNING L16: UNCALLED SEGMENT, IGNORED FOR OVERLAY PROCESS
    SEGMENT: ?PR?PORT_INITIAL?A96L41X_GPIO

*** WARNING L16: UNCALLED SEGMENT, IGNORED FOR OVERLAY PROCESS
    SEGMENT: ?PR?_PORT_SETOUTPUTHIGHPIN?A96L41X_GPIO

*** WARNING L16: UNCALLED SEGMENT, IGNORED FOR OVERLAY PROCESS
    SEGMENT: ?PR?_PORT_SETOUTPUTLOWPIN?A96L41X_GPIO

*** WARNING L16: UNCALLED SEGMENT, IGNORED FOR OVERLAY PROCESS
    SEGMENT: ?PR?_PORT_SETOUTPUTTOGGLEPIN?A96L41X_GPIO

*** WARNING L16: UNCALLED SEGMENT, IGNORED FOR OVERLAY PROCESS
    SEGMENT: ?PR?_PORT_ENABLEINTERRUPT?A96L41X_GPIO

*** WARNING L16: UNCALLED SEGMENT, IGNORED FOR OVERLAY PROCESS
    SEGMENT: ?PR?_PORT_DISABLEINTERRUPT?A96L41X_GPIO

*** WARNING L16: UNCALLED SEGMENT, IGNORED FOR OVERLAY PROCESS
    SEGMENT: ?PR?_PORT_CONFIGUREINTERRUPT?A96L41X_GPIO

*** WARNING L16: UNCALLED SEGMENT, IGNORED FOR OVERLAY PROCESS
    SEGMENT: ?PR?_PORT_GETINTERRUPTSTATUS?A96L41X_GPIO

*** WARNING L16: UNCALLED SEGMENT, IGNORED FOR OVERLAY PROCESS
    SEGMENT: ?PR?_PORT_CLEARINTERRUPTSTATUS?A96L41X_GPIO

*** WARNING L16: UNCALLED SEGMENT, IGNORED FOR OVERLAY PROCESS
    SEGMENT: ?PR?_TIMER0_SETMATCHCOUNTER?A96L41X_TIMER0

*** WARNING L16: UNCALLED SEGMENT, IGNORED FOR OVERLAY PROCESS
    SEGMENT: ?PR?TIMER0_GETCAPTUREVALUE?A96L41X_TIMER0

BL51 BANKED LINKER/LOCATER V6.22                                                      04/24/2026  14:37:16  PAGE 53


*** WARNING L16: UNCALLED SEGMENT, IGNORED FOR OVERLAY PROCESS
    SEGMENT: ?PR?TIMER0_CLEARCOUNTDATA?A96L41X_TIMER0

*** WARNING L16: UNCALLED SEGMENT, IGNORED FOR OVERLAY PROCESS
    SEGMENT: ?PR?TIMER0_CLEARINTERRUPTFLAG?A96L41X_TIMER0

*** WARNING L16: UNCALLED SEGMENT, IGNORED FOR OVERLAY PROCESS
    SEGMENT: ?PR?_TIMER1_SETMATCHCOUNTER?A96L41X_TIMER1

*** WARNING L16: UNCALLED SEGMENT, IGNORED FOR OVERLAY PROCESS
    SEGMENT: ?PR?TIMER1_GETCAPTUREVALUE?A96L41X_TIMER1

*** WARNING L16: UNCALLED SEGMENT, IGNORED FOR OVERLAY PROCESS
    SEGMENT: ?PR?TIMER1_CLEARCOUNTDATA?A96L41X_TIMER1

*** WARNING L16: UNCALLED SEGMENT, IGNORED FOR OVERLAY PROCESS
    SEGMENT: ?PR?TIMER1_START?A96L41X_TIMER1

*** WARNING L16: UNCALLED SEGMENT, IGNORED FOR OVERLAY PROCESS
    SEGMENT: ?PR?TIMER1_STOP?A96L41X_TIMER1

*** WARNING L16: UNCALLED SEGMENT, IGNORED FOR OVERLAY PROCESS
    SEGMENT: ?PR?_TIMER2_INITIAL?A96L41X_TIMER2

*** WARNING L16: UNCALLED SEGMENT, IGNORED FOR OVERLAY PROCESS
    SEGMENT: ?PR?_TIMER2_SETMATCHCOUNTER?A96L41X_TIMER2

*** WARNING L16: UNCALLED SEGMENT, IGNORED FOR OVERLAY PROCESS
    SEGMENT: ?PR?_TIMER2_SETPPGPOLARITY?A96L41X_TIMER2

*** WARNING L16: UNCALLED SEGMENT, IGNORED FOR OVERLAY PROCESS
    SEGMENT: ?PR?_TIMER2_SETPPGDUTYCOUNTER?A96L41X_TIMER2

*** WARNING L16: UNCALLED SEGMENT, IGNORED FOR OVERLAY PROCESS
    SEGMENT: ?PR?_TIMER2_SETPPGPERIODCOUNTER?A96L41X_TIMER2

*** WARNING L16: UNCALLED SEGMENT, IGNORED FOR OVERLAY PROCESS
    SEGMENT: ?PR?TIMER2_GETCAPTUREVALUE?A96L41X_TIMER2

*** WARNING L16: UNCALLED SEGMENT, IGNORED FOR OVERLAY PROCESS
    SEGMENT: ?PR?TIMER2_CLEARCOUNTDATA?A96L41X_TIMER2

*** WARNING L16: UNCALLED SEGMENT, IGNORED FOR OVERLAY PROCESS
    SEGMENT: ?PR?TIMER2_START?A96L41X_TIMER2

*** WARNING L16: UNCALLED SEGMENT, IGNORED FOR OVERLAY PROCESS
    SEGMENT: ?PR?TIMER2_STOP?A96L41X_TIMER2

*** WARNING L16: UNCALLED SEGMENT, IGNORED FOR OVERLAY PROCESS
    SEGMENT: ?PR?_TIMER2_CONFIGUREINTERRUPT?A96L41X_TIMER2

*** WARNING L16: UNCALLED SEGMENT, IGNORED FOR OVERLAY PROCESS
    SEGMENT: ?PR?TIMER2_CLEARINTERRUPTFLAG?A96L41X_TIMER2

*** WARNING L16: UNCALLED SEGMENT, IGNORED FOR OVERLAY PROCESS
    SEGMENT: ?PR?USART_RX_QUEUE_IS_FULL?A96L41X_USART

BL51 BANKED LINKER/LOCATER V6.22                                                      04/24/2026  14:37:16  PAGE 54


*** WARNING L16: UNCALLED SEGMENT, IGNORED FOR OVERLAY PROCESS
    SEGMENT: ?PR?_USART_CLOCK_INITIAL?A96L41X_USART

*** WARNING L16: UNCALLED SEGMENT, IGNORED FOR OVERLAY PROCESS
    SEGMENT: ?PR?_USART_ENABLE?A96L41X_USART

*** WARNING L16: UNCALLED SEGMENT, IGNORED FOR OVERLAY PROCESS
    SEGMENT: ?PR?_USART_SENDDATAWITHINTERRUPT?A96L41X_USART

*** WARNING L16: UNCALLED SEGMENT, IGNORED FOR OVERLAY PROCESS
    SEGMENT: ?PR?_USART_RECEIVEDATAWITHPOLLING?A96L41X_USART

*** WARNING L16: UNCALLED SEGMENT, IGNORED FOR OVERLAY PROCESS
    SEGMENT: ?PR?USART_RECEIVEDATAWITHINTERRUPT?A96L41X_USART

*** WARNING L16: UNCALLED SEGMENT, IGNORED FOR OVERLAY PROCESS
    SEGMENT: ?PR?USART_GETINTERRUPTSTATUS?A96L41X_USART

*** WARNING L16: UNCALLED SEGMENT, IGNORED FOR OVERLAY PROCESS
    SEGMENT: ?PR?_USART_CONFIGUREWAKEUP?A96L41X_USART

*** WARNING L16: UNCALLED SEGMENT, IGNORED FOR OVERLAY PROCESS
    SEGMENT: ?PR?USART_CLEARWAKEUPFLAG?A96L41X_USART

*** WARNING L16: UNCALLED SEGMENT, IGNORED FOR OVERLAY PROCESS
    SEGMENT: ?PR?_USART_SPI_INITIAL?A96L41X_USART_SPI

*** WARNING L16: UNCALLED SEGMENT, IGNORED FOR OVERLAY PROCESS
    SEGMENT: ?PR?_USART_SPI_ENABLE?A96L41X_USART_SPI

*** WARNING L16: UNCALLED SEGMENT, IGNORED FOR OVERLAY PROCESS
    SEGMENT: ?PR?_USART_SPI_SENDDATAWITHPOLLING?A96L41X_USART_SPI

*** WARNING L16: UNCALLED SEGMENT, IGNORED FOR OVERLAY PROCESS
    SEGMENT: ?PR?_USART_SPI_SENDDATAWITHINTERRUPT?A96L41X_USART_SPI

*** WARNING L16: UNCALLED SEGMENT, IGNORED FOR OVERLAY PROCESS
    SEGMENT: ?PR?_USART_SPI_RECEIVEDATAWITHPOLLING?A96L41X_USART_SPI

*** WARNING L16: UNCALLED SEGMENT, IGNORED FOR OVERLAY PROCESS
    SEGMENT: ?PR?_USART_SPI_RECEIVEDATAWITHINTERRUPT?A96L41X_USART_SPI

*** WARNING L16: UNCALLED SEGMENT, IGNORED FOR OVERLAY PROCESS
    SEGMENT: ?PR?USART_SPI_GETINTERRUPTSTATUS?A96L41X_USART_SPI

*** WARNING L16: UNCALLED SEGMENT, IGNORED FOR OVERLAY PROCESS
    SEGMENT: ?PR?AUDIO_INITIAL?AUDIO

*** WARNING L16: UNCALLED SEGMENT, IGNORED FOR OVERLAY PROCESS
    SEGMENT: ?PR?_READ_AUDIO_LENGTH?AUDIO

*** WARNING L16: UNCALLED SEGMENT, IGNORED FOR OVERLAY PROCESS
    SEGMENT: ?PR?_GET_IDENTIFICATION?FLASH

*** WARNING L16: UNCALLED SEGMENT, IGNORED FOR OVERLAY PROCESS
    SEGMENT: ?PR?_FASTREAD?FLASH

BL51 BANKED LINKER/LOCATER V6.22                                                      04/24/2026  14:37:16  PAGE 55


*** WARNING L16: UNCALLED SEGMENT, IGNORED FOR OVERLAY PROCESS
    SEGMENT: ?PR?_READ_?FLASH

*** WARNING L16: UNCALLED SEGMENT, IGNORED FOR OVERLAY PROCESS
    SEGMENT: ?PR?_DELAY_S?MAIN

*** WARNING L16: UNCALLED SEGMENT, IGNORED FOR OVERLAY PROCESS
    SEGMENT: ?PR?WD_RESET?MAIN

*** WARNING L16: UNCALLED SEGMENT, IGNORED FOR OVERLAY PROCESS
    SEGMENT: ?PR?DUST_ADC_1AMP?MAIN

Program Size: data=9.0 xdata=387 code=8852
LINK/LOCATE RUN COMPLETE.  58 WARNING(S),  0 ERROR(S)
