BL51 BANKED LINKER/LOCATER V6.22                                                        06/01/2026  16:26:20  PAGE 1


BL51 BANKED LINKER/LOCATER V6.22, INVOKED BY:
C:\KEIL_V5\C51\BIN\BL51.EXE .\Objects\a96l41x_adc.obj, .\Objects\a96l41x_clock.obj, .\Objects\a96l41x_gpio.obj, .\Object
>> s\a96l41x_opamp.obj, .\Objects\a96l41x_timer0.obj, .\Objects\a96l41x_timer1.obj, .\Objects\a96l41x_timer2.obj, .\Obje
>> cts\a96l41x_usart.obj, .\Objects\a96l41x_usart_spi.obj, .\Objects\audio.obj, .\Objects\delay.obj, .\Objects\flash.obj
>> , .\Objects\main.obj, .\Objects\calib.obj, .\Objects\a96l41x_dataflash.obj, .\Objects\startup.obj TO .\Objects\LTD_3x
>> 00B PRINT (.\Listings\LTD_3x00B.m51) RAMSIZE (256) CODE (0X0000-0X3FFF) XDATA (0X0000-0X02FF)


MEMORY MODEL: LARGE


INPUT MODULES INCLUDED:
  .\Objects\a96l41x_adc.obj (A96L41X_ADC)
  .\Objects\a96l41x_clock.obj (A96L41X_CLOCK)
  .\Objects\a96l41x_gpio.obj (A96L41X_GPIO)
  .\Objects\a96l41x_opamp.obj (A96L41X_OPAMP)
  .\Objects\a96l41x_timer0.obj (A96L41X_TIMER0)
  .\Objects\a96l41x_timer1.obj (A96L41X_TIMER1)
  .\Objects\a96l41x_timer2.obj (A96L41X_TIMER2)
  .\Objects\a96l41x_usart.obj (A96L41X_USART)
  .\Objects\a96l41x_usart_spi.obj (A96L41X_USART_SPI)
  .\Objects\audio.obj (AUDIO)
  .\Objects\delay.obj (DELAY)
  .\Objects\flash.obj (FLASH)
  .\Objects\main.obj (MAIN)
  .\Objects\calib.obj (CALIB)
  .\Objects\a96l41x_dataflash.obj (A96L41X_DATAFLASH)
  .\Objects\startup.obj (?C_STARTUP)
  C:\KEIL_V5\C51\LIB\C51L.LIB (?C_INIT)
  C:\KEIL_V5\C51\LIB\C51L.LIB (?C?SCDIV)
  C:\KEIL_V5\C51\LIB\C51L.LIB (?C?CLDPTR)
  C:\KEIL_V5\C51\LIB\C51L.LIB (?C?CLDOPTR)
  C:\KEIL_V5\C51\LIB\C51L.LIB (?C?CSTPTR)
  C:\KEIL_V5\C51\LIB\C51L.LIB (?C?CSTOPTR)
  C:\KEIL_V5\C51\LIB\C51L.LIB (?C?UIDIV)
  C:\KEIL_V5\C51\LIB\C51L.LIB (?C?IILDX)
  C:\KEIL_V5\C51\LIB\C51L.LIB (?C?ILDIX)
  C:\KEIL_V5\C51\LIB\C51L.LIB (?C?ILDOPTR)
  C:\KEIL_V5\C51\LIB\C51L.LIB (?C?ISTOPTR)
  C:\KEIL_V5\C51\LIB\C51L.LIB (?C?LMUL)
  C:\KEIL_V5\C51\LIB\C51L.LIB (?C?ULDIV)
  C:\KEIL_V5\C51\LIB\C51L.LIB (?C?SLCMP)
  C:\KEIL_V5\C51\LIB\C51L.LIB (?C?ULCMP)
  C:\KEIL_V5\C51\LIB\C51L.LIB (?C?ULSHR)
  C:\KEIL_V5\C51\LIB\C51L.LIB (?C?LSTXDATA)
  C:\KEIL_V5\C51\LIB\C51L.LIB (?C?LSTKXDATA)
  C:\KEIL_V5\C51\LIB\C51L.LIB (ABS)


LINK MAP OF MODULE:  .\Objects\LTD_3x00B (A96L41X_ADC)


            TYPE    BASE      LENGTH    RELOCATION   SEGMENT NAME
            -----------------------------------------------------

            * * * * * * *   D A T A   M E M O R Y   * * * * * * *
            REG     0000H     0008H     ABSOLUTE     "REG BANK 0"
            IDATA   0008H     0001H     UNIT         ?STACK
BL51 BANKED LINKER/LOCATER V6.22                                                      06/01/2026  16:26:20  PAGE 2



            * * * * * * *  X D A T A   M E M O R Y  * * * * * * *
            XDATA   0000H     004EH     UNIT         _XDATA_GROUP_
            XDATA   004EH     0014H     UNIT         ?XD?A96L41X_USART
            XDATA   0062H     0014H     UNIT         ?XD?AUDIO
            XDATA   0076H     000AH     UNIT         ?XD?DUST_ADC_1AMP?MAIN
            XDATA   0080H     0009H     UNIT         ?XD?_DATA_AVR?MAIN
            XDATA   0089H     0009H     UNIT         ?XD?_DATAFLASH_BYTEWT?A96L41X_DATAFLASH
            XDATA   0092H     0009H     UNIT         ?XD?A96L41X_DATAFLASH
            XDATA   009BH     0006H     UNIT         ?XD?CALIB
            XDATA   00A1H     0005H     UNIT         ?XD?A96L41X_USART_SPI
            XDATA   00A6H     0004H     UNIT         ?XD?_USART_SPI_SENDDATAWITHINTERRUPT?A96L41X_USART_SPI
            XDATA   00AAH     0004H     UNIT         ?XD?_USART_SPI_RECEIVEDATAWITHINTERRUPT?A96L41X_USART_SPI
            XDATA   00AEH     0003H     UNIT         ?XD?_USART_SPI_SENDDATAWITHPOLLING?A96L41X_USART_SPI
            XDATA   00B1H     0003H     UNIT         ?XD?_USART_SPI_RECEIVEDATAWITHPOLLING?A96L41X_USART_SPI
            XDATA   00B4H     0002H     UNIT         ?XD?TEMP_ADC?MAIN
            XDATA   00B6H     0001H     UNIT         ?XD?A96L41X_ADC
            XDATA   00B7H     0001H     UNIT         ?XD?FLASH
                    00B8H     0048H                  *** GAP ***
            XDATA   0100H     0008H     ABSOLUTE     
                    0108H     0038H                  *** GAP ***
            XDATA   0140H     0008H     ABSOLUTE     
            XDATA   0148H     0121H     UNIT         ?XD?MAIN

            * * * * * * *   C O D E   M E M O R Y   * * * * * * *
            CODE    0000H     0003H     ABSOLUTE     
            CODE    0003H     0060H     UNIT         ?PR?_PORT_SETINPUTPIN?A96L41X_GPIO
            CODE    0063H     0007H     UNIT         ?PR?_READ_C?FLASH
                    006AH     0001H                  *** GAP ***
            CODE    006BH     0003H     ABSOLUTE     
            CODE    006EH     0005H     UNIT         ?PR?_TIMER0_SETMATCHCOUNTER?A96L41X_TIMER0
            CODE    0073H     0003H     ABSOLUTE     
            CODE    0076H     000DH     UNIT         ?PR?FIRE_LED_BLINK_STOP?MAIN
            CODE    0083H     0003H     ABSOLUTE     
            CODE    0086H     0005H     UNIT         ?PR?_TIMER0_SETPPGDUTYCOUNTER?A96L41X_TIMER0
            CODE    008BH     0003H     ABSOLUTE     
            CODE    008EH     001CH     UNIT         ?PR?USART_TX_QUEUE_IS_FULL?A96L41X_USART
                    00AAH     0001H                  *** GAP ***
            CODE    00ABH     0003H     ABSOLUTE     
            CODE    00AEH     0316H     UNIT         ?C?LIB_CODE
            CODE    03C4H     0228H     UNIT         ?PR?DUST_ADC_2AMP?MAIN
            CODE    05ECH     0211H     UNIT         ?PR?DUST_ADC_1AMP?MAIN
            CODE    07FDH     01D7H     UNIT         ?PR?UART_OUT?MAIN
            CODE    09D4H     0195H     UNIT         ?PR?CALIB_RUN_SMOKE?CALIB
            CODE    0B69H     018DH     UNIT         ?C_INITSEG
            CODE    0CF6H     017FH     UNIT         ?PR?MAIN?MAIN
            CODE    0E75H     013BH     UNIT         ?PR?_CALIB_SAVE?CALIB
            CODE    0FB0H     0127H     UNIT         ?CO?MAIN
            CODE    10D7H     011EH     UNIT         ?PR?_USART_INITIAL?A96L41X_USART
            CODE    11F5H     0100H     UNIT         ?PR?_AUDIO_RUN?MAIN
            CODE    12F5H     00FBH     UNIT         ?PR?TIMER2_INT?MAIN
            CODE    13F0H     00F1H     UNIT         ?PR?_PORT_SETALTERFUNCTIONPIN?A96L41X_GPIO
            CODE    14E1H     00E3H     UNIT         ?PR?_DATA_TRIMMEDMEAN?MAIN
            CODE    15C4H     00E1H     UNIT         ?PR?_DATA_SORTING?MAIN
            CODE    16A5H     00DAH     UNIT         ?PR?_USART_SPI_INITIAL?A96L41X_USART_SPI
            CODE    177FH     00BAH     UNIT         ?PR?_DATA_AVR?MAIN
            CODE    1839H     00B8H     UNIT         ?PR?TIMER1_INT?AUDIO
BL51 BANKED LINKER/LOCATER V6.22                                                      06/01/2026  16:26:20  PAGE 3


            CODE    18F1H     00B6H     UNIT         ?PR?_UART_OUT_INT?MAIN
            CODE    19A7H     00B2H     UNIT         ?PR?_FIRE_CONFIRM_AVG?MAIN
            CODE    1A59H     00ABH     UNIT         ?PR?HW_INITIAL?MAIN
            CODE    1B04H     00A1H     UNIT         ?PR?_PORT_GETINTERRUPTSTATUS?A96L41X_GPIO
            CODE    1BA5H     00A1H     UNIT         ?PR?FIRE_MONITOR_STEP?MAIN
            CODE    1C46H     00A0H     UNIT         ?PR?CALIB_LOAD?CALIB
            CODE    1CE6H     009FH     UNIT         ?PR?TEMP_ADC?MAIN
            CODE    1D85H     009DH     UNIT         ?PR?GET_BAT_VOLTAGE_CV?MAIN
            CODE    1E22H     009AH     UNIT         ?C_C51STARTUP
            CODE    1EBCH     0096H     UNIT         ?PR?_UART_OUT_FIRE?MAIN
            CODE    1F52H     0096H     UNIT         ?PR?_DATAFLASH_BYTEWT?A96L41X_DATAFLASH
            CODE    1FE8H     0091H     UNIT         ?PR?CHECK_SYSTEM?MAIN
            CODE    2079H     0090H     UNIT         ?PR?SPI_MEMORY_CHECK?MAIN
            CODE    2109H     008FH     UNIT         ?PR?_PORT_CONFIGUREINTERRUPT?A96L41X_GPIO
            CODE    2198H     008EH     UNIT         ?PR?_USART_SPI_CONFIGUREINTERRUPT?A96L41X_USART_SPI
            CODE    2226H     008DH     UNIT         ?PR?START_DEBUG_MODE?MAIN
            CODE    22B3H     0088H     UNIT         ?PR?USART_RXINT_HANDLER?A96L41X_USART_SPI
            CODE    233BH     0088H     UNIT         ?PR?_CALIB_APPLY?CALIB
            CODE    23C3H     0088H     UNIT         ?PR?_DATAFLASH_PAGEWT?A96L41X_DATAFLASH
            CODE    244BH     0083H     UNIT         ?PR?_DATAFLASH_PAGEER?A96L41X_DATAFLASH
            CODE    24CEH     0076H     UNIT         ?PR?CALIB_ERASE_WITH_ANIMATION?CALIB
            CODE    2544H     0073H     UNIT         ?PR?_PORT_GETINPUTPINVALUE?A96L41X_GPIO
            CODE    25B7H     0069H     UNIT         ?PR?_BUFFER_CLEAR?A96L41X_DATAFLASH
            CODE    2620H     005DH     UNIT         ?PR?_ADC_GETDATAWITHPOLLING?A96L41X_ADC
            CODE    267DH     005DH     UNIT         ?PR?_PORT_SETOUTPUTPIN?A96L41X_GPIO
            CODE    26DAH     005AH     UNIT         ?PR?USART_TXINT_HANDLER?A96L41X_USART_SPI
            CODE    2734H     005AH     UNIT         ?PR?_GET_IDENTIFICATION?FLASH
            CODE    278EH     0057H     UNIT         ?PR?_USART_SPI_SENDDATAWITHINTERRUPT?A96L41X_USART_SPI
            CODE    27E5H     0056H     UNIT         ?PR?_SPI_TRANSFER?FLASH
            CODE    283BH     0050H     UNIT         ?PR?_PORT_ENABLEINTERRUPT?A96L41X_GPIO
            CODE    288BH     0050H     UNIT         ?PR?_PORT_DISABLEINTERRUPT?A96L41X_GPIO
            CODE    28DBH     0050H     UNIT         ?PR?_PORT_CLEARINTERRUPTSTATUS?A96L41X_GPIO
            CODE    292BH     004EH     UNIT         ?PR?AUDIO_INITIAL?AUDIO
            CODE    2979H     004BH     UNIT         ?PR?_WAIT_MS_KICKED?CALIB
            CODE    29C4H     004AH     UNIT         ?PR?_LOOP_WAIT_MS?MAIN
            CODE    2A0EH     0047H     UNIT         ?PR?SPI_RECEIVE?FLASH
            CODE    2A55H     0047H     UNIT         ?PR?_PLAY_CLIP?MAIN
            CODE    2A9CH     0047H     UNIT         ?PR?_UART_OUT_TEXT?MAIN
            CODE    2AE3H     0045H     UNIT         ?PR?CALIB_BOOT_INIT?CALIB
            CODE    2B28H     0043H     UNIT         ?PR?BATTERY_CHECK?MAIN
            CODE    2B6BH     003EH     UNIT         ?PR?_PLAY_FIRE_BURST?MAIN
            CODE    2BA9H     003EH     UNIT         ?PR?_DELAY_MS?MAIN
            CODE    2BE7H     003BH     UNIT         ?PR?_USART_SPI_RECEIVEDATAWITHPOLLING?A96L41X_USART_SPI
            CODE    2C22H     003AH     UNIT         ?PR?_PORT_SETOUTPUTLOWPIN?A96L41X_GPIO
            CODE    2C5CH     0038H     UNIT         ?PR?_USART_SPI_RECEIVEDATAWITHINTERRUPT?A96L41X_USART_SPI
            CODE    2C94H     0037H     UNIT         ?PR?_PORT_SETOUTPUTHIGHPIN?A96L41X_GPIO
            CODE    2CCBH     0037H     UNIT         ?PR?_PORT_SETOUTPUTTOGGLEPIN?A96L41X_GPIO
            CODE    2D02H     0037H     UNIT         ?PR?_TIMER0_INITIAL?A96L41X_TIMER0
            CODE    2D39H     0037H     UNIT         ?PR?_TIMER1_INITIAL?A96L41X_TIMER1
            CODE    2D70H     0037H     UNIT         ?PR?_TIMER2_INITIAL?A96L41X_TIMER2
            CODE    2DA7H     0034H     UNIT         ?PR?PORT_INITIAL?A96L41X_GPIO
            CODE    2DDBH     0034H     UNIT         ?PR?_BLINK_R?CALIB
            CODE    2E0FH     0033H     UNIT         ?PR?_USART_SPI_SENDDATAWITHPOLLING?A96L41X_USART_SPI
            CODE    2E42H     0031H     UNIT         ?PR?_NOP_20US_DELAY?DELAY
            CODE    2E73H     0031H     UNIT         ?PR?_CALIB_READ_WORD?CALIB
            CODE    2EA4H     0030H     UNIT         ?PR?_USART_SENDDATAWITHPOLLING?A96L41X_USART
            CODE    2ED4H     002EH     UNIT         ?PR?_BLINK_G?CALIB
BL51 BANKED LINKER/LOCATER V6.22                                                      06/01/2026  16:26:20  PAGE 4


            CODE    2F02H     002AH     UNIT         ?PR?CALIB_WAIT_DF_READY?CALIB
            CODE    2F2CH     0029H     UNIT         ?PR?_ADC_INITIAL?A96L41X_ADC
            CODE    2F55H     0026H     UNIT         ?PR?_HW_INITIAL_WAIT?MAIN
            CODE    2F7BH     001FH     UNIT         ?PR?DATAFLASH_EXIT?A96L41X_DATAFLASH
            CODE    2F9AH     001EH     UNIT         ?PR?_READ?FLASH
            CODE    2FB8H     001EH     UNIT         ?PR?T2_INIT?MAIN
            CODE    2FD6H     001CH     UNIT         ?PR?USART_RX_QUEUE_IS_FULL?A96L41X_USART
            CODE    2FF2H     001BH     UNIT         ?PR?_SETADDRESS?FLASH
            CODE    300DH     001AH     UNIT         ?PR?BEFORESTOP?MAIN
            CODE    3027H     0019H     UNIT         ?PR?_VARIABLE_INITIAL?MAIN
            CODE    3040H     0013H     UNIT         ?PR?USART_TX_QUEUE_IS_EMPTY?A96L41X_USART
            CODE    3053H     0013H     UNIT         ?PR?USART_RX_QUEUE_IS_EMPTY?A96L41X_USART
            CODE    3066H     0012H     UNIT         ?PR?CALIB_STEP1_BOOT_LED?CALIB
            CODE    3078H     0011H     UNIT         ?PR?SW2_IS_PRESSED?CALIB
            CODE    3089H     000FH     UNIT         ?PR?_OPAMP_INITIAL?A96L41X_OPAMP
            CODE    3098H     000FH     UNIT         ?PR?_TIMER0_SETPPGPOLARITY?A96L41X_TIMER0
            CODE    30A7H     000FH     UNIT         ?PR?_TIMER1_SETPPGPOLARITY?A96L41X_TIMER1
            CODE    30B6H     000FH     UNIT         ?PR?_TIMER2_SETPPGPOLARITY?A96L41X_TIMER2
            CODE    30C5H     000EH     UNIT         ?PR?FIRE_LED_BLINK_START?MAIN
            CODE    30D3H     000CH     UNIT         ?PR?_OP1_ENABLE?A96L41X_OPAMP
            CODE    30DFH     000CH     UNIT         ?PR?_OP0_ENABLE?A96L41X_OPAMP
            CODE    30EBH     000CH     UNIT         ?PR?_USART_SPI_ENABLE?A96L41X_USART_SPI
            CODE    30F7H     000CH     UNIT         ?PR?_ABS?ABS
            CODE    3103H     000BH     UNIT         ?PR?_TIMER0_CONFIGUREINTERRUPT?A96L41X_TIMER0
            CODE    310EH     000BH     UNIT         ?PR?_TIMER1_CONFIGUREINTERRUPT?A96L41X_TIMER1
            CODE    3119H     000BH     UNIT         ?PR?_TIMER2_CONFIGUREINTERRUPT?A96L41X_TIMER2
            CODE    3124H     000AH     UNIT         ?PR?WD_RESET?MAIN
            CODE    312EH     0009H     UNIT         ?PR?_ADC_SELECTCHANNEL?A96L41X_ADC
            CODE    3137H     0009H     UNIT         ?PR?CLOCK_GETSYSTEMFREQ?A96L41X_CLOCK
            CODE    3140H     0007H     UNIT         ?PR?AFTERSTOP?MAIN
            CODE    3147H     0007H     UNIT         ?PR?DATAFLASH_ENTRY?A96L41X_DATAFLASH
            CODE    314EH     0006H     UNIT         ?PR?ADC_GETCONVERSIONSTATUS?A96L41X_ADC
            CODE    3154H     0005H     UNIT         ?PR?_TIMER0_SETPPGPERIODCOUNTER?A96L41X_TIMER0
            CODE    3159H     0005H     UNIT         ?PR?TIMER0_GETCAPTUREVALUE?A96L41X_TIMER0
            CODE    315EH     0005H     UNIT         ?PR?_TIMER1_SETMATCHCOUNTER?A96L41X_TIMER1
            CODE    3163H     0005H     UNIT         ?PR?_TIMER1_SETPPGDUTYCOUNTER?A96L41X_TIMER1
            CODE    3168H     0005H     UNIT         ?PR?_TIMER1_SETPPGPERIODCOUNTER?A96L41X_TIMER1
            CODE    316DH     0005H     UNIT         ?PR?TIMER1_GETCAPTUREVALUE?A96L41X_TIMER1
            CODE    3172H     0005H     UNIT         ?PR?_TIMER2_SETMATCHCOUNTER?A96L41X_TIMER2
            CODE    3177H     0005H     UNIT         ?PR?_TIMER2_SETPPGDUTYCOUNTER?A96L41X_TIMER2
            CODE    317CH     0005H     UNIT         ?PR?_TIMER2_SETPPGPERIODCOUNTER?A96L41X_TIMER2
            CODE    3181H     0005H     UNIT         ?PR?TIMER2_GETCAPTUREVALUE?A96L41X_TIMER2
            CODE    3186H     0005H     UNIT         ?PR?NOP_4US_DELAY?DELAY
            CODE    318BH     0004H     UNIT         ?PR?ADC_STARTSOFTWARETRIGGER?A96L41X_ADC
            CODE    318FH     0004H     UNIT         ?PR?TIMER0_CLEARCOUNTDATA?A96L41X_TIMER0
            CODE    3193H     0004H     UNIT         ?PR?TIMER0_START?A96L41X_TIMER0
            CODE    3197H     0004H     UNIT         ?PR?TIMER0_STOP?A96L41X_TIMER0
            CODE    319BH     0004H     UNIT         ?PR?TIMER0_CLEARINTERRUPTFLAG?A96L41X_TIMER0
            CODE    319FH     0004H     UNIT         ?PR?TIMER1_CLEARCOUNTDATA?A96L41X_TIMER1
            CODE    31A3H     0004H     UNIT         ?PR?TIMER1_START?A96L41X_TIMER1
            CODE    31A7H     0004H     UNIT         ?PR?TIMER1_STOP?A96L41X_TIMER1
            CODE    31ABH     0004H     UNIT         ?PR?TIMER1_CLEARINTERRUPTFLAG?A96L41X_TIMER1
            CODE    31AFH     0004H     UNIT         ?PR?TIMER2_CLEARCOUNTDATA?A96L41X_TIMER2
            CODE    31B3H     0004H     UNIT         ?PR?TIMER2_START?A96L41X_TIMER2
            CODE    31B7H     0004H     UNIT         ?PR?TIMER2_STOP?A96L41X_TIMER2
            CODE    31BBH     0004H     UNIT         ?PR?TIMER2_CLEARINTERRUPTFLAG?A96L41X_TIMER2
            CODE    31BFH     0004H     UNIT         ?PR?WDT_INT?MAIN
BL51 BANKED LINKER/LOCATER V6.22                                                      06/01/2026  16:26:20  PAGE 5


            CODE    31C3H     0003H     UNIT         ?PR?USART_SPI_GETINTERRUPTSTATUS?A96L41X_USART_SPI



OVERLAY MAP OF MODULE:   .\Objects\LTD_3x00B (A96L41X_ADC)


SEGMENT                                            XDATA_GROUP
  +--> CALLED SEGMENT                            START    LENGTH
----------------------------------------------------------------
?PR?USART_RXINT_HANDLER?A96L41X_USART...         -----    -----
  +--> ?PR?_USART_SPI_CONFIGUREINTERRUPT?A96...

*** NEW ROOT ***************************************************

?PR?USART_TXINT_HANDLER?A96L41X_USART...         -----    -----
  +--> ?PR?_USART_SPI_CONFIGUREINTERRUPT?A96...

*** NEW ROOT ***************************************************

?PR?TIMER1_INT?AUDIO                             -----    -----
  +--> ?PR?TIMER1_CLEARINTERRUPTFLAG?A96L41X...
  +--> ?PR?_READ?FLASH
  +--> ?PR?_TIMER0_SETPPGDUTYCOUNTER?A96L41X...
  +--> ?PR?TIMER0_START?A96L41X_TIMER0
  +--> ?PR?_READ_C?FLASH
  +--> ?PR?TIMER0_STOP?A96L41X_TIMER0

?PR?_READ?FLASH                                  0000H    0004H
  +--> ?PR?_SPI_TRANSFER?FLASH
  +--> ?PR?_SETADDRESS?FLASH

?PR?_SETADDRESS?FLASH                            0004H    0004H
  +--> ?PR?_SPI_TRANSFER?FLASH

?PR?_READ_C?FLASH                                -----    -----
  +--> ?PR?SPI_RECEIVE?FLASH

*** NEW ROOT ***************************************************

?PR?TIMER2_INT?MAIN                              0008H    0002H
  +--> ?PR?_PORT_GETINPUTPINVALUE?A96L41X_GPIO

*** NEW ROOT ***************************************************

?C_C51STARTUP                                    -----    -----
  +--> ?PR?MAIN?MAIN
  +--> ?C_INITSEG

?PR?MAIN?MAIN                                    -----    -----
  +--> ?PR?_HW_INITIAL_WAIT?MAIN
  +--> ?PR?SPI_MEMORY_CHECK?MAIN
  +--> ?PR?CHECK_SYSTEM?MAIN
  +--> ?PR?_PORT_SETINPUTPIN?A96L41X_GPIO
  +--> ?PR?CALIB_STEP1_BOOT_LED?CALIB
  +--> ?PR?_UART_OUT_TEXT?MAIN
  +--> ?PR?_DELAY_MS?MAIN
BL51 BANKED LINKER/LOCATER V6.22                                                      06/01/2026  16:26:20  PAGE 6


  +--> ?PR?_PORT_GETINPUTPINVALUE?A96L41X_GPIO
  +--> ?PR?CALIB_ERASE_WITH_ANIMATION?CALIB
  +--> ?PR?CALIB_BOOT_INIT?CALIB
  +--> ?PR?BATTERY_CHECK?MAIN
  +--> ?PR?WD_RESET?MAIN
  +--> ?PR?FIRE_MONITOR_STEP?MAIN
  +--> ?PR?_PLAY_CLIP?MAIN
  +--> ?PR?_PLAY_FIRE_BURST?MAIN
  +--> ?PR?_LOOP_WAIT_MS?MAIN
  +--> ?PR?CALIB_RUN_SMOKE?CALIB
  +--> ?PR?UART_OUT?MAIN
  +--> ?PR?_PORT_SETOUTPUTPIN?A96L41X_GPIO
  +--> ?PR?FIRE_LED_BLINK_START?MAIN
  +--> ?PR?FIRE_LED_BLINK_STOP?MAIN
  +--> ?PR?BEFORESTOP?MAIN
  +--> ?PR?AFTERSTOP?MAIN

?PR?_HW_INITIAL_WAIT?MAIN                        000AH    0002H
  +--> ?PR?HW_INITIAL?MAIN
  +--> ?PR?_PORT_SETOUTPUTPIN?A96L41X_GPIO
  +--> ?PR?_DELAY_MS?MAIN

?PR?HW_INITIAL?MAIN                              -----    -----
  +--> ?PR?TIMER0_STOP?A96L41X_TIMER0

?PR?_DELAY_MS?MAIN                               003FH    0004H
  +--> ?PR?_NOP_20US_DELAY?DELAY

?PR?_NOP_20US_DELAY?DELAY                        -----    -----
  +--> ?PR?NOP_4US_DELAY?DELAY

?PR?SPI_MEMORY_CHECK?MAIN                        000AH    0004H
  +--> ?PR?_NOP_20US_DELAY?DELAY
  +--> ?PR?_USART_SPI_INITIAL?A96L41X_USART_SPI
  +--> ?PR?_GET_IDENTIFICATION?FLASH
  +--> ?PR?_DELAY_MS?MAIN

?PR?_USART_SPI_INITIAL?A96L41X_USART_SPI         0017H    000EH
  +--> ?PR?CLOCK_GETSYSTEMFREQ?A96L41X_CLOCK

?PR?_GET_IDENTIFICATION?FLASH                    000EH    0003H
  +--> ?PR?NOP_4US_DELAY?DELAY
  +--> ?PR?_SPI_TRANSFER?FLASH

?PR?CHECK_SYSTEM?MAIN                            000AH    0004H
  +--> ?PR?_OP0_ENABLE?A96L41X_OPAMP
  +--> ?PR?_OP1_ENABLE?A96L41X_OPAMP
  +--> ?PR?_ADC_INITIAL?A96L41X_ADC
  +--> ?PR?_ADC_SELECTCHANNEL?A96L41X_ADC
  +--> ?PR?_DELAY_MS?MAIN
  +--> ?PR?_ADC_GETDATAWITHPOLLING?A96L41X_ADC
  +--> ?PR?_DATA_TRIMMEDMEAN?MAIN
  +--> ?PR?_ABS?ABS

?PR?_ADC_INITIAL?A96L41X_ADC                     0021H    0004H

?PR?_ADC_GETDATAWITHPOLLING?A96L41X_ADC          0021H    0003H
BL51 BANKED LINKER/LOCATER V6.22                                                      06/01/2026  16:26:20  PAGE 7


  +--> ?PR?ADC_STARTSOFTWARETRIGGER?A96L41X_ADC
  +--> ?PR?ADC_GETCONVERSIONSTATUS?A96L41X_ADC

?PR?_DATA_TRIMMEDMEAN?MAIN                       0021H    0009H
  +--> ?PR?_DATA_SORTING?MAIN

?PR?_DATA_SORTING?MAIN                           002AH    0008H

?PR?CALIB_STEP1_BOOT_LED?CALIB                   -----    -----
  +--> ?PR?_DELAY_MS?MAIN
  +--> ?PR?WD_RESET?MAIN

?PR?_UART_OUT_TEXT?MAIN                          000AH    0004H
  +--> ?PR?_PORT_SETALTERFUNCTIONPIN?A96L41X...
  +--> ?PR?_USART_INITIAL?A96L41X_USART
  +--> ?PR?_USART_SENDDATAWITHPOLLING?A96L41...

?PR?_USART_INITIAL?A96L41X_USART                 000EH    000EH
  +--> ?PR?CLOCK_GETSYSTEMFREQ?A96L41X_CLOCK

?PR?_USART_SENDDATAWITHPOLLING?A96L41...         0011H    0003H

?PR?CALIB_ERASE_WITH_ANIMATION?CALIB             -----    -----
  +--> ?PR?SW2_IS_PRESSED?CALIB
  +--> ?PR?_WAIT_MS_KICKED?CALIB
  +--> ?PR?_DATAFLASH_PAGEER?A96L41X_DATAFLASH
  +--> ?PR?CALIB_WAIT_DF_READY?CALIB
  +--> ?PR?_DELAY_MS?MAIN
  +--> ?PR?DUST_ADC_2AMP?MAIN
  +--> ?PR?_CALIB_SAVE?CALIB
  +--> ?PR?_BLINK_G?CALIB
  +--> ?PR?_BLINK_R?CALIB

?PR?SW2_IS_PRESSED?CALIB                         -----    -----
  +--> ?PR?_PORT_GETINPUTPINVALUE?A96L41X_GPIO

?PR?_WAIT_MS_KICKED?CALIB                        001BH    0002H
  +--> ?PR?_DELAY_MS?MAIN
  +--> ?PR?WD_RESET?MAIN

?PR?_DATAFLASH_PAGEER?A96L41X_DATAFLASH          003FH    0007H
  +--> ?PR?DATAFLASH_ENTRY?A96L41X_DATAFLASH
  +--> ?PR?_BUFFER_CLEAR?A96L41X_DATAFLASH
  +--> ?PR?DATAFLASH_EXIT?A96L41X_DATAFLASH

?PR?_BUFFER_CLEAR?A96L41X_DATAFLASH              0049H    0005H

?PR?CALIB_WAIT_DF_READY?CALIB                    003FH    0002H

?PR?DUST_ADC_2AMP?MAIN                           0017H    000AH
  +--> ?PR?_OPAMP_INITIAL?A96L41X_OPAMP
  +--> ?PR?_OP0_ENABLE?A96L41X_OPAMP
  +--> ?PR?_NOP_20US_DELAY?DELAY
  +--> ?PR?_OP1_ENABLE?A96L41X_OPAMP
  +--> ?PR?_ADC_INITIAL?A96L41X_ADC
  +--> ?PR?_ADC_SELECTCHANNEL?A96L41X_ADC
  +--> ?PR?_DELAY_MS?MAIN
BL51 BANKED LINKER/LOCATER V6.22                                                      06/01/2026  16:26:20  PAGE 8


  +--> ?PR?_ADC_GETDATAWITHPOLLING?A96L41X_ADC
  +--> ?PR?_DATA_TRIMMEDMEAN?MAIN

?PR?_CALIB_SAVE?CALIB                            0017H    0028H
  +--> ?PR?_DATAFLASH_PAGEER?A96L41X_DATAFLASH
  +--> ?PR?CALIB_WAIT_DF_READY?CALIB
  +--> ?PR?_DELAY_MS?MAIN
  +--> ?PR?_DATAFLASH_PAGEWT?A96L41X_DATAFLASH
  +--> ?PR?_CALIB_READ_WORD?CALIB

?PR?_DATAFLASH_PAGEWT?A96L41X_DATAFLASH          003FH    000AH
  +--> ?PR?DATAFLASH_ENTRY?A96L41X_DATAFLASH
  +--> ?PR?_BUFFER_CLEAR?A96L41X_DATAFLASH
  +--> ?PR?DATAFLASH_EXIT?A96L41X_DATAFLASH

?PR?_CALIB_READ_WORD?CALIB                       003FH    0002H

?PR?_BLINK_G?CALIB                               0017H    0004H
  +--> ?PR?_WAIT_MS_KICKED?CALIB

?PR?_BLINK_R?CALIB                               0017H    0004H
  +--> ?PR?_WAIT_MS_KICKED?CALIB

?PR?CALIB_BOOT_INIT?CALIB                        -----    -----
  +--> ?PR?CALIB_LOAD?CALIB
  +--> ?PR?_UART_OUT_TEXT?MAIN
  +--> ?PR?UART_OUT?MAIN

?PR?CALIB_LOAD?CALIB                             000AH    0006H
  +--> ?PR?_CALIB_READ_WORD?CALIB

?PR?UART_OUT?MAIN                                -----    -----
  +--> ?PR?_PORT_SETALTERFUNCTIONPIN?A96L41X...
  +--> ?PR?_USART_INITIAL?A96L41X_USART
  +--> ?PR?_USART_SENDDATAWITHPOLLING?A96L41...
  +--> ?PR?_UART_OUT_INT?MAIN

?PR?_UART_OUT_INT?MAIN                           000EH    0003H
  +--> ?PR?_USART_SENDDATAWITHPOLLING?A96L41...

?PR?BATTERY_CHECK?MAIN                           -----    -----
  +--> ?PR?GET_BAT_VOLTAGE_CV?MAIN
  +--> ?PR?_PLAY_CLIP?MAIN

?PR?GET_BAT_VOLTAGE_CV?MAIN                      000CH    0008H
  +--> ?PR?_ADC_INITIAL?A96L41X_ADC
  +--> ?PR?_ADC_SELECTCHANNEL?A96L41X_ADC
  +--> ?PR?_DELAY_MS?MAIN
  +--> ?PR?_ADC_GETDATAWITHPOLLING?A96L41X_ADC
  +--> ?PR?_DATA_TRIMMEDMEAN?MAIN

?PR?_PLAY_CLIP?MAIN                              -----    -----
  +--> ?CO?MAIN
  +--> ?PR?_AUDIO_RUN?MAIN

?PR?_AUDIO_RUN?MAIN                              000EH    0009H
  +--> ?PR?_USART_SPI_INITIAL?A96L41X_USART_SPI
BL51 BANKED LINKER/LOCATER V6.22                                                      06/01/2026  16:26:20  PAGE 9


  +--> ?PR?_NOP_20US_DELAY?DELAY
  +--> ?PR?_VARIABLE_INITIAL?MAIN
  +--> ?PR?AUDIO_INITIAL?AUDIO
  +--> ?PR?TIMER1_START?A96L41X_TIMER1
  +--> ?PR?WD_RESET?MAIN
  +--> ?PR?TIMER1_STOP?A96L41X_TIMER1
  +--> ?PR?TIMER0_STOP?A96L41X_TIMER0

?PR?AUDIO_INITIAL?AUDIO                          -----    -----
  +--> ?PR?_PORT_SETALTERFUNCTIONPIN?A96L41X...
  +--> ?PR?_TIMER0_INITIAL?A96L41X_TIMER0
  +--> ?PR?_TIMER0_SETPPGPOLARITY?A96L41X_TI...
  +--> ?PR?_TIMER0_SETPPGPERIODCOUNTER?A96L4...
  +--> ?PR?_TIMER0_SETPPGDUTYCOUNTER?A96L41X...
  +--> ?PR?_TIMER0_CONFIGUREINTERRUPT?A96L41...
  +--> ?PR?_TIMER1_INITIAL?A96L41X_TIMER1
  +--> ?PR?_TIMER1_SETPPGPOLARITY?A96L41X_TI...
  +--> ?PR?_TIMER1_SETPPGPERIODCOUNTER?A96L4...
  +--> ?PR?_TIMER1_SETPPGDUTYCOUNTER?A96L41X...
  +--> ?PR?_TIMER1_CONFIGUREINTERRUPT?A96L41...

?PR?FIRE_MONITOR_STEP?MAIN                       000AH    0002H
  +--> ?PR?DUST_ADC_2AMP?MAIN
  +--> ?PR?_CALIB_APPLY?CALIB
  +--> ?PR?GET_BAT_VOLTAGE_CV?MAIN
  +--> ?PR?UART_OUT?MAIN
  +--> ?PR?_FIRE_CONFIRM_AVG?MAIN
  +--> ?PR?_PORT_SETOUTPUTPIN?A96L41X_GPIO
  +--> ?PR?_PLAY_FIRE_BURST?MAIN
  +--> ?PR?_UART_OUT_FIRE?MAIN
  +--> ?PR?_PORT_SETINPUTPIN?A96L41X_GPIO

?PR?_CALIB_APPLY?CALIB                           0015H    0004H

?PR?_FIRE_CONFIRM_AVG?MAIN                       000CH    0009H
  +--> ?PR?DUST_ADC_2AMP?MAIN
  +--> ?PR?_CALIB_APPLY?CALIB
  +--> ?PR?WD_RESET?MAIN
  +--> ?PR?_DELAY_MS?MAIN

?PR?_PLAY_FIRE_BURST?MAIN                        000CH    0002H
  +--> ?PR?FIRE_LED_BLINK_START?MAIN
  +--> ?PR?_LOOP_WAIT_MS?MAIN
  +--> ?PR?_PLAY_CLIP?MAIN
  +--> ?PR?FIRE_LED_BLINK_STOP?MAIN

?PR?FIRE_LED_BLINK_START?MAIN                    -----    -----
  +--> ?PR?T2_INIT?MAIN
  +--> ?PR?TIMER2_START?A96L41X_TIMER2

?PR?T2_INIT?MAIN                                 -----    -----
  +--> ?PR?_TIMER2_INITIAL?A96L41X_TIMER2
  +--> ?PR?_TIMER2_SETPPGPOLARITY?A96L41X_TI...
  +--> ?PR?_TIMER2_SETPPGPERIODCOUNTER?A96L4...
  +--> ?PR?_TIMER2_CONFIGUREINTERRUPT?A96L41...

?PR?_LOOP_WAIT_MS?MAIN                           000EH    0002H
BL51 BANKED LINKER/LOCATER V6.22                                                      06/01/2026  16:26:20  PAGE 10


  +--> ?PR?WD_RESET?MAIN
  +--> ?PR?_DELAY_MS?MAIN

?PR?FIRE_LED_BLINK_STOP?MAIN                     -----    -----
  +--> ?PR?TIMER2_STOP?A96L41X_TIMER2

?PR?_UART_OUT_FIRE?MAIN                          000CH    0002H
  +--> ?PR?_PORT_SETALTERFUNCTIONPIN?A96L41X...
  +--> ?PR?_USART_INITIAL?A96L41X_USART
  +--> ?PR?_USART_SENDDATAWITHPOLLING?A96L41...
  +--> ?PR?_UART_OUT_INT?MAIN

?PR?CALIB_RUN_SMOKE?CALIB                        000AH    000DH
  +--> ?PR?SW2_IS_PRESSED?CALIB
  +--> ?PR?WD_RESET?MAIN
  +--> ?PR?_DELAY_MS?MAIN
  +--> ?PR?_WAIT_MS_KICKED?CALIB
  +--> ?PR?DUST_ADC_2AMP?MAIN
  +--> ?PR?_BLINK_R?CALIB
  +--> ?PR?_CALIB_SAVE?CALIB
  +--> ?PR?_BLINK_G?CALIB



SYMBOL TABLE OF MODULE:  .\Objects\LTD_3x00B (A96L41X_ADC)

  VALUE           TYPE          NAME
  ----------------------------------

  -------         MODULE        A96L41X_ADC
  C:0000H         SYMBOL        _ICE_DUMMY_
  C:314EH         PUBLIC        ADC_GetConversionStatus
  X:00B6H         PUBLIC        ADC_Timeout
  D:00CBH         PUBLIC        ADCCRH
  D:00CAH         PUBLIC        ADCCRL
  C:2620H         PUBLIC        _ADC_GetDataWithPolling
  C:312EH         PUBLIC        _ADC_SelectChannel
  D:00CCH         PUBLIC        ADCDR
  C:318BH         PUBLIC        ADC_StartSoftwareTrigger
  C:2F2CH         PUBLIC        _ADC_Initial
  -------         PROC          _ADC_INITIAL
  D:0007H         SYMBOL        clock_sel
  D:0005H         SYMBOL        trigger_sel
  D:0003H         SYMBOL        ref_voltage
  X:0024H         SYMBOL        align_sel
  -------         DO            
  D:0006H         SYMBOL        temp_reg
  D:0007H         SYMBOL        temp_reg2
  -------         ENDDO         
  C:2F2CH         LINE#         81
  C:2F2CH         LINE#         82
  C:2F2CH         LINE#         95
  C:2F2FH         LINE#         96
  C:2F31H         LINE#         97
  C:2F31H         LINE#         99
  C:2F33H         LINE#         100
  C:2F33H         LINE#         101
BL51 BANKED LINKER/LOCATER V6.22                                                      06/01/2026  16:26:20  PAGE 11


  C:2F45H         LINE#         103
  C:2F47H         LINE#         104
  C:2F47H         LINE#         105
  C:2F50H         LINE#         107
  C:2F52H         LINE#         108
  C:2F54H         LINE#         121
  -------         ENDPROC       _ADC_INITIAL
  -------         PROC          ADC_STARTSOFTWARETRIGGER
  C:318BH         LINE#         128
  C:318BH         LINE#         129
  C:318BH         LINE#         130
  C:318EH         LINE#         131
  -------         ENDPROC       ADC_STARTSOFTWARETRIGGER
  -------         PROC          _ADC_SELECTCHANNEL
  D:0007H         SYMBOL        channel
  -------         DO            
  D:0006H         SYMBOL        temp_reg
  -------         ENDDO         
  C:312EH         LINE#         149
  C:312EH         LINE#         150
  C:312EH         LINE#         153
  C:3130H         LINE#         154
  C:3133H         LINE#         155
  C:3134H         LINE#         157
  C:3136H         LINE#         158
  -------         ENDPROC       _ADC_SELECTCHANNEL
  -------         PROC          ADC_GETCONVERSIONSTATUS
  C:314EH         LINE#         165
  C:314EH         LINE#         166
  C:314EH         LINE#         167
  C:3153H         LINE#         168
  -------         ENDPROC       ADC_GETCONVERSIONSTATUS
  -------         PROC          _ADC_GETDATAWITHPOLLING
  X:0021H         SYMBOL        adc_data
  D:0005H         SYMBOL        count
  -------         DO            
  D:0006H         SYMBOL        i
  D:0002H         SYMBOL        wait
  -------         ENDDO         
  C:2620H         LINE#         179
  C:262BH         LINE#         180
  C:262BH         LINE#         184
  C:2632H         LINE#         185
  C:2632H         LINE#         186
  C:2637H         LINE#         187
  C:263AH         LINE#         189
  C:263EH         LINE#         190
  C:264DH         LINE#         191
  C:2651H         LINE#         192
  C:2657H         LINE#         194
  C:2657H         LINE#         196
  C:2674H         LINE#         197
  C:2677H         LINE#         199
  C:267CH         LINE#         200
  -------         ENDPROC       _ADC_GETDATAWITHPOLLING
  -------         ENDMOD        A96L41X_ADC

BL51 BANKED LINKER/LOCATER V6.22                                                      06/01/2026  16:26:20  PAGE 12


  -------         MODULE        A96L41X_CLOCK
  C:0000H         SYMBOL        _ICE_DUMMY_
  C:3137H         PUBLIC        Clock_GetSystemFreq
  -------         PROC          CLOCK_GETSYSTEMFREQ
  C:3137H         LINE#         63
  C:3137H         LINE#         64
  C:3137H         LINE#         65
  C:313FH         LINE#         66
  -------         ENDPROC       CLOCK_GETSYSTEMFREQ
  -------         ENDMOD        A96L41X_CLOCK

  -------         MODULE        A96L41X_GPIO
  C:0000H         SYMBOL        _ICE_DUMMY_
  D:0080H         PUBLIC        P0
  D:0088H         PUBLIC        P1
  D:0090H         PUBLIC        P2
  C:2109H         PUBLIC        _Port_ConfigureInterrupt
  C:1B04H         PUBLIC        _Port_GetInterruptStatus
  D:0096H         PUBLIC        P0DB
  C:2544H         PUBLIC        _Port_GetInputpinValue
  D:00A8H         PUBLIC        IE
  C:0003H         PUBLIC        _Port_SetInputpin
  D:0092H         PUBLIC        P0OD
  C:288BH         PUBLIC        _Port_DisableInterrupt
  C:267DH         PUBLIC        _Port_SetOutputpin
  D:009AH         PUBLIC        P1OD
  D:00D2H         PUBLIC        P2OD
  C:2C94H         PUBLIC        _Port_SetOutputHighpin
  D:0091H         PUBLIC        P0IO
  D:0099H         PUBLIC        P1IO
  D:00A1H         PUBLIC        P2IO
  D:0093H         PUBLIC        P0PU
  C:283BH         PUBLIC        _Port_EnableInterrupt
  D:009BH         PUBLIC        P1PU
  D:00D3H         PUBLIC        P2PU
  D:00A0H         PUBLIC        EIFLAG
  D:00A4H         PUBLIC        EIPOL0
  D:00A5H         PUBLIC        EIPOL1
  D:0095H         PUBLIC        P0FSRH
  D:009DH         PUBLIC        P1FSRH
  D:0094H         PUBLIC        P0FSRL
  D:009EH         PUBLIC        P12DB
  D:009CH         PUBLIC        P1FSRL
  D:00A9H         PUBLIC        IE1
  C:13F0H         PUBLIC        _Port_SetAlterFunctionpin
  C:2C22H         PUBLIC        _Port_SetOutputLowpin
  C:28DBH         PUBLIC        _Port_ClearInterruptStatus
  C:2DA7H         PUBLIC        Port_Initial
  D:00D4H         PUBLIC        P2FSR
  C:2CCBH         PUBLIC        _Port_SetOutputTogglepin
  -------         PROC          PORT_INITIAL
  C:2DA7H         LINE#         62
  C:2DA7H         LINE#         63
  C:2DA7H         LINE#         67
  C:2DAAH         LINE#         68
  C:2DADH         LINE#         69
  C:2DAFH         LINE#         70
BL51 BANKED LINKER/LOCATER V6.22                                                      06/01/2026  16:26:20  PAGE 13


  C:2DB2H         LINE#         71
  C:2DB5H         LINE#         77
  C:2DB8H         LINE#         83
  C:2DBAH         LINE#         92
  C:2DBDH         LINE#         93
  C:2DBFH         LINE#         94
  C:2DC2H         LINE#         95
  C:2DC5H         LINE#         97
  C:2DC8H         LINE#         101
  C:2DCBH         LINE#         107
  C:2DCDH         LINE#         116
  C:2DD0H         LINE#         117
  C:2DD2H         LINE#         118
  C:2DD4H         LINE#         119
  C:2DD7H         LINE#         121
  C:2DDAH         LINE#         127
  -------         ENDPROC       PORT_INITIAL
  -------         PROC          _PORT_SETOUTPUTPIN
  D:0007H         SYMBOL        port
  D:0005H         SYMBOL        pin
  D:0003H         SYMBOL        mode
  C:267DH         LINE#         136
  C:267DH         LINE#         137
  C:267DH         LINE#         139
  C:2688H         LINE#         140
  C:2688H         LINE#         141
  C:2688H         LINE#         142
  C:2695H         LINE#         143
  C:26A1H         LINE#         144
  C:26A2H         LINE#         145
  C:26A2H         LINE#         146
  C:26AFH         LINE#         147
  C:26BBH         LINE#         148
  C:26BCH         LINE#         149
  C:26BCH         LINE#         150
  C:26C9H         LINE#         151
  C:26D9H         LINE#         152
  C:26D9H         LINE#         153
  C:26D9H         LINE#         154
  C:26D9H         LINE#         155
  C:26D9H         LINE#         156
  -------         ENDPROC       _PORT_SETOUTPUTPIN
  -------         PROC          _PORT_SETINPUTPIN
  D:0007H         SYMBOL        port
  D:0005H         SYMBOL        pin
  D:0003H         SYMBOL        mode
  C:0003H         LINE#         165
  C:0003H         LINE#         166
  C:0003H         LINE#         167
  C:000EH         LINE#         168
  C:000EH         LINE#         169
  C:000EH         LINE#         170
  C:001CH         LINE#         171
  C:0028H         LINE#         172
  C:0029H         LINE#         173
  C:0029H         LINE#         174
  C:0037H         LINE#         175
BL51 BANKED LINKER/LOCATER V6.22                                                      06/01/2026  16:26:20  PAGE 14


  C:0043H         LINE#         176
  C:0044H         LINE#         177
  C:0044H         LINE#         178
  C:0052H         LINE#         179
  C:0062H         LINE#         180
  C:0062H         LINE#         181
  C:0062H         LINE#         182
  C:0062H         LINE#         183
  C:0062H         LINE#         184
  -------         ENDPROC       _PORT_SETINPUTPIN
  -------         PROC          _PORT_SETALTERFUNCTIONPIN
  D:0007H         SYMBOL        port
  D:0005H         SYMBOL        pin
  D:0003H         SYMBOL        val
  -------         DO            
  D:0006H         SYMBOL        temp_reg
  -------         ENDDO         
  C:13F0H         LINE#         193
  C:13F0H         LINE#         194
  C:13F0H         LINE#         197
  C:1401H         LINE#         198
  C:1401H         LINE#         199
  C:1401H         LINE#         200
  C:1407H         LINE#         201
  C:1407H         LINE#         202
  C:1409H         LINE#         203
  C:141EH         LINE#         204
  C:1429H         LINE#         206
  C:142BH         LINE#         207
  C:142CH         LINE#         209
  C:142CH         LINE#         210
  C:142EH         LINE#         211
  C:1440H         LINE#         212
  C:144BH         LINE#         214
  C:144DH         LINE#         215
  C:144DH         LINE#         216
  C:144EH         LINE#         217
  C:144EH         LINE#         218
  C:1454H         LINE#         219
  C:1454H         LINE#         220
  C:1456H         LINE#         221
  C:146BH         LINE#         222
  C:1476H         LINE#         224
  C:1478H         LINE#         225
  C:1479H         LINE#         227
  C:1479H         LINE#         228
  C:147BH         LINE#         229
  C:148DH         LINE#         230
  C:1498H         LINE#         232
  C:149AH         LINE#         233
  C:149AH         LINE#         234
  C:149BH         LINE#         235
  C:149BH         LINE#         236
  C:14A1H         LINE#         237
  C:14A1H         LINE#         238
  C:14A3H         LINE#         239
  C:14B1H         LINE#         240
BL51 BANKED LINKER/LOCATER V6.22                                                      06/01/2026  16:26:20  PAGE 15


  C:14BBH         LINE#         242
  C:14BBH         LINE#         243
  C:14BDH         LINE#         245
  C:14BDH         LINE#         246
  C:14BFH         LINE#         247
  C:14D1H         LINE#         248
  C:14DEH         LINE#         250
  C:14E0H         LINE#         251
  C:14E0H         LINE#         252
  C:14E0H         LINE#         253
  C:14E0H         LINE#         254
  C:14E0H         LINE#         255
  C:14E0H         LINE#         256
  -------         ENDPROC       _PORT_SETALTERFUNCTIONPIN
  -------         PROC          _PORT_SETOUTPUTHIGHPIN
  D:0007H         SYMBOL        port
  D:0005H         SYMBOL        pin
  C:2C94H         LINE#         265
  C:2C94H         LINE#         266
  C:2C94H         LINE#         268
  C:2C9FH         LINE#         269
  C:2C9FH         LINE#         270
  C:2C9FH         LINE#         271
  C:2CACH         LINE#         272
  C:2CADH         LINE#         273
  C:2CADH         LINE#         274
  C:2CBAH         LINE#         275
  C:2CBBH         LINE#         276
  C:2CBBH         LINE#         277
  C:2CCAH         LINE#         278
  C:2CCAH         LINE#         279
  C:2CCAH         LINE#         280
  C:2CCAH         LINE#         281
  C:2CCAH         LINE#         282
  -------         ENDPROC       _PORT_SETOUTPUTHIGHPIN
  -------         PROC          _PORT_SETOUTPUTLOWPIN
  D:0007H         SYMBOL        port
  D:0005H         SYMBOL        pin
  C:2C22H         LINE#         291
  C:2C22H         LINE#         292
  C:2C22H         LINE#         294
  C:2C2DH         LINE#         295
  C:2C2DH         LINE#         296
  C:2C2DH         LINE#         297
  C:2C3BH         LINE#         298
  C:2C3CH         LINE#         299
  C:2C3CH         LINE#         300
  C:2C4AH         LINE#         301
  C:2C4BH         LINE#         302
  C:2C4BH         LINE#         303
  C:2C5BH         LINE#         304
  C:2C5BH         LINE#         305
  C:2C5BH         LINE#         306
  C:2C5BH         LINE#         307
  C:2C5BH         LINE#         308
  -------         ENDPROC       _PORT_SETOUTPUTLOWPIN
  -------         PROC          _PORT_SETOUTPUTTOGGLEPIN
BL51 BANKED LINKER/LOCATER V6.22                                                      06/01/2026  16:26:20  PAGE 16


  D:0007H         SYMBOL        port
  D:0005H         SYMBOL        pin
  C:2CCBH         LINE#         317
  C:2CCBH         LINE#         318
  C:2CCBH         LINE#         320
  C:2CD6H         LINE#         321
  C:2CD6H         LINE#         322
  C:2CD6H         LINE#         323
  C:2CE3H         LINE#         324
  C:2CE4H         LINE#         325
  C:2CE4H         LINE#         326
  C:2CF1H         LINE#         327
  C:2CF2H         LINE#         328
  C:2CF2H         LINE#         329
  C:2D01H         LINE#         330
  C:2D01H         LINE#         331
  C:2D01H         LINE#         332
  C:2D01H         LINE#         333
  C:2D01H         LINE#         334
  -------         ENDPROC       _PORT_SETOUTPUTTOGGLEPIN
  -------         PROC          _PORT_GETINPUTPINVALUE
  D:0007H         SYMBOL        port
  D:0005H         SYMBOL        pin
  -------         DO            
  D:0004H         SYMBOL        result
  -------         ENDDO         
  C:2544H         LINE#         343
  C:2544H         LINE#         344
  C:2544H         LINE#         347
  C:254FH         LINE#         348
  C:254FH         LINE#         349
  C:254FH         LINE#         350
  C:256EH         LINE#         351
  C:2570H         LINE#         352
  C:2570H         LINE#         353
  C:258FH         LINE#         354
  C:2591H         LINE#         355
  C:2591H         LINE#         356
  C:25B4H         LINE#         357
  C:25B4H         LINE#         358
  C:25B4H         LINE#         359
  C:25B4H         LINE#         360
  C:25B4H         LINE#         362
  C:25B6H         LINE#         363
  -------         ENDPROC       _PORT_GETINPUTPINVALUE
  -------         PROC          _PORT_ENABLEINTERRUPT
  D:0007H         SYMBOL        channel
  C:283BH         LINE#         370
  C:283BH         LINE#         371
  C:283BH         LINE#         372
  C:286FH         LINE#         373
  C:286FH         LINE#         374
  C:286FH         LINE#         375
  C:2872H         LINE#         376
  C:2873H         LINE#         377
  C:2873H         LINE#         378
  C:2876H         LINE#         379
BL51 BANKED LINKER/LOCATER V6.22                                                      06/01/2026  16:26:20  PAGE 17


  C:2877H         LINE#         380
  C:2877H         LINE#         381
  C:287AH         LINE#         382
  C:287BH         LINE#         383
  C:287BH         LINE#         384
  C:287EH         LINE#         385
  C:287FH         LINE#         386
  C:287FH         LINE#         387
  C:287FH         LINE#         388
  C:287FH         LINE#         389
  C:287FH         LINE#         390
  C:287FH         LINE#         391
  C:287FH         LINE#         392
  C:2882H         LINE#         393
  C:2883H         LINE#         394
  C:2883H         LINE#         395
  C:2886H         LINE#         396
  C:2887H         LINE#         397
  C:2887H         LINE#         398
  C:288AH         LINE#         399
  C:288AH         LINE#         400
  C:288AH         LINE#         401
  C:288AH         LINE#         402
  C:288AH         LINE#         403
  -------         ENDPROC       _PORT_ENABLEINTERRUPT
  -------         PROC          _PORT_DISABLEINTERRUPT
  D:0007H         SYMBOL        channel
  C:288BH         LINE#         410
  C:288BH         LINE#         411
  C:288BH         LINE#         412
  C:28BFH         LINE#         413
  C:28BFH         LINE#         414
  C:28BFH         LINE#         415
  C:28C2H         LINE#         416
  C:28C3H         LINE#         417
  C:28C3H         LINE#         418
  C:28C6H         LINE#         419
  C:28C7H         LINE#         420
  C:28C7H         LINE#         421
  C:28CAH         LINE#         422
  C:28CBH         LINE#         423
  C:28CBH         LINE#         424
  C:28CEH         LINE#         425
  C:28CFH         LINE#         426
  C:28CFH         LINE#         427
  C:28CFH         LINE#         428
  C:28CFH         LINE#         429
  C:28CFH         LINE#         430
  C:28CFH         LINE#         431
  C:28CFH         LINE#         432
  C:28D2H         LINE#         433
  C:28D3H         LINE#         434
  C:28D3H         LINE#         435
  C:28D6H         LINE#         436
  C:28D7H         LINE#         437
  C:28D7H         LINE#         438
  C:28DAH         LINE#         439
BL51 BANKED LINKER/LOCATER V6.22                                                      06/01/2026  16:26:20  PAGE 18


  C:28DAH         LINE#         440
  C:28DAH         LINE#         441
  C:28DAH         LINE#         442
  C:28DAH         LINE#         443
  -------         ENDPROC       _PORT_DISABLEINTERRUPT
  -------         PROC          _PORT_CONFIGUREINTERRUPT
  D:0007H         SYMBOL        channel
  D:0005H         SYMBOL        edge
  -------         DO            
  D:0006H         SYMBOL        temp_reg
  -------         ENDDO         
  C:2109H         LINE#         458
  C:2109H         LINE#         459
  C:2109H         LINE#         462
  C:2140H         LINE#         463
  C:2140H         LINE#         464
  C:2140H         LINE#         465
  C:2142H         LINE#         466
  C:2145H         LINE#         467
  C:2146H         LINE#         468
  C:2148H         LINE#         469
  C:2149H         LINE#         470
  C:2149H         LINE#         471
  C:214BH         LINE#         472
  C:214FH         LINE#         473
  C:2154H         LINE#         474
  C:2154H         LINE#         475
  C:2156H         LINE#         476
  C:2156H         LINE#         477
  C:2158H         LINE#         478
  C:215CH         LINE#         479
  C:2160H         LINE#         480
  C:2160H         LINE#         481
  C:2162H         LINE#         482
  C:2162H         LINE#         483
  C:2164H         LINE#         484
  C:2168H         LINE#         485
  C:216FH         LINE#         486
  C:2171H         LINE#         487
  C:2172H         LINE#         488
  C:2172H         LINE#         489
  C:2172H         LINE#         490
  C:2172H         LINE#         491
  C:2172H         LINE#         492
  C:2172H         LINE#         493
  C:2172H         LINE#         494
  C:2172H         LINE#         495
  C:2174H         LINE#         496
  C:2177H         LINE#         497
  C:2178H         LINE#         499
  C:217AH         LINE#         500
  C:217BH         LINE#         501
  C:217BH         LINE#         502
  C:217DH         LINE#         503
  C:2181H         LINE#         504
  C:2186H         LINE#         506
  C:2186H         LINE#         507
BL51 BANKED LINKER/LOCATER V6.22                                                      06/01/2026  16:26:20  PAGE 19


  C:2188H         LINE#         508
  C:2188H         LINE#         509
  C:218AH         LINE#         510
  C:218EH         LINE#         511
  C:2195H         LINE#         513
  C:2197H         LINE#         514
  C:2197H         LINE#         515
  C:2197H         LINE#         516
  C:2197H         LINE#         517
  C:2197H         LINE#         518
  -------         ENDPROC       _PORT_CONFIGUREINTERRUPT
  -------         PROC          _PORT_GETINTERRUPTSTATUS
  D:0007H         SYMBOL        channel
  -------         DO            
  D:0006H         SYMBOL        result
  -------         ENDDO         
  C:1B04H         LINE#         525
  C:1B04H         LINE#         526
  C:1B04H         LINE#         529
  C:1B3BH         LINE#         530
  C:1B3BH         LINE#         531
  C:1B3BH         LINE#         532
  C:1B48H         LINE#         533
  C:1B4AH         LINE#         534
  C:1B4AH         LINE#         535
  C:1B57H         LINE#         536
  C:1B59H         LINE#         537
  C:1B59H         LINE#         538
  C:1B66H         LINE#         539
  C:1B68H         LINE#         540
  C:1B68H         LINE#         541
  C:1B75H         LINE#         542
  C:1B77H         LINE#         543
  C:1B77H         LINE#         544
  C:1B77H         LINE#         545
  C:1B77H         LINE#         546
  C:1B77H         LINE#         547
  C:1B77H         LINE#         548
  C:1B77H         LINE#         549
  C:1B84H         LINE#         550
  C:1B86H         LINE#         551
  C:1B86H         LINE#         552
  C:1B93H         LINE#         553
  C:1B95H         LINE#         554
  C:1B95H         LINE#         555
  C:1BA2H         LINE#         556
  C:1BA2H         LINE#         557
  C:1BA2H         LINE#         558
  C:1BA2H         LINE#         559
  C:1BA2H         LINE#         561
  C:1BA4H         LINE#         562
  -------         ENDPROC       _PORT_GETINTERRUPTSTATUS
  -------         PROC          _PORT_CLEARINTERRUPTSTATUS
  D:0007H         SYMBOL        channel
  C:28DBH         LINE#         583
  C:28DBH         LINE#         584
  C:28DBH         LINE#         585
BL51 BANKED LINKER/LOCATER V6.22                                                      06/01/2026  16:26:20  PAGE 20


  C:290FH         LINE#         586
  C:290FH         LINE#         587
  C:290FH         LINE#         588
  C:2912H         LINE#         589
  C:2913H         LINE#         590
  C:2913H         LINE#         591
  C:2916H         LINE#         592
  C:2917H         LINE#         593
  C:2917H         LINE#         594
  C:291AH         LINE#         595
  C:291BH         LINE#         596
  C:291BH         LINE#         597
  C:291EH         LINE#         598
  C:291FH         LINE#         599
  C:291FH         LINE#         600
  C:291FH         LINE#         601
  C:291FH         LINE#         602
  C:291FH         LINE#         603
  C:291FH         LINE#         604
  C:291FH         LINE#         605
  C:2922H         LINE#         606
  C:2923H         LINE#         607
  C:2923H         LINE#         608
  C:2926H         LINE#         609
  C:2927H         LINE#         610
  C:2927H         LINE#         611
  C:292AH         LINE#         612
  C:292AH         LINE#         613
  C:292AH         LINE#         614
  C:292AH         LINE#         615
  C:292AH         LINE#         616
  -------         ENDPROC       _PORT_CLEARINTERRUPTSTATUS
  -------         ENDMOD        A96L41X_GPIO

  -------         MODULE        A96L41X_OPAMP
  C:0000H         SYMBOL        _ICE_DUMMY_
  D:00AFH         PUBLIC        AMPCR1
  C:3089H         PUBLIC        _OPAMP_Initial
  D:00ADH         PUBLIC        CHPCR
  C:30DFH         PUBLIC        _OP0_Enable
  C:30D3H         PUBLIC        _OP1_Enable
  -------         PROC          _OPAMP_INITIAL
  D:0007H         SYMBOL        gain_1sel
  D:0005H         SYMBOL        gain_0sel
  D:0003H         SYMBOL        chp_clk
  -------         DO            
  D:0006H         SYMBOL        temp_reg
  D:0007H         SYMBOL        temp_reg2
  -------         ENDDO         
  C:3089H         LINE#         81
  C:3089H         LINE#         82
  C:3089H         LINE#         85
  C:308BH         LINE#         86
  C:308BH         LINE#         87
  C:3090H         LINE#         89
  C:3092H         LINE#         91
  C:3094H         LINE#         92
BL51 BANKED LINKER/LOCATER V6.22                                                      06/01/2026  16:26:20  PAGE 21


  C:3094H         LINE#         93
  C:3095H         LINE#         95
  C:3097H         LINE#         97
  -------         ENDPROC       _OPAMP_INITIAL
  -------         PROC          _OP1_ENABLE
  D:0007H         SYMBOL        enable
  C:30D3H         LINE#         107
  C:30D3H         LINE#         108
  C:30D3H         LINE#         109
  C:30D7H         LINE#         110
  C:30D7H         LINE#         111
  C:30DAH         LINE#         112
  C:30DBH         LINE#         114
  C:30DBH         LINE#         115
  C:30DEH         LINE#         116
  C:30DEH         LINE#         117
  -------         ENDPROC       _OP1_ENABLE
  -------         PROC          _OP0_ENABLE
  D:0007H         SYMBOL        enable
  C:30DFH         LINE#         126
  C:30DFH         LINE#         127
  C:30DFH         LINE#         128
  C:30E3H         LINE#         129
  C:30E3H         LINE#         130
  C:30E6H         LINE#         131
  C:30E7H         LINE#         133
  C:30E7H         LINE#         134
  C:30EAH         LINE#         135
  C:30EAH         LINE#         136
  -------         ENDPROC       _OP0_ENABLE
  -------         ENDMOD        A96L41X_OPAMP

  -------         MODULE        A96L41X_TIMER0
  C:0000H         SYMBOL        _ICE_DUMMY_
  C:3098H         PUBLIC        _Timer0_SetPPGPolarity
  C:318FH         PUBLIC        Timer0_ClearCountData
  C:3159H         PUBLIC        Timer0_GetCaptureValue
  C:3103H         PUBLIC        _Timer0_ConfigureInterrupt
  C:006EH         PUBLIC        _Timer0_SetMatchCounter
  C:3193H         PUBLIC        Timer0_Start
  C:0086H         PUBLIC        _Timer0_SetPPGDutyCounter
  C:3197H         PUBLIC        Timer0_Stop
  D:00AAH         PUBLIC        IE2
  C:319BH         PUBLIC        Timer0_ClearInterruptFlag
  D:00B4H         PUBLIC        T0ADR
  D:00B6H         PUBLIC        T0BDR
  D:00B3H         PUBLIC        T0CRH
  C:2D02H         PUBLIC        _Timer0_Initial
  D:00B2H         PUBLIC        T0CRL
  C:3154H         PUBLIC        _Timer0_SetPPGPeriodCounter
  -------         PROC          _TIMER0_INITIAL
  D:0007H         SYMBOL        mode
  D:0005H         SYMBOL        freq
  -------         DO            
  D:0006H         SYMBOL        temp_reg
  D:0004H         SYMBOL        temp_reg2
  -------         ENDDO         
BL51 BANKED LINKER/LOCATER V6.22                                                      06/01/2026  16:26:20  PAGE 22


  C:2D02H         LINE#         77
  C:2D02H         LINE#         78
  C:2D02H         LINE#         81
  C:2D04H         LINE#         83
  C:2D08H         LINE#         84
  C:2D10H         LINE#         86
  C:2D12H         LINE#         87
  C:2D16H         LINE#         88
  C:2D1CH         LINE#         89
  C:2D25H         LINE#         91
  C:2D30H         LINE#         93
  C:2D34H         LINE#         94
  C:2D38H         LINE#         95
  -------         ENDPROC       _TIMER0_INITIAL
  -------         PROC          _TIMER0_SETMATCHCOUNTER
  D:0006H         SYMBOL        match_count
  C:006EH         LINE#         102
  C:006EH         LINE#         103
  C:006EH         LINE#         104
  C:0072H         LINE#         105
  -------         ENDPROC       _TIMER0_SETMATCHCOUNTER
  -------         PROC          _TIMER0_SETPPGPOLARITY
  D:0007H         SYMBOL        polarity
  -------         DO            
  D:0006H         SYMBOL        temp_reg
  -------         ENDDO         
  C:3098H         LINE#         115
  C:3098H         LINE#         116
  C:3098H         LINE#         119
  C:309AH         LINE#         120
  C:309EH         LINE#         121
  C:30A4H         LINE#         123
  C:30A6H         LINE#         124
  -------         ENDPROC       _TIMER0_SETPPGPOLARITY
  -------         PROC          _TIMER0_SETPPGDUTYCOUNTER
  D:0006H         SYMBOL        count
  C:0086H         LINE#         131
  C:0086H         LINE#         132
  C:0086H         LINE#         133
  C:008AH         LINE#         134
  -------         ENDPROC       _TIMER0_SETPPGDUTYCOUNTER
  -------         PROC          _TIMER0_SETPPGPERIODCOUNTER
  D:0006H         SYMBOL        count
  C:3154H         LINE#         141
  C:3154H         LINE#         142
  C:3154H         LINE#         143
  C:3158H         LINE#         144
  -------         ENDPROC       _TIMER0_SETPPGPERIODCOUNTER
  -------         PROC          TIMER0_GETCAPTUREVALUE
  C:3159H         LINE#         152
  C:3159H         LINE#         153
  C:3159H         LINE#         154
  C:315DH         LINE#         155
  -------         ENDPROC       TIMER0_GETCAPTUREVALUE
  -------         PROC          TIMER0_CLEARCOUNTDATA
  C:318FH         LINE#         162
  C:318FH         LINE#         163
BL51 BANKED LINKER/LOCATER V6.22                                                      06/01/2026  16:26:20  PAGE 23


  C:318FH         LINE#         164
  C:3192H         LINE#         165
  -------         ENDPROC       TIMER0_CLEARCOUNTDATA
  -------         PROC          TIMER0_START
  C:3193H         LINE#         172
  C:3193H         LINE#         173
  C:3193H         LINE#         174
  C:3196H         LINE#         175
  -------         ENDPROC       TIMER0_START
  -------         PROC          TIMER0_STOP
  C:3197H         LINE#         182
  C:3197H         LINE#         183
  C:3197H         LINE#         184
  C:319AH         LINE#         185
  -------         ENDPROC       TIMER0_STOP
  -------         PROC          _TIMER0_CONFIGUREINTERRUPT
  D:0007H         SYMBOL        enable
  C:3103H         LINE#         195
  C:3103H         LINE#         196
  C:3103H         LINE#         197
  C:3106H         LINE#         198
  C:310AH         LINE#         200
  C:310DH         LINE#         201
  -------         ENDPROC       _TIMER0_CONFIGUREINTERRUPT
  -------         PROC          TIMER0_CLEARINTERRUPTFLAG
  C:319BH         LINE#         208
  C:319BH         LINE#         209
  C:319BH         LINE#         210
  C:319EH         LINE#         211
  -------         ENDPROC       TIMER0_CLEARINTERRUPTFLAG
  -------         ENDMOD        A96L41X_TIMER0

  -------         MODULE        A96L41X_TIMER1
  C:0000H         SYMBOL        _ICE_DUMMY_
  C:30A7H         PUBLIC        _Timer1_SetPPGPolarity
  C:319FH         PUBLIC        Timer1_ClearCountData
  C:316DH         PUBLIC        Timer1_GetCaptureValue
  C:310EH         PUBLIC        _Timer1_ConfigureInterrupt
  C:315EH         PUBLIC        _Timer1_SetMatchCounter
  C:31A3H         PUBLIC        Timer1_Start
  C:3163H         PUBLIC        _Timer1_SetPPGDutyCounter
  C:31A7H         PUBLIC        Timer1_Stop
  D:00AAH         PUBLIC        IE2
  C:31ABH         PUBLIC        Timer1_ClearInterruptFlag
  D:00BCH         PUBLIC        T1ADR
  D:00BEH         PUBLIC        T1BDR
  D:00BBH         PUBLIC        T1CRH
  C:2D39H         PUBLIC        _Timer1_Initial
  D:00BAH         PUBLIC        T1CRL
  C:3168H         PUBLIC        _Timer1_SetPPGPeriodCounter
  -------         PROC          _TIMER1_INITIAL
  D:0007H         SYMBOL        mode
  D:0005H         SYMBOL        freq
  -------         DO            
  D:0006H         SYMBOL        temp_reg
  D:0004H         SYMBOL        temp_reg2
  -------         ENDDO         
BL51 BANKED LINKER/LOCATER V6.22                                                      06/01/2026  16:26:20  PAGE 24


  C:2D39H         LINE#         77
  C:2D39H         LINE#         78
  C:2D39H         LINE#         81
  C:2D3BH         LINE#         83
  C:2D3FH         LINE#         84
  C:2D47H         LINE#         86
  C:2D49H         LINE#         87
  C:2D4DH         LINE#         88
  C:2D53H         LINE#         89
  C:2D5CH         LINE#         91
  C:2D67H         LINE#         93
  C:2D6BH         LINE#         94
  C:2D6FH         LINE#         95
  -------         ENDPROC       _TIMER1_INITIAL
  -------         PROC          _TIMER1_SETMATCHCOUNTER
  D:0006H         SYMBOL        match_count
  C:315EH         LINE#         102
  C:315EH         LINE#         103
  C:315EH         LINE#         104
  C:3162H         LINE#         105
  -------         ENDPROC       _TIMER1_SETMATCHCOUNTER
  -------         PROC          _TIMER1_SETPPGPOLARITY
  D:0007H         SYMBOL        polarity
  -------         DO            
  D:0006H         SYMBOL        temp_reg
  -------         ENDDO         
  C:30A7H         LINE#         115
  C:30A7H         LINE#         116
  C:30A7H         LINE#         119
  C:30A9H         LINE#         120
  C:30ADH         LINE#         121
  C:30B3H         LINE#         123
  C:30B5H         LINE#         124
  -------         ENDPROC       _TIMER1_SETPPGPOLARITY
  -------         PROC          _TIMER1_SETPPGDUTYCOUNTER
  D:0006H         SYMBOL        count
  C:3163H         LINE#         131
  C:3163H         LINE#         132
  C:3163H         LINE#         133
  C:3167H         LINE#         134
  -------         ENDPROC       _TIMER1_SETPPGDUTYCOUNTER
  -------         PROC          _TIMER1_SETPPGPERIODCOUNTER
  D:0006H         SYMBOL        count
  C:3168H         LINE#         141
  C:3168H         LINE#         142
  C:3168H         LINE#         143
  C:316CH         LINE#         144
  -------         ENDPROC       _TIMER1_SETPPGPERIODCOUNTER
  -------         PROC          TIMER1_GETCAPTUREVALUE
  C:316DH         LINE#         152
  C:316DH         LINE#         153
  C:316DH         LINE#         154
  C:3171H         LINE#         155
  -------         ENDPROC       TIMER1_GETCAPTUREVALUE
  -------         PROC          TIMER1_CLEARCOUNTDATA
  C:319FH         LINE#         162
  C:319FH         LINE#         163
BL51 BANKED LINKER/LOCATER V6.22                                                      06/01/2026  16:26:20  PAGE 25


  C:319FH         LINE#         164
  C:31A2H         LINE#         165
  -------         ENDPROC       TIMER1_CLEARCOUNTDATA
  -------         PROC          TIMER1_START
  C:31A3H         LINE#         172
  C:31A3H         LINE#         173
  C:31A3H         LINE#         174
  C:31A6H         LINE#         175
  -------         ENDPROC       TIMER1_START
  -------         PROC          TIMER1_STOP
  C:31A7H         LINE#         182
  C:31A7H         LINE#         183
  C:31A7H         LINE#         184
  C:31AAH         LINE#         185
  -------         ENDPROC       TIMER1_STOP
  -------         PROC          _TIMER1_CONFIGUREINTERRUPT
  D:0007H         SYMBOL        enable
  C:310EH         LINE#         195
  C:310EH         LINE#         196
  C:310EH         LINE#         197
  C:3111H         LINE#         198
  C:3115H         LINE#         200
  C:3118H         LINE#         201
  -------         ENDPROC       _TIMER1_CONFIGUREINTERRUPT
  -------         PROC          TIMER1_CLEARINTERRUPTFLAG
  C:31ABH         LINE#         208
  C:31ABH         LINE#         209
  C:31ABH         LINE#         210
  C:31AEH         LINE#         211
  -------         ENDPROC       TIMER1_CLEARINTERRUPTFLAG
  -------         ENDMOD        A96L41X_TIMER1

  -------         MODULE        A96L41X_TIMER2
  C:0000H         SYMBOL        _ICE_DUMMY_
  C:30B6H         PUBLIC        _Timer2_SetPPGPolarity
  C:31AFH         PUBLIC        Timer2_ClearCountData
  C:3181H         PUBLIC        Timer2_GetCaptureValue
  C:3119H         PUBLIC        _Timer2_ConfigureInterrupt
  C:3172H         PUBLIC        _Timer2_SetMatchCounter
  C:31B3H         PUBLIC        Timer2_Start
  C:3177H         PUBLIC        _Timer2_SetPPGDutyCounter
  C:31B7H         PUBLIC        Timer2_Stop
  D:00AAH         PUBLIC        IE2
  C:31BBH         PUBLIC        Timer2_ClearInterruptFlag
  D:00C4H         PUBLIC        T2ADR
  D:00C6H         PUBLIC        T2BDR
  D:00C3H         PUBLIC        T2CRH
  C:2D70H         PUBLIC        _Timer2_Initial
  D:00C2H         PUBLIC        T2CRL
  C:317CH         PUBLIC        _Timer2_SetPPGPeriodCounter
  -------         PROC          _TIMER2_INITIAL
  D:0007H         SYMBOL        mode
  D:0005H         SYMBOL        freq
  -------         DO            
  D:0006H         SYMBOL        temp_reg
  D:0004H         SYMBOL        temp_reg2
  -------         ENDDO         
BL51 BANKED LINKER/LOCATER V6.22                                                      06/01/2026  16:26:20  PAGE 26


  C:2D70H         LINE#         77
  C:2D70H         LINE#         78
  C:2D70H         LINE#         81
  C:2D72H         LINE#         83
  C:2D76H         LINE#         84
  C:2D7EH         LINE#         86
  C:2D80H         LINE#         87
  C:2D84H         LINE#         88
  C:2D8AH         LINE#         89
  C:2D93H         LINE#         91
  C:2D9EH         LINE#         93
  C:2DA2H         LINE#         94
  C:2DA6H         LINE#         95
  -------         ENDPROC       _TIMER2_INITIAL
  -------         PROC          _TIMER2_SETMATCHCOUNTER
  D:0006H         SYMBOL        match_count
  C:3172H         LINE#         102
  C:3172H         LINE#         103
  C:3172H         LINE#         104
  C:3176H         LINE#         105
  -------         ENDPROC       _TIMER2_SETMATCHCOUNTER
  -------         PROC          _TIMER2_SETPPGPOLARITY
  D:0007H         SYMBOL        polarity
  -------         DO            
  D:0006H         SYMBOL        temp_reg
  -------         ENDDO         
  C:30B6H         LINE#         115
  C:30B6H         LINE#         116
  C:30B6H         LINE#         119
  C:30B8H         LINE#         120
  C:30BCH         LINE#         121
  C:30C2H         LINE#         123
  C:30C4H         LINE#         124
  -------         ENDPROC       _TIMER2_SETPPGPOLARITY
  -------         PROC          _TIMER2_SETPPGDUTYCOUNTER
  D:0006H         SYMBOL        count
  C:3177H         LINE#         131
  C:3177H         LINE#         132
  C:3177H         LINE#         133
  C:317BH         LINE#         134
  -------         ENDPROC       _TIMER2_SETPPGDUTYCOUNTER
  -------         PROC          _TIMER2_SETPPGPERIODCOUNTER
  D:0006H         SYMBOL        count
  C:317CH         LINE#         141
  C:317CH         LINE#         142
  C:317CH         LINE#         143
  C:3180H         LINE#         144
  -------         ENDPROC       _TIMER2_SETPPGPERIODCOUNTER
  -------         PROC          TIMER2_GETCAPTUREVALUE
  C:3181H         LINE#         152
  C:3181H         LINE#         153
  C:3181H         LINE#         154
  C:3185H         LINE#         155
  -------         ENDPROC       TIMER2_GETCAPTUREVALUE
  -------         PROC          TIMER2_CLEARCOUNTDATA
  C:31AFH         LINE#         162
  C:31AFH         LINE#         163
BL51 BANKED LINKER/LOCATER V6.22                                                      06/01/2026  16:26:20  PAGE 27


  C:31AFH         LINE#         164
  C:31B2H         LINE#         165
  -------         ENDPROC       TIMER2_CLEARCOUNTDATA
  -------         PROC          TIMER2_START
  C:31B3H         LINE#         172
  C:31B3H         LINE#         173
  C:31B3H         LINE#         174
  C:31B6H         LINE#         175
  -------         ENDPROC       TIMER2_START
  -------         PROC          TIMER2_STOP
  C:31B7H         LINE#         182
  C:31B7H         LINE#         183
  C:31B7H         LINE#         184
  C:31BAH         LINE#         185
  -------         ENDPROC       TIMER2_STOP
  -------         PROC          _TIMER2_CONFIGUREINTERRUPT
  D:0007H         SYMBOL        enable
  C:3119H         LINE#         195
  C:3119H         LINE#         196
  C:3119H         LINE#         197
  C:311CH         LINE#         198
  C:3120H         LINE#         200
  C:3123H         LINE#         201
  -------         ENDPROC       _TIMER2_CONFIGUREINTERRUPT
  -------         PROC          TIMER2_CLEARINTERRUPTFLAG
  C:31BBH         LINE#         208
  C:31BBH         LINE#         209
  C:31BBH         LINE#         210
  C:31BEH         LINE#         211
  -------         ENDPROC       TIMER2_CLEARINTERRUPTFLAG
  -------         ENDMOD        A96L41X_TIMER2

  -------         MODULE        A96L41X_USART
  C:0000H         SYMBOL        _ICE_DUMMY_
  D:00DEH         PUBLIC        USTBD
  D:00DFH         PUBLIC        USTDR
  D:00DDH         PUBLIC        USTST
  C:3053H         PUBLIC        USART_rx_queue_is_empty
  C:3040H         PUBLIC        USART_tx_queue_is_empty
  C:2FD6H         PUBLIC        USART_rx_queue_is_full
  C:008EH         PUBLIC        USART_tx_queue_is_full
  C:10D7H         PUBLIC        _USART_Initial
  D:00DAH         PUBLIC        USTCR1
  D:00DBH         PUBLIC        USTCR2
  D:00DCH         PUBLIC        USTCR3
  X:004EH         PUBLIC        USART_rx_queue
  X:0056H         PUBLIC        USART_tx_queue
  X:005EH         PUBLIC        USART_rx_rear
  X:005FH         PUBLIC        USART_rx_front
  X:0060H         PUBLIC        USART_tx_rear
  X:0061H         PUBLIC        USART_tx_front
  C:2EA4H         PUBLIC        _USART_SendDataWithPolling
  -------         PROC          USART_TX_QUEUE_IS_FULL
  C:008EH         LINE#         56
  C:008EH         LINE#         57
  C:008EH         LINE#         58
  C:00A9H         LINE#         59
BL51 BANKED LINKER/LOCATER V6.22                                                      06/01/2026  16:26:20  PAGE 28


  -------         ENDPROC       USART_TX_QUEUE_IS_FULL
  -------         PROC          USART_TX_QUEUE_IS_EMPTY
  C:3040H         LINE#         61
  C:3040H         LINE#         62
  C:3040H         LINE#         63
  C:3052H         LINE#         64
  -------         ENDPROC       USART_TX_QUEUE_IS_EMPTY
  -------         PROC          USART_RX_QUEUE_IS_FULL
  C:2FD6H         LINE#         66
  C:2FD6H         LINE#         67
  C:2FD6H         LINE#         68
  C:2FF1H         LINE#         69
  -------         ENDPROC       USART_RX_QUEUE_IS_FULL
  -------         PROC          USART_RX_QUEUE_IS_EMPTY
  C:3053H         LINE#         71
  C:3053H         LINE#         72
  C:3053H         LINE#         73
  C:3065H         LINE#         74
  -------         ENDPROC       USART_RX_QUEUE_IS_EMPTY
  -------         PROC          _USART_INITIAL
  X:000EH         SYMBOL        speed
  X:0012H         SYMBOL        data_length
  X:0013H         SYMBOL        stop_bits
  X:0014H         SYMBOL        parity
  X:0015H         SYMBOL        mode
  -------         DO            
  X:0016H         SYMBOL        buadrate_val
  X:001AH         SYMBOL        temp_reg
  X:001BH         SYMBOL        temp_reg2
  -------         ENDDO         
  C:10D7H         LINE#         106
  C:10DDH         LINE#         107
  C:10DDH         LINE#         108
  C:10E7H         LINE#         111
  C:10EDH         LINE#         112
  C:10F2H         LINE#         114
  C:1106H         LINE#         116
  C:110AH         LINE#         117
  C:1112H         LINE#         118
  C:111BH         LINE#         119
  C:1122H         LINE#         120
  C:1128H         LINE#         122
  C:112CH         LINE#         124
  C:1133H         LINE#         127
  C:1138H         LINE#         128
  C:1138H         LINE#         129
  C:114EH         LINE#         130
  C:1150H         LINE#         131
  C:1155H         LINE#         132
  C:1155H         LINE#         133
  C:116BH         LINE#         134
  C:116DH         LINE#         136
  C:116DH         LINE#         137
  C:1195H         LINE#         138
  C:1195H         LINE#         140
  C:11CDH         LINE#         143
  C:11D2H         LINE#         144
BL51 BANKED LINKER/LOCATER V6.22                                                      06/01/2026  16:26:20  PAGE 29


  C:11D5H         LINE#         147
  C:11DBH         LINE#         148
  C:11E5H         LINE#         150
  C:11EEH         LINE#         152
  C:11F4H         LINE#         153
  -------         ENDPROC       _USART_INITIAL
  -------         PROC          _USART_SENDDATAWITHPOLLING
  X:0011H         SYMBOL        send_data
  D:0005H         SYMBOL        count
  -------         DO            
  D:0007H         SYMBOL        i
  -------         ENDDO         
  C:2EA4H         LINE#         163
  C:2EAFH         LINE#         164
  C:2EAFH         LINE#         167
  C:2EB6H         LINE#         168
  C:2EB6H         LINE#         169
  C:2EBBH         LINE#         170
  C:2ED0H         LINE#         171
  C:2ED3H         LINE#         172
  -------         ENDPROC       _USART_SENDDATAWITHPOLLING
  -------         ENDMOD        A96L41X_USART

  -------         MODULE        A96L41X_USART_SPI
  C:0000H         SYMBOL        _ICE_DUMMY_
  X:00A1H         PUBLIC        spi_readBuff0
  D:00DEH         PUBLIC        USTBD
  C:30EBH         PUBLIC        _USART_SPI_Enable
  C:16A5H         PUBLIC        _USART_SPI_Initial
  X:0100H         PUBLIC        spi_writeBuff0
  D:00DFH         PUBLIC        USTDR
  X:0140H         PUBLIC        temp_spi_readBuff0
  D:00DDH         PUBLIC        USTST
  X:00A4H         PUBLIC        spi_readNum0
  C:2198H         PUBLIC        _USART_SPI_ConfigureInterrupt
  C:278EH         PUBLIC        _USART_SPI_SendDataWithInterrupt
  C:31C3H         PUBLIC        USART_SPI_GetInterruptStatus
  X:00A5H         PUBLIC        spi_writeNum0
  D:00AAH         PUBLIC        IE2
  C:2E0FH         PUBLIC        _USART_SPI_SendDataWithPolling
  D:00DAH         PUBLIC        USTCR1
  D:00DBH         PUBLIC        USTCR2
  D:00DCH         PUBLIC        USTCR3
  C:22B3H         PUBLIC        USART_RXInt_Handler
  C:26DAH         PUBLIC        USART_TXInt_Handler
  C:2C5CH         PUBLIC        _USART_SPI_ReceiveDataWithInterrupt
  C:2BE7H         PUBLIC        _USART_SPI_ReceiveDataWithPolling
  -------         PROC          _USART_SPI_INITIAL
  X:0017H         SYMBOL        mode
  X:0018H         SYMBOL        speed
  X:001CH         SYMBOL        first_bit
  X:001DH         SYMBOL        cpol
  X:001EH         SYMBOL        cpha
  X:001FH         SYMBOL        direction
  X:0020H         SYMBOL        ss_mode
  -------         DO            
  X:0021H         SYMBOL        buadrate_val
BL51 BANKED LINKER/LOCATER V6.22                                                      06/01/2026  16:26:20  PAGE 30


  D:0003H         SYMBOL        temp_reg
  -------         ENDDO         
  C:16A5H         LINE#         93
  C:16AAH         LINE#         94
  C:16AAH         LINE#         95
  C:16B4H         LINE#         98
  C:16B9H         LINE#         99
  C:16BDH         LINE#         102
  C:16E5H         LINE#         104
  C:171DH         LINE#         106
  C:171FH         LINE#         107
  C:1727H         LINE#         108
  C:172DH         LINE#         109
  C:1731H         LINE#         110
  C:1737H         LINE#         112
  C:173BH         LINE#         114
  C:173FH         LINE#         116
  C:1742H         LINE#         117
  C:175CH         LINE#         118
  C:1771H         LINE#         119
  C:177AH         LINE#         120
  C:177EH         LINE#         122
  -------         ENDPROC       _USART_SPI_INITIAL
  -------         PROC          _USART_SPI_ENABLE
  D:0007H         SYMBOL        enable
  C:30EBH         LINE#         133
  C:30EBH         LINE#         134
  C:30EBH         LINE#         135
  C:30EFH         LINE#         136
  C:30EFH         LINE#         137
  C:30F2H         LINE#         138
  C:30F3H         LINE#         140
  C:30F3H         LINE#         141
  C:30F6H         LINE#         142
  C:30F6H         LINE#         143
  -------         ENDPROC       _USART_SPI_ENABLE
  -------         PROC          _USART_SPI_SENDDATAWITHPOLLING
  X:00AEH         SYMBOL        send_data
  D:0005H         SYMBOL        count
  -------         DO            
  D:0007H         SYMBOL        i
  -------         ENDDO         
  C:2E0FH         LINE#         152
  C:2E1AH         LINE#         153
  C:2E1AH         LINE#         156
  C:2E21H         LINE#         157
  C:2E21H         LINE#         158
  C:2E24H         LINE#         159
  C:2E29H         LINE#         160
  C:2E3EH         LINE#         161
  C:2E41H         LINE#         163
  -------         ENDPROC       _USART_SPI_SENDDATAWITHPOLLING
  -------         PROC          _USART_SPI_SENDDATAWITHINTERRUPT
  X:00A6H         SYMBOL        send_data
  X:00A9H         SYMBOL        count
  -------         DO            
  D:0007H         SYMBOL        i
BL51 BANKED LINKER/LOCATER V6.22                                                      06/01/2026  16:26:20  PAGE 31


  -------         ENDDO         
  C:278EH         LINE#         171
  C:279CH         LINE#         172
  C:279CH         LINE#         175
  C:27A3H         LINE#         177
  C:27ABH         LINE#         178
  C:27B7H         LINE#         179
  C:27B7H         LINE#         180
  C:27D7H         LINE#         181
  C:27DAH         LINE#         183
  C:27E1H         LINE#         185
  C:27E4H         LINE#         186
  -------         ENDPROC       _USART_SPI_SENDDATAWITHINTERRUPT
  -------         PROC          _USART_SPI_RECEIVEDATAWITHPOLLING
  X:00B1H         SYMBOL        receive_data
  D:0005H         SYMBOL        count
  -------         DO            
  D:0007H         SYMBOL        i
  -------         ENDDO         
  C:2BE7H         LINE#         194
  C:2BF2H         LINE#         195
  C:2BF2H         LINE#         198
  C:2BF9H         LINE#         199
  C:2BF9H         LINE#         200
  C:2BFCH         LINE#         201
  C:2C01H         LINE#         202
  C:2C04H         LINE#         203
  C:2C09H         LINE#         204
  C:2C1EH         LINE#         205
  C:2C21H         LINE#         206
  -------         ENDPROC       _USART_SPI_RECEIVEDATAWITHPOLLING
  -------         PROC          _USART_SPI_RECEIVEDATAWITHINTERRUPT
  X:00AAH         SYMBOL        receive_data
[...]
  C:2E06H         LINE#         230
  C:2E0EH         LINE#         231
BL51 BANKED LINKER/LOCATER V6.22                                                      06/01/2026  16:26:20  PAGE 60


  -------         ENDPROC       _BLINK_R
  -------         PROC          CALIB_STEP1_BOOT_LED
  C:3066H         LINE#         237
  C:3066H         LINE#         238
  C:3066H         LINE#         239
  C:3068H         LINE#         240
  C:306AH         LINE#         241
  C:3071H         LINE#         242
  C:3073H         LINE#         243
  C:3075H         LINE#         244
  -------         ENDPROC       CALIB_STEP1_BOOT_LED
  -------         PROC          CALIB_ERASE_WITH_ANIMATION
  -------         DO            
  D:0006H         SYMBOL        baseline
  -------         ENDDO         
  C:24CEH         LINE#         260
  C:24CEH         LINE#         261
  C:24CEH         LINE#         265
  C:24D4H         LINE#         266
  C:24D6H         LINE#         267
  C:24D8H         LINE#         268
  C:24DFH         LINE#         269
  C:24E5H         LINE#         270
  C:24E5H         LINE#         271
  C:24E5H         LINE#         272
  C:24E7H         LINE#         273
  C:24E9H         LINE#         274
  C:24F0H         LINE#         275
  C:24F2H         LINE#         276
  C:24F4H         LINE#         277
  C:24F6H         LINE#         280
  C:250AH         LINE#         281
  C:250DH         LINE#         282
  C:2514H         LINE#         285
  C:251BH         LINE#         286
  C:2523H         LINE#         287
  C:2525H         LINE#         290
  C:2528H         LINE#         293
  C:252EH         LINE#         294
  C:253DH         LINE#         295
  C:2540H         LINE#         296
  C:2540H         LINE#         297
  C:2543H         LINE#         298
  C:2543H         LINE#         299
  -------         ENDPROC       CALIB_ERASE_WITH_ANIMATION
  -------         PROC          CALIB_BOOT_INIT
  C:2AE3H         LINE#         310
  C:2AE3H         LINE#         311
  C:2AE3H         LINE#         312
  C:2AE9H         LINE#         313
  C:2AF1H         LINE#         314
  C:2AF9H         LINE#         315
  C:2AF9H         LINE#         316
  C:2AF9H         LINE#         317
  C:2AFBH         LINE#         318
  C:2B02H         LINE#         319
  C:2B0DH         LINE#         320
BL51 BANKED LINKER/LOCATER V6.22                                                      06/01/2026  16:26:20  PAGE 61


  C:2B10H         LINE#         321
  C:2B10H         LINE#         322
  C:2B10H         LINE#         325
  C:2B27H         LINE#         326
  -------         ENDPROC       CALIB_BOOT_INIT
  -------         PROC          CALIB_RUN_SMOKE
  -------         DO            
  X:000AH         SYMBOL        sum
  D:0006H         SYMBOL        smoke_avg
  X:000EH         SYMBOL        delta
  X:0010H         SYMBOL        gain32
  D:0004H         SYMBOL        gain_Q8
  X:0014H         SYMBOL        elapsed
  X:0016H         SYMBOL        i
  -------         ENDDO         
  C:09D4H         LINE#         353
  C:09D4H         LINE#         354
  C:09D4H         LINE#         364
  C:09D6H         LINE#         365
  C:09DCH         LINE#         366
  C:09DFH         LINE#         367
  C:09E6H         LINE#         368
  C:09E8H         LINE#         371
  C:09EFH         LINE#         372
  C:09FEH         LINE#         373
  C:0A00H         LINE#         374
  C:0A07H         LINE#         375
  C:0A09H         LINE#         376
  C:0A10H         LINE#         377
  C:0A1EH         LINE#         378
  C:0A20H         LINE#         381
  C:0A2AH         LINE#         382
  C:0A2FH         LINE#         383
  C:0A31H         LINE#         384
  C:0A67H         LINE#         385
  C:0A6EH         LINE#         386
  C:0A70H         LINE#         387
  C:0A77H         LINE#         388
  C:0A83H         LINE#         389
  C:0A85H         LINE#         390
  C:0A9CH         LINE#         393
  C:0AAAH         LINE#         394
  C:0AB1H         LINE#         395
  C:0AB3H         LINE#         396
  C:0AC0H         LINE#         397
  C:0AC0H         LINE#         399
  C:0ACFH         LINE#         402
  C:0AD8H         LINE#         404
  C:0ADBH         LINE#         406
  C:0ADBH         LINE#         409
  C:0AE5H         LINE#         410
  C:0B11H         LINE#         411
  C:0B2CH         LINE#         412
  C:0B36H         LINE#         413
  C:0B36H         LINE#         414
  C:0B42H         LINE#         416
  C:0B56H         LINE#         417
BL51 BANKED LINKER/LOCATER V6.22                                                      06/01/2026  16:26:20  PAGE 62


  C:0B59H         LINE#         419
  C:0B5EH         LINE#         420
  C:0B5FH         LINE#         422
  C:0B62H         LINE#         424
  C:0B68H         LINE#         425
  C:0B68H         LINE#         429
  -------         ENDPROC       CALIB_RUN_SMOKE
  -------         ENDMOD        CALIB

  -------         MODULE        A96L41X_DATAFLASH
  C:0000H         SYMBOL        _ICE_DUMMY_
  D:00F3H         PUBLIC        DFSADRH
  C:3147H         PUBLIC        DATAFLASH_Entry
  D:00F2H         PUBLIC        DFSADRL
  C:2F7BH         PUBLIC        DATAFLASH_Exit
  C:244BH         PUBLIC        _DATAFLASH_PageEr
  X:0092H         PUBLIC        dataflash_addr
  C:23C3H         PUBLIC        _DATAFLASH_PageWt
  C:25B7H         PUBLIC        _Buffer_clear
  C:1F52H         PUBLIC        _DATAFLASH_ByteWt
  X:0094H         PUBLIC        DATAFLASH_OPR_FLAG
  X:0096H         PUBLIC        DATAFLASH_id_reg
  X:0097H         PUBLIC        dataflash_id
  D:00F4H         PUBLIC        DFIDR
  D:00F5H         PUBLIC        DFMCR
  -------         PROC          DATAFLASH_ENTRY
  C:3147H         LINE#         26
  C:3147H         LINE#         27
  C:314DH         LINE#         28
  -------         ENDPROC       DATAFLASH_ENTRY
  -------         PROC          DATAFLASH_EXIT
  C:2F7BH         LINE#         33
  C:2F7BH         LINE#         34
  C:2F80H         LINE#         35
  C:2F86H         LINE#         36
  C:2F90H         LINE#         37
  C:2F95H         LINE#         38
  C:2F97H         LINE#         39
  C:2F99H         LINE#         40
  -------         ENDPROC       DATAFLASH_EXIT
  -------         PROC          _DATAFLASH_PAGEER
  X:003FH         SYMBOL        u32UserId
  X:0043H         SYMBOL        u16Addr
  -------         DO            
  X:0045H         SYMBOL        result
  -------         ENDDO         
  C:244BH         LINE#         47
  C:2451H         LINE#         50
  C:2454H         LINE#         51
  C:2464H         LINE#         52
  C:246CH         LINE#         53
  C:2483H         LINE#         54
  C:2483H         LINE#         55
  C:2485H         LINE#         56
  C:24A9H         LINE#         57
  C:24B4H         LINE#         58
  C:24B6H         LINE#         59
BL51 BANKED LINKER/LOCATER V6.22                                                      06/01/2026  16:26:20  PAGE 63


  C:24B9H         LINE#         60
  C:24BAH         LINE#         61
  C:24BBH         LINE#         62
  C:24BCH         LINE#         63
  C:24BFH         LINE#         64
  C:24C9H         LINE#         65
  C:24CAH         LINE#         66
  C:24CAH         LINE#         67
  C:24CDH         LINE#         68
  C:24CDH         LINE#         69
  -------         ENDPROC       _DATAFLASH_PAGEER
  -------         PROC          _DATAFLASH_PAGEWT
  X:003FH         SYMBOL        u32UserId
  X:0043H         SYMBOL        u16Addr
  X:0045H         SYMBOL        u8Buf
  -------         DO            
  X:0048H         SYMBOL        result
  -------         ENDDO         
  C:23C3H         LINE#         77
  C:23C9H         LINE#         80
  C:23CCH         LINE#         81
  C:23E1H         LINE#         82
  C:23E9H         LINE#         83
  C:2400H         LINE#         84
  C:2400H         LINE#         85
  C:2402H         LINE#         86
  C:2426H         LINE#         87
  C:2431H         LINE#         88
  C:2433H         LINE#         89
  C:2436H         LINE#         90
  C:2437H         LINE#         91
  C:2438H         LINE#         92
  C:2439H         LINE#         93
  C:243CH         LINE#         94
  C:2446H         LINE#         95
  C:2447H         LINE#         96
  C:2447H         LINE#         97
  C:244AH         LINE#         98
  C:244AH         LINE#         99
  -------         ENDPROC       _DATAFLASH_PAGEWT
  -------         PROC          _DATAFLASH_BYTEWT
  X:0089H         SYMBOL        u32UserId
  X:008DH         SYMBOL        u16Addr
  X:008FH         SYMBOL        u8Byte
  -------         DO            
  X:0090H         SYMBOL        pagebuffer
  -------         ENDDO         
  C:1F52H         LINE#         105
  C:1F58H         LINE#         106
  C:1F61H         LINE#         108
  C:1F64H         LINE#         110
  C:1F67H         LINE#         111
  C:1F68H         LINE#         112
  C:1F69H         LINE#         113
  C:1F6AH         LINE#         115
  C:1F72H         LINE#         116
  C:1F89H         LINE#         117
BL51 BANKED LINKER/LOCATER V6.22                                                      06/01/2026  16:26:20  PAGE 64


  C:1F89H         LINE#         118
  C:1F8BH         LINE#         119
  C:1FA7H         LINE#         120
  C:1FC6H         LINE#         121
  C:1FC9H         LINE#         122
  C:1FD0H         LINE#         123
  C:1FD3H         LINE#         124
  C:1FD4H         LINE#         125
  C:1FD5H         LINE#         126
  C:1FD6H         LINE#         127
  C:1FD9H         LINE#         128
  C:1FE3H         LINE#         129
  C:1FE4H         LINE#         130
  C:1FE4H         LINE#         131
  C:1FE7H         LINE#         132
  C:1FE7H         LINE#         133
  -------         ENDPROC       _DATAFLASH_BYTEWT
  -------         PROC          _BUFFER_CLEAR
  X:0049H         SYMBOL        u8FncSel
  X:004AH         SYMBOL        u8Buf
  -------         DO            
  X:004DH         SYMBOL        i
  D:0006H         SYMBOL        pagebuffer
  -------         ENDDO         
  C:25B7H         LINE#         141
  C:25C5H         LINE#         143
  C:25C9H         LINE#         145
  C:25CCH         LINE#         146
  C:25CDH         LINE#         147
  C:25CEH         LINE#         148
  C:25CFH         LINE#         149
  C:25D2H         LINE#         150
  C:25D9H         LINE#         151
  C:25F8H         LINE#         152
  C:25FAH         LINE#         153
  C:2601H         LINE#         154
  C:260EH         LINE#         155
  C:2610H         LINE#         156
  C:2610H         LINE#         157
  C:2613H         LINE#         158
  C:2613H         LINE#         159
  C:261DH         LINE#         160
  C:261FH         LINE#         161
  -------         ENDPROC       _BUFFER_CLEAR
  -------         ENDMOD        A96L41X_DATAFLASH

  -------         MODULE        ?C_STARTUP
  C:1E22H         SEGMENT       ?C_C51STARTUP
  I:0008H         SEGMENT       ?STACK
  C:0000H         PUBLIC        ?C_STARTUP
  D:00E0H         SYMBOL        ACC
  D:00F0H         SYMBOL        B
  D:0083H         SYMBOL        DPH
  D:0082H         SYMBOL        DPL
  N:0000H         SYMBOL        IBPSTACK
  N:0100H         SYMBOL        IBPSTACKTOP
  N:0100H         SYMBOL        IDATALEN
BL51 BANKED LINKER/LOCATER V6.22                                                      06/01/2026  16:26:20  PAGE 65


  C:1E25H         SYMBOL        IDATALOOP
  N:0000H         SYMBOL        PBPSTACK
  N:0100H         SYMBOL        PBPSTACKTOP
  N:0000H         SYMBOL        PDATALEN
  N:0000H         SYMBOL        PDATASTART
  N:0000H         SYMBOL        PPAGE
  N:0000H         SYMBOL        PPAGEENABLE
  D:00A0H         SYMBOL        PPAGE_SFR
  D:0081H         SYMBOL        SP
  C:1E22H         SYMBOL        STARTUP1
  N:0000H         SYMBOL        XBPSTACK
  N:0000H         SYMBOL        XBPSTACKTOP
  N:0300H         SYMBOL        XDATALEN
  C:1E30H         SYMBOL        XDATALOOP
  N:0000H         SYMBOL        XDATASTART
  C:0000H         LINE#         126
  C:1E22H         LINE#         133
  C:1E24H         LINE#         134
  C:1E25H         LINE#         135
  C:1E26H         LINE#         136
  C:1E28H         LINE#         140
  C:1E2BH         LINE#         141
  C:1E2DH         LINE#         145
  C:1E2FH         LINE#         147
  C:1E30H         LINE#         148
  C:1E31H         LINE#         149
  C:1E32H         LINE#         150
  C:1E34H         LINE#         151
  C:1E36H         LINE#         185
  C:1E39H         LINE#         196
  -------         ENDMOD        ?C_STARTUP

  -------         MODULE        ?C?SCDIV
  C:00AEH         PUBLIC        ?C?SCDIV
  -------         ENDMOD        ?C?SCDIV

  -------         MODULE        ?C?CLDPTR
  C:00D0H         PUBLIC        ?C?CLDPTR
  -------         ENDMOD        ?C?CLDPTR

  -------         MODULE        ?C?CLDOPTR
  C:00E9H         PUBLIC        ?C?CLDOPTR
  -------         ENDMOD        ?C?CLDOPTR

  -------         MODULE        ?C?CSTPTR
  C:0116H         PUBLIC        ?C?CSTPTR
  -------         ENDMOD        ?C?CSTPTR

  -------         MODULE        ?C?CSTOPTR
  C:0128H         PUBLIC        ?C?CSTOPTR
  -------         ENDMOD        ?C?CSTOPTR

  -------         MODULE        ?C?UIDIV
  C:014AH         PUBLIC        ?C?UIDIV
  -------         ENDMOD        ?C?UIDIV

  -------         MODULE        ?C?IILDX
BL51 BANKED LINKER/LOCATER V6.22                                                      06/01/2026  16:26:20  PAGE 66


  C:019FH         PUBLIC        ?C?IILDX
  -------         ENDMOD        ?C?IILDX

  -------         MODULE        ?C?ILDIX
  C:01B5H         PUBLIC        ?C?ILDIX
  -------         ENDMOD        ?C?ILDIX

  -------         MODULE        ?C?ILDOPTR
  C:01CBH         PUBLIC        ?C?ILDOPTR
  -------         ENDMOD        ?C?ILDOPTR

  -------         MODULE        ?C?ISTOPTR
  C:0203H         PUBLIC        ?C?ISTOPTR
  -------         ENDMOD        ?C?ISTOPTR

  -------         MODULE        ?C?LMUL
  C:0230H         PUBLIC        ?C?LMUL
  -------         ENDMOD        ?C?LMUL

  -------         MODULE        ?C?ULDIV
  C:02BBH         PUBLIC        ?C?ULDIV
  -------         ENDMOD        ?C?ULDIV

  -------         MODULE        ?C?SLCMP
  C:034DH         PUBLIC        ?C?SLCMP
  -------         ENDMOD        ?C?SLCMP

  -------         MODULE        ?C?ULCMP
  C:0363H         PUBLIC        ?C?ULCMP
  -------         ENDMOD        ?C?ULCMP

  -------         MODULE        ?C?ULSHR
  C:0374H         PUBLIC        ?C?ULSHR
  -------         ENDMOD        ?C?ULSHR

  -------         MODULE        ?C?LSTXDATA
  C:0387H         PUBLIC        ?C?LSTXDATA
  -------         ENDMOD        ?C?LSTXDATA

  -------         MODULE        ?C?LSTKXDATA
  C:0393H         PUBLIC        ?C?LSTKXDATA
  -------         ENDMOD        ?C?LSTKXDATA

  -------         MODULE        ABS
  C:30F7H         PUBLIC        _ABS
  -------         ENDMOD        ABS

*** WARNING L16: UNCALLED SEGMENT, IGNORED FOR OVERLAY PROCESS
    SEGMENT: ?PR?PORT_INITIAL?A96L41X_GPIO

*** WARNING L16: UNCALLED SEGMENT, IGNORED FOR OVERLAY PROCESS
    SEGMENT: ?PR?_PORT_SETOUTPUTHIGHPIN?A96L41X_GPIO

*** WARNING L16: UNCALLED SEGMENT, IGNORED FOR OVERLAY PROCESS
    SEGMENT: ?PR?_PORT_SETOUTPUTLOWPIN?A96L41X_GPIO

*** WARNING L16: UNCALLED SEGMENT, IGNORED FOR OVERLAY PROCESS
BL51 BANKED LINKER/LOCATER V6.22                                                      06/01/2026  16:26:20  PAGE 67


    SEGMENT: ?PR?_PORT_SETOUTPUTTOGGLEPIN?A96L41X_GPIO

*** WARNING L16: UNCALLED SEGMENT, IGNORED FOR OVERLAY PROCESS
    SEGMENT: ?PR?_PORT_ENABLEINTERRUPT?A96L41X_GPIO

*** WARNING L16: UNCALLED SEGMENT, IGNORED FOR OVERLAY PROCESS
    SEGMENT: ?PR?_PORT_DISABLEINTERRUPT?A96L41X_GPIO

*** WARNING L16: UNCALLED SEGMENT, IGNORED FOR OVERLAY PROCESS
    SEGMENT: ?PR?_PORT_CONFIGUREINTERRUPT?A96L41X_GPIO

*** WARNING L16: UNCALLED SEGMENT, IGNORED FOR OVERLAY PROCESS
    SEGMENT: ?PR?_PORT_GETINTERRUPTSTATUS?A96L41X_GPIO

*** WARNING L16: UNCALLED SEGMENT, IGNORED FOR OVERLAY PROCESS
    SEGMENT: ?PR?_PORT_CLEARINTERRUPTSTATUS?A96L41X_GPIO

*** WARNING L16: UNCALLED SEGMENT, IGNORED FOR OVERLAY PROCESS
    SEGMENT: ?PR?_TIMER0_SETMATCHCOUNTER?A96L41X_TIMER0

*** WARNING L16: UNCALLED SEGMENT, IGNORED FOR OVERLAY PROCESS
    SEGMENT: ?PR?TIMER0_GETCAPTUREVALUE?A96L41X_TIMER0

*** WARNING L16: UNCALLED SEGMENT, IGNORED FOR OVERLAY PROCESS
    SEGMENT: ?PR?TIMER0_CLEARCOUNTDATA?A96L41X_TIMER0

*** WARNING L16: UNCALLED SEGMENT, IGNORED FOR OVERLAY PROCESS
    SEGMENT: ?PR?TIMER0_CLEARINTERRUPTFLAG?A96L41X_TIMER0

*** WARNING L16: UNCALLED SEGMENT, IGNORED FOR OVERLAY PROCESS
    SEGMENT: ?PR?_TIMER1_SETMATCHCOUNTER?A96L41X_TIMER1

*** WARNING L16: UNCALLED SEGMENT, IGNORED FOR OVERLAY PROCESS
    SEGMENT: ?PR?TIMER1_GETCAPTUREVALUE?A96L41X_TIMER1

*** WARNING L16: UNCALLED SEGMENT, IGNORED FOR OVERLAY PROCESS
    SEGMENT: ?PR?TIMER1_CLEARCOUNTDATA?A96L41X_TIMER1

*** WARNING L16: UNCALLED SEGMENT, IGNORED FOR OVERLAY PROCESS
    SEGMENT: ?PR?_TIMER2_SETMATCHCOUNTER?A96L41X_TIMER2

*** WARNING L16: UNCALLED SEGMENT, IGNORED FOR OVERLAY PROCESS
    SEGMENT: ?PR?_TIMER2_SETPPGDUTYCOUNTER?A96L41X_TIMER2

*** WARNING L16: UNCALLED SEGMENT, IGNORED FOR OVERLAY PROCESS
    SEGMENT: ?PR?TIMER2_GETCAPTUREVALUE?A96L41X_TIMER2

*** WARNING L16: UNCALLED SEGMENT, IGNORED FOR OVERLAY PROCESS
    SEGMENT: ?PR?TIMER2_CLEARCOUNTDATA?A96L41X_TIMER2

*** WARNING L16: UNCALLED SEGMENT, IGNORED FOR OVERLAY PROCESS
    SEGMENT: ?PR?TIMER2_CLEARINTERRUPTFLAG?A96L41X_TIMER2

*** WARNING L16: UNCALLED SEGMENT, IGNORED FOR OVERLAY PROCESS
    SEGMENT: ?PR?USART_TX_QUEUE_IS_FULL?A96L41X_USART

*** WARNING L16: UNCALLED SEGMENT, IGNORED FOR OVERLAY PROCESS
BL51 BANKED LINKER/LOCATER V6.22                                                      06/01/2026  16:26:20  PAGE 68


    SEGMENT: ?PR?USART_TX_QUEUE_IS_EMPTY?A96L41X_USART

*** WARNING L16: UNCALLED SEGMENT, IGNORED FOR OVERLAY PROCESS
    SEGMENT: ?PR?USART_RX_QUEUE_IS_FULL?A96L41X_USART

*** WARNING L16: UNCALLED SEGMENT, IGNORED FOR OVERLAY PROCESS
    SEGMENT: ?PR?USART_RX_QUEUE_IS_EMPTY?A96L41X_USART

*** WARNING L16: UNCALLED SEGMENT, IGNORED FOR OVERLAY PROCESS
    SEGMENT: ?PR?_USART_SPI_ENABLE?A96L41X_USART_SPI

*** WARNING L16: UNCALLED SEGMENT, IGNORED FOR OVERLAY PROCESS
    SEGMENT: ?PR?_USART_SPI_SENDDATAWITHPOLLING?A96L41X_USART_SPI

*** WARNING L16: UNCALLED SEGMENT, IGNORED FOR OVERLAY PROCESS
    SEGMENT: ?PR?_USART_SPI_SENDDATAWITHINTERRUPT?A96L41X_USART_SPI

*** WARNING L16: UNCALLED SEGMENT, IGNORED FOR OVERLAY PROCESS
    SEGMENT: ?PR?_USART_SPI_RECEIVEDATAWITHPOLLING?A96L41X_USART_SPI

*** WARNING L16: UNCALLED SEGMENT, IGNORED FOR OVERLAY PROCESS
    SEGMENT: ?PR?_USART_SPI_RECEIVEDATAWITHINTERRUPT?A96L41X_USART_SPI

*** WARNING L16: UNCALLED SEGMENT, IGNORED FOR OVERLAY PROCESS
    SEGMENT: ?PR?USART_SPI_GETINTERRUPTSTATUS?A96L41X_USART_SPI

*** WARNING L16: UNCALLED SEGMENT, IGNORED FOR OVERLAY PROCESS
    SEGMENT: ?PR?START_DEBUG_MODE?MAIN

*** WARNING L16: UNCALLED SEGMENT, IGNORED FOR OVERLAY PROCESS
    SEGMENT: ?PR?_DATA_AVR?MAIN

*** WARNING L16: UNCALLED SEGMENT, IGNORED FOR OVERLAY PROCESS
    SEGMENT: ?PR?_DATAFLASH_BYTEWT?A96L41X_DATAFLASH

Program Size: data=9.0 xdata=489 code=12740
LINK/LOCATE RUN COMPLETE.  34 WARNING(S),  0 ERROR(S)
