C51 COMPILER V9.54   MAIN                                                                  06/01/2026 10:22:12 PAGE 1   


C51 COMPILER V9.54, COMPILATION OF MODULE MAIN
OBJECT MODULE PLACED IN .\Objects\main.obj
COMPILER INVOKED BY: C:\Keil_v5\C51\BIN\C51.EXE src\main.c LARGE OPTIMIZE(8,SPEED) BROWSE DEBUG OBJECTEXTEND PRINT(.\Lis
                    -tings\main.lst) TABS(2) OBJECT(.\Objects\main.obj)

line level    source

   1          /***************************************************************************//**
   2          *   @file       Main.c
   3          *   @brief      A96L41x Main  function file 
   4          *   @author     Application Team, ABOV Semiconductor Co., Ltd.
   5          *   @version    V1.00
   6          *   @date       29. MAY. 2020
   7          *
   8          * Copyright(C) 2019, ABOV Semiconductor
   9          * All rights reserved.
  10          *
  11          *   @mainpage   Project : A96L41x (20TSSOP) 
  12          *   - Introduction: This is a guide program for using A96L41x .
  13          *
  14          *   @section    Compiler Version
  15          *   - uVision C51 Compiler ( Version 5.13 )
  16          *
  17          *   @section    Configure Option
  18          *   - Code Read Protection :                Disable
  19          *   - Code Write Protection :               Disable
  20          *   - Vector Area (00H~FFH) Protection :    Disable
  21          *   - Select RESETB pin :                   Disable
  22          *
  23          *   @section    Clock Setting
  24          *   - HFIRC OSC/1 (Internal 4Mhz) 
  25          *
  26          *   @section    Project Program Version : V1.00
  27          *   @section    Modify Infomation
  28          *   - V1.00 :    First Start.    
  29          *
  30          *   @section    Caution
  31          *   - Nothing special.
  32          *
  33          *   @section Common
  34          *   - ABOV Semiconductor Co.,Ltd.
  35          *   - URL : <http://www.abovsemi.com>
  36          *
  37          ********************************************************************************
  38          * ABOV Disclaimer
  39          *
  40          *IMPORTANT NOTICE - PLEASE READ CAREFULLY
  41          *ABOV Semiconductor ("ABOV") reserves the right to make changes, corrections, enhancements, 
  42          *modifications, and improvements to ABOV products and/or to this document at any time without notice. 
  43          *ABOV does not give warranties as to the accuracy or completeness of the information included herein.
  44          *Purchasers should obtain the latest relevant information of ABOV products before placing orders. 
  45          *Purchasers are entirely responsible for the choice, selection, and use of ABOV products and 
  46          *ABOV assumes no liability for application assistance or the design of purchasers' products. No license, 
  47          *express or implied, to any intellectual property rights is granted by ABOV herein. 
  48          *ABOV disclaims all express and implied warranties and shall not be responsible or
  49          *liable for any injuries or damages related to use of ABOV products in such unauthorized applications. 
  50          *ABOV and the ABOV logo are trademarks of ABOV.
  51          *All other product or service names are the property of their respective owners. 
  52          *Information in this document supersedes and replaces the information previously
  53          *supplied in any former versions of this document.
  54          *2020 ABOV Semiconductor  All rights reserved
C51 COMPILER V9.54   MAIN                                                                  06/01/2026 10:22:12 PAGE 2   

  55          *
  56          */
  57          
  58          /* Includes ------------------------------------------------------------------*/
  59          #include    "Intrins.h"
  60          #include    "delay.h"     //
  61          #include "a96l41x_gpio.h"
  62          #include "a96l41x_clock.h"
  63          
  64          #include "a96l41x_adc.h"
  65          #include "a96l41x_opamp.h"
  66          #include "a96l41x_usart.h"
  67          
  68          #include "a96l41x_usart_spi.h"
  69          #include "a96l41x_timer0.h"
  70          #include "a96l41x_timer1.h"
  71          #include "a96l41x_timer2.h"
  72          
  73          
  74          #include "main.h"
  75          #include "math.h"
  76          #include "audio.h"
  77          #include "flash.h"
  78          #include "calib.h"
  79          
  80          #include "a96l41x_dataflash.h"
  81          
  82          /* Private Pre-processor Definition & Macro ----------------------------------*/
  83          /* Private Typedef -----------------------------------------------------------*/
  84          /* Private Variable ----------------------------------------------------------*/
  85          
  86          //////////////// Start: System state and mode constants ////////////////
  87          
  88          /* ---------- System status flag (set by SPI_Memory_Check, read by Audio_Initial in ISR) ---------- */
  89          /* volatile - ISR/main boundary. */
  90          volatile uint8_t SystemStatus;
  91          
  92          /* ---------- Main-loop cadence (units = sleep cycles, ~0.192 s each) ---------- */
  93          uint16_t adc_time    = 8 * 5;          /* sensor cadence  (currently empty body, ~7.7 s)  */
  94          uint16_t ck_led_time = 56 * 5 + 12;    /* power LED + Bat_Ck cadence (~56 s)              */
  95          
  96          /* ---------- Run-time state ---------- */
  97          uint16_t Al_Stop_key_Count;            /* TIMER2_Int: SW2 long-press counter */
  98          uint16_t system_count   = 0;           /* main-loop sleep tick counter        */
  99          uint16_t Fire_Alarm_LED = 0;           /* TIMER2_Int: alarm LED state         */
 100          uint16_t Bat_Alarm_LED  = 0;           /* TIMER2_Int: low-bat LED state       */
 101          uint8_t  SYS_mode, ADC_mode, Bat_mode;
 102          
 103          
 104          /* ---------- TIMER2_Int internal counter ---------- */
 105          /* volatile - ISR sets it, read by other paths indirectly. */
 106          volatile uint8_t Timer2_cnt;
 107          
 108          
 109          #define Temp_mode 2
 110          
 111          #define Normal_mode 1
 112          #define UART_mode   2
 113          #define In_Fire_al_mode   3
 114          #define Ex_Fire_al_mode   4
 115          #define Al_Stop_mode    6
 116          
C51 COMPILER V9.54   MAIN                                                                  06/01/2026 10:22:12 PAGE 3   

 117          
 118          #define Bat_High_mode   1
 119          #define Bat_Low_mode    2
 120          
 121          uint8_t visual_type = 1;  // visual indicator type
 122          
 123          //////////////// End:   System state and mode constants ////////////////
 124          
 125          
 126          //////////////// Start: Debug-mode flags ////////////////
 127          
 128          /* ---------- Compile-time constants ---------- */
 129          
 130          uint8_t  uart_debug_mode ;
 131          
 132          
 133          //////////////// End:   Debug-mode flags ////////////////
 134          
 135          //////////////// Start: Audio playback globals ////////////////
 136          
 137          /* ---------- Audio streaming globals (shared with TIMER1_Int in audio.c) ---------- */
 138          /* volatile - ISR/main boundary. */
 139          volatile uint16_t Audio_length;
 140          volatile uint16_t Audio_addr;
 141          volatile uint8_t  Audio_start = 0;     /* explicit init - was previously two-def */
 142          volatile uint16_t Audio_max_length;
 143          
 144          /* Audio clip table in Flash (code) memory.
 145           *  Index    Macro                  Addr     Len     Duration (8 kHz 8-bit)
 146           *    0      AUDIO_CLIP_BOOT        0x0000   10801   ~1.35 s   boot beep
 147           *    1      AUDIO_CLIP_LOWBAT      0x2BAA   21478   ~2.68 s   low-battery
 148           *    2      AUDIO_CLIP_FIRE        0x8108   24324   ~3.04 s   fire alarm
 149           */
 150          code AudioClip_t Audio_Clips[AUDIO_CLIP_COUNT] = {
 151              /* [AUDIO_CLIP_BOOT]   */ { 0x0000, 10801, 1 },
 152              /* [AUDIO_CLIP_LOWBAT] */ { 0x2BAA, 21478, 1 },
 153              /* [AUDIO_CLIP_FIRE]   */ { 0x8108, 24324, 1 },
 154          };
 155          
 156          //////////////// End:   Audio playback globals ////////////////
 157          
 158          ////////////////Start  Debug uart text//////////// 
 159          uint8_t Dust_MODE[10] = "Dust_MODE:";
 160          uint8_t Visu_MODE[10] = "Visu_MODE:";
 161          uint8_t Temp_MODE[10] = "Temp_MODE:";
 162          
 163          uint8_t ADC[4] = "ADC:";
 164          uint8_t CHR[4] = "CHR:";
 165          uint8_t INF[4] = "INF:";
 166          
 167          uint8_t Dust[5] = "Dust:";
 168          uint8_t Dust_ori[7] = "Dust_O:";
 169          uint8_t Dust_avr[7] = "Dust_A:";
 170          uint8_t Temp[5] = "Temp:";
 171          uint8_t Bat[4] = "Bat:";
 172          uint8_t Space[1] = " ";
 173          uint8_t Tab[4] = "    ";
 174          uint8_t End[4] = "\n\r";
 175          
 176          
 177          
 178          uint8_t opamp1[5] = "OPA1:";
C51 COMPILER V9.54   MAIN                                                                  06/01/2026 10:22:12 PAGE 4   

 179          uint8_t opamp2[5] = "OPA2:";
 180          
 181          uint8_t Avr[9] = "Average: ";
 182          
 183          uint8_t Dust_Si_Off[7] = "Si_Off:";
 184          uint8_t Dust_Si_On[6] = "Si_On:";
 185          uint8_t Dust_Si_Deta[6] = "Si_Da:";
 186          
 187          uint8_t Dust_Du_Off[7] = "Du_Off:";
 188          uint8_t Dust_Du_On[6] = "Du_On:";
 189          uint8_t Dust_Du_Deta[6] = "Si_Da:";
 190          
 191          /* Calibration debug labels (see Uart_Out below). */
 192          uint8_t Cal_Norm[6] = "Norm:";
 193          uint8_t Cal_Base[6] = "Base:";
 194          uint8_t Cal_Gain[6] = "Gain:";
 195          uint8_t Cal_Valid[4] = "Cv:";
 196          
 197          uint8_t Boot_OK[11] = "Boot_OK\n\r";
 198          uint8_t Flash_Read_OK[17] = "Flash_Read_OK\n\r";
 199          uint8_t Flash_Read_Fail[19] = "Flash_Read_Fail\n\r";
 200          ////////////////End  Debug uart text////////////
 201          
 202          //////////////// Start: ADC globals ////////////////
 203          
 204          #define VBGR_CV        92u      // VBGR voltage * 100  (chip-specific, calibrate!)
 205          #define ADC_FS         1024u    // 10-bit
 206          
 207          #define System_Ck_Value 40
 208          
 209          #define ADC_BUFFER_SIZE   8u   /* element count of ADC_temp_data[] */
 210          #define ADC_BUFFER_COUNT  8u   /* element count passed to ADC_GetDataWithPolling/
 211                                          * Data_Avr/Data_Sorting/Data_TrimmedMean - MUST
 212                                          * match ADC_BUFFER_SIZE. Use direct constant
 213                                          * instead of sizeof() to avoid Keil C51
 214                                          * macro-expansion-context surprises. */
 215          uint16_t ADC_temp_data[ADC_BUFFER_SIZE];
 216          
 217          
 218          #define TEMP_OFFSET  20
 219          #define TEMP_IDX(t)  ((t) + TEMP_OFFSET)
 220          
 221          code uint16_t Temp_Table[140] = {
 222            /* -20C */ 30, 32, 34, 36, 38, 40, 42, 45, 47, 50, 
 223            /* -10C */ 52, 55, 58, 61, 64, 67, 71, 74, 78, 82, 
 224            /*  0C */ 86, 90, 95, 99, 104, 109, 114, 119, 124, 130, 
 225            /*  10C */ 135, 141, 147, 153, 159, 166, 172, 179, 186, 192, 
 226            /*  20C */ 199, 207, 214, 221, 229, 236, 244, 252, 261, 269, 
 227            /*  30C */ 278, 286, 295, 304, 313, 322, 331, 341, 350, 359, 
 228            /*  40C */ 369, 379, 388, 398, 407, 417, 427, 437, 446, 456, 
 229            /*  50C */ 466, 476, 485, 495, 504, 514, 524, 533, 542, 552, 
 230            /*  60C */ 561, 570, 579, 588, 597, 606, 615, 623, 632, 640, 
 231            /*  70C */ 648, 656, 664, 672, 680, 688, 695, 703, 710, 717, 
 232            /*  80C */ 724, 731, 738, 744, 751, 757, 763, 769, 775, 781, 
 233            /*  90C */ 787, 793, 798, 803, 809, 814, 819, 824, 829, 833, 
 234            /* 100C */ 838, 842,  847,  851,  855,  859,  863,  867,  871,  874,
 235            /* 110C */ 878, 881,  885,  888,  891,  895,  898,  901,  904,  906
 236            };
 237          
 238          uint16_t ADC_Bat_Val;
 239          
 240          uint16_t ADC_Temp_Val;
C51 COMPILER V9.54   MAIN                                                                  06/01/2026 10:22:12 PAGE 5   

 241          
 242          uint16_t ADC1_Bat_Val;
 243          uint16_t ADC1_Dust_Val;
 244          uint16_t ADC1_On_Dust_Val;
 245          uint16_t ADC1_Off_Dust_Val;
 246            
 247          uint16_t ADC2_Bat_Val;
 248          uint16_t ADC2_Dust_Val;
 249          uint16_t ADC2_On_Dust_Val;
 250          uint16_t ADC2_Off_Dust_Val;
 251          uint16_t ADC2_Dust_Val_Norm;       /* calib_apply(ADC2_Dust_Val) - per-unit normalized */
 252          
 253          /* Fire-alarm trigger: increments while Si_Da_norm exceeds CALIB_ALARM_THRESHOLD,
 254           * decays one step each sample below the threshold so a single noise spike
 255           * cannot promote the system to In_Fire_al_mode. */
 256          #define FIRE_TRIGGER_COUNT     3u
 257          uint8_t  fire_count = 0;
 258          
 259          //////////////// End:   ADC globals ////////////////
 260          /*----------------------------------------------------------------------------*
 261           * Main-loop procedure constants + helpers (see docs/main_loop_design.md).    *
 262           *   Wake tick = 0.192 s (WDT INTERRUPT mode); periodic tasks use system_count *
 263           *   modulo. EMR_IO = P10 (PORT1/PIN0): driven high when THIS unit alarms,     *
 264           *   read as input for the external interlock line.                           *
 265           *----------------------------------------------------------------------------*/
 266          #define FIRE_CHECK_CNT        42u    /* STEP1 fire monitor   : 42  wakes ~8.06 s   */
 267          #define LED_BAT_CNT           292u   /* STEP2 LED + battery  : 292 wakes ~56.06 s  */
 268          #define LOWBAT_ALARM_CNT      1458u  /* STEP3 low-bat repeat : 1458 wakes ~279.9 s */
 269          #define FIRE_CONFIRM_SAMPLES  4u     /* STEP1 averaged confirm readings            */
 270          #define FIRE_BLINK_MS         100u   /* pre-alarm blink half-period (0.1 s -> 0.2 s)*/
 271          #define FIRE_GAP_TOGGLES      10u    /* pre-alarm blinks per gap (10*0.1=1 s, 4=4 s)*/
 272          #define FIRE_VOICE_REPEAT     3u     /* fire clip plays per alarm burst            */
 273          #define FIRE_VOICE_GAP_MS     300u   /* gap between fire-clip plays (0.3 s)        */
 274          #define FIRE_RECHECK_HALF_MS  250u   /* fire-loop re-confirm blink half (0.25 s)   */
 275          #define FIRE_RECHECK_TOGGLES  2u     /* re-confirm toggles/sample (2*0.25=0.5 s, 4=2 s)*/
 276          #define BAT_LOW_CV            265u   /* enter low-battery at <= 2.65 V             */
 277          #define BAT_RECOVER_CV        275u   /* exit  low-battery at >= 2.75 V (hysteresis)*/
 278          
 279          /* WDT-safe blocking wait (RESET-mode WDT ~2 s) in 100 ms chunks. */
 280          static void loop_wait_ms(uint16_t ms)
 281          {
 282   1        while (ms >= 100) { WD_Reset(); Delay_ms(100); ms -= 100; }
 283   1        if (ms)          { WD_Reset(); Delay_ms(ms);              }
 284   1      }
 285          
 286          /* STEP1 helper: takes FIRE_CONFIRM_SAMPLES normalized Dust readings and
 287           * returns the mean. Between samples LED_R blinks (half_ms on/off) for
 288           * `toggles` half-cycles, so the per-sample gap = toggles*half_ms and the
 289           * total window = FIRE_CONFIRM_SAMPLES * toggles * half_ms.
 290           *   pre-alarm    : (100 ms, 10) -> 0.2 s blink, 1 s/sample, 4 s total
 291           *   fire re-check: (250 ms,  2) -> 0.5 s blink, 0.5 s/sample, 2 s total
 292           * Timer2 is left off here so its ISR cannot perturb the dust ADC sampling. */
 293          static uint16_t fire_confirm_avg(uint16_t half_ms, uint8_t toggles)
 294          {
 295   1        uint32_t sum = 0;
 296   1        uint8_t  i, t;
 297   1        for (i = 0; i < FIRE_CONFIRM_SAMPLES; i++) {
 298   2          ADC2_Dust_Val      = Dust_ADC_2AMP();
 299   2          ADC2_Dust_Val_Norm = calib_apply(ADC2_Dust_Val);
 300   2          sum += ADC2_Dust_Val_Norm;
 301   2          for (t = 0; t < toggles; t++) {
 302   3            if (t & 0x01) { LED_R_OFF; } else { LED_R_ON; }
C51 COMPILER V9.54   MAIN                                                                  06/01/2026 10:22:12 PAGE 6   

 303   3            WD_Reset();
 304   3            Delay_ms(half_ms);
 305   3          }
 306   2        }
 307   1        LED_R_OFF;
 308   1        return (uint16_t)(sum / FIRE_CONFIRM_SAMPLES);
 309   1      }
 310          
 311          /* Fire LED_R blink via Timer2 ISR (0.2 s period, 0.1 s on/off). Lets LED_R
 312           * keep blinking even while a blocking Play_Clip() runs: audio plays on the
 313           * Timer1 ISR, so global interrupts are enabled during playback and Timer2
 314           * fires too. */
 315          static void fire_led_blink_start(void)
 316          {
 317   1        T2_init();
 318   1        Fire_Alarm_LED = 1;
 319   1        Timer2_Start();
 320   1      }
 321          static void fire_led_blink_stop(void)
 322          {
 323   1        Timer2_Stop();
 324   1        Fire_Alarm_LED = 0;
 325   1        LED_R_OFF;
 326   1      }
 327          
 328          /* Play the fire-alarm clip FIRE_VOICE_REPEAT times, FIRE_VOICE_GAP_MS (0.3 s)
 329           * apart. When with_led is set, LED_R blinks at 0.2 s (Timer2) for the whole
 330           * burst; otherwise LED_R is kept off (STEP 4 external-interlock case). */
 331          static void play_fire_burst(uint8_t with_led)
 332          {
 333   1        uint8_t i;
 334   1        if (with_led) { fire_led_blink_start(); }
 335   1        for (i = 0; i < FIRE_VOICE_REPEAT; i++) {
 336   2          Play_Clip(AUDIO_CLIP_FIRE);   /* ~3 s, self-kicks WDT */
 337   2          loop_wait_ms(FIRE_VOICE_GAP_MS);
 338   2        }
 339   1        if (with_led) { fire_led_blink_stop(); }
 340   1        else          { LED_R_OFF;            }
 341   1      }
 342          
 343          /* STEP2/3 helper: read battery, update Bat_mode with hysteresis, and fire
 344           * the immediate low-battery voice on the High->Low transition. */
 345          static void battery_check(void)
 346          {
 347   1        ADC_Bat_Val = Get_Bat_Voltage_cV();
 348   1        if (Bat_mode != Bat_Low_mode) {
 349   2          if (ADC_Bat_Val <= BAT_LOW_CV) {
 350   3            Bat_mode = Bat_Low_mode;
 351   3            Play_Clip(AUDIO_CLIP_LOWBAT);   /* STEP3: immediate 1x on entry */
 352   3          }
 353   2        } else {
 354   2          if (ADC_Bat_Val >= BAT_RECOVER_CV) {
 355   3            Bat_mode = Bat_High_mode;
 356   3          }
 357   2        }
 358   1      }
 359          
 360          
 361            
 362          
 363          /* Public Variable -----------------------------------------------------------*/
 364          /* Public Function -----------------------------------------------------------*/
C51 COMPILER V9.54   MAIN                                                                  06/01/2026 10:22:12 PAGE 7   

 365          
 366          /**********************************************************************
 367           * @brief   main - standard C program entry point.
 368           * @param   None
 369           * @return  None
 370           **********************************************************************/
 371          void main(void)
 372          {
 373   1      
 374   1        //LDO_OFF;
 375   1        //CVDD_OFF;
 376   1        //AUDIO_OFF;
 377   1        system_count = 0;
 378   1        uart_debug_mode = uart_debug_On;
 379   1      
 380   1        hw_initial_Wait(10);
 381   1      
 382   1       SystemStatus = SPI_Memory_Check();
 383   1      
 384   1        ADC_mode = Check_System();
 385   1      
 386   1        hw_initial_Wait(10);
 387   1        system_count = 0;
 388   1      
 389   1        SYS_mode =  Normal_mode;
 390   1      
 391   1        /* Boot / calibration initialisation (matches the existing product family).
 392   1         *
 393   1         *   STEP 1 - Power-on indication.
 394   1         *     calib_step1_boot_led(): LED_G + LED_R on together for 0.2 s.
 395   1         *
 396   1         *   STEP 2-1 - Flash erase + baseline capture (SW2 held at power-up).
 397   1         *     calib_erase_with_animation(): alternate G/R while held; on
 398   1         *     release erase the page, capture one clean-air baseline, save
 399   1         *     {baseline, gain=256} and set g_calib_needs_smoke = 1.
 400   1         *
 401   1         *   STEP 2-2 - Load (SW2 not held at power-up).
 402   1         *     calib_boot_init(): load baseline / gain_Q8 from DataFlash.
 403   1         *
 404   1         *   STEP 3 - Smoke gain calibration.
 405   1         *     Lives in the main loop (see the SW2 hold handler below):
 406   1         *     LED_R + release wait + place phase + 5-sample mean + gain save.
 407   1         */
 408   1      
 409   1        Port_SetInputpin(PORT1, PIN2, 1);
 410   1      
 411   1        /* STEP 1: power-on indication. */
 412   1        calib_step1_boot_led();
 413   1        
 414   1        if(uart_debug_mode == uart_debug_On){
 415   2          Uart_Out_Text( Boot_OK,11);
 416   2        }
 417   1      
 418   1      
 419   1        Delay_ms(300);
 420   1        if (Port_GetInputpinValue(PORT1, PIN2) == 0) {
 421   2          /* STEP 2-1: SW2 held -> erase + capture baseline + save. */
 422   2          calib_erase_with_animation();
 423   2        } else {
 424   2          /* STEP 2-2: SW2 not held -> load saved calibration. */
 425   2          calib_boot_init();
 426   2        }
C51 COMPILER V9.54   MAIN                                                                  06/01/2026 10:22:12 PAGE 8   

 427   1        
 428   1        /* STEP 2 once before entering the loop (power LED + battery check). */
 429   1        Bat_mode = Bat_High_mode;
 430   1        LED_R_ON;
 431   1        Delay_ms(200);
 432   1        LED_R_OFF;
 433   1        battery_check();
 434   1        system_count = 1;   /* avoid count==0 immediately re-triggering STEP1/2 */
 435   1      
 436   1        hw_initial_Wait(10);
 437   1          while(1)
 438   1        {
 439   2      
 440   2          // Arm RESET-mode WDT (~2 s timeout) at the top of every loop
 441   2          // iteration for active-code hang protection. BeforeStop() swaps
 442   2          // it back to INTERRUPT mode before Stop() so the wake timer
 443   2          // still works.
 444   2          WD_Reset();
 445   2      
 446   2      
 447   2        // =====================================================================
 448   2        // Main-loop procedure (STEP 1..5) - see docs/main_loop_design.md
 449   2        // Base wake/sleep behaviour: docs/wdt_periodic_v3.md
 450   2        // =====================================================================
 451   2      
 452   2          
 453   2        // STEP 1 - Fire monitoring (every FIRE_CHECK_CNT wakes, ~8.06 s)
 454   2        //////////////////////////////////////////////////////////////////////////////////////////
 455   2          if (system_count % FIRE_CHECK_CNT == 0) {
 456   3      
 457   3            ADC2_Dust_Val      = Dust_ADC_2AMP();
 458   3            ADC2_Dust_Val_Norm = calib_apply(ADC2_Dust_Val);
 459   3      
 460   3            if (uart_debug_mode == uart_debug_On) {
 461   4              ADC_Bat_Val = Get_Bat_Voltage_cV();
 462   4              Uart_Out();
 463   4            }
 464   3      
 465   3            if (ADC2_Dust_Val_Norm >= CALIB_ALARM_THRESHOLD) {
 466   4              /* Pre-alarm: confirm with a 4-sample average (0.2 s blink, ~4 s). */
 467   4              uint16_t smoke_avg = fire_confirm_avg(FIRE_BLINK_MS, FIRE_GAP_TOGGLES);
 468   4      
 469   4              if (smoke_avg >= CALIB_ALARM_THRESHOLD) {
 470   5                /* Confirmed fire: drive EMR_IO high, alarm until cleared. */
 471   5                Port_SetOutputpin(PORT1, PIN0, 0);
 472   5                P10 = 1;
 473   5      
 474   5                do {
 475   6                  /* voice: FIRE x3, 0.3 s apart, LED_R 0.2 s blink (Timer2) */
 476   6                  play_fire_burst(1);
 477   6                  /* re-check: 4 samples, 0.25 s blink, 0.5 s/sample, ~2 s */
 478   6                  smoke_avg = fire_confirm_avg(FIRE_RECHECK_HALF_MS, FIRE_RECHECK_TOGGLES);
 479   6                } while (smoke_avg >= CALIB_ALARM_THRESHOLD);
 480   5      
 481   5                /* Cleared: stop alarm, release the interlock line. */
 482   5                LED_R_OFF;
 483   5                P10 = 0;
 484   5                Port_SetInputpin(PORT1, PIN0, 0);
 485   5              }
 486   4            }
 487   3          }
 488   2          
C51 COMPILER V9.54   MAIN                                                                  06/01/2026 10:22:12 PAGE 9   

 489   2          system_count++;
 490   2      
 491   2            // Sleep cycle: BeforeStop arms WDT as INTERRUPT-mode wake timer
 492   2            // (WDTDR=2, ~0.192 s) for button-polling resolution.
 493   2            // After wake, the top-of-loop WD_Reset() switches WDT back to
 494   2            // RESET mode for the next iteration's hang protection.
 495   2          BeforeStop();
 496   2          GLOBAL_INTERRUPT_EN();
 497   2          Stop();
 498   2          AfterStop();
 499   2      
 500   2        }
 501   1      
 502   1      
 503   1        while(1)
 504   1        {
 505   2      
 506   2          // Arm RESET-mode WDT (~2 s timeout) at the top of every loop
 507   2          // iteration for active-code hang protection. BeforeStop() swaps
 508   2          // it back to INTERRUPT mode before Stop() so the wake timer
 509   2          // still works.
 510   2          WD_Reset();
 511   2      
 512   2        // =====================================================================
 513   2        // Main-loop procedure (STEP 1..5) - see docs/main_loop_design.md
 514   2        // Base wake/sleep behaviour: docs/wdt_periodic_v3.md
 515   2        // =====================================================================
 516   2      
 517   2          
 518   2        // STEP 1 - Fire monitoring (every FIRE_CHECK_CNT wakes, ~8.06 s)
 519   2        //////////////////////////////////////////////////////////////////////////////////////////
 520   2          if (system_count % FIRE_CHECK_CNT == 0) {
 521   3      
 522   3            ADC2_Dust_Val      = Dust_ADC_2AMP();
 523   3            ADC2_Dust_Val_Norm = calib_apply(ADC2_Dust_Val);
 524   3      
 525   3            if (uart_debug_mode == uart_debug_On) {
 526   4              ADC_Bat_Val = Get_Bat_Voltage_cV();
 527   4              Uart_Out();
 528   4            }
 529   3      
 530   3            if (ADC2_Dust_Val_Norm >= CALIB_ALARM_THRESHOLD) {
 531   4              /* Pre-alarm: confirm with a 4-sample average (0.2 s blink, ~4 s). */
 532   4              uint16_t smoke_avg = fire_confirm_avg(FIRE_BLINK_MS, FIRE_GAP_TOGGLES);
 533   4      
 534   4              if (smoke_avg >= CALIB_ALARM_THRESHOLD) {
 535   5                /* Confirmed fire: drive EMR_IO high, alarm until cleared. */
 536   5                Port_SetOutputpin(PORT1, PIN0, 0);
 537   5                P10 = 1;
 538   5      
 539   5                do {
 540   6                  /* voice: FIRE x3, 0.3 s apart, LED_R 0.2 s blink (Timer2) */
 541   6                  play_fire_burst(1);
 542   6                  /* re-check: 4 samples, 0.25 s blink, 0.5 s/sample, ~2 s */
 543   6                  smoke_avg = fire_confirm_avg(FIRE_RECHECK_HALF_MS, FIRE_RECHECK_TOGGLES);
 544   6                } while (smoke_avg >= CALIB_ALARM_THRESHOLD);
 545   5      
 546   5                /* Cleared: stop alarm, release the interlock line. */
 547   5                LED_R_OFF;
 548   5                P10 = 0;
 549   5                Port_SetInputpin(PORT1, PIN0, 0);
 550   5              }
C51 COMPILER V9.54   MAIN                                                                  06/01/2026 10:22:12 PAGE 10  

 551   4            }
 552   3          }
 553   2      
 554   2        // STEP 2 - Power LED + battery check (every LED_BAT_CNT wakes, ~56 s)
 555   2        //////////////////////////////////////////////////////////////////////////////////////////
 556   2          if (system_count % LED_BAT_CNT == 0) {
 557   3            LED_R_ON;
 558   3            Delay_ms(200);
 559   3            LED_R_OFF;
 560   3            battery_check();
 561   3          }
 562   2      
 563   2        // STEP 3 - Low-battery alarm repeat (every LOWBAT_ALARM_CNT wakes, ~280 s)
 564   2        //////////////////////////////////////////////////////////////////////////////////////////
 565   2          if (Bat_mode == Bat_Low_mode && (system_count % LOWBAT_ALARM_CNT == 0)) {
 566   3            Play_Clip(AUDIO_CLIP_LOWBAT);
 567   3          }
 568   2      
 569   2        // STEP 4 - External interlock fire alarm (every wake)
 570   2        //////////////////////////////////////////////////////////////////////////////////////////
 571   2          Port_SetInputpin(PORT1, PIN0, 0);
 572   2          if (Port_GetInputpinValue(PORT1, PIN0) == 1) {
 573   3            LED_R_OFF;
 574   3            play_fire_burst(0);          /* external interlock: LED_R stays off */
 575   3            loop_wait_ms(2000);
 576   3          }
 577   2      
 578   2        // STEP 5 - Status check : SW2 held in Normal mode (every wake)
 579   2        //////////////////////////////////////////////////////////////////////////////////////////
 580   2          if (SYS_mode == Normal_mode &&
 581   2              Port_GetInputpinValue(PORT1, PIN2) == 0) {
 582   3      
 583   3            if (g_calib_needs_smoke == 1) {
 584   4              calib_run_smoke();
 585   4            } else {
 586   4              /* Calibrated: manual fire test - LED_R blinks at 0.5 s
 587   4               * (Timer2) during the voice playback. */
 588   4              fire_led_blink_start();
 589   4              Play_Clip(AUDIO_CLIP_FIRE);   /* 1x */
 590   4              fire_led_blink_stop();
 591   4            }
 592   3          }
 593   2      
 594   2      
 595   2        system_count++;
 596   2      
 597   2          // Sleep cycle: BeforeStop arms WDT as INTERRUPT-mode wake timer
 598   2          // (WDTDR=2, ~0.192 s) for button-polling resolution.
 599   2          // After wake, the top-of-loop WD_Reset() switches WDT back to
 600   2          // RESET mode for the next iteration's hang protection.
 601   2        BeforeStop();
 602   2        GLOBAL_INTERRUPT_EN();
 603   2        Stop();
 604   2        AfterStop();
 605   2      
 606   2        }
 607   1      }
 608          
 609          void Start_Debug_Mode(void){
 610   1        
 611   1        Port_SetInputpin(PORT1, PIN2, 1);  // key input & mode0 -> button input; held at power-up == enter UART m
             -ode
C51 COMPILER V9.54   MAIN                                                                  06/01/2026 10:22:12 PAGE 11  

 612   1        Delay_ms(300);                            // settle time before ADC mode sampling
 613   1      
 614   1        if(Port_GetInputpinValue(PORT1, PIN2)  == 0){
 615   2          SYS_mode = UART_mode;
 616   2        }
 617   1        else{
 618   2          SYS_mode = Normal_mode;
 619   2        }
 620   1      
 621   1        LED_G_ON;
 622   1        Delay_ms(5);
 623   1        LED_G_OFF;
 624   1      
 625   1        // Wait until the button is released, then enter UART debug loop
 626   1        if(SYS_mode == UART_mode){
 627   2            while(1){
 628   3              LED_G_ON;
 629   3              if(Port_GetInputpinValue(PORT1, PIN2)  == 1){
 630   4                break;
 631   4              }
 632   3            }
 633   2      
 634   2            LED_G_OFF;
 635   2      
 636   2            // ===== UART debug mode infinite loop =====
 637   2            
 638   2            while(1){
 639   3      
 640   3              LED_R_ON;
 641   3              
 642   3              ADC_Bat_Val = Get_Bat_Voltage_cV();
 643   3              ADC_Temp_Val = TEMP_ADC();
 644   3              ADC1_Dust_Val = Dust_ADC_1AMP();
 645   3              ADC2_Dust_Val = Dust_ADC_2AMP();
 646   3        //      ADC2_Dust_Val_Norm = calib_apply(ADC2_Dust_Val);
 647   3      
 648   3              Uart_Out();
 649   3      
 650   3              Delay_ms(250);
 651   3              LED_R_OFF;
 652   3              Delay_ms(250);
 653   3              WD_Reset();
 654   3            }
 655   2      
 656   2          }
 657   1      }
 658          
 659          
 660          
 661          //////////////// Start: System initialization helpers ////////////////
 662          
 663          void hw_initial(void) {
 664   1        
 665   1        if(Audio_start == 1) {
 666   2            SLAVEDESELECT;  
 667   2            AUDIO_OFF;          
 668   2            Timer0_Stop();     
 669   2            Audio_start = 0;
 670   2            Audio_length = 0;
 671   2        }
 672   1      
 673   1        BITCR = 0x60;                                              // BIT cnt cleared, Select 0Bit overflow perio
C51 COMPILER V9.54   MAIN                                                                  06/01/2026 10:22:12 PAGE 12  

             -d
 674   1        
 675   1      #ifdef SysClock_1MHZ  
                OSCCR = 0x08;                                            // System clock: 1MHz
              #else 
 678   1        OSCCR = 0x18;                                            // System clock: 4MHz
 679   1                                                                // If 0x00/0x08/0x10/0x18, 0.5MHz/1MHz/2MHz/4MHz
 680   1      #endif
 681   1      
 682   1        RSTFR = 0x00;                                            // Clear all reset flags
 683   1      
 684   1        
 685   1        // Port 0
 686   1        P0 = 0xC0;                      // 0 : Low, 1 : High
 687   1        P0OD = 0x00;                // 0 : Disable, 1 : Enable (Open-drain)
 688   1        P0PU = 0X00;                 // 0 : Disable,  1 : Enable (Pull-up)
 689   1        P0IO = 0xc1;                  // 0 : Input, 1 : Output
 690   1        //P0FSRH = 0x05;                                                          // P[7]: normal I/O, P[5:0]: Am
             -p
 691   1        //P0FSRL = 0x55;
 692   1        P0FSRH  = 0
 693   1          | ( 0 << 6)       //P07     // 0 : I/O (EINT3), 1 : ICS1                  // LED_R        
 694   1          | ( 0 << 4)       //P06     // 0 : I/O (EINT2), 1 : ICS0                  // LED_G
 695   1          | ( 1 << 2)       //P05     // 0 : I/O, 1 : OP0P,                       // SENISNG OP0P
 696   1          | ( 1 << 0);      //P04     // 0 : I/O, 1 : OP0N                          // SENSING OP0N
 697   1          
 698   1        P0FSRL  = 0
 699   1          | ( 1 << 6)       //P03     // 0 : I/O, 1 : OP0OUT,   2 : AN3,      3 : Not used          // SENSING IN ADC 
 700   1          | ( 1 << 4)       //P02     // 0 : I/O, 1 : OP1P,   2 : AN2,      3 : Not used          // 
 701   1          | ( 1 << 2)       //P01     // 0 : I/O (EINT1), 1 : OP1N,  2 : AN1, 3 : Not used        // Not use
 702   1          | ( 0 << 0);      //P00     // 0 : I/O (EINT0), 1 : OP1OUT,   2 : AN0,  3 : Not used      // C_VDD
 703   1          
 704   1        P0DB  = 0
 705   1          | ( 0 << 6)     //DBCLK[1:0]  // 00 : fx (SCLK),  01 : fx/4,  10 : fx/16, 11 : fx/64
 706   1          | ( 0 << 3)     //P07DB   // 0 : Disable, 1 : Enable
 707   1          | ( 0 << 2)     //P06DB   // 0 : Disable, 1 : Enable
 708   1          | ( 0 << 1)     //P10DB   // 0 : Disable, 1 : Enable
 709   1          | ( 0 << 0);    //P00DB   // 0 : Disable, 1 : Enable
 710   1                                                 // Low level
 711   1      
 712   1        // Port 1
 713   1        
 714   1        P1 = 0x00;                      // 0 : Low, 1 : High                // audio off
 715   1        P1OD = 0x00;                  // 0 : Disable, 1 : Enable (Open-drain)
 716   1        P1PU = 0x04;                  // 0 : Disable, 1 : Enable (Pull-up) // SW2 test-switch pull-up
 717   1        //P1PU = 0x0;                   // 0 : Disable, 1 : Enable (Pull-up)
 718   1        P1IO = 0x32;                  // 0 : Input, 1 : Output
 719   1        
 720   1      
 721   1        //P12DB = 0x00;                     //P1/P2 Debounce disable
 722   1        //P1FSRH = 0x08;                                                          // P1[5]: AN6, others: normal I
             -/O
 723   1        //P1FSRL = 0x00;                                                          // P1[3:0]: Normal I/O
 724   1        /* P15 = LDO23 alternate function so LDO_ON drives the 2.32 V output
 725   1         * out to the external AVREF / divider network. Boot sleep current
 726   1         * was previously verified not to depend on this bit (the 90 uA
 727   1         * leakage tracked to AMPCR0 "Always" mode, since fixed). LDOCR is
 728   1         * still cleared below so the LDO is OFF at boot until LDO_ON is
 729   1         * called. */
 730   1        P1FSRH  = 0
 731   1          | ( 1 << 2)       //P15  // 0 : I/O,  1 : LDO23,   2 : AN6, 3 : (SDA)
 732   1          | ( 0 << 0);      //P14  // 0 : I/O (EINT11), 1 : T1O/PWM1O,   2 : SCL, 3 : Not used    // /AUD ON
C51 COMPILER V9.54   MAIN                                                                  06/01/2026 10:22:12 PAGE 13  

 733   1      
 734   1        LDOCR = 0x00;     /* LDO block OFF at boot until ADC code calls LDO_ON */
 735   1          
 736   1          P1FSRL  = 0
 737   1          | ( 0 << 6)       //P13  // 0 : I/O (EC1),  1 : (RXD/MISO)              // DSDA
 738   1          | ( 0 << 4)       //P12  // 0 : I/O (EC0),  1 : (TXD/MOSI)                // DSCL
 739   1          | ( 1 << 2)       //P11  // 0 : I/O (EINT10), 1 : T0O/PWM0O             // AUDIO SIG
 740   1          | ( 0 << 0);      //P10  // 0 : I/O,  1 : (SCK)                   // SENSE PW
 741   1      
 742   1          P12DB = 0
 743   1          | ( 0 << 5)     //P21DB   // 0 : Disable, 1 : Enable
 744   1          | ( 0 << 4)     //P20DB   // 0 : Disable, 1 : Enable
 745   1          | ( 0 << 2)     //P14DB   // 0 : Disable, 1 : Enable
 746   1          | ( 0 << 1)     //P11DB   // 0 : Disable, 1 : Enable
 747   1          | ( 0 << 0);      //P10DB   // 0 : Disable, 1 : Enable
 748   1          
 749   1        
 750   1          
 751   1        // Port 2
 752   1        P2 = 0x00;                        // 0 : Low, 1 : High
 753   1        P2OD = 0x00;                    // 0 : Disable, 1 : Enable (Open-drain)
 754   1        P2PU = 0x00;                    // 0 : Disable, 1 : Enable (Pull-up)
 755   1        P2IO = 0x0f;                      // 0 : Input, 1 : Output
 756   1        //P2FSR = 0x00;                      // P2[3:0]: I/O
 757   1        P2FSR   = 0
 758   1          | ( 1 << 6)     // 0 : P23,  1 : TXD/MOSI,  2 : AN5,     3 : Not used         //mosi
 759   1          | ( 1 << 4)     // 0 : P22,  1 : RXD/MISO,  2 : AN4,     3 : Not used         // miso
 760   1          | ( 1 << 2)         // 0 : P21 (EC2),  1 : SCK,   2 : (SCL),     3 : Not used           // sck
 761   1          | ( 0 << 0);        // 0 : P20 (EINT12),  1 : T2O/PWM2O,   2 : SDA,     3 : Not used      // cs 
 762   1      
 763   1      
 764   1      
 765   1        
 766   1          // Timer 0 
 767   1        T0CRL = 0x80;                                                           // Timer 0: fx/4
 768   1        T0CRH = 0x01;                                                           // Timer 0: disable, clear counte
             -r
 769   1        T0ADRH = (unsigned char)(T_USEC>>8);
 770   1        T0ADRL = (unsigned char)(T_USEC&0xff);
 771   1        // Timer 1
 772   1        T1CRL = 0x00
 773   1            |(1<<5);                                                          // Timer 1: if 0/1/2.../7, fx divide
             -d by 2048/512/64/8/4/2/1/EC1
 774   1        T1CRH = 0x81;                                                           // Timer 1: if 0/8, Dis/Enable, c
             -lear counter
 775   1        //T1CRH = 0x01;                                                           // Timer 1: if 0/8, Dis/Enable,
             - clear counter
 776   1        T1ADRH = (unsigned char)(TIME_2S>>8);
 777   1        T1ADRL = (unsigned char)(TIME_2S&0xff);
 778   1      
 779   1        
 780   1        // Timer 2
 781   1        T2CRL = 0x00;                                            // Timer 2: fx/1
 782   1        T2CRH = 0x00;                                            // Timer 2: Disable, Clear counter
 783   1      
 784   1        // WDT
 785   1        WDTCR = 0x00
 786   1            |(0<<7)                                            // If 0/1, Diable/Enable WDT operation
 787   1            |(0<<6)                                            // If 0/1, "Free running 8-bit timer"/"Reset by WDT"
 788   1            |(1<<5)                                            // If 0/1, "No effect"/"Clear WDT Counter"
 789   1            |(0<<1)                                            // If 0/1/2, Select WDT Clock as "BIT Overflow"/ LFI
             -RC /WDTRC
C51 COMPILER V9.54   MAIN                                                                  06/01/2026 10:22:12 PAGE 14  

 790   1            |(0<<0);                                           // Clear WDTIFR
 791   1        
 792   1        // LVR
 793   1        LVRIDR = 0x59;                                           // Id value to write data to the LVRCR register
 794   1        LVRCR = 0x01;                                            // LVR Disable
 795   1       
 796   1        // Amp
 797   1        AMPCR0 = 0x00
 798   1            |(0<<6)                                                         // If 0/1, Disable/Enable filter OP1OUT
             - for ADC
 799   1            |(0<<4)                                                         // If 0/1/2/3, Select No/AMP0/AMP1/"AMP
             -0/1" discharge channel
 800   1            |(0<<2)                                                         // If 0/1/2/3, Select discharge time du
             -ring Disable/100us/200us/300us
 801   1            |(AMP_AUTO_DIS<<1)                                              // If 0/1, AMP1 Always/"Auto disable af
             -ter ADC"
 802   1            |(AMP_AUTO_DIS<<0);                                             // If 0/1, AMP0 Always/"Auto disable af
             -ter ADC"
 803   1        /* OPAMP block disabled at boot. AMP_AUTO_DIS = 1 in main.h puts the
 804   1         * OPAMP into "auto-disable" mode so the analog block goes idle when
 805   1         * ADC is not converting - critical for ~2 uA sleep current.
 806   1         * If dust sensing is ever re-introduced, set the relevant enable bits
 807   1         * (AMPCR1 b7=Amp1, b3=Amp0) at the call site, then clear them after. */
 808   1        AMPCR1 = 0x00
 809   1            |(0<<7)                                                       // If 0/1, Disable/Enable Amp1
 810   1            |(0<<4)                                                       // If 0/1/2/3/4/5/6/7, "Disable gain"/x1/
             -x2/x10/x15/x20/x30/x60
 811   1            |(0<<3)                                                       // If 0/1, Disable/Enable Amp0
 812   1            |(0<<0);                                                      // If 0/1/2/3, "Disable gain"/x5/x10/x20
 813   1        CHPCR = (0<<0);                                                         // If 0/1/2/3, 125/167/250/500 [k
             -Hz] chopper clock
 814   1        // ADC
 815   1        ADCCRH = 0x00
 816   1            |(0<<7)                                                         // Clear ADCIFR
 817   1            |(0<<3)                                                         // If 0/1, ADC Trigger Signal: ADST/"Ti
             -mer 0"
 818   1            |(0<<2)                                                         // If 0/1, ADC Data Align: MSB/LSB . 0 
             -= MSB
 819   1            |(0<<0);                                                        // If 0/1/2/3, 1/0.5/0.25/0.125 [MHz]
 820   1        ADCCRL = 0x00
 821   1            |(0<<7)                                                         // If 0/1, Disable/Enable ADC Module
 822   1            |(0<<6)                                                         // If 0/1, No/Start
 823   1            |(0<<5)                                                         // If 0/1, Reference VDD/AVREF
 824   1            |(0x6<<0);                                                      // sel. AN6
 825   1            //|(0xA<<0);                                                      // If 0/1////, AN0/AN1/////AMP1
 826   1        // USART
 827   1        USTBD = (unsigned char)(4000000/9600/16 - 1);            // 4MHz/(Baud Rate)/16 - 1
 828   1        USTCR1 = 0x00
 829   1            |(0<<6)                                           // If 0/1/2/3, UART/Synchronous/Reserved/SPI Mode
 830   1            |(0<<4)                                           // If 0/1/2/3, No/Reserved/Even/Odd Parity
 831   1            |(3<<1)                                           // If 0/1/2/3/7, 5/6/7/8/9-bit Data
 832   1            |(0<<0);                                          // If 0/1, TxD change @Rising/@Falling only SPI mode
 833   1        USTCR2 = 0x00
 834   1            |(0<<7)                                           // If 0/1, Disable/Enable DRE Interrupt
 835   1            |(0<<6)                                           // If 0/1, Disable/Enable TXC Interrupt
 836   1            |(0<<5)                                           // If 0/1, Disable/Enable RXC Interrupt
 837   1            |(0<<4)                                           // If 0/1, Disable/Enable WAKE Interrupt
 838   1            |(0<<3)                                           // If 0/1, Disable/Enable Transmitter
 839   1            |(0<<2)                                           // If 0/1, Disable/Enable Receiver
 840   1            |(0<<1)                                           // If 0/1, Disable/Enable USART Block
 841   1            |(0<<0);                                          // If 0/1, Normal/Double Speed Operation
 842   1        USTCR3 = 0x00
C51 COMPILER V9.54   MAIN                                                                  06/01/2026 10:22:12 PAGE 15  

 843   1            |(0<<7)                                           // If 0/1, Slave/Master in SPI or Synchronous mode
 844   1            |(0<<6)                                           // If 0/1, Normal/"Loop back" Operation
 845   1            |(0<<5)                                           // When synchronous mode only
 846   1            |(0<<4)                                           // If 0/1, Disable/Enable SS Pin
 847   1            |(0<<3)                                           // If 0/1, No/Exchange MOSI and MISO
 848   1            |(0<<2);                                          // If 0/1, 1/2 Stop bit
 849   1      
 850   1        // ICSx
 851   1        #ifdef CC_USE
              
                ICSCR = 0x00;                                            // If 0x00/0x05/0x0a, Disable/"Enable ICS0"/"Ena
             -ble ICS1"
                ICSDR0 = 0x06;                                           // If 0/1/.../15, abot 50 + 15 x data [mA]
                ICSDR1 = 0x06;                                           // If 0/1/.../15, abot 50 + 15 x data [mA]
                P0FSRH |= 0xF0;                     // P07 function set to ICS1, P06 function set to ICS0
                #else
 858   1        ICSCR = 0x00;                                            // If 0x00/0x05/0x0a, Disable/"Enable ICS0"/"Ena
             -ble ICS1"
 859   1        ICSDR0 = 0x00;                                           // If 0/1/.../15, abot 50 + 15 x data [mA]
 860   1        ICSDR1 = 0x00;                                           // If 0/1/.../15, abot 50 + 15 x data [mA]
 861   1        
 862   1        #endif
 863   1        // External Interrupt
 864   1        EIPOL0 = 0x00                                            // If 0x00/0x01/0x02/0x03, Disable/Rising/Fallin
             -g/Both
 865   1            |(0x00<<6)                                        // EINT3
 866   1            |(0x00<<4)                                        // EINT2
 867   1            |(0x00<<2)                                        // EINT1
 868   1            |(0x00<<0);                                       // EINT0
 869   1        EIPOL1 = 0x00                                            // If 0x00/0x01/0x02/0x03, Disable/Rising/Fallin
             -g/Both
 870   1            |(0x00<<4)                      // EINT12
 871   1            |(0x00<<2)                                        // EINT11
 872   1            |(0x00<<0);                                       // EINT10
 873   1        EIFLAG = 0x00;                                           // Clear all external interrupt flags
 874   1      
 875   1        // Initialize Interrupt Registers
 876   1        IP = 0x00;                                         // Priority level 0
 877   1        IP1 = 0x00;                                        // Priority level 0
 878   1        IE = 0x00
 879   1          |(0<<5)                                              // EINT11
 880   1          |(0<<4)                                              // EINT10
 881   1          |(0<<3)                                              // EINT3
 882   1          |(0<<2)                                              // EINT2
 883   1          |(0<<1)                                              // EINT1
 884   1          |(0<<0);                                             // EINT0
 885   1        IE1 = 0x00
 886   1          |(0<<5)                                              // EINT12 Interrupt
 887   1          |(0<<1)                                              // I2C Interrupt
 888   1          |(0<<0);                                             // ADC Interrupt
 889   1        IE2 = 0x00
 890   1          |(0<<5)                                              // USART Tx Interrupt
 891   1          |(0<<4)                                              // USART Rx Interrupt
 892   1          |(0<<2)                                              // Timer 2 Interrupt
 893   1          |(0<<1)                                              // Timer 1 Interrupt
 894   1          |(0<<0);                                             // Timer 0 Interrupt
 895   1        IE3 = 0x00
 896   1          |(0<<4)                                              // BIT Interrupt
 897   1          |(0<<3);                                             // WDT Interrupt
 898   1      
 899   1      }
 900          
C51 COMPILER V9.54   MAIN                                                                  06/01/2026 10:22:12 PAGE 16  

 901          
 902          /**********************************************************************
 903           * @brief   Delay_ms
 904           * @param     None
 905           * @return  None
 906           **********************************************************************/
 907          void Delay_ms(uint16_t msec)
 908          {
 909   1      
 910   1        uint16_t i;
 911   1      
 912   1        for(i=0;i<msec;i++){
 913   2          NOP_20us_Delay(50);
 914   2        }
 915   1      
 916   1      }
 917          
 918          /**********************************************************************
 919           * @brief   hw_initial_Wait
 920           * @param     None
 921           * @return  None
 922           **********************************************************************/
 923          //     ms . 
 924          void hw_initial_Wait(int msec){
 925   1        
 926   1        GLOBAL_INTERRUPT_DIS();     
 927   1        hw_initial();
 928   1        
 929   1        CVDD_OFF;
 930   1        Port_SetOutputpin(PORT1, PIN3, 0); // CS 
 931   1      
 932   1        Delay_ms(msec);
 933   1        
 934   1          /* Enable INT */
 935   1        GLOBAL_INTERRUPT_EN();  
 936   1        
 937   1      }
 938          
 939          uint8_t SPI_Memory_Check(void){
 940   1        
 941   1        uint8_t SystemStatus_Read;
 942   1        uint8_t deviceID[3];
 943   1        
 944   1          // SPI Memory Check
 945   1        // CVDD_ON drives P20 = 1, which is the C_VDD signal supplying VCC to
 946   1        // U3 (MX25L1006E). P20 is a regular GPIO output (~50 ohm), so the
 947   1        // flash supply rail (C14 decoupling) charges through that impedance.
 948   1        CVDD_ON;             // P20 = 1 -> C_VDD high -> flash VCC ON
 949   1      
 950   1        // Wait for flash VCC to settle after C_VDD goes high (10 uF cap
 951   1        // on the rail charges through the P20 GPIO output impedance).
 952   1        NOP_20us_Delay(500);  // ~10 ms settle time for 10 uF flash VCC
 953   1      
 954   1        // SPI Initial
 955   1        USART_SPI_Initial(SPI_MASTER_MODE, 500000, SPI_MSB, SPI_CPOL_LOW, SPI_CPHA_1EDGE, SPI_TX_RX_MODE, SPI_SS_
             -HW_DISABLE);   // 500000
 956   1      
 957   1        Get_Identification(deviceID);
 958   1      
 959   1        // Match expected MX25L1006E JEDEC ID + verify no SPI timeout
 960   1        // (so a 0xFF-on-each-byte timeout doesn't look like a partial match).
 961   1        if( (deviceID[0]==0xC2)&&(deviceID[1]==0x20)&&(deviceID[2]==0x11) && (SPI_Timeout == 0) )
C51 COMPILER V9.54   MAIN                                                                  06/01/2026 10:22:12 PAGE 17  

 962   1        {
 963   2          SystemStatus_Read=1;
 964   2        }
 965   1        else{
 966   2          SystemStatus_Read=0;
 967   2        }
 968   1      
 969   1        CVDD_OFF;
 970   1        
 971   1          if(SystemStatus_Read == 1){
 972   2          
 973   2          LED_G_ON;
 974   2          Delay_ms(50);
 975   2          LED_G_OFF;
 976   2          
 977   2        }
 978   1        else{
 979   2          
 980   2          LED_R_ON;
 981   2          Delay_ms(50);
 982   2          LED_R_OFF;
 983   2        }
 984   1        
 985   1        
 986   1        Delay_ms(100);
 987   1        LED_G_ON;
 988   1        LED_R_ON;
 989   1        Delay_ms(50);
 990   1        LED_G_OFF;
 991   1        LED_R_OFF;
 992   1        
 993   1        return SystemStatus_Read;
 994   1      }
 995          
 996          
 997          /**********************************************************************
 998           * @brief   T2_init
 999           * @param     None
1000           * @return  None
1001           **********************************************************************/
1002          void T2_init(void){
1003   1        /* Timer2 initialize @ 62500Hz */
1004   1        Timer2_Initial(T2_PPG_REPEAT_MODE, TIMER2_DIV64);
1005   1        
1006   1         /* Timer2 PPG Polarity Start Low */
1007   1        Timer2_SetPPGPolarity(T2_START_LOW);
1008   1        
1009   1         /* Timer2 PPG Period Counter (31250) 62500/31250 = 2Hz  */
1010   1        Timer2_SetPPGPeriodCounter(62500 / 10);
1011   1        
1012   1          /* Enable timer2 match INT */   
1013   1        Timer2_ConfigureInterrupt(TRUE);
1014   1        
1015   1        Timer2_cnt = 0;
1016   1      }
1017          
1018          /**********************************************************************
1019           * @brief   TIMER2_Int(void) interrupt T2_MATCH_VECT
1020           * @param     None
1021           * @return  None
1022           **********************************************************************/
1023          
C51 COMPILER V9.54   MAIN                                                                  06/01/2026 10:22:12 PAGE 18  

1024          void TIMER2_Int(void) interrupt T2_MATCH_VECT
1025          {
1026   1        
1027   1        char Gled_mode, GLED_CNT;
1028   1        
1029   1        /* Fire alarm LED_R: 0.2 s period (0.1 s on / 0.1 s off). Timer2 ticks
1030   1         * every 0.1 s, so toggle on each tick (even cnt = on, odd = off).
1031   1         * Evaluated every tick so LED_R keeps blinking while a blocking
1032   1         * Play_Clip() holds the main loop (audio runs on the Timer1 ISR, so
1033   1         * global interrupts stay enabled and Timer2 also fires). */
1034   1        if(Fire_Alarm_LED == 1){
1035   2          if((Timer2_cnt & 0x01) == 0){
1036   3            LED_R_ON;
1037   3          }
1038   2          else{
1039   3            LED_R_OFF;
1040   3          }
1041   2        }
1042   1      
1043   1        if(Timer2_cnt == 0){
1044   2      
1045   2          if(Bat_Alarm_LED == 1){
1046   3            //Port_SetOutputTogglepin(PORT0, PIN6);
1047   3            if (Gled_mode == 0){
1048   4              LED_G_ON; 
1049   4              GLED_CNT++;
1050   4              if(GLED_CNT > 1){
1051   5                Gled_mode = 1;
1052   5                GLED_CNT = 0;
1053   5              }
1054   4            }
1055   3            else{
1056   4              LED_G_OFF;  
1057   4              Gled_mode = 0;
1058   4            }
1059   3          }
1060   2          else{
1061   3            GLED_CNT = 0;
1062   3            LED_G_OFF;  
1063   3            Gled_mode = 0;
1064   3          }
1065   2        
1066   2        }
1067   1        else{
1068   2          //LED_G_OFF;
1069   2      
1070   2          if(Bat_Alarm_LED == 1){
1071   3            //Port_SetOutputTogglepin(PORT0, PIN6);
1072   3            if (Gled_mode == 0){
1073   4              LED_G_ON; 
1074   4              //Gled_mode = 1;
1075   4            }
1076   3            else{
1077   4              LED_G_OFF;  
1078   4            }
1079   3          }
1080   2          
1081   2        
1082   2        }
1083   1      
1084   1        Timer2_cnt++;
1085   1        
C51 COMPILER V9.54   MAIN                                                                  06/01/2026 10:22:12 PAGE 19  

1086   1        if(Timer2_cnt == 10){
1087   2          Timer2_cnt = 0;
1088   2        }
1089   1        
1090   1        if(SYS_mode == In_Fire_al_mode){
1091   2          
1092   2          if(Port_GetInputpinValue(PORT1, PIN2)  == 0){
1093   3            Al_Stop_key_Count++;
1094   3          }
1095   2          else{
1096   3            Al_Stop_key_Count = 0;
1097   3          }
1098   2          
1099   2          if(Al_Stop_key_Count > 5){
1100   3            SYS_mode  = Al_Stop_mode;
1101   3            LED_G_ON;
1102   3          }
1103   2            
1104   2        }
1105   1        
1106   1      }
1107          
1108          
1109          //////////////// End: System initialization helpers ////////////////
1110          
1111          
1112          
1113          //////////////// Start: Watchdog / sleep helpers ////////////////
1114          
1115          //----------------------------------------------------------------------------
1116          void BeforeStop(void)
1117          {
1118   1        /* Defensive OPAMP disable before sleep.
1119   1         * Root cause was AMP_AUTO_DIS=0 in main.h + missing DELAY_TIME macro
1120   1         * which selected the OPAMP-enable branch in hw_initial. Both are now
1121   1         * fixed, but keep this write as a safety net in case future code
1122   1         * enables OPAMP and forgets to clear it before sleep. */
1123   1        AMPCR1 = 0x00;
1124   1        LDOCR  = 0x00;     /* defensive: LDO OFF in case ADC code forgot LDO_OFF */
1125   1      
1126   1        /* Defensive: drop audio amp / flash VCC / LEDs in case anything was
1127   1         * left on by the previous active-code path. */
1128   1        AUDIO_OFF;
1129   1        CVDD_OFF;
1130   1        LED_G_OFF;
1131   1        LED_R_OFF;
1132   1      
1133   1        OSCCR = 0x84;       /* LFIRC enable + HIRC disable */
1134   1        WDTCR = 0xA2;       /* WDT enable, INTERRUPT mode, LFIRC clock */
1135   1        WDTDR = 2;          /* ~0.192 s wake period */
1136   1        IE3 |= 0x08;        /* WDT interrupt enable */
1137   1      }
1138          //----------------------------------------------------------------------------
1139          void AfterStop(void)
1140          {
1141   1      
1142   1        IE3 &= ~(0x08);                     // WDT interrupt disable
1143   1        //WDTCR = 0x00;
1144   1        
1145   1        /*
1146   1      #ifdef SysClock_1MHZ  
1147   1        OSCCR = 0x08;                                            // System clock: 1MHz
C51 COMPILER V9.54   MAIN                                                                  06/01/2026 10:22:12 PAGE 20  

1148   1      #else 
1149   1        OSCCR = 0x18;                                            // System clock: 4MHz
1150   1                                                                // If 0x00/0x08/0x10/0x18, 0.5MHz/1MHz/2MHz/4MHz
1151   1      #endif
1152   1        */
1153   1        OSCCR = 0x18;                                            // System clock: 4MHz
1154   1                                                                // If 0x00/0x08/0x10/0x18, 0.5MHz/1MHz/2MHz/4MHz
1155   1      }
1156          
1157          /**********************************************************************
1158           * @brief   WD_Reset - configure WDT in RESET mode for hang protection.
1159           *
1160           *   Purpose: while the MCU is awake and executing code, the WDT must be
1161           *   armed in RESET mode so that any hang (stuck SPI poll, infinite loop,
1162           *   ISR deadlock, EMI-induced PC corruption, etc.) triggers an automatic
1163           *   MCU reset rather than leaving the device silently dead. Safety-
1164           *   critical for a fire detector.
1165           *
1166           *   The complementary wake-from-Stop timer (BeforeStop) keeps WDT in
1167           *   INTERRUPT mode with WDTDR=2 (~0.192 s). On every wake we call this
1168           *   function to switch WDT into RESET mode with the longer timeout;
1169           *   BeforeStop will switch it back before the next Stop.
1170           *
1171           *   Behaviour:
1172           *     - Clock source : WDTRC (~3.072 MHz internal, independent of MCLK)
1173           *     - Timeout      : WDTDR = 30  ->  approximately 2 seconds.
1174           *                      Long enough to cover normal active code paths
1175           *                      (Dust_ADC_Single, Delay_ms(100), hw_initial_Wait,
1176           *                      etc.); shorter than the time a real hang would
1177           *                      take to be noticeable. Longer blocking calls
1178           *                      (Audio_Run audio playback, Fire_Alarm loop) must
1179           *                      refresh the counter by calling WD_Reset()
1180           *                      themselves - see those functions below.
1181           *     - Mode         : RESET (WDTCR bit 6 set) -> MCU reset on overflow.
1182           *
1183           *   Note: WDTCR also has bit 5 (WDTCL) set, which clears the counter on
1184           *   every write, so each WD_Reset() call effectively "kicks the dog".
1185           **********************************************************************/
1186          void WD_Reset(void)
1187          {
1188   1        WDTDR = 30;                       // ~2 sec active-mode timeout
1189   1        //WDTCR = 0xA3;                     // set WDT enable , clock source LFIRC, WDT interrupt
1190   1        //WDTCR = 0xE5;                     // WDT enable, RESET mode (bit6=1), WDTRC clock, clear counter
1191   1        WDTCR = 0xE3;     /* 11100011: WDTEN=1, RESET mode, WDTCL=1, WDTCK=01 (LFIRC) */
1192   1        IE3 |= 0x08;                      // WDT interrupt enable (no effect in reset mode but harmless)
1193   1      }
1194          
1195          void WDT_Int(void) interrupt WDT_VECT
1196          {
1197   1        WDTCR &= ~0x01;
1198   1      }
1199          
1200          //////////////// End:   Watchdog / sleep helpers ////////////////
1201          
1202          //////////////// Start: Audio helpers ////////////////
1203          
1204          /**********************************************************************
1205           * @brief   Variable_Initial
1206           * @param     None
1207           * @return  None
1208           **********************************************************************/
1209          void Variable_Initial(uint16_t Audio_st_address)
C51 COMPILER V9.54   MAIN                                                                  06/01/2026 10:22:12 PAGE 21  

1210          {
1211   1      
1212   1        Audio_addr= Audio_st_address + ADDR_START;
1213   1        Audio_start=0;
1214   1        Audio_length=0;
1215   1      
1216   1      }
1217          
1218          /**********************************************************************
1219           * @brief   Audio_Run
1220           * @param     None
1221           * @return  None
1222           **********************************************************************/
1223          void Audio_Run(uint16_t Address , uint16_t Length,  uint8_t Run_time){
1224   1           
1225   1        CVDD_ON;
1226   1        AUDIO_ON; 
1227   1        
1228   1        Audio_start = 1;
1229   1      
1230   1        P2 = 0x01;
1231   1        /* SPI Initial */
1232   1        USART_SPI_Initial(SPI_MASTER_MODE, 500000, SPI_MSB, SPI_CPOL_LOW, SPI_CPHA_1EDGE, SPI_TX_RX_MODE, SPI_SS_
             -HW_DISABLE);   // 500000
1233   1        
1234   1        NOP_20us_Delay(5000);         // 0.1sec
1235   1        NOP_20us_Delay(5000);         // 0.1sec
1236   1        NOP_20us_Delay(5000);         // 0.1sec
1237   1        
1238   1        Audio_max_length = Length;
1239   1        Variable_Initial(Address);
1240   1        
1241   1          /* Audio Initial */
1242   1        Audio_Initial();  
1243   1        
1244   1        NOP_20us_Delay(1000);         // 0.02sec
1245   1        NOP_20us_Delay(1000);         // 0.02sec
1246   1        NOP_20us_Delay(1000);         // 0.02sec
1247   1        
1248   1        
1249   1        Timer1_Start();
1250   1      
1251   1        // Audio clips run ~3 seconds (Audio3_length=24324 samples @ 8 kHz =
1252   1        // 3.04 s) which exceeds the 2-s active-mode WDT timeout. Refresh the
1253   1        // watchdog inside this polling loop so playback is not aborted by a
1254   1        // false WDT reset. The CPU is otherwise idle here while the
1255   1        // TIMER1_Int ISR feeds samples in the background.
1256   1        //
1257   1        // Stall detector.
1258   1        //
1259   1        // The WD_Reset() inside this loop also means the active-mode WDT will
1260   1        // NEVER fire here, even if the audio ISR stops making progress
1261   1        // (Audio_length not incrementing because of e.g. SPI fault, SPI clock
1262   1        // glitch, TIMER1_Int disabled). The loop would then spin forever and
1263   1        // the device would appear hung from the outside.
1264   1        //
1265   1        // We track Audio_length progress and bail out if it does not advance
1266   1        // for ~200 ms. At ~125 us per audio sample the ISR should increment
1267   1        // Audio_length about 1600 times during 200 ms, so 200 ms of zero
1268   1        // progress is unambiguous evidence of a stall.
1269   1        {
1270   2          uint16_t prev_length  = 0xFFFF;   /* sentinel - guaranteed != on first iter */
C51 COMPILER V9.54   MAIN                                                                  06/01/2026 10:22:12 PAGE 22  

1271   2          uint16_t stall_count  = 0;
1272   2      
1273   2          while (Audio_length < Audio_max_length) {
1274   3            WD_Reset();                   /* kick dog during long playback */
1275   3      
1276   3            if (Audio_length == prev_length) {
1277   4              /* No progress this iteration. ~4 us per while iter at 4 MHz,
1278   4               * so 50000 iterations ~= 200 ms of no progress = stall. */
1279   4              if (++stall_count > 50000) {
1280   5                break;
1281   5              }
1282   4            } else {
1283   4              prev_length = Audio_length;
1284   4              stall_count = 0;
1285   4            }
1286   3          }
1287   2        }
1288   1      
1289   1        CVDD_OFF;
1290   1        AUDIO_OFF;
1291   1        
1292   1        //Port_SetOutputpin(PORT1, PIN0, 0);
1293   1        //P10 = 1;
1294   1        
1295   1        Audio_start = 0;
1296   1      }
*** WARNING C280 IN LINE 1223 OF src\main.c: 'Run_time': unreferenced local variable
1297          
1298          /**********************************************************************
1299           * @brief   Play_Clip - play one of the clips in Audio_Clips[].
1300           *          Out-of-range clip_id is silently ignored.
1301           * @param   clip_id   index into Audio_Clips[] (AUDIO_CLIP_BOOT etc.)
1302           **********************************************************************/
1303          void Play_Clip(uint8_t clip_id)
1304          {
1305   1          if (clip_id >= AUDIO_CLIP_COUNT) return;
1306   1          Audio_Run(Audio_Clips[clip_id].address,
1307   1                    Audio_Clips[clip_id].length,
1308   1                    Audio_Clips[clip_id].runtime);
1309   1      }
1310          
1311          
1312          
1313          //////////////// End: Audio helpers ////////////////
1314          
1315          
1316          //////////////// Start: UART helpers ////////////////
1317          
1318          
1319          void Uart_Out(void){
1320   1      
1321   1        Port_SetAlterFunctionpin(PORT1, PIN2, 0x1);
1322   1                  
1323   1        USART_Initial(9600, USART_DATA_8BIT, USART_STOP_1BIT, USART_PARITY_NO, USART_TX_RX_MODE);
1324   1        
1325   1        if(ADC_mode == Dust_mode){
1326   2          
1327   2          if(visual_type == 1){
1328   3            USART_SendDataWithPolling(&Visu_MODE, sizeof(Visu_MODE));
1329   3          }
1330   2          else{
1331   3            USART_SendDataWithPolling(&Dust_MODE, sizeof(Dust_MODE));
C51 COMPILER V9.54   MAIN                                                                  06/01/2026 10:22:12 PAGE 23  

1332   3          }
1333   2          USART_SendDataWithPolling(&Space, sizeof(Space));
1334   2          USART_SendDataWithPolling(&Bat, sizeof(Bat));
1335   2          Uart_Out_Int(ADC_Bat_Val);
1336   2          
1337   2          USART_SendDataWithPolling(&Space, sizeof(Space));
1338   2          USART_SendDataWithPolling(&Dust_Si_Off, sizeof(Dust_Si_Off));
1339   2          Uart_Out_Int(ADC1_Off_Dust_Val);
1340   2          USART_SendDataWithPolling(&Space, sizeof(Space));
1341   2          USART_SendDataWithPolling(&Dust_Si_On, sizeof(Dust_Si_On));
1342   2          Uart_Out_Int(ADC1_On_Dust_Val);
1343   2          USART_SendDataWithPolling(&Space, sizeof(Space));
1344   2          USART_SendDataWithPolling(&Dust_Si_Deta, sizeof(Dust_Si_Deta));
1345   2          Uart_Out_Int(ADC1_Dust_Val);
1346   2          
1347   2          USART_SendDataWithPolling(&Space, sizeof(Space));
1348   2          USART_SendDataWithPolling(&Dust_Du_Off, sizeof(Dust_Du_Off));
1349   2          Uart_Out_Int(ADC2_Off_Dust_Val);
1350   2          USART_SendDataWithPolling(&Space, sizeof(Space));
1351   2          USART_SendDataWithPolling(&Dust_Du_On, sizeof(Dust_Du_On));
1352   2          Uart_Out_Int(ADC2_On_Dust_Val);
1353   2          USART_SendDataWithPolling(&Space, sizeof(Space));
1354   2          USART_SendDataWithPolling(&Dust_Du_Deta, sizeof(Dust_Du_Deta));
1355   2          Uart_Out_Int(ADC2_Dust_Val);
1356   2      
1357   2          /* Per-unit calibration trace: normalized Si_Da + the offset/gain
1358   2           * pair that calib_apply() is using right now, plus a valid flag
1359   2           * (0 = uncalibrated / running on defaults, 1 = loaded from DataFlash). */
1360   2           
1361   2          USART_SendDataWithPolling(&Space, sizeof(Space));
1362   2          USART_SendDataWithPolling(&Cal_Norm, sizeof(Cal_Norm));
1363   2          Uart_Out_Int(ADC2_Dust_Val_Norm);
1364   2          USART_SendDataWithPolling(&Space, sizeof(Space));
1365   2          USART_SendDataWithPolling(&Cal_Base, sizeof(Cal_Base));
1366   2          Uart_Out_Int(g_calib_baseline);
1367   2          USART_SendDataWithPolling(&Space, sizeof(Space));
1368   2          USART_SendDataWithPolling(&Cal_Gain, sizeof(Cal_Gain));
1369   2          Uart_Out_Int(g_calib_gain_Q8);
1370   2          USART_SendDataWithPolling(&Space, sizeof(Space));
1371   2          USART_SendDataWithPolling(&Cal_Valid, sizeof(Cal_Valid));
1372   2          Uart_Out_Int((uint16_t)g_calib_valid);
1373   2      
1374   2        }
1375   1        else if(ADC_mode == Temp_mode){
1376   2          USART_SendDataWithPolling(&Temp_MODE, sizeof(Temp_MODE));
1377   2          USART_SendDataWithPolling(&Space, sizeof(Space));
1378   2          USART_SendDataWithPolling(&Bat, sizeof(Bat));
1379   2          Uart_Out_Int(ADC_Bat_Val);
1380   2          USART_SendDataWithPolling(&Space, sizeof(Space));
1381   2          USART_SendDataWithPolling(&Temp, sizeof(Temp));
1382   2          Uart_Out_Int(ADC_Temp_Val);
1383   2        }
1384   1        
1385   1        USART_SendDataWithPolling(&End, 4);
1386   1        
1387   1        Port_SetAlterFunctionpin(PORT1, PIN2, 0);
1388   1      }
1389          
1390          void Uart_Out_Text(uint8_t *send_data, uint8_t count){
1391   1      
1392   1        Port_SetAlterFunctionpin(PORT1, PIN2, 0x1);
1393   1                  
C51 COMPILER V9.54   MAIN                                                                  06/01/2026 10:22:12 PAGE 24  

1394   1        USART_Initial(9600, USART_DATA_8BIT, USART_STOP_1BIT, USART_PARITY_NO, USART_TX_RX_MODE);
1395   1        
1396   1        USART_SendDataWithPolling(send_data, count);   /* was &send_data: that sent the pointer's own bytes, not 
             -the text */
1397   1        
1398   1        Port_SetAlterFunctionpin(PORT1, PIN2, 0);
1399   1        
1400   1        
1401   1      }
1402          
1403          void Uart_Out_Int(uint16_t Value){
1404   1      
1405   1        uint16_t int_val;
1406   1        uint8_t tmp;
1407   1        
1408   1        if(Value > 9999){
1409   2          Value = 9999;
1410   2        }
1411   1        
1412   1        tmp = Value / 1000 + 48;
1413   1        USART_SendDataWithPolling(&tmp, 1);
1414   1        int_val= Value % 1000 ;
1415   1        tmp = (int_val/ 100 )+ 48;
1416   1        USART_SendDataWithPolling(&tmp, 1);
1417   1        int_val= Value % 100 ;
1418   1        tmp = (int_val/ 10 )+ 48;
1419   1        USART_SendDataWithPolling(&tmp, 1);
1420   1        int_val= Value % 10 ;
1421   1        tmp = (int_val/ 1) + 48;
1422   1        USART_SendDataWithPolling(&tmp, 1);
1423   1      }
1424          
1425          
1426          //////////////// End:   UART helpers ////////////////
1427          
1428          
1429          //////////////// Start: ADC helpers ////////////////
1430          
1431          /**********************************************************************
1432           * @brief       Data_Avr - simple arithmetic mean over `count` ADC samples
1433           * @param       adc_data - pointer to array of uint16_t samples
1434           * @param       count    - number of elements (NOT bytes!)
1435           * @return      average value, or 0 if count==0
1436           **********************************************************************/
1437          uint16_t Data_Avr(uint16_t *adc_data, uint8_t count){
1438   1        
1439   1        uint32_t temp = 0;
1440   1        uint8_t i;
1441   1        
1442   1        if(count < 1){
1443   2          return 0;
1444   2        }
1445   1        
1446   1        for(i=0; i<count ; i++){
1447   2          temp = temp + adc_data[i];
1448   2        }
1449   1        
1450   1        temp = temp / count;
1451   1        
1452   1        return temp;
1453   1        
1454   1      }
C51 COMPILER V9.54   MAIN                                                                  06/01/2026 10:22:12 PAGE 25  

1455          
1456          void Data_Sorting(uint16_t *adc_data, uint8_t count)
1457          {
1458   1        uint8_t i,j;
1459   1        uint16_t temp;
1460   1      
1461   1        if(count < 1){
1462   2          return;
1463   2        }
1464   1        
1465   1        for(i = 0; i < (count-1); i++)
1466   1        {
1467   2          for(j = i+1; j < count; j++)
1468   2          {
1469   3            
1470   3            if(adc_data[i] > adc_data[j])
1471   3            {
1472   4              temp = adc_data[i];
1473   4              adc_data[i]=adc_data[j];
1474   4              adc_data[j]=temp;
1475   4            }
1476   3          }
1477   2        }
1478   1      }
1479          
1480          uint16_t Data_TrimmedMean(uint16_t *adc_data, uint8_t count){
1481   1      
1482   1        uint32_t temp = 0;
1483   1        uint8_t i;
1484   1        
1485   1        if(count < 3){
1486   2          return 0;
1487   2        }
1488   1        
1489   1        
1490   1        Data_Sorting(adc_data, count);
1491   1        
1492   1        for(i=1; i<(count -1) ; i++){
1493   2          temp = temp + adc_data[i];
1494   2        }
1495   1        
1496   1        temp = temp / (count -2);
1497   1        
1498   1        return temp;
1499   1        
1500   1      }
1501          
1502          /**********************************************************************
1503           * @brief       Check_System - autodetect heat-vs-smoke variant.
1504           *              Probes AN3 with LDO on vs LDO off. A heat (NTC) variant
1505           *              shows a large delta; a smoke (photoelectric) variant does
1506           *              not. Returns Temp_mode or Dust_mode accordingly.
1507           **********************************************************************/
1508          uint16_t Check_System(void)
1509          {
1510   1        int V25_On_adc_data= 0 , V25_Off_adc_data= 0;
1511   1        uint16_t System_Mode_Ck;
1512   1      
1513   1        // OPAMP outputs disabled; route AN3/AN2/AN1 to ADC pins.
1514   1        P0FSRL  = 0
1515   1          | ( 2 << 6)       //P03     // 0 : I/O, 1 : OP0OUT,   2 : AN3,      3 : Not used          // SENSING IN ADC
1516   1          | ( 2 << 4)       //P02     // 0 : I/O, 1 : OP1P,   2 : AN2,      3 : Not used              // Temperature_ADC
C51 COMPILER V9.54   MAIN                                                                  06/01/2026 10:22:12 PAGE 26  

1517   1          | ( 2<< 2)        //P01     // 0 : I/O (EINT1), 1 : OP1N,  2 : AN1, 3 : Not used        //
1518   1          | ( 0 << 0);      //P00     // 0 : I/O (EINT0), 1 : OP1OUT,   2 : AN0,  3 : Not used      // C_VDD
1519   1      
1520   1        OP0_Enable(FALSE);
1521   1        OP1_Enable(FALSE);
1522   1        LDO_ON;
1523   1        ADC_Initial(ADC_CLK_1M, ADC_SW_TRIG, ADC_INTERNAL_REF, ADC_LSB);   // INTERNAL_REF + LDO_ON sequence isola
             -tes heat-variant signal
1524   1        ADC_SelectChannel(ADC_CH3);
1525   1        
1526   1        Delay_ms(1);
1527   1        
1528   1        ADC_GetDataWithPolling(ADC_temp_data, ADC_BUFFER_COUNT);  // (FIX C1) was sizeof(...) = bytes
1529   1        
1530   1        LDO_OFF;
1531   1      
1532   1        V25_On_adc_data = Data_TrimmedMean(ADC_temp_data, ADC_BUFFER_COUNT) /* (FIX C1) was sizeof */;
1533   1        
1534   1        Delay_ms(20);
1535   1        
1536   1        ADC_GetDataWithPolling(ADC_temp_data, ADC_BUFFER_COUNT);  // (FIX C1) was sizeof(...) = bytes
1537   1        V25_Off_adc_data = Data_TrimmedMean(ADC_temp_data, ADC_BUFFER_COUNT) /* (FIX C1) was sizeof */;
1538   1      
1539   1        if( abs(V25_On_adc_data - V25_Off_adc_data) > System_Ck_Value){
1540   2          System_Mode_Ck = Temp_mode;
1541   2        }
1542   1        else{
1543   2          System_Mode_Ck = Dust_mode;
1544   2        }
1545   1      
1546   1        /* Cleanup: disable ADC + restore P0FSRL to hw_initial baseline so the
1547   1         * caller does not inherit an active ADC block or AN3/AN2/AN1 pin mode. */
1548   1        ADCCRL = 0x00;
1549   1        P0FSRL = 0
1550   1          | (1 << 6)        /* P03 = OP0OUT (hw_initial baseline) */
1551   1          | (1 << 4)        /* P02 = OP1P                          */
1552   1          | (1 << 2)        /* P01 = OP1N                          */
1553   1          | (0 << 0);       /* P00 = I/O                           */
1554   1      
1555   1        return System_Mode_Ck;
1556   1      }
1557          
1558          
1559          /**********************************************************************
1560           * @brief       TEMP_ADC - read NTC thermistor through AN3 with LDO23 on
1561           *              as reference. Looks up the result in Temp_Table[] and
1562           *              returns temperature in degrees C (clamped 0..100).
1563           **********************************************************************/
1564          uint16_t TEMP_ADC(void)
1565          {
1566   1        int Temp_adc_data= 0 , Temp_Data;
1567   1        int i;
1568   1      
1569   1        // Route AN3 (NTC divider) to ADC; OPAMPs disabled.
1570   1        P0FSRL  = 0
1571   1          | ( 2 << 6)       //P03     // 0 : I/O, 1 : OP0OUT,   2 : AN3,      3 : Not used          // SENSING IN ADC
1572   1          | ( 2 << 4)       //P02     // 0 : I/O, 1 : OP1P,   2 : AN2,      3 : Not used              // Temperature_AD
             -C
1573   1          | ( 2<< 2)        //P01     // 0 : I/O (EINT1), 1 : OP1N,  2 : AN1, 3 : Not used        // BAT_ADC
1574   1          | ( 0 << 0);      //P00     // 0 : I/O (EINT0), 1 : OP1OUT,   2 : AN0,  3 : Not used      // C_VDD
1575   1      
1576   1        OP0_Enable(FALSE);
C51 COMPILER V9.54   MAIN                                                                  06/01/2026 10:22:12 PAGE 27  

1577   1        OP1_Enable(FALSE);
1578   1        LDO_ON;
1579   1        ADC_Initial(ADC_CLK_1M, ADC_SW_TRIG, ADC_LDO_REF, ADC_LSB);  // LDO_REF: NTC ratiometric measurement immu
             -ne to LDO drift
1580   1        ADC_SelectChannel(ADC_CH3);
1581   1        
1582   1        Delay_ms(1);
1583   1        
1584   1        ADC_GetDataWithPolling(ADC_temp_data, ADC_BUFFER_COUNT);  // (FIX C1) was sizeof(...) = bytes
1585   1        
1586   1        LDO_OFF;
1587   1      
1588   1        Temp_adc_data = Data_TrimmedMean(ADC_temp_data, ADC_BUFFER_COUNT) /* (FIX C1) was sizeof */;
1589   1        
1590   1        for(i=TEMP_OFFSET;i<(TEMP_OFFSET + 100);i++){
1591   2          if(Temp_Table[i] > Temp_adc_data){
1592   3            break;
1593   3          }
1594   2        }
1595   1        
1596   1        if(i == (TEMP_OFFSET + 100)){
1597   2          Temp_Data = 100;
1598   2        }
1599   1        else if (i==TEMP_OFFSET){
1600   2          Temp_Data = 0;
1601   2        }
1602   1        else{
1603   2          Temp_Data = i -TEMP_OFFSET - 1 ;
1604   2        }
1605   1      
1606   1        /* Cleanup: disable ADC + restore P0FSRL to hw_initial baseline. */
1607   1        ADCCRL = 0x00;
1608   1        P0FSRL = 0
1609   1          | (1 << 6)        /* P03 = OP0OUT (hw_initial baseline) */
1610   1          | (1 << 4)        /* P02 = OP1P                          */
1611   1          | (1 << 2)        /* P01 = OP1N                          */
1612   1          | (0 << 0);       /* P00 = I/O                           */
1613   1      
1614   1        return Temp_Data;
1615   1      }
1616          
1617          /**********************************************************************
1618           * @brief       Get_Bat_Voltage_cV - measure battery voltage in units of
1619           *              0.01 V (e.g. return value 304 == 3.04 V).
1620           *              Reads the internal VBGR reference against VDD as ADC ref
1621           *              (ratiometric trick): VBGR_CV is the calibrated bandgap *100,
1622           *              ADC_FS = 1024 (10-bit FS), and the formula
1623           *                  Vbat_cv = (VBGR_CV * ADC_FS) / adc_reading
1624           *              gives Vbat in centivolts.
1625           **********************************************************************/
1626          uint16_t Get_Bat_Voltage_cV(void)   // unit: 0.01 V
1627          {
1628   1          uint32_t adc_avg;
1629   1          uint32_t vbat_cv;
1630   1      
1631   1      
1632   1          ADC_Initial(ADC_CLK_2M, ADC_SW_TRIG, ADC_INTERNAL_REF, ADC_LSB);   // INTERNAL_REF reads VBGR against 
             -VDD - ratiometric Vbat math
1633   1          ADC_SelectChannel(ADC_VBGR);
1634   1          Delay_ms(1);
1635   1      
1636   1          ADC_GetDataWithPolling(ADC_temp_data, ADC_BUFFER_COUNT);  // (FIX C1) was sizeof(...) = bytes
C51 COMPILER V9.54   MAIN                                                                  06/01/2026 10:22:12 PAGE 28  

1637   1      
1638   1          adc_avg = Data_TrimmedMean(ADC_temp_data, ADC_BUFFER_COUNT) /* (FIX C1) was sizeof */;
1639   1      
1640   1          if (adc_avg == 0) {
1641   2              ADCCRL = 0x00;            /* cleanup before early return */
1642   2              return 0;
1643   2          }
1644   1      
1645   1          vbat_cv = ((uint32_t)VBGR_CV * ADC_FS) / adc_avg;
1646   1      
1647   1          // sanity clamp (optional)
1648   1          if (vbat_cv > 400) vbat_cv = 400;   // ignore impossible >4.00 V readings
1649   1      
1650   1          /* Cleanup: disable ADC module. (P0FSRL untouched - this function does
1651   1           * not change pin functions.) */
1652   1          ADCCRL = 0x00;
1653   1      
1654   1          return (uint16_t)vbat_cv;
1655   1      }
1656          
1657          /**********************************************************************
1658           * @brief   Dust_1ADC
1659           * @param     None
1660           * @return  None
1661           **********************************************************************/
1662          
1663          uint16_t Dust_ADC_1AMP(void)
1664          {
1665   1        uint16_t Dust_adc_data = 0;
1666   1        uint32_t adc_avg;
1667   1        uint32_t op;
1668   1      
1669   1        /* Pin function map - same as 2AMP for consistency */
1670   1        P0FSRL  = 0
1671   1          | ( 1 << 6)       /* P03 : OP0OUT (sensing OP-amp output to ADC) */
1672   1          | ( 1 << 4)       /* P02 : OP1P  (unused here)                    */
1673   1          | ( 2 << 2)       /* P01 : AN1   (battery ADC channel)            */
1674   1          | ( 1 << 0);      /* P00 : OP1OUT (test point)                    */
1675   1      
1676   1        OPAMP_Initial(GAIN1_DIS, GAIN0_DIS, chp_125KHz);
1677   1        OP0_Enable(TRUE);
1678   1        OP1_Enable(FALSE);
1679   1      
1680   1        ADC_Initial(ADC_CLK_2M, ADC_SW_TRIG, ADC_INTERNAL_REF, ADC_LSB);
1681   1        ADC_SelectChannel(ADC_VBGR);
1682   1        Delay_ms(1);
1683   1      
1684   1        /* 1) VBGR measurement -> ratiometric battery compensation factor.
1685   1         * ADC1_Bat_Val ~= 300 at VBAT=3V; used to scale the OP0OUT readings
1686   1         * so dust results stay constant across battery voltage drift. */
1687   1        ADC_GetDataWithPolling(ADC_temp_data, ADC_BUFFER_COUNT);
1688   1        adc_avg = Data_TrimmedMean(ADC_temp_data, ADC_BUFFER_COUNT);
1689   1        if (adc_avg == 0) {
1690   2          goto cleanup;          /* divide-by-zero guard */
1691   2        }
1692   1        op  = 92;
1693   1        op *= 1024;
1694   1        op /= adc_avg;
1695   1        ADC1_Bat_Val = op;
1696   1      
1697   1        /* 2) LED ON - chamber sensing.
1698   1         * No divide-by-zero possible here (multiplication only, /1024 is the
C51 COMPILER V9.54   MAIN                                                                  06/01/2026 10:22:12 PAGE 29  

1699   1         * only division). adc_avg=0 is a legitimate dark-chamber reading. */
1700   1        LDO_ON;
1701   1        ADC_SelectChannel(ADC_OP0OUT);
1702   1        Delay_ms(1);
1703   1      
1704   1        ADC_GetDataWithPolling(ADC_temp_data, ADC_BUFFER_COUNT);
1705   1        adc_avg = Data_TrimmedMean(ADC_temp_data, ADC_BUFFER_COUNT);
1706   1      
1707   1        LDO_OFF;
1708   1        Delay_ms(1);
1709   1      
1710   1        op  = ADC1_Bat_Val;
1711   1        op *= adc_avg;
1712   1        op /= 1024;
1713   1        ADC1_On_Dust_Val = op;
1714   1      
1715   1        /* 3) LED OFF - ambient reference (still on ADC_OP0OUT) */
1716   1        ADC_GetDataWithPolling(ADC_temp_data, ADC_BUFFER_COUNT);
1717   1        adc_avg = Data_TrimmedMean(ADC_temp_data, ADC_BUFFER_COUNT);
1718   1      
1719   1        op  = ADC1_Bat_Val;
1720   1        op *= adc_avg;
1721   1        op /= 1024;
1722   1        ADC1_Off_Dust_Val = op;
1723   1      
1724   1        /* Underflow guard: if optical noise pushes Off > On the uint16_t
1725   1         * subtraction would wrap to ~65535 and trigger a false fire alarm.
1726   1         * Treat that case as zero dust signal. */
1727   1        if (ADC1_On_Dust_Val > ADC1_Off_Dust_Val) {
1728   2          Dust_adc_data = ADC1_On_Dust_Val - ADC1_Off_Dust_Val;
1729   2        } else {
1730   2          Dust_adc_data = 0;
1731   2        }
1732   1      
1733   1      cleanup:
1734   1        /* Disable ADC + OPAMP + restore P0FSRL to hw_initial baseline so the
1735   1         * next call (or BeforeStop) inherits a clean state. */
1736   1        ADCCRL = 0x00;
1737   1        OP0_Enable(FALSE);
1738   1        OP1_Enable(FALSE);
1739   1        AMPCR1 = 0x00;
1740   1        P0FSRL = 0
1741   1          | (1 << 6)        /* P03 = OP0OUT (baseline) */
1742   1          | (1 << 4)        /* P02 = OP1P              */
1743   1          | (1 << 2)        /* P01 = OP1N              */
1744   1          | (0 << 0);       /* P00 = I/O               */
1745   1      
1746   1        return Dust_adc_data;
1747   1      }
1748          
1749          
1750          /**********************************************************************
1751           * @brief   Dust_ADC_2amp
1752           * @param     None
1753           * @return  None
1754           **********************************************************************/
1755          
1756          uint16_t Dust_ADC_2AMP(void)
1757          {
1758   1        uint16_t Dust_adc_data = 0;
1759   1        uint32_t adc_avg;
1760   1        uint32_t op;
C51 COMPILER V9.54   MAIN                                                                  06/01/2026 10:22:12 PAGE 30  

1761   1      
1762   1        /* Pin function map - same as 1AMP; OP-amp chain OP0 -> OP1 -> ADC */
1763   1        P0FSRL  = 0
1764   1          | ( 1 << 6)       /* P03 : OP0OUT (first stage out)             */
1765   1          | ( 1 << 4)       /* P02 : OP1P   (second stage non-inv input)  */
1766   1          | ( 2 << 2)       /* P01 : AN1    (battery ADC channel)         */
1767   1          | ( 1 << 0);      /* P00 : OP1OUT (final amp output, test pt)   */
1768   1      
1769   1        if (visual_type == 1) {
1770   2          OPAMP_Initial(GAIN1_X30, GAIN0_DIS, chp_125KHz);
1771   2        } else {
1772   2          OPAMP_Initial(GAIN1_X15, GAIN0_DIS, chp_125KHz);
1773   2        }
1774   1      
1775   1        /* Two-stage amp sequence: enable OP0 first, wait 200 us per User
1776   1         * Manual Figure 43 NOTE 2 ("turn on the first OP-AMP and provide a
1777   1         * delay of at least 200 us before turn on the second OP-AMP"), then
1778   1         * enable OP1. Without this delay the first sample is unreliable. */
1779   1        OP0_Enable(TRUE);
1780   1        NOP_20us_Delay(10);          /* ~200 us OP0 stabilization */
1781   1        OP1_Enable(TRUE);
1782   1      
1783   1        ADC_Initial(ADC_CLK_2M, ADC_SW_TRIG, ADC_INTERNAL_REF, ADC_LSB);
1784   1        ADC_SelectChannel(ADC_VBGR);
1785   1        Delay_ms(1);
1786   1      
1787   1        /* 1) VBGR measurement -> ratiometric battery compensation */
1788   1        ADC_GetDataWithPolling(ADC_temp_data, ADC_BUFFER_COUNT);
1789   1        adc_avg = Data_TrimmedMean(ADC_temp_data, ADC_BUFFER_COUNT);
1790   1        if (adc_avg == 0) {
1791   2          goto cleanup;            /* divide-by-zero guard */
1792   2        }
1793   1        op  = 92;
1794   1        op *= 1024;
1795   1        op /= adc_avg;
1796   1        ADC2_Bat_Val = op;
1797   1      
1798   1        /* 2) LED ON - chamber sensing through 2-stage amp.
1799   1         * No divide-by-zero possible (multiplication only, /1024 is the only
1800   1         * division). adc_avg=0 is a legitimate dark-chamber reading. */
1801   1        LDO_ON;
1802   1        ADC_SelectChannel(ADC_OP1OUT);
1803   1        Delay_ms(1);
1804   1      
1805   1        ADC_GetDataWithPolling(ADC_temp_data, ADC_BUFFER_COUNT);
1806   1        adc_avg = Data_TrimmedMean(ADC_temp_data, ADC_BUFFER_COUNT);
1807   1      
1808   1        LDO_OFF;
1809   1        Delay_ms(1);
1810   1      
1811   1        op  = ADC2_Bat_Val;
1812   1        op *= adc_avg;
1813   1        op /= 1024;
1814   1        ADC2_On_Dust_Val = op;
1815   1      
1816   1        /* 3) LED OFF - ambient reference (still on ADC_OP1OUT) */
1817   1        ADC_GetDataWithPolling(ADC_temp_data, ADC_BUFFER_COUNT);
1818   1        adc_avg = Data_TrimmedMean(ADC_temp_data, ADC_BUFFER_COUNT);
1819   1      
1820   1        op  = ADC2_Bat_Val;
1821   1        op *= adc_avg;
1822   1        op /= 1024;
C51 COMPILER V9.54   MAIN                                                                  06/01/2026 10:22:12 PAGE 31  

1823   1        ADC2_Off_Dust_Val = op;
1824   1      
1825   1        /* Underflow guard - same rationale as Dust_ADC_1AMP */
1826   1        if (ADC2_On_Dust_Val > ADC2_Off_Dust_Val) {
1827   2          Dust_adc_data = ADC2_On_Dust_Val - ADC2_Off_Dust_Val;
1828   2        } else {
1829   2          Dust_adc_data = 0;
1830   2        }
1831   1      
1832   1      cleanup:
1833   1        ADCCRL = 0x00;
1834   1        OP0_Enable(FALSE);
1835   1        OP1_Enable(FALSE);
1836   1        AMPCR1 = 0x00;
1837   1        P0FSRL = 0
1838   1          | (1 << 6)        /* P03 = OP0OUT (baseline) */
1839   1          | (1 << 4)        /* P02 = OP1P              */
1840   1          | (1 << 2)        /* P01 = OP1N              */
1841   1          | (0 << 0);       /* P00 = I/O               */
1842   1      
1843   1        return Dust_adc_data;
1844   1      }
1845          
1846          //////////////// End:   ADC helpers ////////////////


MODULE INFORMATION:   STATIC OVERLAYABLE
   CODE SIZE        =   4851    ----
   CONSTANT SIZE    =    295    ----
   XDATA SIZE       =    270     103
   PDATA SIZE       =   ----    ----
   DATA SIZE        =   ----    ----
   IDATA SIZE       =   ----    ----
   BIT SIZE         =   ----    ----
END OF MODULE INFORMATION.


C51 COMPILATION COMPLETE.  1 WARNING(S),  0 ERROR(S)
