C51 COMPILER V9.54   MAIN                                                                  04/16/2026 10:27:08 PAGE 1   


C51 COMPILER V9.54, COMPILATION OF MODULE MAIN
OBJECT MODULE PLACED IN .\Objects\main.obj
COMPILER INVOKED BY: C:\Keil_v5\C51\BIN\C51.EXE src\main.c LARGE OPTIMIZE(8,SPEED) BROWSE DEBUG OBJECTEXTEND PRINT(.\Lis
                    -tings\main.lst) TABS(2) OBJECT(.\Objects\main.obj)

line level    source

   1          /***************************************************************************//**
   2          *   @file       Main.c
   3          *   @brief      A96L41x Main  function file 
   4          *   @author     Application Team, ABOV Semiconductor Co., Ltd.
   5          *   @version    V1.00
   6          *   @date       29. MAY. 2020
   7          *
   8          * Copyright(C) 2019, ABOV Semiconductor
   9          * All rights reserved.
  10          *
  11          *   @mainpage   Project : A96L41x (20TSSOP) 
  12          *   - Introduction: This is a guide program for using A96L41x .
  13          *
  14          *   @section    Compiler Version
  15          *   - uVision C51 Compiler ( Version 5.13 )
  16          *
  17          *   @section    Configure Option
  18          *   - Code Read Protection :                Disable
  19          *   - Code Write Protection :               Disable
  20          *   - Vector Area (00H~FFH) Protection :    Disable
  21          *   - Select RESETB pin :                   Disable
  22          *
  23          *   @section    Clock Setting
  24          *   - HFIRC OSC/1 (Internal 4Mhz) 
  25          *
  26          *   @section    Project Program Version : V1.00
  27          *   @section    Modify Infomation
  28          *   - V1.00 :    First Start.    
  29          *
  30          *   @section    Caution
  31          *   - Nothing special.
  32          *
  33          *   @section Common
  34          *   - ABOV Semiconductor Co.,Ltd.
  35          *   - URL : <http://www.abovsemi.com>
  36          *
  37          ********************************************************************************
  38          * ABOV Disclaimer
  39          *
  40          *IMPORTANT NOTICE - PLEASE READ CAREFULLY
  41          *ABOV Semiconductor ("ABOV") reserves the right to make changes, corrections, enhancements, 
  42          *modifications, and improvements to ABOV products and/or to this document at any time without notice. 
  43          *ABOV does not give warranties as to the accuracy or completeness of the information included herein.
  44          *Purchasers should obtain the latest relevant information of ABOV products before placing orders. 
  45          *Purchasers are entirely responsible for the choice, selection, and use of ABOV products and 
  46          *ABOV assumes no liability for application assistance or the design of purchasers' products. No license, 
  47          *express or implied, to any intellectual property rights is granted by ABOV herein. 
  48          *ABOV disclaims all express and implied warranties and shall not be responsible or
  49          *liable for any injuries or damages related to use of ABOV products in such unauthorized applications. 
  50          *ABOV and the ABOV logo are trademarks of ABOV.
  51          *All other product or service names are the property of their respective owners. 
  52          *Information in this document supersedes and replaces the information previously
  53          *supplied in any former versions of this document.
  54          *2020 ABOV Semiconductor  All rights reserved
C51 COMPILER V9.54   MAIN                                                                  04/16/2026 10:27:08 PAGE 2   

  55          *
  56          */
  57          
  58          
  59          
  60          /* Includes ------------------------------------------------------------------*/
  61          #include    "Intrins.h"
  62          #include    "delay.h"     //
  63          #include "a96l41x_gpio.h"
  64          #include "a96l41x_clock.h"
  65          
  66          #include "a96l41x_adc.h"
  67          #include "a96l41x_opamp.h"
  68          #include "a96l41x_usart.h"
  69          
  70          #include "a96l41x_usart_spi.h"
  71          #include "a96l41x_timer0.h"
  72          #include "a96l41x_timer1.h"
  73          #include "a96l41x_timer2.h"
  74          
  75          
  76          #include "main.h"
  77          #include "audio.h"
  78          #include "flash.h"
  79          
  80          
  81          /* Private Pre-processor Definition & Macro ----------------------------------*/
  82          /* Private Typedef -----------------------------------------------------------*/
  83          /* Private Variable ----------------------------------------------------------*/
  84          
  85          //////////////////////////////////////////////////////////////////////////////////////////////////////////
             -////////////////////////////////////////////////////////////////////////////////////////////////////////////////////////
             -////////////////////////////////////////////////////////////////////////////////////////////////////////////////////////
             -////////////////////////////////////////////////////////////////////////////////////////////////////////////////////////
             -////////////////////////////////////////////////////////////////////////////////////////////////////////////////////////
             -//////////////////////////////////////////////////////
  86          
  87          
  88          ////////////////Start  오디오 변수//////////// 
  89          // Audio Data : 8000bps , 8bit 
  90          uint16_t Audio_length;
  91          uint16_t Audio_addr;
  92          uint8_t Audio_start_address;
  93          uint16_t Audio_max_length;
  94          /* [BUG-06 FIX] Duplicate declaration removed - SystemStatus already declared at line 168 */
  95          /* BEFORE: uint8_t SystemStatus; */
  96          /* uint8_t SystemStatus; */
  97          
  98          uint8_t EM_AL_Status = 0;
  99          uint8_t Audio_start =0;
 100          
 101          uint16_t  Audio1_Address  = 0x0;
 102          uint16_t  Audio1_length  = 10801;
 103          uint8_t  Audio1_runtime  = 1;
 104          uint16_t  Audio2_Address  = 0x2baa;
 105          uint16_t  Audio2_length  = 21478;
 106          uint8_t  Audio2_runtime  = 1;
 107          uint16_t  Audio3_Address  = 0x8108;
 108          uint16_t  Audio3_length  = 24324;
 109          uint8_t  Audio3_runtime  = 1;
 110          ////////////////End  오디오 변수//////////// 
 111          
C51 COMPILER V9.54   MAIN                                                                  04/16/2026 10:27:08 PAGE 3   

 112          ////////////////Start  Debug용 uart text//////////// 
 113          uint8_t Dust_MODE[10] = "Dust_MODE:";
 114          uint8_t Visu_MODE[10] = "Visu_MODE:";
 115          uint8_t Temp_MODE[10] = "Temp_MODE:";
 116          
 117          uint8_t ADC[4] = "ADC:";
 118          uint8_t CHR[4] = "CHR:";
 119          uint8_t INF[4] = "INF:";
 120          
 121          uint8_t Dust[5] = "Dust:";
 122          uint8_t Dust_ori[7] = "Dust_O:";
 123          uint8_t Dust_avr[7] = "Dust_A:";
 124          uint8_t Temp[5] = "Temp:";
 125          uint8_t Bat[4] = "Bat:";
 126          uint8_t Tab[4] = "    ";
 127          uint8_t End[4] = "\n\r";
 128          uint8_t int_val ;
 129          uint16_t tmp ;
 130          
 131          uint8_t opamp1[5] = "OPA1:";
 132          uint8_t opamp2[5] = "OPA2:";
 133          
 134          uint8_t Avr[9] = "Average: ";
 135          
 136          uint8_t Dust_Si_Off[7] = "Si_Off:";
 137          uint8_t Dust_Si_On[6] = "Si_On:";
 138          uint8_t Dust_Si_Deta[6] = "Si_Da:";
 139          
 140          uint8_t Dust_Du_Off[7] = "Du_Off:";
 141          uint8_t Dust_Du_On[6] = "Du_On:";
 142          uint8_t Dust_Du_Deta[6] = "Si_Da:";
 143          ////////////////End  Debug용 uart text//////////// 
 144          
 145          ////////////////Start  시스템 상태 함수//////////// 
 146          uint8_t deviceID[3];
 147          uint8_t SystemStatus;
 148          
 149          
 150          ////////////////End  시스템 상태 함수//////////// 
 151          
 152          
 153          /* Public Variable -----------------------------------------------------------*/
 154          /* Public Function -----------------------------------------------------------*/
 155          
 156          /**********************************************************************
 157           * @brief   Main program
 158           * @param     None
 159           * @return      None
 160           **********************************************************************/
 161          void Main(void)
 162          {
 163   1        
 164   1      
 165   1        while(1)
 166   1        {
 167   2        }
 168   1      
 169   1      }
 170          


MODULE INFORMATION:   STATIC OVERLAYABLE
C51 COMPILER V9.54   MAIN                                                                  04/16/2026 10:27:08 PAGE 4   

   CODE SIZE        =      2    ----
   CONSTANT SIZE    =   ----    ----
   XDATA SIZE       =    166    ----
   PDATA SIZE       =   ----    ----
   DATA SIZE        =   ----    ----
   IDATA SIZE       =   ----    ----
   BIT SIZE         =   ----    ----
END OF MODULE INFORMATION.


C51 COMPILATION COMPLETE.  0 WARNING(S),  0 ERROR(S)
